0Fcy0gn75sFZsypcvlxNZs 11IN4dNYE5HYeFsF3xzOIO 4bCEGNwPHJh0POWGkZIUIo 22ioy2h8ddkvzPugBPyotw 5oI9tJIvjbK7d4YsMqfUdC 1wanXEOnOjtVk93VFv0xIQ 1uD3KhHyB9eg7jdWD8w8FZ 2DFg9AxycFRKOi5ynADwBg 2SgD22IRor4azLHvpct3yf 2OUSQHgNkFSMP8Q1yXcCxG 6kRa45okqMJhS5ez5Xhsid 1jjujAAQGtzy4HUADCDtUw 44GU3LymP5ghDh1N9uZoJZ 2adwxBpsK2MDq3mf5LWMLq 4cfu4ZUatXPsuSpq0c5PFc 1jXWTo2pYqzIrP2tL5TBHN 4OENnoidV0h8gJV6bhrw7r 2555LVPVbmCGFHnmWzNTBy 06G66bOC0jM4Zos3DhrzSt 3eKZqnv9sNJNez8DAutlsj 0d5iJxeMptSiciBt3jUwgN 2vSbhLRMmdJgT79122H8aP 7o6xRFPRYBVcoI7NnBGlbn 3wnntc87QqNIh12CUsuqzq 6rDXglTXI0L3i1iIp1Wh2k 5QD59cYUOMuFcyMsOlOzsR 1NIZy3nVQKWYtz0Kgpzstf 73X9X7kDgsm4YeHpc8prf6 1fnU60yGjhsP1QY335rH2m 3j2pCB15qVRN5O78T2kTmV 1z0BbzcEno8SZkF60CHMiI 3PGvcGU10IzjiSA96A2GcO 0WQiDwKJclirSYG9v5tayI 1s00CCGwequcu5xNVolWpI 4hLjgHo1xhQpWG42LXjxvH 7DLxRocVGAXVaq63ZuuIby BUFIMAN 0BNxkvQx9kIEN4Ly8GB1O8 31VbxRyqWWRkiOKDU6wUwt 63RWcevgfeFOhSQK9yXiY7 2ywnAokQls8TzKYCa7jNyu 5uzMLRCNGDGbFS77DuW6wP 5CiL62jzro1y8xsX3EnVdc 2ZverVsUTiPI0Kl61hSo6c 3DPFmwFtV5ElQaTniLOdgk 0arjzYLGcssGWPBY3WVU4q 4Uhf1QfKBpfR1DrAmRgCWL 6i34WfBMN1PHXLgkCESgSD 2TvamWW7FOG9GesGjgpB08 6ug6ptKUZytbgvptMIM6vK
5Y6lBAnYJBzAJ0xJT2a73H 56fvCRz7EfrHF4IynKYUjQ 32cedhgFN7LnwMTDw9Cvn7 0YFpCWRpZ6PFvs5LFAabiG 3YqEc4cKdMz9jy7s61ktdM 5h6V5HUTykFDeXCCXJTeQI 29MbBNMORAHrrvLP8enxrv 6XHhpay1IgYPBJSOMnkQp7 6b0iQwJFAjQz8bwJbUIUQb 0p07eXzptON22i7dk4lmP7 3j0MO6ieWyw6tOPVPshzGJ 0JAuCSunyxEReauKsO66cF 56mkL3dasELpo8DVg00HGP 4muheyGLJwYEmAQFA1G5lu 2i1wKVpLZxojPipXnv1dUv 7eFGMzuUboHq9NWHylY7c0 5Njrdd3SA4fOsDMPVphxSb 7sHKk6zH6ygkayrJm8QtOh 5gmv3BgePSYiHnPJgY7oTJ 7yMSBYlmVEZYZS6V1SLrth 1Tb5ury8WQDPT5eAEPCQRv 6MN03UVXNRLqpl6wsDUoeW 0MMikHte11mjl21mGjXkyj 6AdLyvisRKHLAwARaZMGr6 6ZRzNxwpsuCVoKMAWhLEUK 40eHvNGzv8dFdrxJt9QVOy 7wmNnF0N5XaktwZf5FEp67 REKORD+61 0Pm6RAQROnY00QX7fGF5ig 40eiz1003cXrXFRnMtBvIU 17johTe7l6Z4z9DodH241X 1q4kEDxRbeY2SYdeAHU4gk 7EWsqRDehfQKb7qYin6TR0 6fmbKY1teQRfsIqVRlnTsM 3zvNj61Dqa1wVSqGudk8og 4Bjwyj8KM85xblkSt5A24j 12jqiScAZkKCnkHMfrDVlM 1aEPCa2tVfLB1UdsYiLNpZ 35aNHKBZWXXbL9KQK7O5Nk 7GwUCRfWWGPeYnQnvlEiFz 4YWLgOjSe1vJg2NRRVkXJR 2DwujKDuLTq9lS8W0sPv4a 5BFmKRDd5AfV2mKvNSxyRG 6x7FLLfsw7idrSU0u4ltWO 4N5TFFgVoYfhuSkhUDF7T0 7AyLPLBmYAGP55qwXIP92g 4aNm6woQfV9XRkCmk51GSX 4LtWQPS08pFV92Em36kq8R 7dblNGnRXEBrVJunazs2U5 44dFOGFKVgNrx6UilTRVfZ
6j4Ffv2BC9mhxSiblYLevc 3qRPc4QpHGNwKFAzCdqwxA 2tz61HabqHmDD6rFJ5c1Px 5ezpqroesZ0QIM1B9EM2op 3ElFirCRqOuhaRD75vU355 2D8IlT3XAbdqjZia4o3LAH 3JeDm203MFpRlzSFaoNEv2 3YjmvYNeKna2st5R3d5WzY 0aHgLGD861WXXeWou96k7n 6sl72Ly4bAsElZqu18HZNm 4gy6rFOK1mg6ZZYIJx2oi3 5nCfCsZxWKk5uPFQlrb7D3 7zZAWwqUnzKdHQtyTDnuSc 2YAYt4ZnPa864ULc6eAd2u 4885E0R7dRSHLTwxDtkWGh 2XgcOGlE73KWYa43Deq8OJ 5sl2735QKaOmL8UL4Q39Ut 1CGU9fJLLerPaN6Hb9vijN 6mgD9X3y4hhy0mhKnlYF8B 6dH6NIftdswHruAjD80ZHB 6eKWupt6hncrMQovZTLBSu 5JlbzTsym5A3lTR87jsQQO 5n92ZD4D1z7otN1CySXs6o 3SbdsKmDemJuG5nsBnOz77 2S4zt2jWLPvHeG4pT5xdIP 1PTrAOewtaHMN9SekWaWLq 6DP39Xznv90l08Rtzs0NhE 338EVqln5QTwtC8JkUbjOy 1cS3uE9WlczE0nLDlDjv15 00laBVjIlY4ylMvdFdx9Ze 33fdvicpRVPWCPz19Obajn 5z1wOyEyoRu0HTkXYvuqiH 2Aaebzh7bc870gGNHYzDLI The+Complainers 1xIpihGdgqfhVr4d6IGcmU 5kTzktuhcOFZ1yqEycb344 5RC9olve1FVs1bnIneatm8 7756R427AQSiDgRt07kSIQ 5b195aHKKd6oTr4f7DoRCo 5nzEN4tWmNRtXoKszGffAD 5f0n6K8hW2RIVXuZjxO0bu 3RYbXTVdT6XtRkr36XZWrc 0osP6pSaVm56Q14TYPu87N 0P5ai6l6EOpT1sOULFFy6W 3XGoe6g4lgGyeqE9RIWsEi 1VJXmMQCDuIHlTBjMlI6ov 4lo7cRKXP0HkyQVYfMR2gl 0AZTpwagcDe4nH0mPcnYhS 0uPA6fX70cCdfG172jdcKO 7KdMhCTBx6x3xNu1f3TQWF
6WRgdtcl2APD30hfOvLWqy 1UeHT5bBZ4JVqYGNbTZARS 0F52ty63n5M1WfNX84oZW6 4szwPQ7ajXpyqykjtv6RLE 0NbQTD1GO16giyTEqQOCSE 4t0oBpgBfXVGuuHf6rvxRx 5FzAFM8TN0RyOXHNO5tHTm 5yPHhHKP05IBpzB2hr1wpq 5LnXWeA9tuWKI2C1H74iiJ 2nfHtKszA0Ae7vQJXbARp7 6ihcJlZFxGvqIq7kkJFjoU 7bmfVj4dc6v1tMeMPOwK38 3kmrNHdYtitYxtDYCpCOju 1OFEzFogOuGlrjZt6jdz6l 5Pw45Vda5KA0kHxxMR8wRM 4bgcSZ5LgC8O6KBHyybI6T 7nMcCaqSfebRAmkIV4ATzL 30sg5TXrB6tgCdvzpvhRg1 5cSJpqmUiRkukPPWFuCby2 0mn5t1uaw8CjtqefIGLP44 5PKUuFRVoTiewTSmfz0kYA 73ia0Sge09tKgai1aooYqP 0I8zdWqFpfW7djsJngEcOj 1NIQIdAXQBcXBzd6wkpTqF 1Ni2OHYJEAqYLdTiqfpQxP DJ+MODE 41ovfYknlGNNNAnQW7UOzu 2rkCJSsrBjC4Ktmbdg1LdG 6P39yQxNx4tDCUIEmC4bWj 0C06cGgkrtwhEFSmDuLxk8 1O5hHs45KHywySc8Jk6ndG 3T7JKJ8EiAHx93eKobdcRN 4jYeAHUI2shYIXcgsfEy8r 7zk5m6OLzjMSLUcdTRSeAm 4OP5Ofxk2epP99iGoVQCrp 42sMTx89NO6Qkv30K1lLnH 3S68RFe1lsdCdTMPIMJM3X 0JBLYrKN46RLjo5PJmtMrJ 2MFoj7OSZzjpxJOogbhqiZ 09WSDEUOZeRRtPf7ypQVoo 6uxYgbeB4iIIZk72jnc1SL 57NwQSjq7DuWrxDNj3tpJL 0AUhmw7AOE4VOoWDzal4tn 7m2VsHmjyXZegtndWPgxOw 4ow1XH4hwe3yOGXG2eTTTY 11QCdSEv5F3zdNNbJJPlrI 4GLjgz1k6sTyNIQzyAmIPN 3XvbzKlmdvlB7PyNrywdKq 3FHEIWInYxjNX7t8Fsda93 2eODRB8T3uGDetRlwvyDFG
4ZrYyVgHSfUagpyRT60BZ6 10RfHbsnlsZuaSFbuMiVTJ 55cFEhVvXurcQ3wkbQFfc5 7zSDv1RO46CCca4GvsKhzv 1XaSgwyBiioxTuWfruk0XW 1f4azUUkHGvH43cbnp1Mca 7qVLZuvzNjyiy3TVtEBwBE 2t0wwvR15fc3K1ey8OiOaN 3TG0YYc78Q1d9MNGdMMaNq 4M4lJsxDlVDeeecdhqArDe 4Ks8tQBpkf3mStOv6KDPDc 4DjMbkIrlDmWN0fyE0vkjm 4W6CgJobQgL9ZHGHOIVp9Q 6VGHEJIj8M3OeRFMZtloAL 7fKZpTnDJz6xX34LoOcDlG 2E2mPLeiiH0AaNKuztKQ8O 2CkinP4BBBT1BohhTjD350 3Q0Ngf7Llu1KIteVHRfiXw 4pFna1q1hYIm3PkapZC8Nj 4tN3VXOmHiTlxfii8JXGb2 6NtF5aRHUSFw1mYCmGyqXW 5oZBndJWhSpJGWcWdrN3og 1Qiks2nkAG5WCpXgqclQ1f 0LAcM6I7ijW4VVW0aytl1t 5M4yti0QxgqJieUYaEXcpw 32rACf5jrTQw75Ic5E0FlH 6rJDEjRmIGco6QISIrKqDt 2PzU4IB8Dr6mxV3lHuaG34 4up42ROK6W4M5UbF1W9Iu3 5mD6ZQap9i2XL0yJTFWI57 5cnohrAewKrmXA1mI3Ydny 4S7J46CLuda7ayjLc2dL9v 5qa6lvwEGEzb4dyFswODX9 4j5l2oTlfETLSPrSTI7rAb 2hFjxLPeeBZrvLb302MKLj 5kAm2Y5ygQtsVfE5dQQfGy 61UQzeiIluhpzpMdY4ag3q 5nBS7rtJxH1N8wbKKdykRL 3qN5qMTKyEEmiTZD38BNTT 5krHe68HZyjPfMFD4GLfgT 0z5ZPs57J2KERwM1tBM2GF 55yTdlNTHDTSX2pvuHgvWl BROWN%2C+Stephen 7GeTsDIc5ykNB6lORO6Cee 6OqKpAcHMFusTaIP7O1amu 3ZNJp2eOQh9nhHzvg21soI 2eY0yUG1SFyIAnEdM60ynV 3WzGnwyAWuYzYXPJWCH4dL 7oB0QBEnGRIJjvlDc8YnM6 3b9MUQ7uiQHhU420B6f8Ta
501NRdOYwkkPldGSrIchJH 4GFUlqYRRScUcCqzdHvYai 4TUF1JgDH4sqsFaBQhjfGU 0M0Di8w26m5WzaBkriDnNw 2j8X4bEyuDEkCRanvHF4Uv 1dp8aQANyTRKssDeAYPiZe 68k1ZpYwzhzpkIJxMcLYVh 0X5C4WjQNubRysTkHOubz3 3egkamo7z3zfioz4NXxS2E 6HjdHMNIFf6OLGE14LfqWW 4hFkA6cme8pNTkD5OkNxeO 58VtI2DdyNIACBDf0kbmGc 2Mun1NurdOaHco4IQxFkPZ Modjo 3KBjA85oOtlyLMx1WZ1G7U 0ZVLOwqubsC7mrP77jFdaT 3taCbWWTilb7eNMsAzOBq4 0XwemoDWKIPmx3hAl7zexe 7h6uQcrNnQYpKhw9X8VzRl 4OybwVVBecFxx4KKnQpcoV 119c93MHjrDLJTApCVGpvx 5zvjabpVQO9DsC706ilU4d 3A3ajsjijV89D9gcSMwyGo 4Pl5oG6pTXutLRt9keAi4a 1xxVuNcCyuHBmoCeeajQjU 05e2T423zwHe7557aNewF4 0mCJUtGYdUJ4WUf7IOxMvk 47CAaly9JZ3kyXzZcXVfvw 2IObe2lNB04HPbFfsSQ89f 20MvIjThbEKQf5uMBvo7S6 20927Ok2fVfeCJLnTLwQ8p 6KADhRlgaNrM4VS4vWzZpn 3aULdnHm2EXYTCMPIW0JOe 06JvOZ39sK8D8SqiqfaxDU 26o8OLSxA9CpGLXZEqwS0y 36o3La4dQ9E6gKb2x8upJS 5gOk1nWNZCx8QpZWyuNq5s 0L2G8Khc96e6yLcLyLklzS 1nwkSqzTyXBk6XF796EOav 2dxwSQ0sVnyP3EajlEZHc4 62wdQ5CInFr7cjISqrr46f 1ulyxBle6xuXCtHGtSpP8G 42YrWn7KYjhJ2GfjTJ3HSY 1fj7I1goPnCIsAF3SxGh61 0NCMkuygdC7IOBXLFHgRkv 1R6uq3yyLkc24xXqkBD6SS 6lTu9NoZWUqgh7ZxiAkU1O 15xwHz1SC8QiUWTlfhvg5X 7x6hevjkdRYaY9zHzDAkK4 6lP5SbfMy8kDfPrObhN8K8
4KGcpnAbGlvVgd2HFQvexI 6gOKMbQ2LrjUJreMTaROH1 1HmeVQZdJNLoRTWmSSW09X 3OcQkcvTcohs8vO8Rd3sKF 5JEIkxmEdI5ZsCdlT8I4ru 5AxhoDqSWt4WQjBvhh6aq3 2ejG7VcmU0byxr1RszPDrP 6cmt9CRoK0KGcNg9Tpje53 0JqShMqgcSxs8tET5ihpn1 5XMMUhqtF7uYQ4V4dbaNfL 2SzXTiFtTFLwRj0VjYttIS 0lppL7OMGEnzruhQUT9fZq 3ItcFqkvT3Bk6mvn0EmJmR 49ib2aR6sI5vzTBfSRR8yd 58u6xn8ye88PAsYfXETfVG 6ceOuV7ENmdl6g2ZDJaOll 5b4oIwtQwzPP9UJMNcJXNP 6tfuTjLipmA0KrQ7fmwUEe 1YRNX0sfORAA5VjL806VQV 41Z35PXTb9P9415Gmq390Y 7blLoD6TgyXy2tiTtbOLsI 3IQ6PPDCEJBRFiqUCWeyI0 4LCd5mOUJdUSUXGnDHKh5o 1HQtWfXS21n8yYJWw7Xf2x 051zam2WDIKOLdu4XYpCaA 5InOp6q2vvx0fShv3bzFLZ 2R9lqoximtsPHmnuvj3ptd 6h6ZUfsb1BDTt8fD7MbEJ0 Umoja 51HDF5C1DmLviFrEDzQayC 3AA8xNhDC0MpqwkGX3EP5V 6QlkHjQmo2YncQN5MQXgPZ 6OiRh4kttAs1YWglvTcYkB 2nNrKyHU5JnQ8YkrmH0UgG 4gnH8nfdJfN115QAzzUc3E 2riEp88vxDKkcZFACITsmh 2v6nEmqTRR4e1feHi8LLtp 3r3GtuxnklFcTwPGXhRm4O 6bTn1ovliI0OkjUNkiMBJq 6WHI0ZI3wAjxJrx4GQAAQF 2aVQ1EUT7IsYFEWDc5muqR 6OtwalWh1r8FjZaCIzUBPW 42GcjriRK6srwHkfbkBqVl 0T1pF6xq73aLqlfWFsMVAf 428apmJAh6jPuYYCouhhEx 4ew4njAawYK73dBrufNOP4 1ccJr53u1pzlApnQNcUME9 6K0xGz55B2x9DjeBtRkKSz 73nMN22uFBlGmEkzzliqe8 4dffcyDgshaZyEQaMDkOVB
6TvYtabYoc5plSB9kJpgOs 1vjSc13n9xGrQo364x2z0W ESA 20rtW8SPpOznRhXWy2QO59 4Mz7FrPR5gldQafGpE3fIf 206B9hfye0qhMsAy45r6Su 6DIJKOKcxtiyqs7eeq48vi 6xCBiZLbhAFAolDGkiinUF 1ABwlOhYanbuafWx1yvx0T 2CJ4PxGqDZEeKtR5EPviTQ 6LkO16bRoZItqrR9yIbHQZ 3wcYmKWKlPoyGeevdAnPAh 33835V1ZeiU8bXc4CjT0Lv 0bz0Z8uj7YRd9VMETM573h 3tkFkmr8U9taY0MBU1YpqO 52jZGPfiI8r2KpQgwzjw8h 50OykIzv7QhZEC4Ody3gNN 3FAJ6O0NOHQV8Mc5Ri6ENp 6jVPK3usdtKjdT5SIQhQkS 5rlDQncF1ud0XjYVCS9vjj 3E9j5McXW8ub4bFoaueVGQ 7mi7KaqAzRFMsm3ppqUwKK 208g9a8mfOeYVdSJivxFCB 1WGvKEkU8c3uvqmZpUt5ZL 1yJYGoz2jsRGG7lPjYpFbo 2P3UUkbX6dR9DFNLFnuP8a 3Qz4PkYq9ZMlUEAJmioYMC 7mE57yFVWevAttx4HvLZKi 1oN4mxTJwrfvhEQhlJrGCc 5974ZKawJvNAjRnbkgfXcG 03auri1kCcQxFDvU3yoD3E 2wcrhJM18F0W6FB48VEh9U 1joW8hSQA7gUITE8D4ElHN 0TFIEqbxMTkMYIK44n2lsS 6rYHbJ4ckbC4XgHSXl5pjf 5SqSckut3FcoQKmGkMWgp1 4O4WhFYhj1v5LxWz7tGFUt 2RGLP4kZKLmTgxva9QE5Qx 1LRT14xRa0IiRe9rTk7Owa 2ZrLH92tasl6G1TpTg5uQB 7bqSEr0hLQYyDw3EJ3kQ0V 6NEJUxBp4Aak0ExyPHHH27 68iU5pK2wHQ2EfcHDAKMi6 4RaStVbPqohQwhF8kXGO7l 0bWfyGQz8wB2YFKZWW7ma6 5AFrctm65wWIqJsjHPPx85 61FM0UuiuENGCJVlf7qbi1 5GfakGzNc4qJXDo5JXYoTN 1aHKVxoYHAWvedbVUTP9SF 5gC2aJwuSzGe3IJVlk9r2O
1kGXBBYNMqZN8apWrotfRe 5bRvzswH5BS2eFLUu5t1WD 2HP0i622FMyW5ITAbC6Rqg 5FVn0CXLV7RxyI9h3wV93b 0sGEbgy98b4517rMrJpEdQ 69V0oOacvu3NKhpuqDhkLk 2ZSFgKhbrnwgWm1fGNuXz3 1D3z6HTiQsNmZxjl7F7eoG 20CNpCKq1oTdvekXaboyeq 0USZx50eApN045zIIyjePN 0kxJ3Xd4BgyJKCT0gfYJuD 4OysoI8A9g0RlxZ8G7WaC3 3Rw0KHJTkrlQWp98AG5Wv1 7ICqaqcU9PyFd2A5ydkyoi 2SZMjcTjdt0HCsb9oWC43C 31sCixHTcZyEGjjmKHcG5B 0Xm3H8qUhiUALrZYJyf61f 5exLlipto9rztxYRRZxdJS 04KTF78FFg8sOHC1BADqbY 5vPd4IfJFMFwSXjj3Jx9jI s.+charles 2cJhhpxflevAtPFku1kxID 2IUatl52rzI26C7p8EsbcO 49qc7wqZapOcTKZcXS8FGt 1iW1sK16xPpHBkUknDd1To 3rqHQp95GU0b4OXcrUig3N 3j9EAhJF4eXazjjAaSEo7R 6UgXRGf8l65qbs8ZEwq0Qr 55YMj9pA2x7CkC3NmDtBkl 5IQlEPumM9T1Qtce9lqpXL 65aKIK2GRSTlDSH4ieN965 16YlgPapC3ZAf42FclhyyY 4fJIhSDIUevVbF9b0W8I3s 2ImzGOIusa7m3Hh3Z1GY6N 6PpYS7LSazpIJi641HR4YL 1URu7lybzLSJNT11lst5OP 3RdmKETgOJTBvNH8DBH5ND 10XW4Q3X16hMOI1TUyhycn 7E66uxFz2NtHWAyiGXotha 6kpCaRTygWNFNyFK7S3iSA 6lLNOL1JlSsD767H6vT4il 3jfZ9M23l0L7RxzYMTgBTv 1oZRiH5VMcE9jv5KoeCRzV 7vEfL5rjwALu3A3AxYEvbQ 6HVI0kUngHdiR2rLl6ce4Y 7fZkH2fvvbUKhj00jexDtz 09GZlaxVlta1K5USLQ0FoG 1Ple5T9u981z3BErGUxBxV 2JjG2MfT5GQqezCMZs38aD 4lLtanYk6tkMvooU0tWzG8
3ALd00wVvpmeIS1mFb4u8R 5nHBaEIIBNgzly4dCROeGK 6kN799lUEuMI0xogqYIBeI 67RUbfbVoDSDud5muaSYUK 6PGoSes0D9eUDeeAafB2As 04VtSEDPoedb7v3AhV3bcE 0gaMmmhGi5buPXpquSAfxg 6JQFuxLwhvtHRmRMebgiLB 6ffxu4OQhpMm610PBPwsEZ 3q6ygCZID0OKj6MUxInB48 6fla0s1WK7x18Df7ZpRtwr 1tnZu1tNlHA0Bw323QHtOu 6efkcs2aUBMFKxl0cl2JWQ 3h5IIiL9vK5aR0DZO6jD7D 2Fw5S2gaOSZzdN5dFoC2dj 30MxQ1iuWu5nYiloScCEDP 5vwXZypiMtcUd4j5s7aqIb 3TSdGfmkzKOKN48hAbGKER 4KRRMtldyIYFaVC0DFZZ1T 7sU458PAEeRmwmiYvcPHVi 3bGC6jB6jWGa5hzSZzhHzs 6C04tM4uW0piThYSheDSOR 5C3y0Fi5VlVbmGszHsDghG 7fURZRPkB2S70sYR1naKTK 4ylwhtHT57G5VbpVMyUIBR 7CH99b2i1TXS5P8UUyWtnM 6VNE6167NNGO8jb5qvBmUi 4OswE7ct7RLAUHEaAMeLhC 6vCLIvOIabRk1XQfMb6RXi 4ijuSvn7dE8i9o8Ori6QmC 0ZvTcIjLvMBdI8KI3vCxg3 5Ht48BadOqg22f3lWQLLa8 3OjXa0HLoWhbwxyDSNWTGa 6TdnvxC5E146AXv1doDshO 5offp7Ms4YpKjS7rzqFCgD 1pZn8AX1WulW8IO338hE5D 3u2omsu82aD46ikO68QT8L 7hm4HTk9encxT0LYC0J6oI 18ZzGa3RrhJVzQ9BfGsDNl 2B7YyjVl7dmgvnOhdZefqV 2aJDlirz6v2a4HREki98cP 2CA8b0deLhUNarunFuQSAA 0G2PUvWKcRMNfrUgerTCBE 47H6mtO8zVZ9lbA2zHhLeh 21LnWHZGT9DTFXRdrwUKkF 79IirvCpDrry68JTKlmQdU 2YNcbIe5ez6J9pLeS0TmdL 3kI6aeweCNCId002wIcsoU 1RK5Jz7Iwa9rvZuKdiLoZm JAMIE+3%3A26
4lgKwXhyATazNLWvGupI8N XOA 4kVxStqN7DeoZje5aidAn3 09kEUjIvixNShjfl3YoyWo 2jjXzs4XS9Kcmf9iSUbYuU 0S5ZoKKZD3bllkvhEoPimZ 7yPZ0GWuRTsXPFZ23CfCy9 7LRtut2gqquNiGrzLzkwnF 0SLUNiULPVKvgudaIV8xhB 3TiyZ5xyAPL4VqUfJW9loM 6e1y5YyIHIrwwDwEbqUEzH 521OhfIeThXJKiTyz0m883 5zzPgm9QjLh1LXDrJT338V 5fQlalJogYdmOG8SqmecoD 5eF1iJzJRTLY5HSZacuHwZ 7AG7n1uz0NWw7k8QvhJhh3 0xuXRQJfxmdP6gvfDe2Z4L 2xUehTCue5cpzpMQskrG27 2ajY8tmLO4qrdsw2SnvNE2 3fZ5qksJqUMPA9CIYKlKsE 0yqc3jzlFSSF1EGIarSoJx 6xwKatzYTiIurGAUemN183 2SkmEolTWq4mRQJWh8Vz7R 3fgT70fCmEWGkIlE5DkL4t 2FjUPlMgiYDiIn8yYinBqs 4pq2YNkSEvNVGQUQPnukmr 0bhOtYuXVVuaIu6BuC6vqj 3G5WAddUPhRGUSBbsX5ety 3fRcujE1zVcxuyecEreRD7 68K3UHPRJzP7awpdCY9ZPV 6uDFmDF4aB4viI0nKtyIsb 1vrV3tHJfY0XLe0fJX94no 6axZBBZNekDpKe6MFHkaqZ 0IDm95eTjxopxZpx28Fbbs 2hTA3c5Jq7koUkny99qdNW 7EFXzio24ra2XJLuL1yCkk 5fXHswaQRTvzfwTC8CW5Ew 2BCFf69uK4HL8eOubSSrHm 5X59Gh7j0so6cDqrFdvDDS 5QvUjkN96CthYjUjREV68C 0wXuerDYiBnERgIpbb3JBR 2qFxaqBT4rHl3Nzs4mgUE7 2XtejEOCiVCNDGZ9NmZJE3 228lZxPnqPUAXEdYyxR8BT 4xRxoDdkC1z55jlQy9SIa3 7zn6VQuPR6aCLPRcZAA89R 7d3yFwlvRjYTac93fG8ZvL 4YrYuylaABLjyyl2Bw5tkG 7BjcnTvvOyA34yxJTfTxZ9 2aH6yUXPNpxswYB1xbDgg4
2uLRrmOt7FNKUTTllZ09N1 7vn2ht1VEqIt77OfGYbbF3 7uxwoJCKYrTvPsIQTUHTCX 0CmZp7AVyaVxiPP9FpfIFh 0k68niX0cJejrmb0fPT3NF 04tGB3iBg3EFjmHt7XmOoO 5DENtfVeRvCCJctBRKFyOT 7Jj4khi5qR104K8aMwJZyn 1IhY2i0jpvR5hGY9jdFvxv 2vfSCFvMbpf4hwxt22Wx7b 5203pcq3cNteJuOVhIEnt6 69vD3bK7ud5QCeqlAxDH6A 6amoebko0iE6rVdTcFwpXE 2u8GDlTkOd3bLSXJM8ZmXg 0t1t3vJFWA6l6PVMvlk1ao 5gWBThcTunSFM8WbBYtfwT 3N2UhXZI4Gf64Ku3cCjz2g 5lWRaa0fBxDE5yU91npPq7 0I3K8LaT5pu8T1zHXz3gyL 6Nn02jOYDQLuWXrsUuARHU 0dvg6HJrinWOKbNuoAve84 0aMHIW1lqrulVCx0LLlr6a 2vrcupvmDvufZQydHgFBOG 1Dw08PBpI00UCSPeRtFbHY 2f3oJQbpUxv8pwjnYPdg01 13DPmSjn7qzWIptAbb5Hfk 3sjDtABPlkAxIYGxVeYyY4 2XNPEta1GCafErne9nyFZ8 2dlQbYJSSzSTnLLhmr8FIU 6a8WqWx8wVDaiUIMzHAf0S 4pPwXs2GqvPBYFKb2QUjpx Wilfred+Giroux 0FGZ8KVMkyaJsHTYJCkzxf 3jmG0evpnMjwKyMnYHOdMT 0cZlWeppueSKH6ZxcmwwZT 45Y04feervVcLXtDV5ng01 0hNhlwnzMLzZSlKGDCuHOo 1tT6hL4EoyErTl0s0VeXdC 12mJb0uSofmtzTcqbad1bk 02iG4hNHYRA3EPwZzjUcHz 4VHZWHsp9WnbcqNcAJzFHi 0jxrhbvpDF5LlHnVlP4pmr 5FAacBChaLWMAXNRmM0yrY 7L6lUdbEAEG79Bwi8PTMA8 3H9uoY3GgiykxOFmOQlIQT 2Swq7lTBdPRdHiGwEI3YxN 2qbhijQG7phGVHkPt22fTP 259GD2wrlWmGoSqqstUQGC 4kFDH0KwaJVLz9UrYd3tPG 4agp6oHofabdUedr0B1krj
3QyQKtDJfXvklArTg2f44X 5nDOHSm7jxDU1U9kFKVruH 3emkoeO3UHcDnYIXCr8iuy 56dDonzTxrZKWuVDqUOYGd 5BEsYw1foOjENU54YrBKN5 7CeLMkhdPqAPlJDoRVJupd 0HFmNBn8c5oHCkg8oEjEEA 3pa0g3Ppv5cPB5BfPvr7kY 0d6dLgGunJ8QsPeiSIiVnT 0Pf6NzB4o9ASEPmUmvaRPm 2VAPNBfbvw7zagvjO1bHZd 5ilqAa89PxTv82O5DZGH1f 6GsP3uMCd0Dn5T37C93waZ 0ISxyAhfop0MoMeAUw72RN 0LdcP22CEkR6Ub6cHHBzK8 13oV3JUJWwMtqoSJIIUINr 47x1F4HyX7LafFgxtoa19P 3YhfjSLY69JK9TalG1brJT 77pFHFviVrb2iOP2gMFDNf 1AyiXcpOOszdEPvsa2MM9o 6AtGyzSSN3Js4fSRPimqxK NATURE+BOY 1oNlY8zKKufMD0WuYMAg2W 2xN54cw14BBwQVCzQS2izH 6aSwXlr2OH7af5AZ7eHUSt 6wO3L6nsjvw2k9eIQz8sQS 3JU7GqkbT5S51rgCbYJ20t 45s88Xopo6KvHc0PQ05aGg 7y86dftFa2yNysWOSFJdet 50LWgMNy3YfVdfq9aE85RW 5SYT2ZNJWcGqBuMf0gFnQ4 3leYC72GFwtFWPIlCC6DeZ 3R1sbktYgdJvTu19Qt4Wkg 1yIi7qRdybE4yY1V0YdOKG 28JBD8p18xNuOfyV7Cotdn 32HEVdqmeHhXsITxXBW17e 5gpM9XBFoo69D2gWi461z7 0uRKv715pfNtrrub9EQSac 1AefndGARdj7ub6SqWxOOu 6uBImZ47dzAPRcPN7gXd44 2UGyvlaEcpnXfII08jcco4 DAZION 1fxyunx4FdwnbCXjWl9RhQ 6GnASbx1HYQa7Oh55k0yT6 31NPgiGvmzMCoFiSgHcuoO 6RXOybDeCgWYTrCriPh10v 17EVu5b0l5uo2gErSfqEt1 6LzjgzpVl0hB3YrBU1b8Z1 1s84er1IEHSRXhoutprLX7 7qbUB9vq5yVs14GFtz5RBk
2gLAml7HPysxActxHTqdLq 1I4OOhqcjdYdR3Y8KunlnZ 2uMqG8w8oi09fB2YA2QLOm 1rU5TrPEoGHRjopPaefAb9 65shLCiLtYXQPmqnbgsUDG 1H9nJG3dVxlJ6oi4SeGx9k 38CAKmyDEMHYh9CS2DHb6d 1igXzQCPIPJ87B1q0Lsw27 6OrQScHNkYMIt5597o51xr 5L0DCpfoVQZSwi4ta14zzJ 4gmmRb6bZJffOOiww1JGTO 0mZafSubGAMuhfZotQlSkw 5cePNh7prRCniZwjQ6Zeey 5YtHnFxG99OeHFPo2sq4q1 46oAf0aB3O7soCaLye5qde 1vVhGoujiJZAUt1sTQNYpi 6jNBHl54YXk4YufCvG4GYF 2kUxvTPjwZIG11Ul43SHnB 1Xm0HkaGqf0LDouD9Qmo2X 1yw28y3kv8uS7ENaZkbUFt 1MHJL3J6AVuCQpyw0D3YYe 4otz99vDZEYwE8DBPk8EW7 59zF7gBYYa49BWnU8sm5o8 0PyWKgNmGiYTFe6MXN5U4K 6J6QyLMIoToFr1VvDpt8jo 1WOnMbk3DmcvLQi6agcrNj 4d3tD1TkRrMmCT0dm19iy1 2JNbY5TIHQrjUa54GQI6de 4RoulyJIbF7lConl0I5TB0 57lW6sFce8GYlLR9iaHDRM 4rfbmkbKHfaKh83OD770P8 6uUaoV9nsYYQB4SqSrVSDh 51rPRW8NjxZoWPPjnRGzHw 6tDDoYIxWvMLTdKpjFkc1B 1eDste5AxdNmvhkU2gVdpm 5p0VT1dh3lG8WXpzMe0Bqb 60vmjntCZ2jMYjokIiyxWZ Whethan+vs+Oliver+Tree 4rKMHsVEAGTsA7hpKXnWrM 6JyuJFedEvPmdWQW0PkbGJ 55IOE08XL191w3PNuoEW0q 6OEOetHBW6sR33LzYpoAqD 1z9HeUIN7wmideMNTqvWjS 3ok3ZPxyCwrg5x0eiyClbX 35DBcYxRBv9HE3vgZvHnvF 1zHJffi5P2qPvYQQt5UU2i 0uSja7G8VZZ9X0yrMUSSRB 4oXPiW3vcLr6WsRX7Mqcly 5Rp2znOJcUagm0k2dUM2ul 1dSInrkwxdQBZYYLpLRgGu
4ATWRf0Pu5E8oAXCJUBvAe 3606eaOMeyE6Vap0xRN1hp 7bzw2mWw2pPAARJfZoapRN 3s7MCdXyWmwjdcWh7GWXas 19CZjhjK3ChA8UYyJZSlUw 67vYdAAM3oGsEImCRfbtsF 4paHGPih7eXay4tTBHrrVR 7wCmS9TTVUcIhRalDYFgPy 4Kw3mJirrRGZaojDqpuUIh 5oXkfuwL7HieiHzvmWsaGo 16zNjT3h9mNEfv6NiPHHhP 3TJ8t8zNgAciR6jQjvGnQX 2ORvnjpTAXtyTKnaGAgFIv 3RGUIyBGF9CxrEnajZIhB4 7yvdp8dqmxExSJwT2fn6Xq 5QpkOt3hpNf4zns6FJ7JRH 79qW4XOKRbv5LN7KkdQwvq 0vnuQ0PHWgxgrjqvIEQkqF 2tznHmp70DxMyr2XhWLOW0 30tifs9tO3pIW3gc5HlsTI 2gcGiE5J83eeOvrt7b57qH 6Rfc5vnh8qine5VneEpy7a 3ypXE4brttsQR3OLLZbLZB 3xq1awyi6igoYjj1PNnTwz KORNEL+KOVACS 6NuKLSrY1RcDH8omxzj4dm 4FpawvuBz4HxTz7UqR4ter 1VFbHdNzYUJr0FsxoayP1N 5Y7V6bjD1rTLuSZIgASIyE 3ttQGouvKMlbI2bTgAMWup 0RuGPN0ph6PjdtDUkgbUni 5KkRMv91vbi3rJ44HDpeih 7CiunCmWk1mNzeCEgXyG24 4mB5e8g9W7tfiYcn2IJlDR 7boreKmibp3LN40fqRwzsD 0dLoAtrnc5f6hatYNhvGOM 03GHwdl4nFQDNhYw8nBzOS 3xX9hoGEq1EuMGWZl8LQL1 64xslN8DB3jG1tK2l3H1mA 4YzE0GAh1jdhS7yzUWpLXs 5SU3Bk4f8x5rkWFTDLoAvl 2k7qZoaZycgh5fJ22Cwhsg 56I8vwTYzNd6VydyaKtozN 2cZckbSiLbW7m9QGkaVpIn 2VKnDneke3jEByi9sisttE 0c6Kgtt5h4JrEvPuT5Lxvb 7LRFpwHtvPl3OoRLpPkpZ1 6vwOcADbC9RlohzxbBJrYw 4swOfLpGpRXhJaJjYjBuIH 0sx2Kp46zd641nKRZECqin
5s2lublBbxAkQsJsbbuvhz 4CC8nusbxWLvfFGBGIhiVi 5EGJ7e7frJjYja6H4afzoT 5xvHKh0QAbzYUUiazFGnAD 7AkuWVEfviEjaNa8ps3uVw 1e6YswGTpMvjk21TQAxfXw 29EqYPuLdMrl6sQwq4nh2X 1H3iFlT3jKjcD92ut8LnHT 0evTkLjoSWqhHSQrn6FCaA 27Wy3mCVRdW9ih3jFxRvtb 0vaDKltGvBujf5ojudiDhY 6RuEQsO9qKjtwAqEflh7C4 02tiOgVCHyHBG1SLHfNd5i 0HyjcAskFT5lnBAAFC9rqo 49UzbfgLtI4INuA0TpSvij 6O58SQn1hea8JAOoalUjgE 6rFE4Fu8M37G4xoCbd3LNt 6CcyEJ5nVsP4bGCQfNdR39 2wxTz9nx62j9usQRJDKZD8 0eduEBtzC0XBUUpsT8mmld 1yGMK0kzqSJUnVZ0hoJQSp 1I8lePwRxmjY12kZS0hazv 6vAwVCmGh089vQvy7B8Pb1 HUGO+MASSIEN 0pg7FhvTvRxRAJaYieVmK2 5e5hRYVA6SatSjvDiq9WXs 1AaTUa4xHLT6F15UpEux9y 2F62Tjmka5jGkojFnfIuU2 3xCXhaBXTPK8QC1AmsQjJQ 72aE17MO1hgAziGJa6bQQe 0lEFfuIDM4ZBIWHG3CLvme 721rlw9VI4IqhpPhNFrZIv 6bZLnP9lEqExU9sZ1ow97T 5grHFcogHFdIlaT7bGRl8J 63T7DJ1AFDD6Bn8VzG6JE8 586ipzQlSCyAyY1pvFthWT 6p55fNjXQso0UspX9UNiox 5p3JunprHCxClJjOmcLV8G 4oS2Gik6Vo9csv7teQsPoG 4ZE50Luqd1emzOeJ2DjzYn 2RsAajgo0g7bMCHxwH3Sk0 0aUTfTRi4zarpKS4Qzvryh 3VxUmW4fYiSE4rBJOl9KHv 2E3SyNVq2BskKh4rENQ9zC 0qp8MuZNKelOGTK2HPlXBA 5G54EXkOheyrrT3CDM07Mm 23SZWX2IaDnxmhFsSLvkG2 6wdkV59OLKbSuNMjERO3sC 537IPiZTZ1GVcohzFHAHf5 7EtDkxJfKyCCmcLRgUg299
5ZPZgrZRGoWS8Yv66zUx4J 4kMqcMgo96hE12cKCCtMnw 6xQvK7tPkhBzLdcCdJ0N73 5IpgLo7O5eBLMPgoN4MBal 7MWJzAWFWT1ZSvf3D2dQrG 2FmoRWrQl09QR78AhIhT0v 4gKUybezMhjRvoKmTfrNHO 55UFlr3NSuPOF0h9GEIMVb 7LA5YZPyUAxk8ZrmPas1yV 0RgkrEAgD5KvUZJXnxgw4h 4VYmdTVFXDq0LtYMoVswTv 1Ls4pastu36M96Y05Hsp0J 7drMbzUHSJwsjdenHMDMrK 0MOYLQc01ul8TIyuCP5ery 2PbbWaQk1ex4pC9Gi1cAXR 21KdNBSHOQuZ0uG9NEKdh6 1QJ7n7XrIllCRymbEqbcll Portishead 4zSbFrERDuBdZ1Bio9uee4 1mv4lh1rW1K6xhxhJmEezy 0ldT5uPBf7bMGaqQCHar0h 7Llu8SZBe5UuhJn4Jos5Qt 4HCcvFdHfwR2u3WPPPVRv6 2vaNqw5bKEiLnqXi996TrH 4fC420jG1ZtPILHtn4fhKj 4rwAZ8QJ7EVxunA3NRX03E 6TwnXnCeolINrpjEJBtn2x 0wtjFNCNrdgGqTGYJqvFEk 6sHsXIJoEN5JpdkGMQDJxt 6ZhhE6TW7rb1NSa9KgtTvU 6gRVRjHxVapEwoBNGAu9D9 4NPbM2OVhbQqW8BRqJVBnV 7temtwzguIVsHoT3ewhnxh 2WGUeqGSMddbJydjhFkLIt 77lqbary6vt1DSc1MBN6sx 6vlR4BBjrWbOBZycK6u9qx 7EW6U2Qiikd51ApDZmllMx 23tg1ixBcwKXQUGoxQfimt 2gWoEsCYd7D5X1sLNsHVbp 5F14IAdMsxQE1NwkIvF5HY 6BdpQ5lDOUNbaER31ajumE 6twD6mwegFSZuOdvFb7JnL 1ZhrREyOOeFV6TxDOyiPwu 6yKkA8HzwWTZ5taIMaG4Nm 2t16D9V5FmmRAJjsSpwvZf 1xrSV0FyGg77IuJGYF3siH 1xmiOPYMMBQdjqfxf65Udk 0KDvG8EXIFXKkyxHCsrflD 4nlK0Hx9r7lGCqFRmv6xhG 0p3qc7N93wst5tEUBcLvUi
7rt0kEDWRg3pgTZJKuszoE 0piLd0cCZ4tDDci55Vdh5J 3nMJp2bdFVU5KvZbI2iJ43 2bDX7pJ73FWFzEZ8DjVRdn 2VDg6h3Qr3F8UuFVInQxE6 4ktAIutrCjL3oD9rR1aEWU 2HbVINmehEbPmjlcueXEJJ 1L7iMmsMv9GaskzxsbMKNf 31LJnNj6vYNRnBk9tF8BM7 0jHEixPAoSopOP75j2iTX9 1ldrxrYcvCtrRz3fU5xa7r 7h37qadgfnUyFtrWznFXtH 5AyL2kgLtTWEu3qO3B9SqK 0AGrnwMLHwWagT8cfc40Rz 4X24gbKkMyC1VlNFog3EUD 4UL9DScE7SnHhcDlNVq4v0 6R6PHpnzJs9wtXjWsCwcWx 35s88iGwTNei3vxYP0NhcA 71YuK59hLjyyzn28YKxuOC 4JM9hi2qU8ajdyNhq5ytcx 2Rczayj2tsm1Uga5uQ58Kz 0hljiGCe6SXQFo70jUOb27 1MMz2PWhhXeJFdyUQlQVdH 4G2pLLW5NKQ2eFIRemqS6U 1QY6lcvDzqny1mO3OxYI2W 2ZgKOGthLtSzmDWde75FtY 58XWGx7KNNkKneHdprcprX 2Pxrc170vjMuvDmoFzoGNo 7v7tMA3DuyUC9k0I8JSdBh 2rXfRrzYUraTZSfCAkGb9N 5UuikgHTxSRFRnC0zXx10i 3gL037sZHSKeajA3RhWGUx 53obzFTUTuTtiu2gEZQub4 7FheJOrB8J0eyK0ebcBAlI 3grdgfHCm4mWVJliAitsE6 76Hj9DFmOocusYBJnHJ07z 5BeYu3uJAMVZ5oyReLFupf 1XIoI5Pqj7SYL0xPPC0zNZ 3K7ecgy6yxPLmdF7OxSlIG Surface 5dBq95mp6ZSzdbjPuWy5wL 4n1oM7Ng15NuPyDyWRNOKM 0zKbhV8T1HT0zFzJoblL9N 6IReYRNq6MXUmVrkFBoph2 5oJfi9A0tdTeO5oaxKVoj0 7rNjupJkjsc3ANGeW0RCYj 4Wep23345dLfVhcmvS0eFo 4OOfxAMMcjCNi1OtlqsdNk 2duVaj2n1M6jmsbPUr74rp 73iucvWnsu6NAwdpM3NgCT
6xafPNbZsgOHZyIWu32j6c 1Q8PzhCFn0f8jUYsJJtXFx 31vZNE9IbY0JI0gRmaLAWr 4L908DfcwxDfEsZEmHDqdi 4x8or2YedkW1d1EqnSlSx3 1NgiGyVamXT6K73T8Aywfj 0Wv9Ckm088qsVkMKPH170C 2nATgZkBUhNrnx6EsbKoAu 1wYg1Ud13bBAJgKocnm73h BANKS 74QTpL5AULv0ZCTh25dGve 3iqqdy9pOPLYLFVG6cgBGb 7oL8yDVzpJVUd2LozdvQHU NITAM 29s1kS1tOlGtK9d2woZp3v 6JLWscSAPrRHmZfHTWdC2u 3mKr8NuxjqyjmwN0WpwZtd 7v2qkERcboHgBmZVESt4YF 5Y97WEC9bl9tRAvaC0UtlB 5UpXH3KuKch8ZwaOjzeknl 0veZRgNUZWSl7UK7RyO9Zk 0kmNO92woAH39Q2sLCqTvt 1bMY3njhbOLTzyqZOJvckJ 4PEbNdnFtpko90iC0W9I2u 0c26eHNOGiNz6JTwzdYu13 7HyaPLfwTmQqlGKBzpjT6u 58eWUMFPVu4aCl1sEoNa8a 4E1sQQXk9qEuVLvWbWyvyb 6r7DrQHSYlUCJ48CaKxwwJ 1W8GuDtEBFjQDQNE5F5EDm 5ZLztB3BQDBFecUYghVjGN 7KsaQCY4HJftSRX5mVusAP 0RgYHQjYeRjcG1v27uJWxf 3JsxORrfwtSGmV56VljrJf 3TiCuJiisBOB9HzKAM6FDG 6SEOH2RZ4vFZ8aIb8gAP19 1Ozo8nA4j50iXZKSQtFR4Q 7xLA7JuahNmSTYqPbL3A42 7sIURSSY9mtdCkz3WdcOiV 4TlN2LSHn3DzauUe77l0ib 3oHpnrupsyl38Q1QL1fc66 3pUflNd59N3Qn4VaGCYaxc 2wYvUOXlfs9c9l0SrU1xBv 77Pa9RHSHl0VNElypux4DI 7wA0SaEJmtrI3vGg9y1Rts 5s9LOowQtriOb1k0RLARd5 0iLMwDM98hKuJRDyEgfzoP 7gMrN94LseBINmgTHAdlWk 2mwx8Ca1Z8P6sPRsBheeMM 0VCUjtHZm8SRvKLWGzQKBf
4Ua7MifaR6L9IxE22qyiFh 3NcXSz4d3J7IfUjfNlT4CV 5xZhIoOgk2TQL4GJkMzpIs 41dmJFtgq4DrASsbuwfnyQ 49gFdRRGI5UMHb8j3VnD9x 7ixuc4KOSHm0BsrwsRLM3i 4bz0QhCnNUqyZRj49TrdCN 1qDi5JT3sOFrTzQdzFwT0d 0HU8CeTestQjoRF2ekaLqx 72Qah3a1mle94iArhw6P63 07DuoTCTocHk7y3d8MImks 35XjtKqKN5py2mUC9ZSX3j 1WyEXbMQLt9szrhDos1uz8 65K2ABtn5s2s7983AW0m4g 40MyqXgD05fAlnnO3gBshi 68obuFqJLklOHaOHyVmxJT 2ANLmF3DOUOE5ib2sJX2QD 2bAvMbbxEIqJYigg1PLikc 1XtaIHZWndVBg1o823veRf 5EpbujLpUBw6OWDJ5UEPpT 4hKUQQ7ASV2WJK6xI5UIUP 3f112WpuQSaVSIA6eA3PID 7feieBR6UkUYjgjKhlMvo9 6B8INaZ9jGws4e1B85pMPV 7ECcbjBF9l4VFjDhFzK0iV 2telsvYtSRHVlj8kWqrB6A 0wiHb5qGrpZaZfb93U8idY 4B2M4reoE0gw1PqHNN4Fua 4TQeNHx85xcP9YRkvJC6K1 1H3P28JFVdUlIECWHlJsca 4Lfthde1CvDFSYn3vReVUK 7MIadurdGvttIc3gmXa7rL 1WiMRHj2vi8ejfbldT0U3F 2O2Xy7s2Ou2AvqEZfiOrAe 13z26zh7rQf5ECvH3bZEiS 76uRL1BKCWYqfYeQLuG8Vk 6QJiwHmYe5mYluuhtSzpwf 53d3lGEb9rQLuc0wS8jBFx 3rI6J22xq3t8RDpxIOBo1C 4pF9p61SLAkLAQy2ErEoU3 7w7eGqJVdNjxGWKw8QAFB6 7pRa0uN9tXCWpUqZNRvDAH 4MxMvgNhprW4sYbygJ3FQQ 3k6f7rH8uZyZ9Rga3eBwZc 2sJLAv6morhsfspLyV6XeS 0QJ11tqN85By0nwwDJVoeP 3gI6QHd44y6gts4UCLmJE4 27b6TF9RiNL08NLheFHfFN 0Uq86kheSauiwflSsVFhyk 5SA9NEfiCXhgxvuyJ2U36z
76DQ5r3uWTAavWmTOmSWoL 2ahtfg7eIq70ftILthfSnr 24CSh64AoAKO6882jn7dVB 4lRjkTOzP25EG42X5PXv1p 3jarONOz6PdAJ7OIMtF3Pu 488E8BWYDCDrL6vunOAzPy 2ZghSeuiRdoHVjxBTHqHLO 2jULC0y0VLBBWrLPOOBzWt 02awIGJCgPAMs4xLWTfcdf 4d83gRvk3DHU5cWBbyOlSk 49v1zquxXhW2fWJuOswBCb 2fE1mfujFZik95Dv4ZFz0Q 3KfnUFbnolYR4NuCaf0NnI 5d637Leb9QZGjOIaNIK0Fu 3kLkXblYukaSH6XC5dRynR 7knLcYCOSaURD0d7HUULFM 5HGxLtYxTriF7mMiriSpaz 5zY3OVGdFR7Pj6n1fAWCW9 3UkpVtYmUJ3HY1lHw4uA8H 62uQiJAEnfHRt2QGMppMrm 4F7AJSzHZFqqWOsPX3lvDq 649ZNkGmrhFhrJHjB8iVs6 231XON44q5dRSdl4TTbJ2g 1qiTJroqF1E7E3g86DFzGA 3om7SvDKePED8SlVjTLe3Q 5INhgLY5BQfXAr61XPAoSq 0OrnNYzoEDLRtz4NVBpNww 48K9qO5shnoV2kjZi5n4aj 74Z2upWBL6Xb7sfzLM7k3c 1ugMki4fiq3ewRa9Q3I5vE 6YBOxwOfISXLLSiD0mAQHU 04TsgF428fFoehvJWVbmpG 5I6y1KWmUoV5YCaIEcs1qs 4WKspLJXR10SPCBLw328VQ 3iiA1PxQyM7R3tdWliji4P 7aqn0YEOwcpSjIzakWSXdx 47qaTm02eGbPm3h0LjBg1g 4Z5o6Tq7edDpyRVRfVvW2C 4bjiatRltrcQgvA5go2FVZ 79TCyfuZMiFJMx03KFSHAd 4Y1igB1GDncJvt7ezbV3cW 1VG0eIPOPzkfJC8C14tlcY 2MTZjRa34zz8GP15IYKKMe 5u8Xd403UqZwFSk8a1oZqw 4OxZksUGSYvFVxMn3gMWCg 7fhzES2ZyvdaD7jSwFOZrR 0vMmypc08eayKcafQV1nO5 6qsJcIxlBq7rNv9U7aSCgq 4wp5DGGbvBcalN7rq8Dn2d 2Cpkxl94ijKgxt3Weisfz0
7M2tXmeS15NAzEn7ABFeBg 4FKdgUc890a81LS1DLr9SQ 4K4tXvsNSkxkmo88sdjdSH 3w07eC1fnU2IXRE2VDRXrd 38muIwhgekWxX1qgCQyVPU 4KN5RYadecTTLJBaFFwZ8N 6ZymMAEjGQkNYrH5U9nvZK 59dbisXKabEXANnapl0uv5 487uZHjPqwQWAMKdabHJnZ 18o05oX54cUVs2KzHVXnTE 3j58GZ5O0Ue1pvJeLJzeSl 20hVc9lqxrgV9WehaKB0JB 5AJrhrwz4oSZX2PwwV4qrN 0mDDfA4yNuyw32ETB38jBj 1v55bBB5y2DqWkz622OMxv 46305dj8DU0i7ghcSV05h2 6V9ImiaJkoLwBXEwS0NrUB 50FR5YSqqH9wTVLW5ZjiW7 4jL1PrNhUhQyTZIAxMqtj7 0yqNGfESkxfNgc11ouwykd 0ZKY1Wvp6W5wsf6xHEcEZl 4aVEsdnZrP2borAsVin48m 6haYoDdf4YzLYCgWe5mGYc 70HugOq2RkgM8k0lw8yezC 2aeUaNxToB2xb5kNoqNQBC 52u37wNBtzctTg4Qs9CDnB 1iS1Fdga8W6DNsbDu4BTT0 6plp1nJtm4Y3m87qmDCy61 4hSfgv7F66R3lziaHtdlop 1XzFp1ca04OAqeVVYoqKNu 1SjAEGPnyi7ujiSsShZI6C 4fQMGlCawbTkH9yPPZ49kP ROBERTA 0s5m1IaT4Pws17sT7nxP3A 2TfHuXx68GAVR71kUQttvJ 13XUiEKUPWPtVHgkZXardE 1mea3bSkSGXuIRvnydlB5b 6n50vexd6yBNvSOc6QHT5X 4WanqOammdK3gHFjVzMMMx 18KPAK8mVddDbKGQU9ShPP 5xEni2bDXphX0gC2Jeggal 63SOzbKOXqU78IQxqJzO7a 4sMEAyOiBqa5JDAt6ryBuO 4i1kaIVyUliD3FoswhiGdg 27dEnvYqC5cmy2UNQNnhGv 3MtJmqY9E0kj3ywHZ6VmZO 3VsAfWIIP1EZdEuZukj7Qo 6syOdAs4IK8kPWR7gDyjRw 3NuN59jpH3B5cNa2M4r7XG 5O2YyBz2E0xVgSng44UTnV
1qwQ1P3FwFouG1zTIBkGXU 48kF7W23OIcVBsNY5UesuQ 4KuBTG9nvmPhgwlRoXnJrJ DJ+HYPERACTIVE 6WLLFJs8xvzfUnkIpgGaZ0 4D3xbHS9ewNciqrj7wb6Ku 0EkBcELE7lOOJqvWEDcW8l 3tvsz1sevbD0nH4vOQefC5 4jid5Gr3xgZWRIVYVnk75i 2HhEEW7GDJjWMt9tZzufWL 3heMYKhr1RJPe5tHiRgVL0 4xC3EWDjwlWS0L62QZO9F8 2iomWDpUomxZI0MYh4SKXM 1WqDpuyfCFme5BaHWjRXWj 3dl9zfJmwbvXsnfzvAtr0N 7FkqoQdrgvogdism88oxiO 0zoYsQB9mckqAvpRpdVtkR 5aWzuch3pgJfLSQKSBKu9V 4Mxv2NpWywFrS477J9dIuC 03QZDhLLJmt2WHl6nJDXDK 3evQV4BWIZ3ECX6G9ZTzkd 4VaICpePVA67Wqvv8SryFr 0QtDs1s10HDZVd6cBquB1q 2eugKq2QsQ3TRJ4JgbdpzC 3RiRFyvasDtAv8n0AQUKFG 2f14ozytxtekQg9MspTnOU 5uuassiUZW7ltCVQ4U1nE2 69yQ3cbo6zf8kzpYrlU5nE 54I9tkDbGitIPQjCZtK6aU 4EI01jKoCYK0tZqgAL2RpO 5WlzBLcCGes7YLyfLpG3e1 RVDS 6GMHhd8ySr7YfKTfuTQLvL 7rrREahY4NzxSVseoqOKyc 0z3hYtKH35ltEcPfeyBXj4 0QX4Wc3m1WlNxwEQqFmagK 5033TbzwFFPQOtnPGSoIbS 50Zq3CgwNAaGafm0r3ZNHi 6eLSYGoJhXsR6ZhQEtTC3o 0ZKCq8E5QS4lRjEtFvZqZX 7DD6Vv3WEzU2G7h34Gry6n 0iD94fatV4gLMmOQhNTQx6 2mCN62aDVEdIfvk9XTs7tQ 6IJZGIUFCNVrqptIm4fYoK 2jSaO3wK7tUmj4vHK1Mnn1 1En1xnrWYLCUU7Lnzplds4 2m9x2CsVhMXQZW0LtBKeZk 3Dt5w6FDV5Cfcw1fhjkrg3 0rgkGFozdchJxy6GqV6hoy 1qFaSs96rTiEBWE6UMXlCQ
1Not0Dxt6D2aAn5FQO96nF 2dKM1Q0ARwta1QF50Wixrq 4OKEETxdou0lR7LEVvEpaG 0az0Dd7igoL030V4fJM8IE 4VSV8oyD0wSDWZ36IcaP0i 06zUd8Ptk08X36hjnXU6MV 2gbRg6rX0N34AKwIjTFu0O 4Q9cHGKn275h8Pi4zxtfxp 1Bz9S9TweSbkFeXM5NdtOC 04r5mZpy0DWH0N30Rakebi 2VeB71zTre2VnyhVzjL1En 0EzsVsn4Mmye54V2bTrFo5 0KECJERVEYL0I72yErbHWm 5611kGfXxWTSKXhK8GGtZ6 2DHc2e5bBn4UzY0ENVFrUl 2ay2toea9ZpfLrsNdmO5HD 5vG7iwUFxDI8xSDfya1Ist 3NRql0A1Ef4RCvT473iqgD 56pES4FKkMA6u8rmhc8yg4 5js53HHkhow0v1pPpqm9PW 6MNkorcBe6CHUtdddE6ytF 4avKDG3QIsNm2MXZJcqLBq 5jzKL4BDMClWqRguW5qZvh 6JyEh4kl9DLwmSAoNDRn5b 6f44p3Kc4ayD9VtbC9Clkr 2xnSeGxxptUe5gA6cw6dnx 4rLt0nwzlC9LzozCQVmaWK 4nq4KgHbrPNVXD3V6PVvwZ 09BiV0rUFw4XnTKVl1QCc4 2EyP69imwAQEdtr13151zh 17sh7iCVa81WFkpP4s71lL 5OrDtnPrtqqAZFOQQ4hWpe 6HU8jBQZSQCLVKBvNOnsY9 0qG1teoBvooRo7Z5Z8edCk 7I9vfckYPOdwZxbK4gzyE5 1e4oFJVGlKcq6kv12eER2P 5DbJthzyfhkqfysGLya1fm 1R7OaZSi8gazDJnjBWUXK5 4mwV1R7sI1sFql5aQlCmRQ 2GiiHLgzX2UyrqesySeO1G 0bwQ0GKAguYDoBSxOezzMx 4owLPATMoMkR8E6aPCujWC 4jP68LJqcfzusDubnZL3vq 1iRZ25HzohHAZBBzeQ2Au9 7BzhqmRj3iOZXqMHqiifHr 6evpAJCR5GeeHDGgv3aXb3 6bM3GKo47KVgvj3gHdWS0U 2eVICDWZ9lLUPUT4Q3ozY6 5wYRO4ao9bMkCCPUjro9wH 5OYwAG8ALaeeAxQX7BVvNv
4Oc1cewQZ1GzEwTX1d4mCP 0XwChQXXsOe2U62QcFjSsw 7wM8fHn0PJsNSvlQF7eyTq 64FyP2IcDx6cgyZUUSIPYa 2F7z8ozdarcw96w7F9w8ow 1pd4vRy2v4qtSJ5wP0bU8R 0u19PefWd2fPyhPL7grgq5 6BCTNGtzWpP4LgEVfgUPo3 7aJ4sEkBSStzuRr5scoW61 0lMbuWUpfTWhEmOKxppEau 5sS4g0adkAUXvLJHQ1i2kj 0qP89hbMRlounSq9QDSK6v 6mNHtWX9xKnrxjicTSROQ8 1Vkag2O5MWp501yBh41reL 0OkZp4uBJhayO8SltE6eeQ 6UQTYIDt2mZNUDO33ge6M8 56BvBhYVuLLvdwdmqUQToh 0dTb5kHu8LZhCgeRCHzDfr 4wz2VahIi49SPomvyT75nA 0nx1WhzQ5z6GFRc19UCKVC 3fLNH6kRjYlzoRIaKZ8wDr 1isrG6mR8YwqlGxA6HCCIP 2cBaDtv8iElQWBa80B8H3i 12lG4AwHIs1o11NkNdVwZ6 5FyQTonTkJ5tKYUGG7qEPI 2XDyh7ydff9XgXYwsd7dWR 6EjgpCbSTdNMjFiBVCQwxt 5dJCYzLWPrhlPLhcsrkaBi 3eE1iKxmBVgsQK11Gk4WM9 73bAdCGl4DeD40nu9q9oYS 0mgDr1A0bdv476lCiRwDFm 3uPfVXcjnpOjyzI3jb3js4 0YtQX1TslWabYnfuFapGr6 1xi7Zl7wKocKQeN14jCnJh 213H9vfVfLc7m2zRVWgCmJ 27Qyf2g03uXkEk8NlEiYJJ 21znyWIuQgGW3d8rjC03WM 33I5B9hwxjMgm3lfBZBPtp 1YQw8DohFxkvsVI70TJiMB 3AbtDBOVXyp4HLtsZTLH1I 1nqzQ1ySO1Qpr6mglyZvaw 6U5mhroZOVh8y8i5JOZqc2 1pag776NB0G9rMRGtCOhdq 0OoKXdfk3QPuvxSneVaafd 3RID7FNOsH3XqUcEsgpq5v 7KniqTzQo02qJwJzTXDs0O 2D8U7uhQ0uqbCB6UndPlDG 7txxAtOMwLLnQTpKeBL6bp 6g2gjJj3Qyo7q9L9qNFQEI 1ucXfCZVA51hjMB73OKYMw
3wfF0Nw234zHY1vdIWIc2g 4NzZftBCbGpXhca5OcfFwF 3WTLDSZF8ejYCVKMu0RDzc 2BITQ360Knh6qNAOqR7Dyq 6j0EkGINUEDwCxt6BeUQnX 52bIdcqpzDf0hyJjPGf2VF 4eBQvW0OBhRTrMdcHlU3xP 1K75F5lMyhGFqbM8HwWSpS 7g0Al727jlh9hnuldKMB3K 14J0eVSALaiWSajr33qSI2 6GzuaEPTnBhfvZtDeeHzTl 31KSA9U4SbUOlrjahunULK 2vPJlcwS31XkicWRCv5sFC 670hi3MiNs2Qfdw9NeecsZ 3VFFLpKf6DNgbTqVXV0as7 6eVWOyIA4iacH7UaQ1TqzM 3VuxRQK47viz8IiZdUbUh1 2WlriAjz9zJMaNkc19PtqJ 3UNTpvD8wczVAo4l2FHYRJ 3aQz0z86zrKjd1mcZlonxE 2lqdgxyUNFZJeDIFhHApxW 6K0kQYjlzAiRMIziZZxPZa 2AilPQNd3s6oxFstz2ZZ4n 1KTMZ2DeqT4oqIJ7Co5F6R 07RkBIaksHTQgkmm6R4V0y 2EC3opiYoAkJPFpF00reA5 3dZ2a5xzfC826Gda6fmAM8 3RxJNlk9X1SVNxIjPg0k5M 1DoS5ql0TW3ejjJGHbsAmz 5ifRXQcb4RZ4mlRzeLSK0F 0x0D3dpzyG5KMf2HUWLwjL 4BRa0vbg45PS43pkMsnXyb 4vS2Z6kewmSYeVjWhg4AR4 1Q6H2lnOEgbRK7I7vPVA8q 5DDpvTnofuMv6zD1jIk3MS 3dIVFOwly4GVCRkuo3E26e 6DT1neQJDqN0PFgeKlb5k3 5JVR391rhnyGJ67ioobkIM 52JtovKjp9UFj8BrnQ3ZWJ 3oSnMDaL0WsWyp2Gy80ulq 7DUGmv0psWh3qIVx9FwYfY 3IBhnzJ62lG1KqFdvYCbrA 4k2pnZ8PZEk2OK5rCwMYjF 1tpBdgM1LZXSfQ6gF2d8Ps 07rNnPx2EDgDu24D4Y8VQx 6sjDRmPKCEMUCaKsAiuUkk 6gigGFhKguOzObNC5QZbeW 5NAqhBqqrbRK0aLsSsrabR 4PQcpuXtjA1OGO9tcnbDSH 31afG7lOsKwB1upGFYS2iP
4JKHikxLXyhMg1EqWpXbke 2Nv9GGqfvggAUo5UgcMHPZ 3Prjk9A4Ab9aQ0wUZEfKVp 4AZob3jf4U7Gdv5BY2dZ9F 3sV9Tq5Mqv70ZTUTvrrYFT 1CS4mRuLvJoA0KQl0bgmPC 42GhVmh9syEPMVEbCJrLAi 3jLB7TUC8q1T1btMcLN83G 640w6Ae8wboc5oaEPFDCWS 4WjB2aDvfjAYsukbbxYVUd 1bDbXMyjaUIooNwFE9wn0N 5o7Xn32XTw3PitarJm8Jb1 26ltzwfPcLssVzpqP7iFwD 7FTMeXsCDTvlWFzZRX9nlj 6FpwKuaSsalmCgmCmMEoyY 35V6qXUDCvwZdmbKe5PlPG 5RUMW7QNgMoALBV3hHa8Ow 0Fs9cdPDhptWEDJmiCbkEW 7czE9JHnHyOWoCKdIACELS 4aw9Pzlm7OYk0NUq2HUr6Y 7pNPIL5BhYOQwy9nakSBdS 62oKHYDQ00F9bTTpL3zmXa 6mDhXh9XLG3FCNLzwhzxAz 5nu2prMb44mQmIX70VspX0 5z3PL7XnzRcLeZxZ0cIpIZ 2DXEn2xlGoDfgIWHQqqac6 3fVlWCE7J4p7nFOMDP5tfY 68cajow4lWET0outNWQGdf 5bZOSEjVQe795vqD4gRSYI 3mJIxEK61SKudI0andaII2 2SRcL44AMvdYDpsZryreUj 2yel3ynSTFhSNwCuCovF15 40YQDJrYZFIP24QVfUi9Ar 5pEatB6FQN9yZXsMHCkKHc 6MPAkZcZ8x2KE453oOywwD 27a1mYSG5tYg7dmEjWBcmL 61VlApj8p2ZaP0WTunTrKT 24UbB43Z3tNzOgMYGcAW4O 1UbQyXCoXBZXUD7skuYDqJ 4CtYvqMlrT2uAncUJPGPdW 5JdRqDRyrHyLB5DwoPv3iI 5d3qZ4xZv0inQK292Mmnhh 6mPsXbce09tlhJSrBtLVcx 6xFlXhvM2UCHmrKanYpU1k 4SKXqsq1gPh4zVcYpDn8OX 1JoVnmDTiTOTr0p0juhiTG 3cN1LvITaBu3gL1Tm6M2jH 6lXABRaTBiDYtrb8VVNoCJ 0xMrVv6GRuI4KeWuDugPEc 16oreihxvp6S8sJV6s9RT7
2akjslDM1zjjQZw8tTdqFj 3purp0mi18IzqJHsVNteqU 0XqoG9ZcVFqWDYv9OWzKUJ 4XXpQQb92oREDhP7RCR3Uw Brockhampton 1AOacbO5iSMxrGMihq9QDA 0IfDdkMX3vzp8ZCagUMkXJ 5DQd4bg60bhTqQwrWvS6jf 2QqF8mAzILFVPH4xJ1Vu5a 13BSeXvkTcThfT10HZ4aoa 4kXX1dTN3aw9JNznU9G3oU 2lAC83w4MoLCgzq8G5RFPF 0gljKCgHMtrqFGaRGoNFfx 4dFOKL4ELZhYa93yQuz4Yc 0C3QADQBYFjcSeU8bY7Oex 722KsbM8nAmtP9quY41MO1 06yr6FiVghSWa1IeG3mhV7 1LJP0CBP64Ve7NYun2kKNt 3Y5LaPGZreskNSVMJl4POS 6gsoiFAac8MPJaNY50Wg5H 1yb2tiSn6VsiVa33pstp09 3zAl00ED85d3DoRViaOYg5 4itGA99ShBIIAEIwKjGc5q 4Mh64kXMIIjZYjK9Rss1le 0plgZKSOUGWnvNPRYIXJMd 4jwFix4ZBxag78Cu1BOJf1 200ZWfIGSTurs8dhUi0PUE 0yUq0iN1BAB8FLZhiUpUyS 0Du9m6QON2C76LOau8bHw0 53o10x3HGmlYoIiy77hq6T 7L4G39PVgMfaeHRyi1ML7y 37el170lJYr5CiWJFk207u 32oZUIwBlj0Q1houMhuTwQ 5BsHWam3TG9dTkLPv7Da0L 1r5OrinwCR9PmktD1JRFV0 7ikuZwZBkFxMFMh4GRzTYF 219yhCuahPIfZp34rfgO3r 4cFt6AbfPcpphvP0dB9Wm8 6EdxPHxfvgDpABCTm6Xbmt 3C8sH7qSKrBGldSak9BFDq 1RMuMJhAQytXNprgnecK72 09uZYFTGxLQKMUjHjXFIzd 6TTBhxnb9NYT7cz6aLOkBy 6gKVGjL7XFH3PtL0Ss3v0f 3gvIKPyeAJuBhSJWcyAH8Y 6ok69hZckAOMhV0d0PJXrZ 2suBp4FHnngMYivIdf7wuY 1Jzvx7nhrRmZBjsjmdk4db 2jAaDaQ01dk74X4njfkXP3 5uon5fPHhrnvrCMARvonC5
6p0wT2zzs6bhd6PGoJDfdH 0KRYPa7qXxEMhorwi5a1z6 5QIHx7Dcg8XWlsWNaCKawt 5qmPGTN9Zm1WSgHfmjgKUq 2on2XttfSjE4rjGo3xyGVm 1vsBd9UWsSSsX5mZjsywa4 1tz6rEO552cLXpue7LQO4A 6FdJmhwUEk7KS3AloEhD7p 2tAeN2TKlQLOoSPXtARzBV 3mPiBGCwFGomE51i0FpP0r 5ruT0loz3MNWNEj7poDZ2w 4bsF2ZJgmq2JiDfyIV3CaX 74pqkL4CBWKPS8TXjeFigf 5BK37zwHDS5UvE3Yh0JO8n 0ehYhWrGH1bxrFt60nF0K1 74M5E759TFiaf7246gVbcZ 38gqh7JEnwNxaKAzGpXB8i 3829oHimRwuUHePcD2Jj7S 76pO0xoeshbp4yIG0JCDiY 1Tsudqe23lobkQnOdxFEbr 2tIvPiCBlCFRAiQ5h3mxC1 3MgMS9NDnGdlJ4EQRmrOeW 3yGy1JYz3zQKlxSgjgpQqX 5onbkg2iHznFhFcAf9DgeX 4KzLbHlhTEjk47JtkTqbeu 1mEUuGPU7gCcIkwt5QDobg 5OeHAhV3quY8UfbVIg2LPJ 6yTuRuwdyhmjgZJyi82uzC 0lRERbtRN2JgGBLVi55JjZ 1DCNGy0ntxRGGbOjmSxr3D 2EXwgjpZGjx6gXIibMQpu3 41jJNkhTpGpLISAc8l2UQc 5pD0jmWSuoCc7hwJLN3VJF 320ePMZ8X0ugeffZk0wNzY 300DUx4tdtCdGEUXR032jA 4Klj7KOStDSOokDKKvwT8Y 62p2eNbaF7YeToFsbScrxV 73X3rYnBzsX0ewkskUffHF 3RiPr603aXAoi4GHyXx0uy 5tz69p7tJuGPeMGwNTxYuV 0rbK15g3UsDTVy1EuwgKYz 3DpCxhyOxIVdWfvl1L41j4 5rBKF10FB0yDimPIGtLdmB 3cRgHPkUHEQym6pFNuK91g 05wrtdnqihfhy54iGFZ0rV 2zh8futZbM4gJ9x4ZV8Yu6 66BwRV5VYNVmYLH2oJdrA1 2POeBARMJDkd8apP0zPnsU 13iDvBj1LFmwolgYXNjtTw 625hrKeMYbQycaccP1Q3fR
02VdHwnGhy5fTW2CTZkYsb 5t4oYKKxBzlnn56y43yGYO 5kNOW0qMt6XN4d4rQUUu03 3W7Uuxa1lY9CqGtMg53wrL 1ujqaWjNrRFQd4WKbrdymQ 4iHSE5R1U8jf84tRn52xRt 3lWUoTR0WjjI6FEoZEXter 0ltSddruGtfzZDHvTiKtcp 1oImu3Qu0gxpJJ1PJEIkye 5xQr5TxQ77siaKfuyiJbT0 0zu7GG2nftctpGY7WAYfhW 0IADnCRDKudeiZCBy6RQTi 68iFNvhMML7Tk7Im3rP5Yq 2yL7MGB5KTjSyN3ot8RQbp 1YwYRUc5m9wKyR5LxeBf1v 1NVwYv4OqJVpcje5SjlRoC 4tqPXepTof2dm0bai3GSms 1EXxUvdEFGMeJ3KkFrPYqD 4OH9hUaddcAvSwXRUy82EY 64vh75AdjH07wzoOqgamrG 6HXuVav6Gx7e5Qe57saHUB 0r94Ov5nMeESOGHmwFrsAd 1SjFFsMrC1EmLLwYkXe0Or 1Yfgbr2kZrb3u0NP8ioyuk 7f60h7a6XrU3kaA8zGnfip 78ICu0Z8WowWvRIdWJpkca 2nwPbO46F9dTQObYie13eu 2O6qGofriPIog8dyPUsQtQ 3toULYTAs4vg3SRK0kyZ2S 5Os6DoqgRxMXz4ZMvSyoLX 4cRJvAh0BwNng8nO5Vnf5F 1wg78EYrIcGyC9x1TeOD5e 42THtJD7kabFQFOTfcqIt2 3t66zg8n1ZkBhkO9YYLjWZ 2YjdhziaHroiYMClwCBbIQ 7hodtFw1n4gXCDStHX947h 4sxTKVjPZNVWMZN8FzGUL0 4TMQNlDptB4VUe7WxUdoCs 6lAP6qKr1H0psMsj9UXEky 7saapmqmzntUQUUegXObrG 1uDhHTNIBF5BJQWTjKnCoa 35QDcbzGH7XcA3Mhx0hx3b 12yxnQERoNNHnw8uUoEj13 6ioB2SPDQb7s2S7GkwLYrh 5KwbO0rCsF8x0fq6SzEGVL 7usp3w6qQYzNM5klLwMfnL 3q1nbLvJDcVUVEjiLPsiJZ 2MfAOSFDDrXMbitZbZoabE 43LmhEnxYMqtXx0LvqqvjF 2EWku7cnjy5dzgkiKRFf1Y
2L8OKU79fVeNONcfi0xFdF 2NIFTFhDC1jm6HrpIO7wsi 7qtGEuqlgM5raMFpKk5Ern 6pxGh4VRJmkswOKKpmepbs 5PaQkcDTFaIpxhCq2HMbN2 7Db1OhfjuKezunws3iWv53 34Tsmlc1lm6hcFXtQXVdCo 4v4Kc6fk2V0I5nK4xHaud8 4ZzjAGQaUVVbDKCTWYyI82 22dGDyHBXEgmbW75iUeAeE JOSH+WINK 1uHs6H22sfw8kBuXCwbOWS 7usFrQf5yk2vJhKga1XX56 5DXKtoZLm31msT7tNGNHLG 6oKnfClDamaMz3x31RpLHL 17LoaQwCec9YqJzdr0jycO 3okPiJwW5nCLpug12sCL4p 6PmAEETtVYKlFy26KKpXXZ 1QuON1epjuRDg6PbGGLKCb 5BFn2BNYCQ42w3Z6P0MmIY 4iKo5deQ2ykRBWf9tiVwUm 0QIYINh2AwmOmdu8CRYvlw The+ID%27s+Room 1PLM5vxNJC4jUGppoYag3Y 3v3VwmZqx4ypQNiUIXm8IE 5OQgImpNU7xTyCsSEf9sA0 7HF5VUUEpYN6R6dZrhRyn1 2hZt8vBzQ7FCzoVBs649M6 2lJ4d8MCT6ZlDRHKJ1br14 3RmKpob8xzv1pzHEQrMJah 4ct6fY3UwHrY4IJIasEDfl 7Hxnfdl30YITvCxI6YvHaP 6ihRQT4eNRbvDS4V9oNoZE 4Pt42ukjERWGtV5CM2tA9P 00LQKvi9ivKJmrGn4x2JWK 6viMAOCe1yZhzRx0Yg92uc 1oN0o0h1YRyzCZHpspvnYZ 7Els46oPulb1jtlX3eO6C6 3jPmtHBifte5vgTkZcjJRs 2OgGlK7DqGg86Z5uUxUgGg 3SNc7AeTmLWeBS5jqHdalV 650Uou74HoCdDLrEFIMBKB 29iqhssswkmSDsOi7S6CTz 5naz6z5q4YFeZrnc0bj4BT 5gyifUjBAt2XPhmCj70jGR 3EDM7KO0QY9np171q2RhHx 27WxLvaZ8se2NIsMEp1c2j 0ZbsibQtb9M2N33y6FcyFh 32sGR7HmJdDy27Ba3yj3qj 7myCbWnxSIxjtOmdaHc4ja
4aqVZW7BChB2g8LjfvO6sL 4xPYafyPQqsfWZE3XbJ8JF 1T2C1ZbBnsIMY7KKQPP9us 3aQKpN0JEOkZIWVnThJR9O 6l5xKG9desgwmjNJ9AeFh2 1uFDMSY1MWi19q37i7CuVD 5cpB6MXX1RmdVHnTLcKtHC 29zWqhca3zt5NsckZqDf6c 5H5yPWJCvwKroE1JQxYfsg 62D5rXeR0ijxDaYOVFAdCp 6XCuOt2mbjXnRVB1ShAWh6 3N9HNszqXEGJLVer4S47JX 0inCYqLHPpwTKl3vW7KbCk 7vt6A5Bax7GAGAG2RuC4tH 12bfmYF3MVmYhcKRdhsVkm 1iqm1cisthUVvN1Eaqn7vJ 1rewLf5kHZQFOmZ8Pj3fWN 63oIijRBCf17K2BG2xMf51 2cmRpmO04TLaKPzmAzySYZ 0S8vu83cjtFjSWhP2eJt6J 41ng9ZQDM3SPKMDT2OdZlq 10lGufP5RmCsUwKDTcPpxs 439X8jGytErRiPnaoUJHju 5Fpbw9DCdROeT1JtJWi7lR 7nZBNthuHTNQJZ76CUp9nD 4kor2UDSNwfSkvYe9FfhF0 4CQ60astQ7dfhJ2XlBXVvA 1BMvO5rrAwZW0IgTfM8DjG 397fxHew7NyjryGWGr1Imy 0fe8ABoiVGgW0OUxzJWmNb 7iEoaTyBCqLaAwJnOP1BTn 6kzR5D4xYpVepHW2NY3mWv 0UbIve87K5exjUrsUnogQt 6knEzfRZSuYkoWSTE7py0h 4JVSkSJAKbSlwkSepkXcK6 2NiGeOAMWfTjAneKQYvGik 7mZB11CUKM6gDjGqzt4FeW 3RUhaOfG8aa6QfEGonbhFT 6Nle9hKrkL1wQpwNfEkxjh 6lKuZN1Z2Hy41t8lfueguJ 5sAOjAI3z8vBdyWMAZS3N4 5OauA713z9D7Pc0TRznGTS 53ONraNgaVK5HByZ0ss1ck 0jhKhgnjOWDtOTKxyPi1ZC 2FBo2ZpTWKFBGbvSpHnLfq 3mFKpIwPki7CWYrt66vxD6 1BTj47Up5m8601KOFrTvkj 7DKS0rX27cCEPsK0R6tFWS 6p2fupbeCmxN9wQVxlGS6Z 4GdB5M7GbwLZLouktYocFC
4cQSOn9oP0MiM7BgiRngFk 5owacNcWuezb4JHoGdoQSj 1UjyF6okUHhnVxaLV8ojsA 304QG4oz5jxEkMKPnpBYYA 7snQQk1zcKl8gZ92AnueZW 2Faq7lVII9BraeDgMcqT1R 2Ufs4dmoGAMwb7bRPUuTtW 3m88MApBSMB6SAfRSPO6mu 2oo2uC73DmqF7YgKJKmDnt 4iCKHGl4ij4YMwFrUZLGEQ RADIAL 3td69vL9Py7Ai9wfXYnvji 7KOlJ92bu51cltsD9KU5I7 4BPmWt2dEIP0ygttCwLBq6 62bPmLORyb9D8pfHZXfise 0RbpgixeYHgDEUe0yadLFH 0R8dsqbzcoHoqUN5MLWyOi 67DW06pJADPGQUj49NKXxd 22As1TbPw6O4ZdxGKQ7mtN 64YnbVj5b9w0S3YjdaCl5F 7qcxGQNLJup67pQwTKsR8E 4HnSreTKsm7IuFnM8Xc9bJ 0yZZr46d7vpeiwacd3OrCl 0pmLuQkC4w5YRwzjIchWF4 6D5Q3WLS9uRnJPFYVnCkuJ 4VrGWIF7I5nhNMPcia7GY5 6BWdU7QWaMlPjsUjlirluC 1qNWvoGQ6uEwdV8MQa9DdZ 3mwvKOyMmG77zZRunnxp9E 0te5bN5fjUy8h2H9rGp0DU 0I4fzEcHoiQTuvWw928Z6C 1TkwU9cpmXmUFGWw2Gh5YV 7fYLu3HPdjUQRvJWRy5uDa 6V4MNxqKyj7JLAXtzo6Ngl 1OO5ePuti1uyD7SCmckB1x 3EsokBbAyQVkg7LoQKc8uV 4CzK0gRPIeBznNDwiTbnXg 5U0awMJOLy123ikEFUIfHt 65HrE2AxTGYnHQjQ88cA6E 7hxJO64QTz88ArlAtyL0Re 5CG349EjOLsKraA4SsTSbi 60Mcm7EkQIFrBrJ8tQBeCJ 0AfoL5bXWmaVyoqCJV9e3z 3M0HZlUKclG1v2gIFL8Bpa 4YeyZq8gHBuP6RJ7z06txW 3IQl6d4PuZl6HazhvDcpuS 4h5m56ExHLPUC9NGz7U1Qa 2abKtpdY5fZn04VcSIKBzV 0Ll5xn9cgYYWYppP9bcnmK 2jnzNgA4DkiYg32Ik7KwTI
0BCPKOYdS2jbQ8iyB56Zns 4uLcna2HHwVvCobsOYBVas 2In9NTd9ViB00YylFoiOPP 6br178iaXMQcXiNqB1OzBx 44L9Cwa0iBl9emaT4Nfgf5 78hsJxHv910iFZhHhrSHgV 4Iyo50UoYhuuYORMLrGDci 0WHpOcfb8N8dKTx2rZlFaH 1NPf2VoOaZ45NCYhVqn9L0 4Q31G4KKcLNQmplc098A1d 0Rofatub3zvJYcDRptqBv0 0RMaClnp4OCIKN9kz0pyLd 0VjkQXBgiaamOEr00nSVtz 0ZxqWhiK6r7wc8XNQJllT1 4Yak5HftulbYTu2Iw9wH7J 1HazRjNBQZPZL4r6FSP8gj 3pDS6a4giea5v7tBHHNCRU 01HQIKjcODJCBRFoETqngE 407RsRqXuajlQNQg8Y0dHn 3lvXIXo4KFZ61dkr0ADxV4 4gg1a9MYzodWUFHbN2Wt2y 5WtboN3dkPcDN8byWcMili 4uzS94EFTGTY8lneSZnBXC 30L2ukRxGCfU1NcdazjGVY 4dZMwMdrnsVLK96XI5VYnz 11wmWBDltWMVsHDIDRWVCc 723GV3tXiy50XTbi2ueJGk 4XqiQL4Zwp3I1wP13rRGNX 0QtbNh8K4XVc7SPahj3uVK 0Ypesv8VK0jGIGjcT063gX 6oNVomq8N9aqLNirwoTyEm 1TVKePckNVmk3UbeWcO3uX 0n2SEXB2qoRQg171q7XqeW 6piFsvNE9UtbermRN6v76Q 4c9Jfn3Y2cQf5Xleqt0zer 2gKcQq6zkh1qnRJbsJn4DQ 07qdi1burEYmyb9aa91h8C 3HtrgoW2iPVupeM8SU3718 3cclk2k8OAcHhkcxfxTCOr 0Pm5MhX7fvSOzdurZJMPWo 4F07ku5lMBIoybFPStM2j4 3qbOROR75LnNeWw8SvZL24 0ccfnf8kwFACmZnfMkPLwS 2bD1geaBn1tyxWH5sItSzm 0mmbBYW9nFXP29VtD1ywkL 6dET51TwAJPrKV5wmA5Vhr 0BZ4iQGlum13a6lGJ528tf 3BnhFBC58fIyFQWAjlGIFC 5JMdGtKZjWPRYNcHbNZkX3 6VYCHRNfqB9LvBKXavgRkX
1V7f4rTLNYwRIWfEWAgtjF 48EjSdYh8wz2gBxxqzrsLe 5mkgbJH25lXjd7CbObvTcp 7MQywXGHEev7JmwwIzMcao 1DzhIfKCgoWptYLsBvRnWj 60nrfjlezSNIBLoZV1EOcv 3cg38isdTrBH63B4BMywsw 41bQHS17T5IgBGZP5epJld 6bsjT6nBDaN41jvpCgDrF9 3cG04o1hG15hqgooRPirH0 64oBEgdQ36Sz4TWL1XuttB 1aQaDEQYsgxozcC8ziwNIu 2ST4rHwfdfkuArUKvdGn8a 4xFxK0FXmNlUDRgCaIQCVn 4y9X2zA4Pw9EoO6nFN8MCb 7M2eoBeGSHTq1qtF4xZIkm 0KfwsodIzlRNfjDcMMd5UP 5BF6J7ZHbncg8ynxI22ER4 7syaCNriqwhd8JMOar0vTE 3vWE70Fde8F97cIkSGiMt0 0j3pdGhIxhwDSVXjKl9Cfp 3F2UarSABEqhJDTQJu1oy1 03bxWjPhkgJ6LQaF5JIMTF 1rOva4IWb65JZnTop11zMs 5gERyOrsKXUcwiwFFWmszq 5fSDXbY8o9pA3TKwAbfwML 7hU38LHqMSPFrvoqADFJp4 7KiOnsI1uaan1TbYjJaDs2 4L5wjbPOZW2p77kngbEybM 3hiSJibKGv9vlRClBfF5E7 0fWxHgDvCC3mpWodUNXvFs 2WGrMKuAwEcYGnejPyvogC 5NjNYbL0eI1khtqmRRMd5W 11BIdXyjjd7lttKlBRZkxT 2QPyR9xBEgJ1fkivV4fOBq 6O9vJVwKrSQGxNN9grlEjp 29QAPQkjqokFyQZ18VKAdy 4Lppg8lp2IJrFgRaUBEYqH 4veHAsywGzVPKip4msNUbi 6B1c8RadMj6qsldlJYF7jd 1UsPlvgJj2mp5Ni8YAWQa5 6VYZrXEhRXmN5WeNwDORYx 2YqdkgkTNPJZyveKkNHpQz 43yxHK3DaChvrpqT1vj8hx 63ur9RG2mTYZkPsjYMYN8n 6v3VwiYjFuSYe1pwXGkrOV 4f2rNg7HQ22naEFQOtWZI6 3mzR0tYDkY5tHaQpWuOAJf 0VJEbcE248N1VbFSn44Fey 3LN8h7BnZEyW0kkOMJ28v8
7Beeb1AZSs6YQuAeifdX0n 1SIthwv67KS6DBqfWplizM 5i5PulJIaa635VyLVYCfcF 1iUnhEgrBjppyk1Lzf3sX3 6KugjM6PRQO7eqLo9AfWiL 2Zwb29cNNm14tWsiF3miBs 7AgMX97ljLm9BzszyyXEYZ 21dCUlFJWLnw1RycUgV79i 4I0QahibIQMTPRN1AlHaSj 78tgAHD87tmZwJVvvQ4QdC 1BA4OdphRNKQSeHrMHLAWg 7ydJ5Md86CHbR88OpQhpt3 5XqDlsbgcumOPFafQYdxNu 7vxzmnkolPqlpvi2mYhGEz 1lwWW2s8vesf2sE6g48khl 4nRBvsigyCc7wEjoQdc5ex 06Sj69seUrjc6cZM8GLiTA 6RQBoUXjtB1YmUjtPb9WbA 4v9gSomhAcOYSU7VBpJkA1 4RbxlZWodv9svm0Sq04CFW 6mhMFIrsrdRDLsQNyrbuKs 3pS1LF4KCXKXF9zHudXhqG 60aJyRzSX4H0Eu1j71KKtd 6shyEhv7EqbnL2ZGcMdaHo 4sfdW3jAYf0qN4iEwK6wJV 18qgd61768n3awNU4cnr9R 20N5rPfHQVQanbSCKGAsZt 42CdFwmcfP3Sb7hxT58rDb 2RA3HWRK7tKOZcIMuF0MaJ 67HIUo3sHkcAOE3EgXlASh 4GuiiZ67AkQShgf1qk58WO 38GA6AzIvWSXfBwR9u2dNQ 4KxbPwdiRW2eLoqtRD8btR 6Onky12u3gLlIAOwDXhNdP 4FYs8HgCNTKCJij634GIOM 18xXsm092KjjO65WiN1HUC 6weYea2ehCasn4N1O440K9 6PNvv1dmDbOWrAYwEcuKBX 328C68l9DNlBQgU8VtRahY 5NiMNJbcGvT7BLXQb9HCFq 4WehxcnPTxouLdfQhqANb3 1nas007nDbzLwDGwvMdz79 0BRJQl7AE6ZU62KCs9tHi8 3HcSGRGYUc8uDLiNWYwbrS 1WLP7vVJ0xZM1cZWBt9ncR 2SJo1P387WJHJx1uFbyrRj 2krYzwhTWaGgVxsOuToBsn 1f5eDiILUNeftOB26e6LB1 77UjLW8j5UAGAGVGhR5oUK 5c5F0rVz812oUbgRUq5HcR
4Gz3ZC4JpKhZ7s9gG0JMAU 4wvBHVcM7kP3h3CY6CJIt0 7EkWXAI1wn8Ii883ecd9xr 6LKQ25lxy5o7Pdmk0wFfsf 2eep5Z8wZDs8GthiqwGIi4 6xxY5UyOoll5Ye34FRWNja 3apyTh43wRTveSEGUyECP5 0unEMjQpcVnCnZKU0W7TYM 46sFGgbcfrYemRIS5m1SXl 0bXpmJyHHYPk6QBFj25bYF 6BvHIg9IfCGn9kyUmGzrTl 4c4O6TkqeAQE2u4B8L0etm 087cds8zjbUmokjg2jdMOp 6TB0f14voRCYlbb7kHtUVe 4O5lO3il8IlF0tuFitZlNz 3gasLVZdGhhVClXKdBBGLi 4pa5jSX0F9zqHycROafVbX 5EbTamOuKNYlEsOUGc51kE 6H5pQzKI4praFeueufPf1V 3PD7StjrpPa9TUgrMaRsKA 2mmQ2aBFmxQN4PvpmS8zAU 4PxMmARquKzJEK1eoEEaKp 33JcUj9qQDayKswunZP9ar 75VpgUrHzAnIGjTGumAYWn 7oRgM9AfaDq0rm4ovEVYqG 1WP25HnGnzfaCrbIoL64vP 4ABzNwtzvzvXsQMBIrdF39 3feSwo9dMR0sbvdPU02xbh 0sqFDrDUtYJOZMYxx2DFGw 6RSf8VszaKMKIzZESMtsgN 2A028cebGGB8f3o2zo4OEZ 6pnryYnhE5zBugXN1QxPBg 0QeKV2r9FdfzKcpGZ4TBM8 2NM0qHzx4Ohy8iXHEEgwlO 1Ad3HUXowm6ZuiI0RffX3u 68nA00jyW1XRrjm6jwKiCN 4qseCOTzX5vgupuXW5aqnj 4gqQpEUCawavA4VUWKptnH 5TYeArqA4YtJBFhpvLShWX 07h5e1omNJXwmiKs6PSl4c 0p8O2BYppy9N2So32F6z5c 7c6e5vq0kGD5LGo1upkgLS 5voWjUklIhjnNQU5aZCIm4 1XeiNYPdTHhrEYnqgX5zYy 6J9rBgsm9USju9PkLf2exF 4avLWTGspzlzCmttTRFTCS 3ZCTVFBt2Brf31RLEnCkWJ 3AO4JN8iEAuxwclIh2qZdN 53evwIVbX5BPA1TSSuMVre 5Fu7Zz4Md8sx40h1S6kvQV
5WACLmxePHgd45hptug9n1 0thAoocKEaKqEiRETvVFrA 65MEOt04UbuReNnJbWd87s 5GsLtLsQN1uXLnYWaFsr99 5bUsZwacDV5xHvpik3R3Tc 1UQzEPQvRXKNbi9xef94MD 0WZmhy7dIwKADRo1ahfh5A 6Ebd5KnMGpZOvFRNNSP88T 6m2PPm7y2Qr4SdoCJENZfu 490ib6iS23gSz71cO0APFv 0j54ClXNKqQLFweBk0oawv 0oauLKQgVGxLmAAOlYyWTv 1fSPrT8MujN5FzITm0iA25 7ahUVps1JMpBppl0IO9kBb 11mVWq7NcLwqBk8O1j65cF 3wLqtqaFx8rdGQW5sO5wum 3Wk247NJ1cIC1AuvkCMEHM 6rGk4Qzh9VRLwclyhiwo0S 7DFKZeHytl80710avStSCH 0K9agOvJ48tSvcTl6LtXHs 041mn3uFmaPY0b6Vmy657r 3xQ8oqFUTLFQ9dNEq2SMOP 5AxrQPbpyq0TXEbazS0deB 2kv5Z38j5V5p3sAiU6iI3h 3AcbzVNdAFkMkEDan3PUUK 5ZKAY5zIv4OLALpTIkQVfX 2cvGWbLfQml3MQRePQv4L0 15CARCU0p6CPSnXRCysTJ3 59LuR3c0iYMJv9ArpBcb9O 43iWwx9TbCsleUkSbZBCCO 4m6cJjcRFDd4kT3OFwEU2t 2pylm0EubxJRfgFW80nfXo 6kYZNeq54mRAKKPzOKEoWn 1y7BjLzqv90xIa9caWTmvD 36h0MQjUVoAeFYmPetPodd 1sx0XsWUusUoPstbvokZjP 69t1tv1aT222AJ4v1J0xjG 1RwK5al4DKxgHQ234mKbwB 08Kj0lvbsqAxzeUOBYZRL6 1Bh0UzthW8pKEnYg7v40Oa 1CDBaGlisZlOJzvx88lL8A 0wcahVxOy3IjMfTEKfwjPs 59F8lACXTtzb6ugt17rJ4a 0weAUscowxeqDtpCgtbpgp 7AdjBiwix7b5kefDcJSadY 70waRISZ4Ct0HU8wQmSUij 2HdvZsLXBmO9sc4cV8d4BA 1vVpPAv0p5469K7coDLCNh 59tZeAAToFV84Bp1p29boA 6oswHh7gn4ziwDbASCMd7w
4tHBhV57QKxPkItXeyGRM9 7HMsRrJwiQbo6Z39PYewBu 0Rsptj00DuJxrm53tWdVyY 0Ai36uAB8wWmO71z2LtmIy 3f9grIIoGwySGKOE9C0d5P 3NWriGPDUHUhZSbtDj2rMd 6ugHcsk6uc2z7975xpcK2D 0lnP3eTz2rj9NwKfOFBnKQ 0V31lGD4ATy8MyjsoiFWFt 6QxWaqhZj8NWeg3FMBMDMP 2TQzTtJHYeNrpFKFxmetQH 3PM3NAcS6X5kO93oWv2cNy 35q9WuDJDnXhhvDhXtdhZb 5J1kIVJkXyMtGvcdtJKNym 1zEkOtRGRBy85BU2dW0QsZ 3iLAHhM4WHpCMw8LfAf9ua 1wmjnv8rgto5BeG14SBDBS 4zC9MjbIIHJoBpny7Sh35s 3XTB6OmEHq7wYvdgwcZwMs 4vD0q7ncrOtbGC9rw52vL9 7g8E6wZQJshRetK8IGrjoO 0gU0uXzuUBL7OqeWc3qJEH 2nY6eidEn4FZ32zYZpAWWl 5Yh8llWGzOQiBgrkOkj7vr 1boXOL0ua7N2iCOUVI1p9F 3AVrVz5rK8Hrqo9YGiVGN5 1cBPz2ZNpCsBYAvBSJYiCE 52YwTK2KoEFQfXKUnr9IgL 3uZ1A7dx6r8dQ2guuDwFT7 6jcAdcwFdclYfAykXwgvAI 2VwTmLfnJHPX8A02Gh13VJ 79zZW1qYplCOIYrIh6l541 34Fh5rsKbdb62NkM4rSPOz 18NHuokIEXYhrGR6rdFXht 2fJ95EFcYTUY43c9i3XuKT 5bmz5AFytbVH4Q7wvvnsbh 2AQRYHrOknj0j74WNuAgZ1 73z0nxgDAKFdbjtOOPzRf8 12K1eNac6xyCYkKtvns2k4 3RmtCzC4tpbElyxQsa18LM 5H197bVhrzpacR5reDC1Mc 2Tlb4rEdzz8tHmVivVSvZM 1rRHrIgrPPHUYD97oYAgli 0J5Ug7LvA0yjInnuDaeAjN 3HxjYioUjnLHpSjtLqEPZm 5Jdl69gjfyxX67k1GDCEug 5NIcLdUuZAoDwX9TXarSSE 7EtnNxSrdz1illcNfhwLEK 65kEmezrYjUtwETYlYvxAe 1wu70ksQW0vUsXV1nYfNaQ
3Ab4gB75sJO3HTyganEksy 5IYqygSQPSCp0UtMF5atRr 0LsFUx7ClZT4jJsZfcnldW 0kfdvJhyb0QHBG1IM9Vlht 7GcCIkXh9Y4qDSXnMLJgHW 39ceMLTkWpyHINtcqQaE5Y 0miuCQ9RfiF71qdNkNF038 66hLWtkrv53rFKZseItS8W 30qGwfY1Vuc4Xbdswn3cjF 6XOG65nZN3XKmxevGRHZMC 0RYn0h4QOS3C3VQAwmNMGx 5yrsBzgHkfu2idkl2ILQis 07q0QVgO56EorrSGHC48y3 0SE9pBF7TfISXyxfWxeWih 3glWK4oKbGv80JCAbNkg1V 1U2nJtEgs9tUuwUIVrJ38i 2oqoPmZALU4ZIrgbSY8ups BOSTON+168 7iEgoNG4xlbpTxLuMNrBl5 4iK0OvmjhQEteMjeLQOtP8 1E7sfKbjR7YliVUUSp9mhJ 2oLwDI8tZUOh6SmTMRRfKs 6kVGcuAOP7WnMnhWTL2p0W 4zXg74QQ3VXZvvzYpoiJE1 5gYG8OvJKVJPMZ53Ii1ljd 27QvYgBk0CHOVHthWnkuWt 45BBlVHECwB0uNt7BsJ97r 0vOOiBEAu9rzPW3xVB5TbN 2oABQvqT4JJ5QTbxWNHDgR 7I9vhaR4CFHm0ur411cvBc 77bNplfEaJqbo3HTMQHazH 1hSjdeo8nyWJZO5nBO7rVC 0sI829c7BjI69iQI4EjR0l 5naPQFvHKRHo2iNgUOgMX1 5DiQ3VjKVa9GgSoKj4Fwgh 3G4AlLlayLXweGSaOFHCOZ 0KoWyiAHo0eKJcp1aKBMNU 5cBHDVijSYGOpgnSx7rBuw 0x8fHLgIWXvTUlkai9MqOD 0fopVbPW7N5BK0sOybQCq2 1WULiiBUBuJa1Jt5lCsrzR 5mHRTZtyZozmoFzHQbkURR 1DjGwNqQ86ASydenWph2U0 4DMKwE2E2iYDKY01C335Uw 4kiUfrsCr0cKfbo0LTapDC 3NPihbT6fMGMCY1D58PA3m 2uMdRrbYYxOk2Hcqt1ZBL7 3Mf86zzpcDTuutoof4DbYe 0qcYBPBrrdNyzCVB4eiBXB 07wsvkP8Ylrqq6iZ1XdBii
4RvWPyQ5RL0ao9LPZeSouE 26APm1iErhdPlfEcN5C0th 08aHeuI1KxTBcQRZnugFVJ 1s9QD4isl9mqmdzLryt5CD 064NEtcV4JQqGxAtfqvRfI 1JLn8RhQzHz3qDqsChcmBl 5aFD0QPy4BQqUq39l0o5HD 3n6q94eTEL6vUXCgdbw3wG 2oCJ22gKNPAD1e1sllgyjG 2Nh2cMryoXl7BrZoIeN2Pr 0YKFW2mlLKTfVbCwZLnJxJ 6z5zNAr1yKd88C8S9ppMl1 2X485T9Z5Ly0xyaghN73ed 2FwUgVGjOphe20NfvFijpt 2DIHs86mu8GEj570AdBDVe 09HPaiWx8HV9W4XhkSEicL 0fGHwW02H3GYXXnvG71Uhh 1Z5WTHwNy9JS0mhcZ8O7hM 1FWXzzXeL2zAoLadHBjFY4 4NTliKgxg07o44oupQVEFY 6U1ZRIj9zOMD9ZBV4PpNzZ 4doS4tAn3tvPW3gREG5KbB 1wwnc7ePEWkysCXRc3jW2L 6cUTZnDarVMD7EBgCj97YW 2s0X4s8mjN63UysivPG6mT 2hkWvaR6WCfbG5wlFzsTdG 6h8c94zBXIJTbKuYWS6dXn 4p908ju7Edoa7Mx7KiRvCE 61YVCATCLSWCAh7xDNN7Kw 3iEbpvvr4Y8F7sQshQY1pS 4Fsl78MLuUrqJMnFXBctW8 5rDRmhgtcOkeiTmLMlQotP 33XBT39FxJwmMELOLNnTfw 6UpWBI1nTv9PnqnGKuzIuT 2fubhRAORCrif3MVIvY8To 1GZD0TZJHmdQaZsucHBmWT 5iyZwawawLjHYpX4MxUKVF 6kaxvkqgZoXhKr2XGMkYF6 5YAhKEMTGMh6SxTSYcUJl6 4HqU80xAozomP0XtgxAu6w 0gj7k9pKvY0yvzGLJK2PZQ 5dbsWC1EVqbhHcRbJr4vjF 7gIphkKVWcMG3zg5zHpKeL 1tH0Xwni0oJe4DI6O7naRW 0KRUyc5w1U3TPh7KLtEZVM BIG+MIZ 6BDGoWkepeLqOY6Kfnau5P 5HCOvUU1uT64JtABcpiw8H 7ydCLRaF9kQxsr7lxEVrMa 0NDbTnVPCszdI2G9FQWfKx
6nykIoMBVhhczs6ehb1szW 3nqBQ3XxwTvzbkO1K0JAeP 3TT6G1coexSIOxNJCvlyry 0SmQzS32VdC0qYISiq7Vsz 29m5S52N8hdny9n5l3Q5J4 5BLJD6yK7uZ8gCC72d8gRI 3GVyzDR0G8V1Xxko549R7N 6m3ZWIXhjoV76syT1j2oE9 18b7KtY3MqOOZEXTYXJoqy 600nZN9vgvMzqdfho8Cpf9 6reLfBSO38qmFgHgz6kAs0 5X2W0DF6eNkCv2qXDBM1Z3 0LWkdUtorgGHr1bwT2C6tY 4axGU6Lj1hC1IJ1ygTFxmM 5jdXuq1iohkKE30fe0kaQL 5rsSWRNvEzXRQv4qdFv9FZ 6AAIzRpfYHrgIA3R20FAFu 376A1Mlk3N6E502FAbmPH5 5M77yXWuKPqaUzdxn4cVnV KAYTRANADA 5VVM5EX9i5rDvbyHHogoYb 7MRCd5tmZ2iURu4elcBsuH 25FeM2rqMbcySLJ4dxS2iU 3OK7egZyy5FkXIihjCyMQQ 4WQF0Bt8yC015ABsp0oFHh 257ftWS6FQYbpJlZyZ1y89 1BfRdnfPYrni7zj4ANodBX 5gWaO5shjSJ7YXAGoqRx3I 0q2uaUOYQ7pcMkMfE9nJzC 5H8ZaA6z9uDvBNYEy7NsgR 57RPnIuMTteFVLc4oEjCXw 0L2K9PdrhOrxhmEC2n1wle 08a67BkrlsfbNrirLC8gs2 2ni1JwvI4BUipihaOLklG1 4E86cKJBmCYD02sobuRw27 7Cx5WkScMeBr1QT6LxA0Ca 1eNKDN5xWN8IESi6nCOnAh 5hrZ3lIqRP18NFfFOCBHVv 3LSVxvKUyjEta3wdHQC2Dy 7w2Q0lO0DgaFgRQmdakiV3 5FA3tfPhY3BSKr4vr9OVON 7JCFsXGVsFPEhzvTkdjFsf 5aBX5J1eC4fLIIHSvP62BA 2mwCk42hjSzBV7TgdeUd0z 4kO7mrAPfqIrsKwUOK5BFx 2NASXaMKP42a0XgEyY4tyN 2XiSFgAxsz1FDochQiXPlI 1GZJu6ciZ55S8Kp1s8Z5ex 2IrXyIb3NSMihMa6ilsuQt 7iUMSIBqVymAjrLFlGpFcv
5yPowIqdVPFaBvBmhoLE0Y 3Zv7tbfSY0sIxl6ZRW4TJN 6mfPygSWrgSC2USAOmBYYl 6BeHRHvxvE8qUu4fLcxFt2 6ihn12jT6ChdVu3WcggbzT 2QMzI2GyojV2drbTyKcNMP 6uL1U3tg3OhHYnuwqnQRn4 6jFmw2ewpflZef6Ek4BzUJ 4hA5hM0lIBlj0YIz54xc6Q 4LtVrrqpn48l4Iq7KIshmi 6puGqblSoFbCb7oCx7NoRG 3N6Cxtb9IBkw9pvBUJHLql 65p97eP4CoW3rG7OIcBgoq 0rRwI19vFneHoc01g7eoFk 5xC7i7W0nazUp5w9DQwM9h 7KmbiagSkUbepU88x7NWjb 31IelRPbh5Fps2VeVvhIsG 2irm9OkBdEjVfgV2LWPCCu 0KFLZZZjPjvcPDp6MwP94N 3ndTMyjYSvl5jTI0QlloEZ 5HDGVwdT9t1lSLF4yIBcTf 4FderzNN7EStQkltUXjBhg 2rBSziT2AxZ3Pkhhs4a9xZ 3RhXQ3ExgsXthpOUij6D7x 2QrZXxaBpOR7rkHQpLBFuf 24G1PXBWoRgV0wDXZKwxzz 2MmI2fOFAYnOJcMyWkn1js 0T0JRSER9TooHJFKFXdKSQ 5GaYYefcdTrEFxdeJ3LLz6 05xHYOjDfWBoB7l4prC7GK 10OVQv8jL1FEcaYXhWJUMw 4GvH13SpKIEgWK1OqhRhxy 2t59p9y2Gth1HWmLywS3tn 7AbBtPhCP0ckR7wDCBXMj5 5RuKvZoJv8uDrMcVECOcIZ 0QOOAf1NsqXYESNxtlWedo 47A2OVR7Ks5bDP6RnJOZ7n 3PnnOWYdWL6nu4nVj49llh 6rW3iN3mr5R2JN5db8rxch 63MAqawSTfeXbwxjWz3pSK 6i5AlhBQEaSjnGHeBB4MtA 1gaGjvjkbO4RBmglLUWynX 1gCyy940Bko4Sua9nUjlaa 3YKptz29AsOlm7WAVnztBh 38mWKEjpbag8sX1YYdq4k5 2Dtn6xdm8SZcHPrto79eSK 6inXpAxJA7Ta3UX7NI5Nb3 3bDcnL5KtUUvriblfe7o8t 41G9EoJGb4QbWEIdb9FZ4D 6KqBuE4aTC4fjY1aIc0tSJ
1tTPC0hsnXq1IGpvWY54JC 2qswPLZD9CbUoSidGNyxwm 7EvPEqoMxnEGDGbTVpaoaF 1tp6x58PYYCcOyDaX9436B 7l5FHmJqJaaSVPDF4Opsix 3oaEwfkFkAqTDIV8QmpcfO 6mORGLOz79w6VsCRLWYYuK 49FMxFda5lFD5rhGC3yTgy 53R7clJ4IM7pJNQlBy3NB4 4883kQ2lhOVwgqn0wD7iZD 1eJHtjhx9G89WPHHX20ndU 11L1gHnoiGAsXLuTcen00K 6xTe80VyvrgptFP25TM0Iu 0zoS0MffOn784VR4iI8KRr 7E34zBpITi3oBShfUrYGXw 1oaQtoPjTPkxIkjudCdevh 3xlJQUP3SgpLImAKllhwbJ 1JFuBVnzEo5herfDOiLv7y 594K1n8ihUm4pWNnGX0av2 2wykRYxqfTSjGUs9FenrTJ 03XSxo549dkLt2GSnWLajN 2N23hgHnrwuvlV7nqL3jqK 62Mx86q5VEiqqw0Hnjtupl 61dyUePJ8s9d6pfkbhiS66 1F5akgikxmSPnCd8nEqN0o 6n4ZtswwUQij7s9k1d2cym 3T09uysRqZeC0YtM8lgY4J 5DBk5uUWxH4Exe1DERvXD8 2CVSOypjAwshemh3be7TzY 70WyPf8WtXvG3CgeTZZWz6 2G2k2ZFsQkIEkAWDTvqHXM 5TM6LCk7dmotVjLIjhKlS9 0HLFkAn3JCWrftOjCzMDyx 3X9tJw6z5LowFx339fhTvu 5ww6EpAz39LoFSn5WUtYvg 0awCmEEBuLoXHLe9mH2JOS 1eQBEelI2NCy7AUTerX0KS 7yLpUdGa76usENji6lSIHO 3uDr2aVT1lLbB75yMNmSqI 2RLI7rE6iXEAvkXiIOOkmc 63M9KhYcoeEIav5vdYcoXu 4RTPdgun3QimcZbytzLxOC 0kitlUDARPIpnaIeUW16LN 52z2vTynNOVzK07XGYdJBD 34yyfXX3e8XXYC77FiaSto 4ETQt69QxPXqqcuF2aYYmc 0qksx8mV28lztYIZ1om8ml 71MGOqJ6rbrIQDoOeFIe5W 4XG4LalV67aatvPyLv41sl 3FVmSvJST9SIKJnWmvX3bp
7zItZACt0iEltRHTnYzMtP 6JZOtTDv2uJxPZOf3NosAc 30G1X4nQJQNDjdGdzQZAek 5d1IthC1D1CaajaQ0Vh8s3 5x9cPDs8rElXsGKRgF3eiB 5p869HKpZHwdEA2hlN2lXn 3pgMReM4f6ZROLB4oTXzi3 10XJZADAq1uy1R3uPLbN0H 6Nlir4KClR7xlF7FFzl7uj 4LBLvu4kJe5wbOVku0ytxq 0R8P9KfGJCDULmlEoBagcO 4cHrCNJTdMfbtY0fjc5ged 1DGJVIfaCJYiWNi8eOdPDR 2dTCMCle6O4cqvhXrl0XW6 26oi7C5Kdf6jwdkhE7p7bD 5WrfIsvZZpCUnjXCY2ALuX 5EWPGh7jbTNO2wakv8LjUI 0rmGAIH9LNJewFw7nKzZnc 4fUyRdOqocwHCabG7gT71J 4Hgn5GBgk7EQGIEwGoZorQ 4ChhQZUFq2sqp4siVC5gv4 1rEtgF0PRGsFrUtnlZ7859 16bWNUlDC8Uzq83WbvDwiU 6GuShXbva4qJjSdFgrALwo 54XrMtMjRcuFF2mUAHuwKF 7oFLQB7ERtDsAr59RjLpIi 2MjsQp80LE3ERpihu5pVE8 07Ta7W6euYPNDYBPGevaxS 1q2ASOD1uxF8N383aA4KrJ 3Fc7k96EGOGiJBMZUxbpq7 1Ynt4QoUiCIWhIUq666QSa 2e8OPXNNk9onHe4pknBZhD 6aQGDQzLLK28BhQiarLPfv 7lZ1t940aonis1JSyQDtmL 1UhFYzw8vVuOwkf0fYrGio 2AXwKQKTHFxfdrDcnpsH3T 4gGqZC9f3mVR7T9hc0pxiz 7c14wfUWg6Y7xT2sBthwma 0XmQ1RmMJ2fEDCxQ7fG7T6 56shAaXCI3eYnv1EbrJoob 6RH5a8bayUrezx9eihDPLS 4NvLT5hiwXmASnkLu66Enw 29IbguDQUb0u7OYTei9gWX 2ifo88z2ExBUBsmWav4mca 4cvUik0BhfRXJyEGtTYuut 76bQCBXhLyx2AABr4PKrUv 6nJW8I0uhwDyNIPkIhXvPk 3RFKqSwoBcvI8PO6YwhHN4 6opdRCnm4F5OZ5FuK4kAkm 7Lb0SR1V09B24Ci3vuYtnE
57DiLR2O0JENZTSyDmvSQT 0J3IJH4rujKS287uQKnnif 2GsaRH8E0tXhb1L3KXl2A8 5EZTPdCMb0CBmvktxsS4WY 5tHWZmWSJ6Fp6C2ru1NoZp 6x71guQ6FQsyefFN3toj4n 3wzcxLTGnPaJukGUqhkvMY 5rwOE5J3Y1A2NiRa6y3Yph 2EaEHK2ZuhDooc7sLCy7Gb 1GzRuV1Zhc5yTmrypvPwul 7ko64FZgc63TnZuYhusU21 5NO9aZMowQwEWq6gJBWRHp 4VaIK4SKWoLvogdBA3TBUe 63O3LG6mXToUPghWgutZtj 10iJE9OCkSijsp2EGJYVSs 1wu8FheAr8nOawCgGaZhbD 0QHsyBUmZGQFMDZOPtozW4 1DFD5Fotzgn6yYXkYsKiGs 5yY9lUy8nbvjM1Uyo1Uqoc 646sbFnyVg1trhqqxqFUJg 4FLFm76nwepkcxzqS8PzH4 08LPcMi3dYc2t71FtK08VV 6dGnYIeXmHdcikdzNNDMm2 70Z0cxtga9LdunohQErMCE 66WILoBYH8Ibjh28dIdEOD 7vZDxwET1WCo9wiO1MgAgR 3Yxmpx64AdWAzG3qAD4Dty 6xNouwojGWhHlweVGfAI9H 3AaiEsiqHO2ylnnOdWninE 2bPoKFx57qacIH7GEqYRou 2xYyMCcg0FBWTGNPAChJVL 7rBUB7VkCaNCu1GSOJcH1f 3TYNyZF3ZuuBzellB8DAT2 5vdp5UmvTsnMEMESIF2Ym7 0YJ9FWWHn9EfnN0lHwbzvV 49Hys0OXr2zB8dEXiakHKN 5w751wHxeQVDLuC5EfjGRv 6WwNemFFg5y9wO6aY4s0ag 5P1p2XFeiObLFFeHX34MMX 6qtitHNz5C1AVBQlIiRjDZ 3KOJFD2qK8pvcXMstA8Ss4 0xcw6d0Jv6qH1X7ait7WgJ 5c7FPy2QDSgoYqfhLHFLXh 77aCnb2gdsP1tQVeo8gbaC 3QlqzvT7Atz1NklkBWdGVs 3lDJNN1X6ukiXL13mAD80d 1xQ1v0xnKgZyQX90f75bKt 4t77cSxZdEtp6omykJw51C 5dNQ0AsPitoIQSRbsXKKwE 3NGOqusOWEgyys64uFVxqI
6H2pxSiSTzSheYZydk7VZw 2wopeXgCUOGbTMNXChWSuZ 7fispOFQWYHizgIy47UyQN 1i1ExWxtAwx6m7PIXr6cqZ 60jR3qwZHx1dJGppF3i7Jo 2TfF09Gd5nJWBX14JYmjbh 6tqIes4TjudsjfIpK4P2Jh 7JEWpuiPTqOk9YAeclvmdq 02tmsAz88hKUtThVoHZIWy 6kViInQvDK1VsVsUXbwW9y 1yfPoTdp0gMoTLwolLJsRH 2L7sxeJao9vY9mENJLHvOA 45pvLeeK3mcKz1O8hPmYMX 10CbeDYnAlWb4Hlyeg140u 3WkJZxqs91loq8jBPKLrKZ 6GQAaynuccObvrHdQSFXRh 0FVjmynnbK34ZuLKtMcPMr 0d29AeLmuU1uJiREWZCnCK 2WigMwGJysIh9fRnSJvpjn 2E7OvE073ENQi8KzwTKPcz 7LMleTz7KamUEa2jFaTb1q 68KweGBSQfD2jrUvKMuASE 1ZWVlIA3S1gyG5JDRTnica 2DhXxV3ENIp00DVlmHv54v 77eJ2jPNaV8MiuQatgmeQ9 3IIZMVcw6HwjW6xC5rT9hz 0BvNfHbQIH3eQywuDVanM5 1S5TANzZKOohkx6ThHpnLo 0T2xNXiCtfSjnC4mWdCTC3 55AYY5PwFitKDAh2RaNEjs 6ATiuBmkNXugou9DODCSyu 5MWQZGuWeAQp4li8W5891y 0FOmyNeWWIdhJij4Nikms8 73bDvrmSBh2fr53tLDH9oA 7e9CbovSMlewWDrKC65kWV 1Ss0ZDvnP5gg6Ata6d4cEt 4ROUhH1tgRoH44UpGgko4n 6Ro2z4RtAUew9Kz2HZWZUi 4UwLXSdDkrL3FwOMxRS787 0mwyYJIa6nuAbs7HyMZaYz 3UKy1X3nGe5diFqN5swaFz 5c83f2kFIeNNch1hvyNwGj 23KSyhPMqyUVrrLo300YiW 6u5q4Qbsc12Q3fqb3nNraA 3uu0iEdcFJf8qVQVHWz38a 4j9evRE3IXdWrlKbM9CNuY 4FZOSDwALdWxcGcRbwXWJ8 6ySB3007AlBaMEkxptCmug 2hTRr2UxDJmHYXXgW89Mhx 5gy3r3ZnWdyh0Ovg90hAYt
4kXTfxvuCkyV2f0IyCwCFP 61CV0JyrE4BbyvPrsrgFB6 7aociRMLmYk2w32snVAmuJ 4B0aiM59f3V1IVDVn4HVco 5VGsHDtUfIX9ionkoSZG9n 4hhzoxOQY7vbiIKrVP8Nsj 4d9uCBeI2SA6iBNQO5s3wL 4vmztiqUDwZGYHogu7RJ5e 0gmbgwZ8iqyMPmXefof8Yf 2mCLc4lZjbpcpXgNBrC5lY 3jzlrsHSG3JrKp6mhbe30g 0LLKDPlqrAlqgoiMDqkB2D 1P1KbXydVy6n9ITALWjwlO 3h7uBuDz49PdPPOU3onbMg 7cmGeSRXdYDs8iXsYpkRmI 7uWBvqtwDTIACdhXz5asjB 0pDug97KNMJ7EqT4GdIBeC 4i8L5asDJ4XZEYjhW1hFge 1bh95iHF1ZXUHeGZeu7S9G 3aAGTVEM18DllDqnni5vSS 643Ewus2ENo1vZO4HJoqaX 3PygOTzzolVCIZKUIvhgNS 4EBkjMkx3r0bgWHuyrDLwb 3Sz742rf3K8p1yQZoYXuxm 0RcBR08fPmAWIsRKbMV6U3 1tzwRqRNO2dDdUf3qMnQno 4lGEAN5BpSLNazzl74jWvl 6h5PAsRni4IRlxWr6uDPTP 1EuvOdyyzhFUP2z3gfr6xz 1uu604md59h9zaP27tegVV 70YvYr2hGlS01bKRIho1HM 36ylLzMtvJ2CItc7bN4TcF 2kCeyMQSu5hkYoqBrTQv0J 4fI461wHCNlAX7pNIhnSys 4bi89rLdjrBAlBlRHdBPpY 5HRWhU6V48zxJqkh99DJQv 3FAclTFfvUuQYnEsptbK8w 3A71TsuRiLwFkfkkAtY0oN 4STQXkYSbQMlLRhwUIDjhh 4F5Putxak8d3qh1OxOKctl 6i0hK0r4UPdO8Mmy7INO4K 1vi9adPJiD4d22ybGp25hy 6T7HjpVSTarb4jNwwcowlA 2vcdlFDuB7tjdYTCf0u6AL 22hwwzJ0Q2ZtEp7wtUDpPU 6u8WO1VXSlGK7OER6c5lDa 1VqEgVFBYgZPbx7wQYKGqY 2VQX38gRWjL5R8ocngmPP5 13VrUM6GHJzex15fI1BE4V 1VvrAvawKceFJiBBRPSirU
3cV9Jsdd133wMrR2npkugY 1Ir2Jvx1GEXjUVYPcR6Ldj 0HRdAlc6rjv0cC34XnSh56 6Mk96t3t5qR5YJ8ftCW18V 7G9o7UZtc3HJZMSUe4ostB 3uYmBqD0tlofSEhcWuzpSj 6Sy9BUbgFse0n0LPA5lwy5 2eJ2Ivb0hkVLnvc5HbTTT6 7AILf7MVG0SEl6skEXhAar 6mWjigY0qRovTKN0GsgPIe 7jOMGubGp37qGAnsCdztCn 276zciJ7Fg7Jk6Ta6QuLkp 3BNZ8O4k0CR9qXwypYocPF 31FUU83WKMQuboqDznyscp 7cD24ZiUEmyuIoJrPY24fl 0hwgLQzj1Uo2BO0e4LGPqO 52GRfo1fNyym5u2GXbOLtg 0Wep3fkhFKvLWZBrFk6WpE 01idFmrKWi3M8zhpZRKgjY 69IzWtMP6VAEr5kpA5tURl 6pTDjJzSJaciuxfx9lW8hg 3AFNZgWvkGOGbUjLlR2QGU 3HL7Me1evtJgofMkoyGAPV 0fnY4MQat2zJsb8FKyLM9D 4vqd46ciwGymoMsu8myjyk 3IB64DQessraWdLPzWFkvW 3Ko863Oq3qXwXXyor9VNci 2W3YnsbnRqY0HRxUIw1blC 10NmAp41pQx3D28Yyrz7b4 3paFfdb8yyDSYOhxGkUxxM 2nXjy3M7alDH8ZYHBwaJ8S 3II14nc55BkPP3oPhvPAth 5d3qZSMHSSqNX3oHhhFX0o 4uPhDTXJzhWTLhdhitSOrQ 7GRWpdaWHoLXGti7gMUJos 0R4l8uepOzxFoF1xWQq2nh 62BaFWF2kbkVHcN4YyWDoV 6OYuMnDUH8l2acfGkfPaCB 6jJCWrVHO9mwffWRkOyyL3 2WZfx2pn22JH6WrKcco2lU 08zJpaUQVi9FrKv2e32Bah 6aNao5wIl2fXXtRF4jTtXD 4QtIMxKr3HJPPpOInFYz58 4vSuv0l64BjJv3x9Tdssq1 05xOYAhABo38vPURljsyC3 3xD6kwkNjCTEKvMT5zgHAx 7mkGyBb7Bhftg5St3Aka5K 2Qthh24lfxkSD0FhfJAroM 3CkcRlGbDvlfdWI3QTViDx 5MzkVJdq6F2E8JCicYudMh
41PDRwXfrS0dXgOS5o3TcB 3LqQJYUqxRFpX3tnvIsGGh 3r1T4pyyw8SutoozrWZSzS 6kxp9h1IcQ1rM981tmJSGo 73WjlhjMcsSsl5wNjOUuQR 5x3wrn3Rl4bCpSoLmzdfB9 0MoeShvEacFvWAROMIfqKz 4qEEERg5kM60N2vcna11oq 53RZFTpEwUGfKN6VlZJ9gG 11NwaUSqSYmZrFWo2qO2Ng 4qx6KUiBAsuZB9ubcreapu 38VyljyWXnVxtYWSiH5Hzc 06W8pHhUfoCWvIjSEwqQCl 1VaB7rOe1mK60C2M9dUl2Y 4Sv0GIThrZT0xzJg9atYQe 0NjV83WvTz3gKybmzmTxan 1FJ288EojrcKoDnwCdr73B 6ctI7T6EYODKTQHFpeJoH0 3E1z4wCP1rq3C0so7PiqZy 6SQHBJhkZJHoul8PJ8EHXC 4xrY0MX4t1oWNZIwteMfrh 6BozE82bHOeB5ByPVg4z7q 0W8bPVTaBI4nVzvXhoeyEV 456tBVLdBeJge1EHXYg7rI 5VnaOLeK1lKfULuNwet8ck 4pOow2PU1dAiTEcCl4P1NP 344yooLkCySLeDAluyw3aN 5DiuocrQv2ygQN7pEMSuJS 4G02O6Qd846OFww8HHQamh 2GzUm7Ps1WbaiMiSY7CY0S 4hHhiWTPEsjsFxqcmekib7 3mvSA54dUqONXRvP558s0h 7IKjVU6N4gATDekKY6itMO 2JR1WeETsXmFR1kRC2oXXq 1bdXMstfxFWYSkEFTnJMoN 4tq4hBMsXFZpg39SHtakhG 4LpPE52Xg9ItRUWGClixpq 7mO2zFhGVdZdmGS7TMWH08 3kZHu4KuyKIdEA6NLxJEwF 26eHGWRYhBIYNv9L4UlMFQ 4F1ODe06Zg6i276BkNtkGg 0ANnmo8IHCYbcrIjAKB6VY 41BPaKM3OVc8gs3VXbAAu6 0rS0siz25XlNAlUTP7Ks9k 1Xpe4IL6PuSmecwFBAhPCF 2golfTaaeP0vQxcgatBZc8 2fDeKvi7HgJ4cRA0TRo1wH 6GMaQmdpwGolGyuW6ZJ9X9 2EM3z870MwvKASPO23MeUB 6hH5c3iQ0z1RjyOuz4D0c2
7jKewRPoNn2t0a0iUG7dCR 6BSNlueRWNEq8JDxzOy1Qx 4BnrGx9tWNF8aiXl1UhDBa 4RTUntylMrSJinBpU5hFtZ 047fCsbO4NdmwCBn8pcUXl 4Aob2s2J19y7js1XkT2ilH 2T8uJPZyBZfMHvRpnjdwxv 0yoGbvljanBFb1J3qdo5pJ 3gHYXkqKAipDumW3Rp7uoY 5PriaJqKZ8H6WYNkKreAkH 5IafdoRLyaGPeeA6f8ysIe 3I73OUkmZT8FECAACB2s5I 1W8trImGHYIvjguOvcDdlB 6HZ42MWX5X0PyhH41oXlpH 1B0ymvBm70MZR2TnZJUSXZ 3wEvy6msWgfmNM5cWNV4e8 5OYX1FTfUTg3QJcY8KNdzk 6Qc78J3PmthhsWR0MdfMHL 06iMqWThw4w8fTFyccvOwr 106aeY3Gxrr0hSdo6SCU4y 7iXwqlsXd2VBLtzE2rmC9I 5XhPFnvYp8VHEbUqxUyvb0 6PF9c5r8Lp0K2RiodWnAKW 3x9a4uIt2afmm7ov7C1cmv 2LE3RFy2dMAsDuInOTFu2u 4E3VQgEVJAYHIi59O2uM6Y 5gBX4Uep0ydT8AZsPUOKWd 0gLspDQmuA9nsZKNcDGffd 3WRG7Iq6AIJzfZp0rnjjgn 0yzlFPLYnwcqjkTiDtiiWz 7eKSXAOez9e3TvliHeR43k 6IB6zwXYFq68pODKbihFq8 52r9j4Wz7pIV5a0U5dav1P 0liA1W4Fn2AJxBCyBIEbqI 7Ftrwqtw341JATaojjPLxO 7ifpC9hSxBPRouElNusIvI 2IG6lmqJEPBR6QFDRLViDJ 7Jeak96hj0QVstN0aZoXuA 30IfDPZPrjlXXm62CD8Pdh 7aO35V27YDi4hKOL9odSya 5TvqzTEai69CyRDtdmIobz 7rGw6aqFQ3JaPFxfFOHwRe 2xnNTjSo1MHCFeFevc1fFX 5FiBS3Wi7B1y6ee4qQaGIf 63xyOa6S2aJwzGcQBjwz8b 4r9iUvR76uqO95cgZV0MKl 1qu37JYD4WGTsG2FGtqA7R 2Q0TOWSty3uLXIW1sR1xQt 3uvALUobqjZvTGAh6737Mb 5J1RoRxTMyeCiS78s38mtj
5b5Av4DHjUh6AejCO4g2z4 0rBMP6VVGRgwnzZCLpijyl 6eaIHH97F6SlDXORnmkdfZ 0PJqGPjegSGZIvQXPOsg0t 3uDrmBpnK8eQNHiv7QOqgJ 1xn51gn21h0LV3pidXtn1d 3BMQxv1nGdQkuXFOHocinf 7jZHUhAmW5oq1cq6s8IxmK 7braix122xVTKzvtjtEFdb 1RKUoGiLEbcXN4GY4spQDx 1iGTfa7ktTIzQywxUnnP3n 2QDFsehUg5Fui2LOVpCw3Q 2UkoavcOeQfsWmgTfYM54k 2DhJRIX8P6T6vcuyta0onh 6X1oGta8m6SyApYfPZcdwB 7JwilxLnrQBe3cFqjdmY9k 1XjRmYrMepuDbbH2OdL4Kp 014S84Cgs1uGmWOIW6V9U9 10Ir1zqGeUDLeaVVLWsOYy 61qtlXqf5Ls7nUQidFiBLH 5P8q7LiOVQJ7lwCl8vtClJ 6RyKq27QKY9L5gL2LZpRRr 63Oo44xAiv2AOHHxUh4mTV 0YHlQK0s2LyhcMnpwZo7Xx 0nZjP607yWbtI605hPgcxE 0QNkVh7nw7KkQSPkjharYW 12EYMn5fJApDHmuEIB1KTN 1oCHMNWzKJdwdwjsPMjXf3 5quA19kFz26TPsVd8RIqMc 36AJyK65cMneINXoqV3mIc 7cMFjxhbXBpOlais7KMF3j 4i45tVuPnhFk9pFRZILZeM 5xrBYartwfqWdmT5XoX3Ws 6BRdWpgnxgH5QCGYdc304A 7cewuOETUlK5LMdgZOURsT 0Ji2XruoSpoBuwtpk4zFct 6nhngj5KIqYV7NDtP6hawZ 5PHqgGkabR2hq0ngrsIwlf 776CuNvnPRYOjN5akTdlt3 3fjv5qxHdGwuCveHlQqRho 3DqZ0iI2dxy112aXUGj3rn 2K0o5MVXwLEBDK7mKl1ZIT 2BcZsIbjO1CvK8yssczzb1 1oiNhIkarpT2DDlRWwaX1R 5FYgwqjjq9kPCMj8yArfTr 5VzoKimLw4QWT4eufWmuLC 1K9z2q5Y09roduDpLWnVrg 2YsiUdqVeY2huxFzoZjGE4 6jy9yJfgCsMHdu2Oz4BGKX 1uARaLO7OvsUn5iZfiaBn1
3aNcfdcBvo4HUYvNpR9aDl 1Bc1YCkgdW1AJ2GchM7g2C 3rwdcyPQ37SSsf1loOpux9 3uDrL5rVyLHMVX1PBSnYBI 5LUQvjQlixLWlBSZHSVLkk 3VztHPAF4NNh2QXdQ5M6XP 4E6D7ZDOloEH57f5mWrUBz 1kn9JsBWIw6qREhDWw0lKb 3qbi5cIZPpVb76GFDpzZpZ 3COkn7YDDlyhC33N3C0mkP 6OMNO7beNq8z8LuogYZRNN 613Rap9BhrSdnibLWel7Zn 0dJoNmfQzjvb8PdrWD1fnU 1BErI30goByAqdpvzdZ5BA 6RFe8Yu7m1tGKXTHlyeirX 5VqgTNsLDhoYMIH1BDSqFN 0CvaOecRnYE1fyErhpXgbK 3izszgfagfAFwjO2lv1OQo 7fdoXy1jI8JbeyVLQnT0DO 1Li9HBLXG2LJSeD4fEhtcd 5ARyVQuqRekcG3H86boNYS 0uPkCpuoERqrkBL06Art50 5dzJxJePM8FP5d0yy5o1ei 7tK4x8eg5iya0ujE2xJtlX 58mlUNuJ9MhnsJobsLrj5y 08HPWLi0YmRUStJzkQ1ffh 1c5dAYp1Ulo1Y9NFGEL7mM 4RkI4CG4UsoqwTHvzNX9ej 0DIfxlR2rcc3S4RB7P4S7p 2zYzyRzz6pRmhPzyfMEC8s 4kAbzNV3JwLxFMBv6tMdrf 57QSyj5zCax7vmsbALbRpl 0sxp4yZpQ5224cw6BlJgU1 6h5KQYiYXTd7QgS05PEbG7 5miSR58RxO331w6niqtlTC 4tdxClMx9TUKziIxDUA1PQ 5SLHRzDn2mDiVxBbx9uYqq 2iEkQcLF4Mjm91hTS3XW86 35IZMcAUjmh2VzGd4wZczC 2ImuQo1g14CTR9hZAZD3aQ 6bQxRcBQh7PzCyNOK8WM0z 1880DQet1lqWB25xzGkcnM 4CO8a3ZaA35qIETGz8YJde 2ZIBtvdLJjC0KJYkuZTasv 4jpSXs6vu1TSrf0Pc85Nof 3iVcZ5G6tvkXZkZKlMpIUs 6i1bCItaiAoEmh96eZwh7f 5S6XqiyVSF0OU96LOw9UXP 1P6svQDhUygGzdYDsQKBOb 0okTjUKi1izegqbUqrrYPk
47YOL48CyXY1OLPy4ikyB8 0YYVkrgOjdLNQxrSJoO6Kn 4QLExlJcslaOyNPC40aKYK 1INWP6RkBkJJjqanYPTmaO 43bfrbREZe6PUszN8risrn 3e4GljOEhMUA7Yc79YecD5 6LCsZ8ARrIq0n9nr6gM2ru 423DKfv8ITINTmXon5EbsT 3AlvSrEFGmbhkIrhs5kzjf 16QA5wahciuO2K4ButqiPh 09WgS68Uelsfhj2NS9ccHT 6JKvOZ7YmjIb4ndQ5rqINh 7B1WdUxzkqtJNKCXMVgsNP 3btgbWXOZEDoTlHtpun0It 2BfFW4C5SIgbp33539WAah 5YwhqHBJStMbGdlm334WiZ 1ZkojIdQSnLsM5Vb9KlO2t 3HEv9gY3n9Fj2H5E2IoOKF 1t6OY3HpYezq2pkF8gNONW 7wnwueAQ2Srl5rUaLUvG1L 4DOXnAbcWmx5GHwKKJKwuk 7EELk1rIr3KA7ZtYFGHuCf 2s8y8BLvibdo0EDd085lmL 3sfEmuMx0Phhq76m5cEV9A 22fp2v8cOMgIRoqd3dv5E5 4QizA3hr9sGKPlhcY4E6D0 7H5HLpIYq9JLXBvaO6NkKz 3jPVvihLNDoDJqaK4thIIX 0uAPaQlQFqpx5co0hPR10Y 56JD22JYv6za96B945iA4o 6ybViy2qrO9sIi41EgRJgx 4NmDPTcYUxWloxtFV3ZWtZ 26Pezt3F2ByPpeoEouTp4s 5bfBq1CQh6woSglsdb1U0w 2SAu8suNF0JPxbJ9HcUOCu 2EoOZnxNgtmZaD8uUmz2nD 1KrlBXJfFeUTLdGBK9Rq1V 78IHMRPAswn5wdjzuwmf0w 4AaPnfXTa1CaEJR79pnjDz 2yTimHPZ78i9mBtcF5sUg9 7dB2W6Rk8pUXXraKIgHNfl 0Zm7NKJgoKY6ZWwtoEUILK 71pWQKzjXzhkBXaVkfnaYD 5D1zESPcPRF57RdihHjA1m 3L8SvgfqK9Xb26rV4kq5Xt 45MujQ3zlvxbA5BE1sgq3o 6lnrEop1WTZAuS5P92Yg4s 1d150ahPbFUS7Cbe5hcJdn 2rd9ETlulTbz6BYZcdvIE1 2WL6GQzPuK9Nrpy9XwNEbz
6PYkGO7S3RAJ8adj0M6Jp4 2ybWTvMQLzucFYmG5VDdzT 0QHgoeTQNQmyA1bNoUhZD3 4rQjwsiTdiZAUgBOXGjh4R 54FAYoGATQPUBbxCIclHkG 3E3i9HPozXn5JS0yw6AJJR 5e08a8D8T3z4LDXbUIjxKQ 1M9DuYYyYNuAxpHQQzRh5R 3TKSsfL038iwxiVcckl2UV 62wVtzt4cAOS7mevkXlKfA 1ekf0jvjVsrk3fGBqfP6JW 4zLb2WU5afoQPqLO9lNa0M 0QuB1hYTJGA6PmFrvZBGQN 4Kpr4la1u27V5hmqtmrhsl 5DzLAyseBGzFtGYTasQ0DP 5ps5dkx2ifvBSnA8RP5qTS 1ETXzzfVZL1EfV9D5nX86X 7KJxKJ2NmllJUBCFZuDJh9 7zLXN21DLwN8Sbq0CwvxpH 29HemHbSIVerWQQ1YNVzXU 4xz7WX28IkmcaHv06lCezR 73WkrsHO22ef3kVUdfjFuO 0kQDzyJsAmak2PGzUsSRxr 6GGNvvTFhTjYmM72KWrz1E 5aVZ3nqXN5s0sJIHsiqF6F 0RTBtv5xLDVU4al3zf2dmC 4o1gg81hejHuJT6pG7b6Pr 30aYuX2BtX2WhNYcVwkq6G 2RJoZkM9ZCbDdGLKnWNyqz 5mb8d1F1YpajcnnoHhQFNh 0tOm7lq18GH9mp8Jel0Mtq 5BmxOaJAXSXvaArfj75oO1 6Xg6SYLrR6WmdkaOCwJ9h5 415CjVmgF2mBwFkDkHXBzS 2NByKAfVEnLCAooKrJhv5D 5VH29X65xVLfH2TwD9EcxO 4M83WIzH5cqPFqjnYwcji9 4Tq3QocH9Okvn4wDgTlkR5 3ACQOpESxwL656568ebakJ 41AtPa0RB4WZxbMag1S5Ym 0FpBO0Pyoh4MZVmNO3zwnc 7Jpclr7tZ6aQXjoKzWXUJV 1Ul5tjUFE0gPOVbZuKgsgg 6pmSpiiI0qVBBeFXX2uuE1 3AchVMlCSZhA3hMKkG7Kpe 0w8ECuZLCUP3a9O9LpYUbo 37vEa9sfgAqEZuqX8AX0Zk 0RbUWVzxHcyhylv03A3lTY 752RUx4wBJWnjYwYV1vSrA 7unF2ARDGldwWxZWCmlwDM
2ehpqrkzo7QWqm4Wv5oq5x 1wrZPGnBu8ZcPrgo8aB4tu 77dvJ1W6YyXVlVPbhfNbK1 552BIJ9kKwwqiGf4YojYbL 2ioYTBWUsmd4IvPaTBMr77 6tYKY8nLOd1JOqjSEXrh4h 3lW5Ck2tvHZPQwOWEF0GF8 3qiyyUfYe7CRYLucrPmulD 36t0YjUdQmxBklJqfABjAM 1e0CWZPxsLLc69NGr99DSQ 6kR5nb0wgrY7JcCtl3kDfP 3dpGY4O0xgRc3VqBY1hz6U 53eXuFhGDrJTy8nBv7NJqp 1m5nefDXVtNad7HyYMkG0U 6OHWgUuDDedHRVhcg8vlaf 6A1c6swDrS9hiAIJVzzf2R 1OMuJdLcgsCw0JFr86EkRr 0BwKtVKcNBiVYimsmAb40V 6tQB6ItTaM9Bmhfy4tYYYt 1tI2Ap2TuKWBVGioWsgzff 7ldi17RK0k2dKX7sXrKibt 4orMsymF399H3xKBc0AIhx 2c7ot2zM6wCLjRj52RbKX3 2c2F6Yn7CAqmXJJ5C4Fngb 09tpUc2aKL43haVl13dwGv 3g0xydJ8cLWflPuBMBpGZ0 4VQ9Rf4HaZbdr0wT3HGYn2 79o8RcpgUQUHSIPTwF4Wcn 5vWqMMqif5Vm1e1TK8NgbY 6n8BdSuGyADd9sZjwsfpzh 6X1R2IbOQzS4sLbqgDjeH6 3c3oFPCrxRyrMWGns7JAyK 5B0kgjHULYJhAQkK5XsMoC 0EeIHPKAhN6xL4rKM6zahU 6ElzrQTgjRcjEYBEqovz7q 5ceyM8xkEYprDhQbPBTois 09Xd7nMOIl7XR1RcpXt3H6 4sqHwje8IBGzQ6AqRWMyeW 7LJrtz3AXHb1G1BM1YevO5 2DlvKppEFIYKq7h458iMlm 3c0k5YtzZVVXRx9cjBuDOZ 7JOizhmt3HlBgQyJEa0AgK 5yRfWXT0YGyUXlzWKaTaQS 69jvqOPIYRwyhDZtd8ANUM 6ZtI9SQLRvi7tKqNAlvuah 3rMQz6lBPQK3gsSgPJvav6 4GUfJlfXJYLz49sNbtQLYX 7eWGnKg4B44sbBPpQp4y2c 7taDDUJJOE76K9N3taqEaJ 6HPZo9krwjbhMGKbqVkkDQ
2pbxUf0sdDvQmKpYZCbRXL 4VtdtlVTvEUEKnDaickk5S 4vxbDFaRVmLis5mFiMp5nO 5uhQzGSawMdXfgWVajk6l2 4az4jKMhYkAtBWI7TjKgOh 794JoJJcwSIJ2XeLYsvltU 7Cg3F9ZsZ2TYUnlza49NYh 6sDWFd8ZK0aniZrs2mhdhF 152A0Be8YVALPKVRDvnNnR 05PprgbFr2yKxOdsw9cWBQ 3MVkxK6dG4sd7fmFfg4wkX 0xMb4W2SZeHpzzyxz9rID2 3trDBuA3cwbgKrLVXqK7xg 5Anh8jULgeUgciLHCR25Mk 2NCeLPkYWfWRQjpVxllMst 6ON4u1vBcTChLOBTe4qHeK 4MFs2skk7Il9H2ZdjzPsB9 2waH1byqAjnDycnw1mpSPy 3FhykKcpwCz4vp5INY0IK5 21JRqTnNDTiMxzTCvzcfc3 01bzDLMaQ6Vp6an682aYkl 6qGBn2xwO8KF9Ts0CQIIZ7 6EGfgNUSxVINKcmpbyssUE 0k1l243shjamayJ5s8EtTy 0ojxwv33Ev1j7zgmGwNWVB 5ohkXxYnnTXFS0EA16NUiH 0tuPFun8ulk66MBcHi1eq6 2w7R3CQgvl8PIKJlwtT9Mv 3EG65y2LtxWjfydabHdItb 00U3Wwt5wUQimPCehQyKwc 0pvVGHzaM2at1GnQwkRiAu 4rGAXhyCT8eqhsSIHbK4vg 0V2VCTEq0ZqTOfMA44WK3Z 2IYu6W64xP6KQgWZK5XW3q 1jEYuysKiIKu6ur1ZvBI7h 3Fn6mFWM3EyED3h0wEEpoW 6mMAYic4OvKfz8Raf83LIj 4g3Ax56IslQkI6XVfYKVc5 4DymOqXhwreygLSIxKKqZd 2JbM0ARkSwgbjqaeE8EuRy 59kMIeaoC2tJcVqMmrUt0x 4qDn3OF0nBQeRkxHtpo6NY 6TAW00MAPvS59yEoIgtOEI 5PfspUAi01qWEHIghP3DQr 5RNALwTBXcWvRek9SFDsWM 4RCNXkVMwD9pbpXcr3BZUv 1zJBs1tPQAc0IJ5aSHVnjX 2xsTPjOwjtLWDoDKHpHWa5 1h2LHhmyAXi8tPNLi806JA 0W5akMSBvD4XC6bB6pPNdR
5LAoM2c4G3nbGllJYhblv2 5WsDRf1ldzeP97rs7lhSDi 7xaD4PjZjNU5C1WiyPW1Sq 2TrBUx5NKNRD3haOx9vgcO 4Vaj9RIpXOgelHg3noZbd5 2ZeTpxUpIHDdrRZdD8Vlh9 0zScLh0yufjmMy0pAm97uE 1bRRC7CSYn4dCyS9KXJBcm 4DYOsWvBW9qfLOr3min1vj 51VAe9ZwidLP0JDaL5p0cp 27jBOaZLRxRiHI87YSKsDl 7B9IjQ9u9hzHOfmTQUzkCt 2T5mlgEJyFxWWyZKbiqDhy 1JFx9R87En9oJOi4DRH1e9 01lpL7ZN4x3znSlYCGFV89 2vyKXGu545erJykTkAGbqz 659n3ILVIMmDNUDpUd5fYg 0414kQVAXmra2GICOPbgD1 1jHMYgRNzslzZqHEeiQdSc 4dQmO0TSFuCdmsdkFtZigJ 2I2WMvwqORlsBzsBKBMLjk 6D3t0YRn1JoGogsuJEzRwZ 35U312XkyaOTEbaftUt1K6 1ByPk3QFvYEJj4QPaEpiQb 5m578MgxuEC956dulprCe8 5NORWMFC27ywGSZxi8uquP 3x1yoprAJ4VzUi4I5K9lxT 23zykvOc3kJKObhUMC64EV 6XjjJdyY0zS25nsqzXeMAl 1fVwQoNgo5Q2RUSsEL5r9F 1eFFdoNOdiY5uG4ThxtBgp 5luclSaYBcRVyjreb6gn5T 7CZw2rVzohzT2KIoN98zwG 4WDazmiEd5PyY3taS11VfD 5GlZ1faPeewKiPFJijVjVK 0bDfLxChLFDzjTQhbZMkNR 6JqWurpIaEJWX85joN8ELe 13GUKwMqBewzsAuPoADTpx 4D1eVq5AUILwjg3tAe7o6M 5JPdha4EBy3WCeLM15kR06 749mPYdePHdjsfucRBz1Ow 18136m5lBqX0WlPBmMCq2c 5mcJtIuR2am59pzldtPdCT 7ipioDTtamvmdNHwQDsOKc 3oNAQrCIjNBk6yEcJKSeaQ 4K0m6DiTEFErh4fV6GQOTg 42I1UUpmimQNXGsOeyBLWm 1Ett9cd08ObohIatna2Ckr 0smPAXa5xUkYd7ijj44iDk 7DLwns5Txh7MEgbr4n4B91
3exy4pbWqYnwiuv4FVC2uo 3K7Rf9BuCzstKDJqdXVyOi 2bbL3bWoQKhNn5MDpXutTc 24MXVlAbvjmnwXlM5n8xvH 0TCzGS7oZqxeqy7wcWpbNa 0ReOtqejUfzIZlJpQwI41r 7rwHGALsASyBmQ7JnelHJK 0Ip2pWYQmo8NUxKql20QPk 1SS2ByUiCLAqfumWNClWKA 5ev47QYsBU46zhjnHC3Jmh 4u16oF1aMlrDCnpb4JIrJ1 3Ybp2oGEbdToSuFQtABbyE 2FDznZQmfzkO9Wp2U4UM9e 40kL0rQpgAULbZPHlO4qnS 3cKMtOvz1k5Nh7bulSC15g 727yLWaBsSGNAHoTKFRFai 6keqOTejo6tu2jd4P4BpSa 3YXIVMQLRRq2K7kxC7UYx6 3w5E1LZBlzL1vKiLq9Yc8s 5ltz1ISryHMxc2renU8D1l 0lOzGDHcPlUB1ZvXMWQ0Oh 6bUoSwNg588G0sHREx3rvi 6qvtiA4wQQliK6K7oRdovk 5olJavTGxSR3797o17s8Ga 2BN88RcyDLxliDsOcYoiUv 0zXjUo1w3t9MNT6RKYmNHv 6QelefKwVqtaDnBz68CRPR 0LH8BFgiTBJkGjMutwoA9g 5DxHEJ8Ta0IjMZMcMEYCrt 4uo5ebUatSAzY28ukoxZy1 0jPZdGYk0pkvp3qE4KAw9V 0GgqT6vddctJ35c3J3K0bB 1V9zaH4WcikpQhltHDVDpB 4tOUKgATJ96i2wsnuJqreg 186UsZ2lMmYMwDA9UzQEfA 1ciQU7ZQGHq129m3njp9en 0MhLKU5mqLEPChjxOCrQCC 551qy5vUgrUfEUc4dCNfht 4oPNN7syJYSjzDhRerF966 1X1lkfgvKeGmH6pwla9jWO 4TM1JVjqe3ptDs0mpWWJ9R 4FmCUATNIarCQh72JYdvnm 7xUEsVEwSSXhjgBgZG57Tl 1sjV7JkBia7Ia2drnlAXVl 0KMxGLlQIDrUA9eiMryYXw 0HV1qGw1RtrnWFYa86N2A2 58EdNDi8DSTH2VkbGsqg93 6gXIyrivqGHyNBLImFKVcE 4tIQ0UIdK3XS5VCxbfW0pV 7htKunqjnKZEJG8zozqcPS
22vPyvsF3j3uCWT8t7zlxj 1h4bq2MqFYoAu9XVXwZbKD 0gAzbmv09r6JwHUKWl1xkz 7tzhzmmTUG8h0hJhpo4wGU 3qW4aAMcwXPzIdcC3lJ6l7 5UJfz2lKOgMyoLF6iY6h6E 202LtUe23Y9vDZ1QwrYRnV 46LFQQGf0KavPAaepNN8sB 2WSTSLildq9gO9mK6sNTgp 1mXMyPpKcMz8QB6gIwHbBz 36xxq7VDZZsGwARsn6Clo7 7CPKncl6W9xqEJiH7pAaPR 0Tvhs8kjEC571cj1uSkokL 3eMfftdPSD4PI1cux5w97b 6BfGVU213AQzBv39g2IzOU 3ic90JiPOhpFEL5Yhb7g5q 0XMNhpDgPl1I0A1EdaBiOG 13HYthybjhM3iyWcfl8VcN 6Pr8fOfppj8C6qpkAYDDzE 3YZCgdWOQcsPYLQ1pGxAfd 4j1kUaXSAf9tCPvd3FHt6M 1MAm4ag10SAkMlfDfaAzk4 1WNOscEdUrRvDwHotfeAW5 1y6fehdDIh9is3U29SwJuu 3LmrSjSf6hfWFUZ76cIhac 2TlxTGBo5vwTn7QPcMLucU 4xdx2B81xoPeBxjRdTHOqH 4Xv1uPcCBF6vnh6cIEGJcR 1rIPNuXlthhSUphhva5d5y 6IqZjE47QEOPjznA2jEsMU 6oOTjdj65MoXbICTm3chil 5ToEKCGYeJO4YqkAXFTyOO 2JlQOgJZdvQ5YJrVxY13wQ 5yRXpX0Wk6bhsqyHQVzxIl 7oxXlTpmfuWEyaESin1cKJ 4i2eK85VvUgqmRGSKg8xt1 3yggpwhBqF72FNAi5uXoAP 45bfH0GZvUyujIBiKRhXso 0NVJCEeec2CJnCsZH9VdvU 1e7f77IHwpfNokyN7gXBwz 2NeHnSFnwNp1Z5WYgcjJ8L 3dkbzD8iatFYBgipcgtNwd 0I6rPjtBatbnqWzqvQhvp4 7q8xVdmpBJHNOA6pZq1Hhw 6MAVE2fX0xRTjZtcPhx3xL 6GRos6Klc30XItsQtGUcak 5LpQBcRooC7Ig5SomUO7Qf 49oGqt1kYokHzQhbRbSMEn 63r1NeEzlmJk9a3m3U7gbG 7EGLAn1dfXi4HQcmblmf3m
6LeJwAkKs5RW0yKuBmGqVP 54CAG8n70kKVbFV6l1zF4G 0gkGGcrOv8UXhIjrpydCqN 6Vijx1g2AZdmbfkBspqKxx 7yrFzNnTlZ9IgyWLNW3uv3 74r8bizEi24z5JLyPb5c6o 0wEHe3JWq63e6ji4JImTp4 06oJUr66Kbk94dExyL0rwN 4ilw9JlNv3AbACXEL0EvCt 4Mn6bko0qE6ZDejGT9BJJI 5QxhijxMIXgFm3xa5KxOml 7ulQrstE43WbDkhJJfKIiU 5vdwM9imM15OBwcYE0Id9G 7tOXvoRd2Lb4NpsLcHaPdL 7KxXL4m4cqM5gGrKAtvAns 2lwi35A2ym3FAmSlvOGnQp 3gVhsZtseYtY1fMuyYq06F 6V5aJTWbHRs7clhcQ4em0f 33gBFOHm259JrxJ7SGnAsK 2vRbn7ZmxrkEO2SBfxJe3V 4Hq1q82uvzNxUYmgBOxPco 3iwhjA48MUfzGuN9KetPgH 74VcwDwz7KdEPGFqAit8GA 0hmMFPDBa7DRObiju7G3LK 4D1FGMNpPu1Kh90BSW5d57 6HZF8B7Nk4vkF2sJnuKkMe 0Zuw3doXy3H4HCfyb9cMK3 0BALcq0CFzQeWZ1hStZDsF 1KBddz4B293HkDtfFnRbJQ 2sE4v6wKdBfRkggj7ypBtS 2xdstbWVKz1Q2XGiNLebuu 5CTZ9oNg7MOUcfw0NZevDj 3fzPJ9JfWPRNjBu5S1Pswg 1xdCQFeMTIb5WxbybDC4LL 0ky5BaGgJJnYATgz2KAc1q 79Wa90vX9suLrHitFysgZc 0ukyc3KJiRiuyWZh7W4Efl 31gZPGpC1h7ewSVtVv911l 7IJP1vVnqU5mV2hYUbZrlX 6HlE9t71z9DjGi7KqSyEpA 2fQ3vvPtlxjjER8tw9kLSl 3dFDfBcrwoygv4lvKnHIXF 1ts0HwFvml1XIJQRlHhPi2 3iLyAY6mucjT2lxrtincYz 27yDNXs19vFZCiJzdRxSbC 6w3bIc0BxTPGNHqyH4KNiY 4LIIWJjlXMftVKMQWUrxKO 24NcYbEauj5ZYpq6Rp13q1 01h01yIbKcBFZku9le6VNM 7bkeeFZElRTRTj5uuvE683
2XDJbvqQ5lchG9FetMog4l 4iAYo83eWlktjw97oebIal 6rUC5CgxTzgxzymwXtcmLC 6EPRKhUOdiFSQwGBRBbvsZ 6uFXA44CcLLWbNY5kYSOK6 3ioUnrNVaSJEgUwwYFTHZD 0sswUHqbvzidhpKPf6kPk6 7mMlbJlXXo2mRtQ4R9sIzD 2iGZlVQzrSSqfQjUebJ0Qf 167USRtGXTBWIUX48Bho1p 2IAfzZVsnobfz3JzwXWqWs 6zNRZnb5qsQeZqslRAMcCa 6OPKVuPlc5Wmd02iAwXRoD 2nxcmHL2wbgATjvjPt5d22 60G1VbFbRdK51FocYAtnk3 3YJIq3N5IQy1hhkmUnt2NM 0SLzZd7kvVL5exjHiccmJy 0pv3pTQsX1igJdJ6Sf3rHC 7j0mYmpvudz3dXswIEseGU 47M2ISTwKQrUMfowH0L00q 2AqjRMJWpaqpXtiT7yq4fH 2fk0DJmiWOYPOCErsYREF1 4x0WzGuKSqZkDKi0N69CLd 0TDtMP5XtnFRIQdtlZwWFf 2EgKTpUzOCk6io2J9tM06q 3XJc8HnHFOInQYtIhJy6x9 0Xyl6iHhzSjnG3gmuOhD4p 6JtGjEpWnfY8S9OJ1ahoMz 7yMnml7zdYl5LlDFZPm5Hd 3smFCOVw6Td2MnECcsDZwd 0YiZestcD88NnXsmkamuZG 6q5hxNnt179kotcroJxNQB 3r4JGqyBhcIpOKRQLYjD5C 1kIE2b8tF8OoA3860rh3OC 4SApJYSquIU1C2Qh0dnVgT 5Z0HDixFz1mtvPOXLtCKU9 7G8cRyJADLdp6xCQSf58WW 7dIxSCWRKv3FXM04FD5ELw 3Ikvh6asZpJbP03pyLuBP6 3sk4Bi20KEGP87ZA2O1HFP 5fRRL2WfJURiJvQTMyRwBD 0sPPdRHpEoFZLuBTgXkh4K 3fYeBiIY20Q7TXaV25WmvZ 3ovHKnJgzdgyH9MTL0kdjJ 3H1L1Rnofcx9ecitcrRaNN 3e4vh8ONH5azw7wEkPHOua 24rjq4OetBiO7iDeDMQiW3 6NpwgYdHNNpq81GnpJNx3Y 1b6gPGGo7sNwRzOclk8j4e 5zsgyaahJyDW91qyvzSG3Y
3iz7rpo4FGpheuqtWGPisY 0JCiOM0EUOUMJBcpT9EVFt 6RgMpjc2jIoCAAtAykmTgE 7lgCStQgORdOUUKZOgasFg 3jsnHEeBTL7DpZeTnZIwKe 6NhD6Y1yViQ1Aq7ioSsr4s 5t3BxrgVBkTng9c8nDPqVW 1LazfwtqXxwEJOE43d552w 58FsmlVRQxpjFmXF8vSKMT 6x9KyUrAAAiOe0RWTKtZxr 3zbWu0mY4d8QyTkPkz9Gvi 5x6tKh1gSkCiS8Oq2KMMxS 3zLQtoEeXA6Lr1sNrbyYbs 0LSTnUDlhMZMTBNUojhLJn 10wVMrjddOESZe5qZ6ZYxM 3nPuXX959TCNQdfWC72kV1 4iw6O4lY6jHb1x1tO3Guom 07qj9w93jk1eA2TGAd6kxj 3vY8CCCq8Z46hnRjEPHqV5 4FzAO5QBlcjPNaXYcPf7mc 6EvgWSbWmQelxrQBmhEdXh 3etL4fmTWHeZsoCgNRH2Dy 3VWO70giwz9SOJKUxXzbFj 10kw4tPQzcpKuS0nf6GDU6 6vVftwBiIaM9xDVZhSwTCJ 404ZHM6Q3hkzAJ7Tfm6udy 1qXjtHhp9F5N8vEDO1taRp 5bpVp1r0aV7KC66Iz25EbP 7HQq0W2jr0XpA9veYbBK3x 2Mpbsii3l9IhbojrtYJLPL 2dOrV3P0mMjm8n5swk0JIf 70ZzoHdEtCtokTLhxgN99X 3oLZBUbGMyI3LQg6uuFgwN 2KVoQZmqjhtRdA1iXwTLAm 29jTqWPIPenzOJSRy72JSf 15tDJaNstmp6FYA7VEG4qP 4ydrAAm26b8TxnzCQdC4hM 3L9Fb9TWuSUzIyGiGk2r82 4TyaplNAFfEL56DmxEpyGs 3uzhWZ556RCf4OT4aEFxAw 60o9ABhzaY2myaZyW8PaAy 52dDbrl1czo7eL5M5v7QMx 0wPfUQUkWcguy2iUH0BWOT 2FqJYBr4L4boPdzawhXpLb 2eAcnjEGksjsAJSP0DiWJ9 6uBiuvgYqWdE8IN9EaU86P 1LYuXxdooUiWRNMPEPleqX 2w4HP8SAkaEzdcUYaegemq 4Na0siMtWOW9pJoWJ1Ponv 796nzW5Cfv4Nj4nwICwcFo
09PnZqSJcxRh71NBZMLftN Janet+Jackson 1O73n53LZxJNLeGdhwChtt 2S2W1Uhfp3AlKjudEtRViE 74OFg2VsZxCdhYiOmT7vWb 1Pdc0XgDqdTw3XeoK2VDhn 0lzwDifroCQR3cnns9CRSb 4l3A9HXlZTV9PfWKu8gQIB 7jrMFjEq0t09f7m3HnnWXl 41jDoAUEpWBAdsnScEBvcf 5PlShq06s2kmzKQT1HBsHK 4Tla2jt77nO70DgGwFejbK 5AtH6Ldz1Y4TWINkNeB3dO 1a9qF8g8cctPiaLfJzxVK7 5iRbiYBoxuohJm4vAgqaAB 4w5m4X0OZ2IslxNOgtntTN 6Rr2qEyY1bkQKI5tsl4f3y 13PUJCvdTSCT1dn70tlGdm 3Nv6UdATOwbcZr1vBJyOgf 1DqTNIgasdUuTVBfHuEZds 5SZ6zX4rOrEQferfFC2MfP 59fpoQ1B37kp0PCyXVwMTd 5dMsfZuauhEipfCG0CxIXW 2NIHNXd2JH1ZnGUXXZhfYh 5wezqZ6Nnyyx2cnzsfHKeJ 2Vt5yfzBBsYwy8z525XbMr 01LpO9ZsuccTB36KFsyrf3 5JCNhZgSvIRllbYB18vWOh 4tnbcPfOSZq5VAU67XxIdN 16ZJ1VwxhKZfumIawqptvk 6hsjfyeBzOghY9Ty0sq0lY 4Ojd1szqBOErHGtzDqpzWT 426UR333U10FE4OcY6KlRV 2U3LJfQB0ALLxC7Yy0QW7l 1RgJy1wT9aijmYyz5tM6ui 6ia9lRXYhsj1YCOTS8usQw 4EN8bvbrouNrylrTucVkdb 70pRHuPPw4C4sWi5se4ATN 4wwVJHUJZ7pt2eth4vAZzf 17T4J3U2cRHThkPstLXAg3 6Dm9Xl2te2V8Olh1tLqS0T 1DseGFk6KENfkajCvVSJRM 4NjlSgEvJeflNHGlGicPOo 7gGyCiJ8ddyfUbrdGUIgjN 4O0mx4PmK5U724SmtJJ4sq 0VJYAiu5uZzOCBPSqDrjJq 0s8PWx1UDn9f10uF3zDRoG 6URkDnDjdZjfu9ttQolxDd 1iBBH74t53Ew8m3olmbQDh 5lPZXymtd1Eof93R02NzyU
550safz17tN25xhLNkWFYv 468ooECb1oRgt4gGfLeAoH 3vdfXbnOa3rhDd0Quq4p4y 35SJ2G6MMI8R786P69qd2L 40LdkY3tDfhOooaQ8bRgVI 5TsLsLTg3kTuv2RMRL3vaB 1LYc2HKy1te9fWhR71vGWa 3oGL7qdd5bCUQNdFnbPm5J 03tn233BDFBxxhVFEWztY9 51BkUYUUCjHmQ0l1gRVT59 60tAlKQU3IkWOQ3QaTMYnj 4aubF4pU26Zsl0ZOYuQ2Ac 2nnTaHNslLpz6vYhjejSl8 1FMTcNv3n13nkbA3q2eMZp 577TxxoJTaW1BxH6EUDlTS 46W9myny3qIz4u6AMOBNYL 3rYEb5UUq62NHFcuGDORro 5ZXKJdvW8Vy9hIlFKOgaLm 5GOBnQfjm4igfr6t7WQmZP 7B7D4GjK8fx4XeNZRU9rDt 2H5WXYUoTBx5BQx69hjHsv 77Swo1w524HLsRpmi3w94a 3xKsf9qdS1CyvXSMEid6g8 2ywFTaCXKedBFlYA0XcHJM 5fdNHVZHbWB1AaXk4RBGVD 15NzzBNIRrKrW0wBhHgBNv 03vyVgxJFjgYSdAIjs7fbs 78OedvAB8nej5zKM767GPi 3rkJH9BaiCWpRY718WTkBP 7wXgEzMPMpxp0pUU4QuOqn 4N461AScY7dekUjtoEc6sc 5HxaMB8Kqx17p81RXkeTCR 1EuFr1JA70TaEzlaSM4ulc 4DRFP1Bz7cgYk1cTUIxfUt 41i9kbOtRtNbEE4KuaGC7b 7yCgvtD2Exaq4SJkLQ7LTK 4zLrEvGzkTRIJ2ptInmNmd 3n6nSOTlgD1gUGy9hPgZr6 77EtcGvVbsnnDUxTQpKrxl 641aniakBM2Ykwo8voVD26 1KYVZFXtgUgh26dQT0Iunb 0b7yxJO3SWbh03vZ8CWTcw 0AtVA7axXKVFnjQsN4xBIy 5P5cGNzqh6A353N3ShDK6Y 7nVxHQhhtWwQMOK8lxy6Kg 3OGSGJCdO1nbOrByhEuDus 3YXBc1J97KsBrkmJRALKMl 3s5lo6lqa39kM9A5AFsVpR 32wtNYyn2QaLUL2vZAPaTO 0bC0IHtRUfM82mozT9cjCh
02A5eyWbOi3bPL6BhW61K6 0GjmbMS3AmxRaWYPX2Pcu1 1ZNVczQsUBA64aWhvWqaap 3ewIu3AibUiSiDNS0Ta8Lm 2nZp1hGaNZd92cpk9W1bny 2SnLGMBjF0yiJoo5HIxUIs 2TzkIzgzIHhewMxyh1u4hh 5oRv24506gIGTlbJzu0LrV 2HILD80vTUKlh33SuP6ZZd 5zzRy1XkcUwFZp6RSiUK9Y 78IHOaLwO8HZp7iCotbchY 1qolXijooNmOF6qs5Jz7Aq 5lLArVpMg2z8l3qggp7zmD 5iUQMwxUPdJBFeGkePtM66 2OzFAFwpDGK9DCnEiBBJBB 1ibRqifchaAfeNdQGpbRVW 57jKFBo8LYe2Z3p4eEqStH 15hS29H39HFDz74qkzIdEC 0C9vO7rcxpWPZaC1ZmmW75 4jYeb4fzEcCz7q1ZvL9xHN 5q0UhS4ozKwIjTBHwouhV7 3kcoCE5AMaEj6ca5vNWQqj 1pJsmr01tzKnFfjeCvzcdc 2N3U8uTYhjX2KwGT0pf5x0 25z7NYgTEt6MiA5qExNSH2 13umal26t5t7xBenyHrHQO 4pbqGRrB0dQb3RDs9KJMLz 1qPwH2epFuIsRtHl2ZlUru 0VUAga9VcxOSbLKbw27rOo 2KirxdpyaTzzgVEcnq1u1i 4gx9edHLyQtb69ibMUyTxJ 0HghBCFG6S68Yr5Kf8K3sg 7kYgNoLfy4O6cL2M1B1tnJ 0Xd3LUIjRESt5rSAGzvAvA 1EaKU4dMbesXXd3BrLCtYG 1JiitoFTnRpJI42dMZiDJK 53cvnLRalWWOb42dcHL0yZ 68dSvPdwsCEGoKj72QDEXQ 2pu58Ze8wqgZDq1eQs3P8c 6pYe7BTURvwP3rJZOryA4d 1hQwAq0jSg7rph6vWJ6BX6 1uL4Nj0JRsIt0EibpO4Zx1 5Zpz5P2xyLwULnB8ZHyH4w 1wTopxO5eQBpxrBXPSbsUn 2NK3cMGN7NeWnagSihz8R9 4McWloMJ0F9ODgqieCH4mM 3og6H9EY7uK39wRHdnmZ8h 1mg3K0l3BqRF6kfmfyF9mv 4RPpfem8cs06UHa3FtjY3L 0gCfuwnY7o5ypDTqCAt0Ab
7AB30CnuYPRsmbyNNfkhpc 1bdNLA4ELfbNspb7uGCGQL 3R0FjkmqquXoE3OWLlkxVK 2Y44Ar0p3f2PPAFasWoLrH 4rxaLtZzRVUg4B2Xq6R3DK 5UfzpsXxrkACnHjjGU51qF 6AIccJIWHGK26xi34FAkwl 3TwfTadsMCW7YYNTTcX5t1 4GejntYzJKtNL0wIrAyjiO 4w1lzcaoZ1IC2K5TwjalRP 1qRJWYZlXrycHQs3KkfCgu 3AqQyySbhAeCHoa9qazlcu 1wLb01J8yE6WXZtqFsJr7t 1zUhql1LTReywv6tAz5YqD 7H0OGMGItt55qlc8wojmfp 7Mgb3AgWAzOktzqNXBPl0m 33lmeR0bEvmZHXJ65XGczE 1Wuy2WhMf7EyDfToHhLbdz 7BWwq8rX3GpCfV0tacAIke 6KVyd6WJOcjvr0HVKWfHa6 2VcmojStR3aatb2VVs2gEB 4zSFxk4aSyoY203a9eVW8c 44AuOY4vvBxgq96syMMtoO 600zTqbJ5508aCS2rBu4qA 20XdEFyaUR9C7aDIdq2OAd 3dhPpCQvw3kn7so6mkTbJ3 2mNqTAkqO6UYLX9ntSGmJv 5c0JD9dSVpjgWbkSxPpS7Y 31RxSGS6KMoMfVIOISvVFy 2MuWTIM3b0YEAskbeeFE1i 2j9I4ulgwznwV1RIvIAL7f 4sgWOXslGpDCVHhIXXCLCU 400QEuv1HXJcm7gGSya4fn 3yaYtzC9PqrJNYrLBZ024o 63LfghfJVJogBkdpEzz1Az 4v20N4W83XDJORt7WCedII 7mC0C5kz2AqOgpxH8FuqMS 0DDN8VNyAP71ExRFbcRhbU 12n47FuVsiUGug0xkiGkSc 2JsCVQjzB0cAfOnPAUEqrN 0d1sotJelVeoO0GfvWpvuY 1cZetVELSONBn0leqDj46m 1dAUVVQIaXgNLEvt8eghic 2sn5P7aWZDikFKaEtp2x6d 0Ume2ALqcG0LDPecFmNgAV 4RicsNFE54jHPtd90RtGrp 0N0h5lXc4HOiLgGb9EZi8m 27AHAtAirQapVldIm4c9ZX 29ljUaWffoHppyEYHt2zVB 6T9ixy6DwiEY9dTrZxMhpj
1pN0FrpphOUf43P9CBLP8e 3xam7lexYP7mg1QeP0pqbh 7LR87BxVS5GawUHQFJdko5 3Q9h5BkjKxKdZYwYup5Sgy 7kqyUl56gL1qJ7hhLU0TOL 2mupWpE51i16PmIKqzGwMi 3jQL0t4Jg4EZ77oNEvjEtN 0ntcI5JQGe3Yw52dgAIAmm 2DfRgLfkNb8nU1wMcMK0fD 7AzM8Z8eOSbG2hoeGpZLgc 2VIXz2QtYhPjX0KGqNw7Rw 4T5cqerbDXueYSVfXkIITo 0ouB7UU4PaENSXjBgAYj7L 3P4PFBvooKQCnKLml7ekdO 7BVvGJKgFhFbi5U7fjlcmw 5mLllF9AIePVdhExTiNyyr 1BQ3PdtT1MRdNcOApXTQZm 7G3ea7IP0LSmDikvctjGHG 6D3b2F9evGxHJMXZk5ga0U 34iOH7LY3vme5rQxsVILZ4 4HG1YiGBseVKzjyKcmAJen 5UjX3Om5Cbob1U4nVxT69q 6aqhM9bUq6tdC9QUj3OXij 1wtV8yZYhn230nY9zTs7KB 1NbAOE2OogEagbhB5OuH1H 01tJJr9MSnOI1hdGdkT827 026pfPaB52WIGawu0PzN5j 0FwP04wAnbpflZg05NRBH2 21Jm2Njh72h2WWLSRmiGT5 1XLPk9vj45rK2pbnurZ0Wi 4G74BR85fyAIAxEEuC9UKm 0OHfSoJN9TqJDz8wETocUX 38FIdMzMKV2jyB2E1ZmcjT 6B5nRxGoHzx2PWMjOdXZ3o 5MFjPvDY59duD4uQDxY2Q0 1L2v0m8OZthSoBHGpOwpV2 66NIRUd7jF7DBn1xJwtOI2 1IVXFlmoKz0a0yKUOihyhp 2t9WioYqK4d9O6AZGj2s9O 2dxiLe0Pq6pG058eYMbrn7 35ngf8gGLQgBqmJIw463ul 2QRKTuCMvXITrzBdumwDd8 4vVOS1z2vpySK6s6FphUlZ 3vF7AixOD0NyB4xBcxcAs4 0v6uSp8Wga1yKH8syiKecY 7mjfKJcxHKl5wtSXu52yP6 5CeL9C3bsoe4yzYS1Qz8cw 7qX1HMA6FkjTksyF1ROcsy 0OaunKfsxkgBvPv68jBbmm 32O5Zb3z3yZwLhsqLJ5mTE
4FhRVpf3YtXlqa3ODNzYaV 52BUOdNI2TneBPq4EFOtAy 21IiEw3SqSLLcMmPQt44zC 1w2BDZccuO8ncAMS01PX9O 2xLjnl0YBQTcBgI5XSPjoI 6b37xrsNCWYIUphFBazqD6 2TELNQzbPGWRnDkhk0I33R 2CyzCewZZ1ilsGDClxWuA0 5AHZJSGknCqvbCwnsBbHzo 1NeG33plymBYofVlEftPu7 26n4WruabejOopymw4azFy 175vtykMLJI288N2Uk7z8D 4ROJThgWjdQDB8LSW5Efl9 1FaHPLv48VjsTkPCQOH7bv 2h3bMYOltvvob41yYKgKJ6 7BZHv5hOuWqJigoC2comHx 1XYGVM8TsjeadnoNG4ZKbh 6FBzhcfgGacfXF3AmtfEaX 3hjhQvFJjj7wlnlW8t8wU8 1qbUSHRUvjCuq6MFigDyMZ 2pmeZ067WnFhjPc6zZS3xy 5xpCgJcvxTvmtEelQWkYHD 70uQhfB1A5hMBE5pjppWdM 228IDYsx1EAHiuh9xLktmj 6SaOWdixuJbg010zPmwjOw 3LOUACUfp8slCp1ez0ahNJ 4qcPI3H14A4BsodhmcZAI6 4ti3jFBiVjPE4t9WOzKkHW 5oAlBQdYaLfJHTmzSqOXgS 3c6afiysmB7OnxQzzSqRfD 4hC7fmtx9LmjruoIieWT0m 4ftI4MoJrPb1DkfhLr5Cnq 4JxpB1hxGdLkII8F9wiedp 4yGL75a7gOeEXOaFvGalMr 3TIkmvJF3p5eq9c3fQ4TY3 6Dq2LzijkY9WNPwBGDah4L 73yHfb8rvFYGDGbfV65qaR 1gya8qEuMadF630TyOS8Cn 052bhW8PAzqHWXDkzo88qw 5Ko5c0uFvCH5zylOcXxbMn 4pADuGQwS5wciV08lg83Rl 2RiqntEZMvmzbQQVodjKPw 5lUmWk6EFV671HoicxnQg9 69cugccSxEToDzFSV0FU1X 4EByRfPEz1XUjcFV6iBV48 54eZmuggBFJbV7k248bTTt 2sWqYVNYIsyazFA0nDVtkn 6Y2o38HZkEr1VPuMMZSziX 3ApF4gKjT4Ne9YwnOUq0i5 5Nag8otwbZifNJX9S8sK9Z
1WOxGNutRwrbik8BA5f2AY 5v4pfRg3jbgNDjlghvczvX 2K5XDGiT0sdZZqOy8vcEr4 44s6uUB1Eo4agvzNT1qR8k 1O55tsMSuIl72c0GZwlKTx 7ruKN3kYmdKfOA7SJeb6yN 3r0Tk9ibA2KT1KiLGIuKXA 4A31dX3j2qcNIgipwRV0eS 484xwS79RBOldteJSTAuFT 5VW0V0sObg67mgroFN9Itd 478bNaXnrz0uF2AwVl4gyT 0PPpehRoJCBZYmZSUEJcot 2KDNZRY5XGa6W91TuZvSXR 4AKUOaCRcoKTFnVI9LtsrN 1LMmtQcanJ1SQ6GB08NZsR 3E7ZwUMJFqpsDOJzEkBrQ7 5Gd9NQrRjQJIKGCSvOXuW6 3t2ckSs8yQm1AprMSCBiOT 6av66SeFvng33N6PIdNv2L 17CULb9h3QZa1IxJSVT31m 0CECbcanOoDprkHvuutPN4 6C7ZgThn6Yan5MTZdAEEFw 02lWvvpZeShhBCwP3ScOlu 1WX6mFLw5KHCYP7JmZFf4i 1zPB1d4AamkokHKHGPEoO8 6aNOZF4gBajxxwyUDipZHR 7uEqtkXR2ZhHywbFwSS40M 1b6UtIYb6JXgrCgOhPtu2R 3yXwQYJuR1c6YRBWQhJkmc 0WtDGnWL2KrMCk0mI1Gpwz 4BD2y1IgBRNG9IloBlKhlB 03vzu03ZnrKlHHL1nTi7zY 1cTcwVLhaNBH84EUwegZOd 33EHpyDJPHF1qeFDDYanpp 4YE0aCqKXtJV9ZZWDOp3sn 1wnY7y4FHDPPCNG95FediE 7tBPNRzG6SHn0qzHsiHAG3 2p6ScNBqfIDv8fo4xtztHA 3O4ZBGHzCAOeH9wavrhK23 5oLOeLHI3CRFWxTsAFwydE 76xCOw1lg5AZEsHHiV01Tv 6KSo1lI5GUtlvksaDWM7ZO 4d0MeoXyKZdR5e7BZFwGiw 7K0zIiRhf2WdHStfJR3HMU 0y6CoVW1ZSBqRmPbyfhFQs 0q3nmHum524a58nYlubbat 4GwXdVLueKZ8YhYjZmWtYh 6eX2mGIjLpEBjPsGqnTqfi 7hH6xXfOkGXJdmRAJoa6cd 1QeJQBkfrhhSQWvH2AEqDe
0VzQaJoezJBLSPwpLfn7UX 19czqg2sES22uiWenXX9dk 37PW3wtNKS20b9gUicwqfb 1JEWtyMGBdJQqhfQkenkMk 6kI9Yt9E4fgx3wnKuEVi6Z 1pSddBPxsGfHIFrtkvoyxc 1keL9AYEQKlL5K99Y1lsOT 6foFBre6UAnlfuhHBd3MAu 4ABBMdJqk8T5BfB52jkZkS 7jasmsYWsjrsXTIDI5RApZ 4MPVxffhNqmvgQ2IVIhaca 0WAKFcVVPkZboGEZcT4r73 5ybFwa4EoYT9crzwcP1RdG 6yWFCwzQvgZ7X6VqCaLF5J 0FfUWM7Cb8FMunPFhLYw56 0zWfj3tPMCToZssL33nEv3 4PkWgt6DOdCDQPHnVyKefW 4aSKpGVbnxXpHcdxClCgzG 51rgkP5QNQ304AqCmqPW36 3rxH21bPM6nCq63P5skQOR 61PjW7snLtLvHMryDWki9b 78lgmZwycJ3nzsdgmPPGNx 05fl9eOSX7KfcNbnauOUmT 1eEDrWVEunAidQgf8sIYHK 68PcfFz5ZRFpkiVf7dE6q8 4Ti6GYKRXa2b46fClriQeL 70E5ipJ9QpGtF2XaTMAUg2 3EFLIRpoo8aRDHlmN2fj2A 1Ud6moTC0KyXMq1Oxfien0 3zdsJOO5FIAgukJUMgboV8 7hzWqpwrEJ4YVNA5atnpXV 5eNVTvk3v0lq06S3RGTn4m 5reLIvhRSxNNep5MlvKkYN 3XiNC94b4Tq1xwv70sQJGN 2uk9cpO6EeGZ74yKpHTwZA 6qcgy05ouSu5oV8saxtyey 6JocTHCkTOeTcF5TMbGCbV 4xNbwq1oee67WfhWjkHbnI 5vQ2P9VqXy1EaJJFuzwSLx 0G5N8DyVtVAV8tmiUkfH3j 43sFC2c3ssdwVwTp3DXPhD 610szmd8Jr6J3xL5fJn0g3 77p1lFItfo02snfx5carb5 37ZgsOy8t4vMnGtMExr6ah 2NfxtzCIrpCmJX5Z2KMdD5 6IAgarq2wDeYzpsY2Kx0Hw 77GaeCOGsrXCGMdBy8tAB5 6ljAS9pHGbpc2gjmE10sk0 5r3neEVei8lx41aLvBUlEz 64LBXzPSzskpdOIdELXtyP
37kUGdEJJ7NaMl5LFW4EA4 0BpGtwcSXRmpb1KdXQpLGC 0Yge5BCAZfRCjXYTgUrUQ0 3zRPaDblqTavojAWW3tt1q 337ksLhTt9j1a0wXMS6YT7 22WRYBnzXfM9g7uNd5w79q 3L8bOEW7U3gKg11cNNA8oJ 0TDN5sfP3kXCtF9toCIenf 3ImVZoYdSRJdXHpTXaZweG 1hoYS31zKiKbUG5hJQV7cb 50M8wFkWmeWDizIe7sm9Oe 1npn7uPiSxUr5oKJIkGq04 3yNf7rZyeoPbj9HYm0Zb79 3BfoEmBdBpW9eCzjp3QDT8 5eF4cNJ30kdTXnlmUfN8dw 6bb436feBWINenOrdXP62F 5hReWjUHqPqkHi31G7izL4 0kaOcR8zOedoi1gNIsEhmz 3fJR4lbYS1J8NRD2dC8un6 5VDnV2q6OrlrPsHsDZtIP1 4pHrpb8f1TXy5YXCPDcfzc 3qcC4Fz9KiUPAos7Lb1ra8 1MXdPbxdwUgqIkqj8Xkxga 2YvgSjcFQGmc2ZxmUlAPpC 1nYz7QHrB9HpTIIUZrfr1S 7lxSC4pF3WZlpbKxFJ8YqK 45a2MJLmh3wrTShm76l5qc 0muiIorAaH5eB9lc0mY4A5 5Vy1kDplOtW1z9vc3ZaItx 2PtpAy5Cyk4ORM3rdZfamP 694jIrWPygAI5eAiNxNCrw 7LZN7FkxHZk6maiN6NdI2i 5fBwmxeV6y69eOZLz0pczl 6Eeq7RcaeK1WiK0ucx3Tkl 502lcNsXmtQrkQVxncaOYq 7wNEfNnYIsK2BWDfRGa9Wc 3PpnNxZZVJqxvZmCVx9p6U 4eYLwnZeOr8FujAqTxeoQc 3q7ncU2Y7G1ZIQDI59Enqv 5wZla8dvq3YWOCm1JxuvH8 4MaTOuX0QlD6Tla2ig7X80 4EY0SD8MYZ4bPwAfmp3WdC 5UWwZ5lm5PKu6eKsHAGxOk 0Ui05Ov0s4PnRc4JI3Pilg 2R1x8g2dYdO5MDscnGhZ9c 56MZ5o4BwoY5vkq4EjYcuy 031NzLDPXcBiXQSbFbZAf9 5Vxc5xlZd8lcH2tag5mMUe 2gOwA32FKNEPrV4Gf2AULE 2tYlmwYt51CgNonFtONcLK
5jiJYFm6YBqRJ0sLbwmezm 1nLJ3uARMGB2hJtirkv8a2 7LVHVU3tWfcxj5aiPFEW4Q 0n6jqVu0aDIB61CfKw91WG 3fkFlClnUqrVztDa32I2sE 4Wm7v3q3zEAsh5wgyP7iE8 6ObgsxQakejBLCYeCvuajZ 4T7160XcDfCfGf30IQ1Ivg 0RyI042msknWcl53XGJpc1 7EpXyWbUMlm98cznb8J3g3 212seZgtTpPn3knMQIgJXV 2qiwafR3kAWPobxQWZhN3V 1qtiESAzfGMw3YqJvI97ki 0QYnverRhLjyulKBq4AY8e 1YGe2RduxjWOhDqQ5VZ6b0 0sCrtf2jBUbVbTLXXfqpTT 3CHkhP7edA9KQJYPvMhFui 443lhNNIyKvXjTcA7wV9Gw 6f1S3mOpU4TeoTZOJCmRXl 454MLi0EXJbE5A4p53cXxh 4GEJx7GJWxsDczLGly7KUX 3G9TRSK6Af29JDorkSDu5p 163TEeFvyaexneVfGwHwm3 63w1FevqqSZpv4LMNwJnWJ 4AmpxdVXKMJqpQzAQ5DpXN 4OkiWfrZKmmVoILXk8JEtl 7yotMgHQ7WQNfPb3tjj8zc 2iHoP86xmN5IvNXXJfiklb 5XzlyI2iS6Km2SNsEQ4O91 4YUv5p9VaNiEt954NGKaV7 7AnLXAjdrAt7A9GvOt6vXV 3QM9DK3FJTOjoZdVIAHi10 6nggjLc7VcUzwLT1Cytd1I 1wf4LnpdAhLaoI2WwYDKAE 2ZNw6hZL5N5JIsYasznmVW 4KVSdwwJ67JHu5s9vIA0zi 2RcanAJpudPNDkyIe9DzKS 08hE8jaD0W9ETfGf6QiFVB 6oAoq2fJPOhReB7Wx8sjIp 3IIsoRI7huCtWV0z9dezxO 5LB8Xop5SuozvPINeSSMf5 5HQhu3JfOBgnCucx2Bgwhx 0ZgldOoajI15gi9WtnEDCU 3S9TGUq1lNJMnfzNiVSzEL 3cjF2OFRmip8spwZYQRKxP 25uYgeEbQmZdQVd0xQQzMn 3VIMS1p3sNifH0RQnmDf7s 4cNAVxOssXmb8Xl4yZ8QNO 6aC1SUjlngcdR0M0YbZUf5 681PjKPnd3iTumJ51CMHwd
4jonEzO6nIIBt5xPGsyOA0 1KHd59vO76FGzZRGfIcCM9 0qNnE0beu4OfHk8Txa3vGt 5MzqWUhPBnpp57hI7Qd0Oc 5mVzCVYqFGGfAx61gONkt0 6kNcUswal8AazEfWopbYm3 3vLSGZZT7XSMeNbIK5afwZ 1n20DWRJ85PJ78fZoqBqr3 0TMdhbXgecqb2zlTEzasYG 47EQgnnkKHkLh6igAw5bmD 6GTIL5A4jWXqDA9Qq7ChiL 1XsJEkT67NvY2HniRGUK5q 4ZpK7rHVrtNnWbIa1t4ZZs 37D5Z9eKGMLJ68r9lW0p2r 5NPOyiXE1gn147zLE2XvPu 2jX3LIqfrXmJSznCL5x5aW 1xvnkFmCKDDEe19pxV6P0E 5KHB2Ba4QKjYsZHGrlQqNw 2apKZerLZmNWa6tbwHGBrY 6HrYi2gwKxrwEtZX3Orype 4BKAbu2zGLCn4u5DQRqwpT 6phZJKX5ROtgHDHhl33aze 5G5ziyTiAql91GGXqeKBos 4JRywlUVsI1gCOe62xkTf2 09aUi5jsrDjYNnWi0tNVeq 59opkgW4C61OhsP6FZwA8n 1ffGDA4GeZV7VlQczx5Gfa 7aAEJfIzJUUSRXQNz2JzfO 4t51UOtSi9Hl6i2HCFOuvA 3zTOgvCaLQ0Fhad2GhyIRk 2UzlhiJoXmKoXsWJPURJdL 0Bncl216oEGAOIlLv2V7V3 1YxFFbAsEvNA8ocSVQJEH2 7kh8UmBeIItkXwarEFpFeu 3YbnNzdsI6eBoE6eGBKC6l 4iTmEXUwQ0qQtdQcyfCtzs 3f2Svn2Q1NcNMAdLMnOikM 4tecxM04ZnMThqbsWguH87 1PFClkppueHmvSF0YpSGU5 7j4meQkdoe8VcvVgApCxFe 6NjKZDQtEuMySYu4yaZWVA 59K1KaKdqOp9cMQVUEUsxk 2iI5yTu2IYavykXX08aJHZ 6GlzOCJAn10Nbo1XuYt4UU 4SQnDqH8UfgciQ9GTL0MXY 65KIaxjBVPTsEsfdIcaJGb 0FeyyYLAowEYP1g9yxcipz 3LV89pjNprjcrWcSSJacH8 53ybUYIryYZ6yxzExpKHZ9 1ghBsZXD70MmhEeQQ1Kf8W
72qp4rXH64QYS3hT6NVA55 122JFtfEAV9xq2YBIGWv1a 4g0Wf7LI9Tkc2bguydczrK 2D3PMkBd15Hd5fYNIZclnx 5QNTH5JKzIjLXCLFjwnYPX 2JvzF1RMd7lE3KmFlsyZD8 4OUoSxHDd5qU6zc84rylKS 5saGqhZhfARVxuoj8z6Bbw 1rx3QYb2LqNJJSw1ZyGijV 0kUYnVS6z9YhL22l9pDDcB 6BUwn5HIafjg22LjeaRJFu 3YwWLCJ0CcRPTAjLerkPDO 3WPYHZy8f7KIS5fVTUmliT 0J9VWJpCf7tHh4zM6tI20t 0Coblp9s0SdXoU5XoILgt9 67bjX3E9tbkrWzZ8kVimsp 7gK35rvnWhAcO9iozezGS5 4ffwnwWnUGd9UhoIsx60PS 1S4YVRL02Fmqi9Es3k3rZB 0EbTPc1pwb7NVFev09gkLp 5PONCrsJnRyMsHBsnUS6I9 2hAqVQHxZrDbDYvX0rR1zZ 4BszK0fAUUdUtBQPRHgW21 4QmiXfGDfWFaZVjotsSCRl 6rv4gfOtrlYFrcu03gZkUW 4G58eym5EGj8ZG1qt8DXIx 67Fl5m1qBf7dxytG7dpjIW 591nHHHzZl1NLt9PMKpinM 2ZoeXd4beqNeTDlADjWzpP 7KlWY0xMwJd60qzsshvVXB 1EVREVixvmHpuvbb4XcOeL 001zs060RfeATbj7BFVwzS 0WT6vqnaA4VjJ0U3eFWxvG 4ypF2ciZ4VtYDS8oEp6h4i 3jXigAdFNTxyQRD9KzFSVU 2nP8BQtLMXpaUWjUGWAwhy 6ZV9ZjvCkOvHq0an7BGNiK 0tDwE2e8Ntv4Qnxz1IpocB 3kMquBodueq9JPDwVLqmXr 438vUZj0qwC0zM4HMF3trH 1QlTNF43OyKK9BorIRsJ8o 0wOityxxfmk1QTDJgbD4mX 0CyZXJyFRzKJH0PGkHTKbO 5WZjCIWoDtdVdOdMfd1qzw 4eISNGpsGFWy74PgiDd4fd 6oWt29OoG8F0CWRte0P0Nj 5B8SdUtDkp5fW3IIJQbs7n 4uUDUSJWloOVpzEdAkfUPx 0AV6NavKfgyIe7z8tU4sdy 4mBPOi8VIpW4Lqunihpegd
2MH0okcqo8KZ9EK7kp5sNp 5pr1UOcp5TkpLaTdfrr42u 4ylF7igGn3xy8ME6XNXY8D 01mTrac137TL0EgIktc4fo 7salnhMkybwLKwmyOMnlyD 2As6onxIAXvxW3U1QsZgrf 4vuQbrOSPQHjaIBTHrbHiw 1AygcSYML574eI1YIubJ0s 3m25l4ugRV7O8LLGHutytv 6fd6PaAxm5J6C99g8MqQbA 1dEy9Pl81QopSxNsPxXQxv 5KIY4HuG58tzYWwhxOQfar 4WU7G9SiSgT6SIkQ35wXSq 2NU2Zrxz8LpEX8eqLxsK8b 1YiJzMh5Rphl3oEIJl3SGk 3D9CiaM3IAFVbaUQKn3unW 5XI8zR1T3ASCaZTe0M6RXe 1R1keXQ1UeTaXJEeRvBjfA 3HscSsGKLB3BF2WggLSKdS 2mvl5hpDxv5VH2CrUbZ0ME 1zAQzWUH4efUC6VhH4CwdD 6u4B0SFfhYXL5LGMyLKa54 3S7A85bAWOd6ltk6r2ANOI 1XZLLHSQPwLgtD6ZHbY4KD 2fvKG94Kq5MuovQa45UbQJ 0fituAIlrZEyqz3HIz03tS 0Wk1F7rr43ANfiyAgHZxOs 4qABfS1RaGVXdBhj2BQyhO 1rL0CJe38sZ9fQCe6n4xUq 0b18g3G5spr4ZCkz7Y6Q0Q 2AOEQwUSHblQoSiqtUefi0 1RoV2hHbjzFbo9uKe2cvGs 7679xx4IRzq4POjp6GZAQ6 5tbMGnHAAdOTu9GE0hZLGO 4LgRqskD0OohOTxfZRqV8E 2TjXFgo8V7BBfJ4HZw0z2W 42c3wXBiUaUP6arGPsatuN 21Z05mkhxkXjwykrMeziHt 3ekVMZX5rGIrr8NJzPGnUN 0WZoKOVTlzzrLQY8DlIgck 2h0jkIPBJbLS69weig84vz 5iimSkbLNEfGT6pqCd9bVz 0fNFJKmcfEOKbuQgqB3c2d 1sM7G3uF5AytvnNtsaigqI 7vkRwkJhsOY3AcQuMqiXfX 5wcdddu8tqaTLsWVW5Qy0R 7sgNTIMjlnHb1uUGBR0PlT 6H2hwzTTcYOFDIEntrDuu1 0ZoXKlS0uH77hHUUrLJrxG 1BDEDuqxCvqGMda7R2VBI0
3IdnAu1IIHW3WUwWThhXhi 3aU9rgEokVeKgCGaaB0Hh7 1K6vOWrNbGnb33mPJRQhTV 09FhTsmePmERV5mWBpYBOH 3yufukQC6cJG7PrJxWW2gR 6qneg5ph4Fm2OAAwskd98B 0F3ddWQLqP7HUNcO0ipCtK Gilad+Kahana 3TXrh3YOIF5VvPU76TfCWo 5hJz8q4RWuDmFqBN2jfXJG 3P4gLPPOHIRQ5j6PC1hNa5 0NWPxcsf5vdjdiFUI8NgkP 70qqDB519aCAcfBYZFWrr1 3NJEhFxDiRXU7CmvyqFSDI 5Cqvho5a2jprd6Em3Z3pNw 1eMUGMEWrvTXYWrPobq2dH 5dfKLe9wxckGUft5aiEcaQ 2VNRs1GvUvofPzErg7vQ2S 5UEvuAF0uXVHZ2hIY0uzhH 0fvftWRZjlJ7VZV2CZSwnv 0cQyGZ1ggdb2z23ExMZSnP 6TiN66aJBRkQfvt2NTjJ0I 6HGRQ3R3n0izT8GTLUduID 2EX1t1HZBzSCs4wZkh9slZ 53z7XnmY6XbUwxvxvHTScH 3muBQDekYAg7jm6hDu6R0Z 6Q5Tgf3Mh8uLuFvuPcWwDs 2nYBfTbyzykp1cQKWJ8dge 22yYG84voTzNcAT5oUNAR0 7zFXmv6vqI4qOt4yGf3jYZ 2T7pcmrq29D6o5uXE3XLMy 1rTP0rSZl5WbyLsLFaY7Xv 6fB34OLsbm6FcaxCaNBzMF 7BMwCDI84h2HLkX2EZnnhr 70LcF31zb1H0PyJoS1Sx1r 753KutoAy00apPsplMRetG 4nMtlRwN03BaHf7fhIk6Ne 1QYpsiC3a6kg1mrWKZ9PHK 3dRWznkPBOLrn1xa4Tn0d6 4YMQXzscifAREG0a7KNGhB 4zgcWSuA8QyrYhCqxBwRPS 6uW524cyrI7dXXQo4viOlh 3tX9hPhKxKBusddqCTWZo4 1X6iLheKHRfsQwepPEuDOO 0MjXMKyCwA9mNxkNpHi7Gz 5fyRqeycMofUoGmDis5Gu6 2gvjh7g2bIOcPkmwA09OWO 4Wyrh2gJ6qvFANUlWmBTwV 5P2pi2d7s49Qfdamzoa1px 5IUWkaf6TioPRUScivTYEY
2jyWSwDxrk6ynIaoueuKdb 7uJLdyIAaYLGT0oLw7I6b3 54qJkfXVHmgJhYpbMgVjM4 4ejbgmZ2tC5rpxruI8gcba 1U2hgbpQ92mK7gCWL0lcWY 4nbbzaQ7OmrxCa0GHNgn4w 2JfcGMYqglLABXn81ibV55 1vMuIO9VtQyPZUHtyt8iXa 5b8yttQjXgh03MjFQDxO1c 6UqInaZcSSd82ZxW1R21n3 35qMZHasbrz3Idp4CKExIa 1C8JLFbJ59YxIqK6A5W6gI 6wXoK88c73YbDib73pfmGZ 3rtDk5D3VmzvZn2ywGg0bq 6cmwI5QqcI5p1vDlmib9La 6eGpLVtbSxsiOLXT47AcIe 3PzNKXIAaKHUDTbqqeVTaR 7Lzt5JsJkMwfweM7ciA9yu 7hNY0LpYddsVzyOVV0LWLp 4k3kvdp6T5T0tqIYQQHeHi 7qwRL6NeN081ZaqCdRM9tm 0cuKvXvPvAb82vSVvvvlHF 2zxp5J7rbWv2RPD9eeDAmm 6Pkv5Rvx5hZMtKQENpDX52 6PMXl9AURAtWzG0QLwQXEo 6iCH0Od7kcQJIbATES2sxT 2HoOuxEqhCHUisTXTdhw3a 0yuJtvXsapVOQfNDYxQ5mw 4vMVRKlHFLqD3MfcWCFKeS 0ZjTS5zoXFR2w9QMRweDhs 5ti4mhcnlDhC2J1CYUYhWQ 3sZHBCRaGPcnwhm8tuRfa0 6xVlFAEws3hO6mg516Ry4X 4NI17bTXJRdJqAPdIhxDLm 6doiZLIqJTxCmkLguyLVLc 1YhZbKOU47hnRb2q8LOHKH 7Duz1lXRfECWROhjHQ5dWk 1bq4KOoCMzQQNexmTU12bh 70sjOMuObg4I9GMgZWDwbS 404dDurxtNaPJe2xJxaUiI 3NzCdzm4rVro4fXFZmI0Yh 5XYVhskYuFWSsQIkw9clPX 6pIwAehlguVHYBGVXk9ENX 5o3IGYWL8yVbB415g9PvjX 2koS4fD3kzizdnzWzyrxyT 4jfomGp5fjammnSymVhttF 3ChofItSfotfjeUrWMD7KA 6GQ739oPRGUe2up2MQxaOc 4iacGlbvEi6JsH3EmMQVwf 40LZx0BLImbRwgZVIKB6nE
78Ytv1cAnWl5lNaPwqEGrc 1M3ldz0gop7cJeEWUuJCfe 0oxhycwSVnEOfQfPmeZUYk 3JzzyfG0z8rjXqHL6XXLwt 1ygcXd44S1n1lifWXeGYWQ 2Y5jwMbGnQECQgtHaMHyia 7tXRFfp1hCjSv4mD6SYpmI 4wqzOaLxiCRy2Et8tRyNSX 0Eq2AzJQNwxf5FsLYBjitC 5aDuz2VN1wtUrjyufxr7Rj 5XMAeSjjinBwKjdANxHbeZ 655idtdxsqrS7Tmm36ASHS 4gFijezHOG58UptTfb2eQm 0sQNqu37YQQSI3K0ueswyA 4XA18nIEpwp7be0FKo2n82 54tbRxHPk9S9xEZVjplE6H 3MwpVDHBDRGoNb1BHU8pFQ 33Amjxt3IpKLR1G0eiya9N 6znU1P5lRoWzHMOeFZQmZy 57Uh9859PfyeJqXYiqSpzb 47X4O5S1uOHv7crhB7XeEY 18SDFwz5UNo3C7M3FzGCyN 1Uu7b875wyqiAoX35WXI9l 58VVywqczlv8BFM7Q9Zyg9 2E6SY4YbXxtmDMeG37RmN1 0jh38euABScMJVT1GeDeFD 1zAvMdtPQ9y9sLGzMg0Hvh 5Ru6WUaV3Zn5fjfGO97U7P 4FjgBBbYycZR00qZaiQnQd 3nPp2jiId5IDwfSm4r9sP1 2dPWP7FMCxnv4u9Api6WWU 5Br9LwgkbTYjcDIIHgY1EV 2jitINbSL06bm3hp1CD0Kp 0TItRkLPSTZT1EDtljR5hV 7gZzWI6yC0Wb8xLcNYoYIg 64142p6mi0VDfIi6S9SwiN 1pAT5WBqMbc594SHI0LlhH 3uCpmWSBkLBAdIDcdmQSqM 64Dy3qJDCFug6CySbswdbO 5HzySlI18EgXSbFxkBpigU 027UhkOz9ukP2wgUwiEvxt 4uC2RrHmTfq96i55BTk1ML 1t5dTCGUWXX745q5I3eImo 4TyYYwyENM2v3eoa169Fgi 5HR47hGEcVMikWMH8Zgacl 3efAa9KXmWsdTEm8GXlv7i 0LpjqQQbvJjeGR1Ao3EEGa 62hPSBXTPcfFuynlQozVau 0MjVztKL0FI9oU6L9QKzLf 0OOT6JmtkcYidsuQ9Fh54i
4PavqCnNacNzAlqDvY1uzG 1hrar0wbUsvgSUpUXR5Wq0 5LrtMA5HIPOHBcMN098M0j 1UIwHajesmlhXR0kBnGG3Y 5e5n3Mo96mmnispXsbhkmb 2LtMq5ELlpRgzP4JSxMGmn 49zxViMrgMAEahBHujo2So 5vhNn6ZfEXbFMw0qR6Grpn 2AnN9P9ZQUJGeDstQLD7c8 2qrL1YF9aA865b6SKhLZ78 3n8t07Rw6wcKk80pY3q9i1 3s19CjCIZ8rxOYxM3PtXhf 1E1jRciVVRlDcwxnq2g2sy 3FCu8Cj7RBW3iHPaRPCurl 0w13t9CbBXZ4xGOPXfSZjV 1aKzgL3nsei4Idwi8H9Zts 2r8SMYcuQJOflEykRopW8m 6clBGIQRBtCnmMGeHM2g75 5LfQkqf74zF8w3ycDTya2I 32dGTkjVrFfbfWJC2ErUwt 3bCs4oOGpM0KkVB78Laiqp 185ciwUe4FUDPG7VHFNzcv 57kl4PC628tzFjAwdkc8dL 2saLQJGs1Cvtr95RDEfOj7 4mlZurguzNJior9siewA8C 4zDZY6XnZRjGlRDr9h5gOG 4UVNyFBzq9kcltyllPfO34 2Ar0KhWdg1UWUHr8vCJUv1 50rFytfJ1vFi7yx8qk25vg 7yLS9GQ1kru8mfh6qgxxqL 0lIAp9vqce0Pj4GeoGPbfH 6yJaTvJxyaqWkTU4VnGBnh 691HbefeRbA751TYr9PCGJ 3WrUwFdVmsQGJ15ytGFNw8 6cO9ZuQcx4kT3bk15jKmnF 4J8rNSczhYlPDs9SkdO3OB 4BCQJofIHJAoovkTNNxFQQ 5YbVTZNPK8hs7CipW6KXaY 37YeLdDc63BahWGwCaViTB 6tws5zv83S3oBIX1k8xR4x 5fQFGGaFAWxVEnKTkh9beK 1xCkZYGKDv7ELjSlIKedOy 48Fbw0y8ofNfTHmuezhNPm 0WiGMQZ7nP483RG3HlgDqz 1rhdY7JsLIn0te4Ri8QQCK 42ApXA0OsrUolsbK6i5D09 4zFOfYVXUqSyvYNRMTJtKf 0EqtsCvcDjEz6svFsaV5HN 5vsMV9mTf8FYqSI5xlhEk3 2EC2GG0fHeWJ6uhAAHdMGl
5FQiU6xclnRH3dZlhdozjM 68nJayiMXiO8IBw75aDgDf 2B8ZrrRYmAMDhIurN4nnjF 3wIiC3Cvqi98rbQReHSZ0V 6DbZwWUURZRu4Zqi2h2L5k 1UYQz9iqSCdLNc9UVkJo0o 6Y82xQJr0rQG2tMgUyQo9b 3ynAAn3aZEnOKRUDfq1agC 4nsYoKDwwWXxLgaC90wfSe 07SyUrTHK6W8zoj3WDqh6n 6fgbQt13JlpN59PytgTMsA 6diKZqKX23bYeyQ3yDHVp2 2JPEWlmekne7qnfYgCVZRM 0Njlg8kZWlUIYknD0JQRZK 750L7OVuEKGeWfwSNdk1Vr 09cgbbadzZSKFd1hGN23p5 3Bi3ws3uigvFSmfTcSLjnp 7lPt8ISy7ax86QSfl4I3Z7 6HZKlK1mDDBsILMoNNncxL 4P3EtvYM2rrbbsuym4gGt3 0iYWtWNtQRUlSZDESD5cnK 5b06F0e1Z6hzFMcMrzcCzL 5NS5Cu30CbNTBVKhh1feTX 2pNtIGopqr4wFDhpc9uAMC 16Q8Xnos7FijiRPQMtzQJo 0HddcExCVtmIDJmrU811VC 6S4ifbZ4Q2DhhD0ysxftK3 2QpjYoc4oZvf3giM4XR1Bg 6l7QLfnlBtOrPu68ogUMt8 3I5azi0831uNpYQsfYsW7G 5ZpLEDn8zOphjSvFtLx4IV 0t4r5IuT6FzrNGEEpCJmf9 5v0C3nNNDMhZ3nWzzP0W4T 0BaAPjAVh6wrTmUBsAhUOt 6PCTu15GS2Z08iCUG7i5ia 3GO6bT0b1sdInk1KPCK64d 0pm0gic8g3AtbI6EOWxYvs 0Q0IVlqMV64kNLlwjPj0Hl 6wQfgmNZPqBc3VnGo4QCpz 40A37QNnp1txwuKepY2cgN 5wzGHgamBPcqrWwuhGDfam 3sox3tsJ42Uq6Rjg4yZquH 6oAni9EYklGVd1ZOLThaW1 01dnvO2H3SxeUxFgUtY7sM 4nGscTwQMwGcAlIbDLXife 6aNTPvBfD6WYBcUoV4UCuS 7htxvNzKIjw3r9GGqKIVOr 3unVDShdN8aAf0RdZeM4oR 7tv5IrZZxU6UcUfNEWd2GH 27XhEaTAY4lweg9kiZzrks
73Ijn0pKw1YJVP4OO4jUl7 5ZzBmCinJQE3587tmRdsNl 2ZniqBsEKweSeOuKEgqRHU 7hcNNB6Di7ZmrZSElXfIJT 06dNaUoMbDGKFKA3KtSkck 4Z5Bwienk09FUgwsMlsPwJ 1f71obXe7Na8kQajiLSOOa 0CkMA1VbVnpYndHdJKnEb4 2DccHqTquzubziHAPZRdct 03Z9FKjsOaDy6DpgLhBB2E 7sBB9ztsYUGowC6BeVELgI 7D9DVEWHMpbNg3rYt8PJ0q 1USVBvDfAr34fK7Fk1WOcP 4cBWkN502DDS9acA8gVXCM 3JvKfv6T31zO0ini8iNItO 6cAs4CHN3J1lR2DYeY0q2y 2wHQkY1BWrBxFeBSUgHK7X 2QRUDqfSSNCY6MpTUxP7We 5OTTYGJsPRHjNyB5MOXlmO 62nfn5iLm8fi54VeDLzrHp 7CkJROGZcgY0SH5LNw3HrH 5CDUC26TrFiH3xcU1dA3dC 5z8eOnPiOC22EYpniAX3Qg 2pOaeeEj3eSRMMLlftPNHX 6VTeZ5587f1P4Vsqx7UeQN 5ugaMsqryjEXrogzvbxULS 4eCaa7sJroGDmLjZvzkzCB 0deHsjyrgcKGMZzIuvawq3 31HjRXMUuo2ZyrdtrVyr7B 57MWPH5Ucu2OEDD5yhhL6X 0CfD7wsloLC0h7t24RbdfD 2o7F1X7WFNIS3KEuv5WIpX 3ElEkMdzLTe2jWNgAEAbzv 4QpJkTKAoUAyPAhOvWJo4c 4U0HryagOyYqOoeWRiZLHT 2DG5IVX5k7BI96F2hyY5wh 6uT99hl2EtAHVJy3v4tAgb 4miCZSUg86iFmNx4TqQboO 5BIBChpnyBe8ImhTQQLrn4 6lgyjabXdzi5243XtJj2NB 6nnSCW41hJIMss2kXEYn7q 0OZIDm3CG41d2EjrkG42Uc 0Ba2uRmMDVbJygN1RWyCoW 5gmFn07QTXvyRbdyDzYVL8 18uAu5gCnoGGNYQu8LeAr1 0OuGUoNWe91oGkJ0Wh0Je6 0F58GE2TtHBim5o4ZTQUwK 75FYqcxt1YEAtqDLrOeIJn 6FUNAJ4d32MI4f494FZ3mZ 1plCuPFkEbc05PB9np0q1P
0W35nxtHtFlseSojmygEsf 4fBHiFOlhyuQ5yFcUIAKmP 58OfWRKJLK1PGe81t4Hxl8 2bGaIOTg9Y8WmLzHWzAGCd 1e1JKLEDKP7hEQzJfNAgPl 5NS3RjvzSBhXcEZGT2AsTG 5FYi1pR8RIAwHkaGXBMWr2 5VbVHFiZkeIP0r0XWD7Zz4 2AAL6w4EqkcZL6k3CHw6kL 3nurL7U3qpB67uchHosAOO 1sFtnHfTNUyqT8asZysMFI 3B4q6KbHbGV51HO3GznBFF 7lQipY7uqLs4aAdN5xQaao 2Fsui0cTRHLR3iMVohL2cC 2czcHsfJwXvOlIz6tXbEvr 3UYPmmCj9hGHeMlP1zUG6u 25ob2KzCI93CWLUzmrxJg5 3M89gXa0T1O3xuw6U0tHpW 0qShKdb0C8kss3AkYl98d9 2uROM73VxtppgLSE2k27nf 5n4uWPmWMbg4XLzrkck25e 3ejHIP0CsQlFjnWizHwawR 7mWNjVmAZt7UWZbFJEFFgc 3LueS3mbuB1yaJNN0Ale6U 3OiHp6zkcZS7WGKEkC9hkO 3bsDjuoOcq4bVgjKMY0Hp8 2qIRrxBnAnMFuc6oPunCKU 43K4FPoOCUXxR1kJvJlalA 34ZAzO78a5DAVNrYIGWcPm 5c4CcMS0y6nDVKVVj8M5Q1 3CoO2dFUPmH72Wnklyvyvj 7DhbRXMrdhblrRuM0DphOF 7yyyG88xpk4w2kj5LBtvGN 1V8IdLoy1mYhV5UqLznuZp 568HnlZ5uTgODpH1sjewGF 5OfnFBsxxWYlf5jpvK4Tmo 1nxG8ultU1fA81jkNbcPu2 0ULvYLGWZw3VWEsqJ6pDzm 48C72Zn3AlgYoUxa2lVGrj 0nXcNs4tCvDW17kzwdu4ML 2s1PZfqMkyQjZ4yFXPShji 6DK6rh3xwctNiqBbIRReTk 1aF3Je6FRzI2ed7TulHX7g 41H2fON7xrNirxSmbEgPVR 2SPFtyjSylRoPi9S2oa6HX 6Hhx2qh2T8qip8xcfiULCK 18XaSQTiVylPUq0uSyWZAh 5E9T5pguXHKsoR5AUUjUw6 1BTkp2wVjBMXvfo7UdJFEr 62JdNf3y19hm3sQSiiI5S3
7qnEChnmqWmGGqWgK7ffqS 1YN8y9po34WjP0lm1wdRzZ 1ZeDNZoKgEOTRmTTg1zQd4 4Sz591Jq6KpuWT7QiChF79 4Gji1mRYhRZGIwx9OXzAIV 1hqOqF2CFZoKri1bpqGT1U 08LkoUvYs9AtUTp9RZZvBI 4dsq9klJNAEM02ywZ9Jsth 4tMJ5fUgsUXP6ZXwylA18l 1AyqQ2bHasMPU6YJDR8h5C 6YFCtgDCVcIzTSA75O6lgN 2RVCkAsopqqwKHCKKtHVYP 79EF5obip3k4yuY11kSl4B 7AszVgcyqnhmIzo6TutnCd 6rVuKqp5t2mvQl3f8QCUM9 2sH43WpngjALSidcuKPhOa 5Ng6UbryNd3eds2zQk9MUf 2tDgRJ28ccTitUnRUwhnmn 5qifKeLMuMMBJIqZgwAZjR 1y8ZnLIveyRlpwbwRzwP0M 6ketT3YWqSoAsT7b7CBF0J 2KxXG6EIywCiYcQuJa8Xwp 1KZekalDpLzs3qUkXrflID 4vBCO4sQQQEOW3mMdZOOmI 2dfeDToYgB4qLQ9Z4UUru0 2Xl3hWdRfJcFwQHDJfW78I 6mzZYX7LFxJXoiSZHtksEt 0GmRO8c7CQOT8Kk4XzZRmS 5MmKCuXDk2WTMjtdmIbApT 6QzEMWCtylKhAf7ysFpBEI 69ZX9khekD0iEVBem5CH1E 5zr1W2KnQQFh2VhXaaNpHQ 7aQjPecQdIuNd1sz3KCDhD 2JIVtls9Jf9nAosUbFzbyw 3b5wyLpIzegp32ZMq6wchh 4KdjNS605xYH1DiSVPnG6G 2WfnEHRkQ4qAvW1wzGh57O 0gwNGHcBRYtF7mvgUczVo1 1ojLwiIMEmypJcWqvcxEJo 0uqMUcdMvQtNQLO4jVockW 6NMWO6rsZIvHadBzveLkQr 0kTR46VrSGIUbWQKax0CQI 7kFCDnVVYhpVtgSklCBjkn 1nhTdVKoI2IlstPrFpZWbj 0ZIB6YvDLlzQtZOjh3yy4g 1ZaKZIvTTUnSTZUtJRWwwF 1czzmAtPTw287TyMQEfCfg 46b09xLBljdav3EfWH909F 05hooqfHedtK9REvLh7uBX 4cXiHCkyfMiDrPbPk0f3rA
5Qrzw9EFRYyG4nw0hC2FB1 47TqCCnEliDp8NRDyIQoQq 6lIFFHOlxz0bgegrzFIOE5 6nojo9DPsoxBbfqI2odPtQ 6kspcRjNMY9R7odQdAKljq 2ktg2oZDyFAX3iY1QNkXl5 0kdTxGlIdLed70AgEG4Zjm 1eT6DNF0mNMYGSn6lCy6SV 6z7Y23tSMqnHVDU51I3VjT 2jHyxxGJM7EJQL5ie501tr 2g45cZrt336VuQ3j3hOq12 7L9g4cPfohScjJ8mGwLQWr 7EM3NLHNKw6R5SvHRxuY1x 75JFUJMKwQivahFSH019mp 51wUFdgpNsV8cVzu7i6N0l 4gI22max6SZEaEN8pr8Gj8 0iTpQYzJnYgh7kIxyq8A2O 6yCjhDzcVIfxvTjBKhhn7P 67gfGMK0jrswyrNYUU2CzE 3Qc5CHJvSjUgDborUncDu1 2JvK5309aRgcdgd4Ed9RJ0 4A6eUGk3LVT8IrUX76IFef 599soHbRxWxvprY2tE5iQV 0zYkf4pCiGAhEp5Z3iUkml 4KcazNPih3S8iCs43KZqOC 0XQU2A2ynlKGvom5g3rS1U 5THZcga4sNFlQuXg0XSe29 57F72SNODqvkm6PAVvoL3B 5LWWnG8QO6fSQqiYY3Ezf7 308tisCeG9mLlQvUYS0FNB 7LmFFsna4Xo7DPc8zvSj0M 1CnErMGzLDsLZ99wiFBrsm 2jfDNryQWyDSKEGK1ntxK7 4d77hWiqzvlIVOxMq9mgfI 5GVkBcWlXgbiOZ2TLHrSFH 5AmiKHSAkkQ1xaFTFtqkk8 2hchmbiXn3Of5jpTU2KEBN 7huybpQ51sbYrP91CIjrm2 3DjlZMnQgoLyQKuAv68MOQ 4T1QAi2om4hIgZtizO1crE 0qprlw0jfsW4H9cG0FFE0Z 4I8ITqUWDjLk1J0eGBUT2Z 5Cv5b9kb7YSBR35TKCdDxJ 4aNpu1Z4mQkiqkdVnNJwGU 3Gqn9vuqLZaICb4kjupXjM 4PRGxHpCpF2yoOHYKQIEwD 1X86yQLyVQQng9kePXlJ9x 3N4DI1vuTSX1tz7fa2NQZw 7uDvLcAUrn384Hpn0zUlEe 213LtzTmFAm3LsyVnNyLGQ
5e7Cm6pTeymXvHKfsXyJMx 5VfnmTz5NPAW5a8V9M1ZJ9 4qAHuJq5T4Q97EQZG47H0P 5AWudLwexcjj0zNLAiCKwW 3dMNCM3tAGI5vEyvuYpy7P 2wHVk8DyrVNLFoof3JkqdK 3NeSlNBRvB4BMrxhA88Zke 3vpernqB2SXVHlKZwp1pcZ 4i0pysZeKizL3u5DcC3uSY 5sniiwtB0O1uEOVxMBHL2q 0kVxwc9uHPiVitnoN3ec9T 2L50TKNHoxzKnUWjoIxrRb 4ujalji21XBtt46gegQUpn 10lwnnYRW368Ek39blTQ0A 3LsIKnWBQhqjQ5TWNxJenK 15DwFznkBJir7AK9PyMyRR 2htkg8bygBMDe2iTYF6XMu 3NVqFLhietSmPMMp6DGMnv 3pGVUxEMd499IevQvhJBiu 5HPLTn6VjsL3WAJMyQCLVE 1qBLtdOv2zTzq0tkc6Vy6t 1f2V8U1BiWaC9aJWmpOARe 4JtKBsiTYGnupRceP1lKT1 24kEtakyKAVPeDSzhT4AHg 12Qnpq77Ok0mlDxk69M7aX 6piDHcH0vdPWzIg2uU2q3K 5WQwLtyRifa7JQdaYHBHBO 24ZSD6XuCJY9EeEBOlKmoW 3oXiddNGiWhpmlQCWkJoJ9 51ygW389BW4Dut3B69pSwc 4yDO71ihCiw1hgOBmNG89B 3zhZO3YgIfHCiPi4XyVBe7 0PZpDhokuhPYnTM85pFJdP 6Nx1opJm0kavd1WWMpnlho 4GTtER45jovv6B3qxsTZr9 3zevORK8AzKavMEMe0gLVa 2r1LajIIjjG0KEM8Qv8quM 1R3SOHFV4zt1OeKa75vkFT 0fAovlq1I5qZRkMAYWza0F 3sf5zzz98AAKeUSJNPiKhI 235l4eJLIHvsJzLhYKIHBj 0gCk62c74B2D5TF6cOrmBt 2AfuPiYn8Ua5RsztuVOjgP 2TCHM1xULjQvb9N32IsWKz 1Hm6lGu2h2khIn6xUwprd0 1EFV6qDopuIMBaVSmcq944 5veNZCICsWMKLzykjlWurt 6PthFPUVaUzz6eJrerUiNC 4wZEOJRjsFktnovLtbdNQB 7iACODKo79TuLxDbR03EKX
5VtZePZWdMIRMGPf9YLWKb 15jBeQL4CxPuw5lUvRdFQU 69YW0Ph5eE22iJm5QPF4fN 1oSD8uHFMIcjUwKeEO6Tom 4XiG2abJaCMXO2zye7HUZC 3DzuonHWV6kaY615m98L0X 59l0CeaA4LLngf30waUXWB 5FX89IUKm9QJT9ymrmyK4k 5oKRyAx215xIycigG6NNwt 5gFOSTELyLa7gD7C6ctPke 5wASModgRAMR6Ox1aUmEHD 66Pguw3O53x92NSf5TmfuX 5GDB1zCcJ0R8l3lO09rwFj 5k2ndUWMWhSO6vrOz85olc 5sZNFaACIbRq1n0AHt7hyM 2tVqUrBizORbOmODknMMbZ 3rCtueI7qBN2kZBZnXuk5K 7MajZxzF2wR7EIh2McFTlH 2ZYMSeqygz0l1nih2NsiqF 63qVz7PQmuc8B542aZcS1L 2JpIgq4UIOE8uT0AWYs9Zx 1NmykBDWPJKefio5a5Bk01 51kqkb4bStiE0Hr7nQuTlH 0XBDgnZFhL27Y46oVknBPE 2Le4R47s0PyT0oWcD7qifb 6KJjeZ7hLNMEo1CapJ3b5h 6o723HH1T9sRUFMwnkBVF7 5aelyAGXPjHZfwWhFhJkDY 4Ib9KGEfzmnE8ONctMfX5N 09vEfeK2NPHLY86lKIm3JK 3cpWjDOJdNJO3ZfaCtXeoy 6rMiTilIX8WNrazy1G5xtC 4sIZtdKSm50SK0yXE3Gjd8 0qjYHI9np3bsH5tr0tX2Pk 5bP3OGkBXlquY5chgFWQkA 0OUoJ1BbBrgU6rR4M32Nje 0OZv5yzBBpL3Z7afXVeTt4 5HxtZPq5CslCgdLZjgmjbY 39wSVZZEAEp3kDutv3hSPX 194CaJc8VDIpcTLX6Jzmg5 5CJYQoqQ9V19iBmQEn26Fa 3lduIncHvfI4ULiNc6FPbv 32Ne6goEGDKRcEj2p4s9Sl 5PX4uS1LqlWEPL69phPVQQ 1Nx9fZL2G7PenugMHeijso 0lG26B7qZWpKqgmRSwmqle 3TCfjANo5O7yLjwQp9fkRa 6nSaataHXebNCd8MOJ5Tzk 3D7x2dbFOzR7gWH3vamAfH 4mL25h2hl6gdyu9tNTudnI
5Y147Otjpt4JI0SIgX7An3 4OrdeC0cQS6NsguP0oXiu2 36KdtPFaNf5agHpqQqE7ka 6fqJzf5U4GYe4GdrRhTJrc 5WX2i60xkzIrq0ZTMIDu2C 2jTidefcsTu6VQhpIImJrt 4Fpgcj55igVn9pOJeZKFZ8 5yVer3pRyEBkBUXNqbZavS 7q5mGznA0ubvPkJQi69Qrd 1kdXLXKJW1uMVyhYJtzMJD 6nC7P074b42y6n3b6Fe8oq 5uxnsy7Lo5SRRjtdKLQ6pz 1rQzgEIUunLMvAUSYJIzyl 2ejluZinFq0acyuxTYTtVy 7IbPVtLlUificRIy1dVFMc 5gFJ2ambix570MIyLIy6Bm 02oUEbDQXcVITlLQKMPN1F 7svEVt9A6UU5tec1QiwePI 7Bxv0WL7UC6WwQpk9TzdMJ 7BcJZjl2ZC9rEZZTSNkJnb 2q0VexHJirnUPnEOhr2DxK 2D0gYM0l7RTUcUcbL5pgwa 1HxXVcsrUrclgHA5TeEWZx 5LsCmSs34YD55V2TADpnKe 2NUiXYNB58RqRvETWEjJp7 0vvPVgRrCrf2KsYKEjt3ZI 1XfzbpU3XGrycLkbbcsgYe 6xw35eDecouwsWi7VHTrrs 0PIaYuOTABJPMOb6GxrDEm 4EIOYz4LKS56LXEPC8YeAs 4Gxx7sQAhA9GJv2uzao6zu 2IefETrX0ZSLBrTnLhyA6o 0OhZEVzS5iCdPyVANAqGqm 2QvTqw4Ox0prSAL2mKZGBk 0norzvFdGP4E4Ms7hPh3Bi 4NGTWaZ2uM1eLyaRXfDApY 5CX5ugcSOm6G24vZGhEPU0 5bsiHuExqIe3sz9SJ2dwhh 7a04KrwlkdFAVJmYhAD35l 1RtG2f1zLgW15RKD92IRIb 5X0cjkhQpg9daCfwUPKVWi 4mUvsEisNy1v5YJRLMp2PM 3wfkdtquJATkY8JuvsI9lA 28OIv187lwRNgsIgQcNcBw 0ggvm5LBPRMO4Vd1u5XTWS 6hLGyEAc2QYzTbcAYpMReI 18ADNI1zYXdedfooug68SQ 5etCExtOX8LKtKBcmsvppU 04nDdxcZRU0E39C1STbr3z 58yJSCXlZ93mEtEwj9cAIc
4UZlEcQmkAeh4mYokk8TNs 5mbsY1U8rlTIyLXTT0370M 2U5c6C6A3yg6rGUpnhwHfc 0HVoVcc7SEOrAd40rf4Gw3 7vnyLSwQneVAP5v64INYE9 33aKJ1s1QC94WW868ygr3p 7594P7WjO9VvPvi4JKjEI0 21JCsy6C9ZXNMGBXBnQXd0 5prNNKn1SNLrJsL5Ic4vew 6A9mKXlFRPMPem6ygQSt7z 53qhh1kdcX4gRBShoW4LK8 1DNdKdWPgG7FavYJMfBII6 320jSjcFBSXMn7LVOizpwn 3YrHaQt0VzbfqjwrnniPdw 0nUwolJufgmbOqAGjhE16b 0t5Rr3zaALBh7yI2kGhYyl 5Bxrah6HOz1x123sIpnBgs 1tTjlXKtdnkyZYD9K6VRGs 0KiKfllNTmhImvXVIHqR0z 04NwYtnKWEqP294zHkyuFW 1BSUZCTRRZq8dZ1xovr7X4 4PVl194i5U0ESVp8C3aTEd 5kC6r4q71XMzsuLAYesseb 0YJitchHLZS0v546dxjKZq 5rUz3wqwnN01y99TG0mihM 11LmqTE2naFULdEP94AUBa 3ejqlgVNAYr7PWuBSXl4K2 7JHfRQOq1wyGtkEHoaZBme 0Yuv36SZkHqCwozz8iGUsC 1KiDwXqxSKUex3u8mj95U4 0xr5ZFyC1SssS1dBHfrP5i 0qSAag81S96PZ38BBQlk7B 1rXWvBaFnaU6KNmt36C6OL 6clDsO8HwhHEgJDDp88VdL 59uloPOPxirfPZ6Dhr08Dr 2FvvFilGCHAOAPYCLmFrYu 6gPaBzGoo60aboG46LOP50 4s4egs79fvp5UQYsRSDrUY 7n4TRiA2ppPKG76gIWzkBU 46FUP1UFxyBY2dhZzxVbM6 1jn5iOfXBjXqCFkJ8FJhUW 6GOjqOZ80nn0sKImnIeqb9 5GUItobDd0SHqGRVvsspGf 4F5Y0GWdeWnnqp2jGi2VzY 31F0KxmTD4rz3o0tJht5RL 5V8e4vKMe4FuOhiEPWnwDE 5IaqRI0FLDMOdeSIMCNSCB 1NP0txNrRJa1BYn2HtM7za 7n8HTBeizZPBpRHWq8ZQDT 5FkdhCCCfMkjcUJmDwgBbn
6sLc07pgYnhACYJ1uW9y6j 1oWoRzIymhFRceEzqkUUO4 5RFqJoKg5A4NqH0iez3NH0 0Q5lwuDqIW85PupgHFJwVb 0PhB0fgiMfIC649131VRH4 18TSFIXx3mfk8lusOZCtxG 2tS1Il8uJNVXUQUDDFjt3z 1rwvcsAKtqUK4aNffC0nvU 3krZxyBsWEHfEfJegYaWTd 3w0AsliIPXqqstBSfQ8Rym 0uFwt1MJkxQOi60shQLGlZ 1NCuYqMc8hKMb4cpNTcJbD 40SBS57su9xLiE1WqkXOVr 0F4En5vStNYYkbYc0pZPnr 5f3Pu9oUnc4URLrViyqxj9 5EVl0sCrZ9GLmtK5LAXyAj 5gCGQlfEofp2Zxz5ZjJAa9 78Ct2qlEtSMw3CG6zWwAyz 2DujBPd5EE42NbB9kNpdTR 32GKpDMBMNQI3FdXlFFsMD 1LfAfK6DrKbL2sfKSoq72U 2LZp1sETcEX9wpG3qMWMBK 6QAJq988parzVQ7L9t88AL 7GSpybILpyfssKMTRHwKhz 6QLHiPjIohWTyjlURVoljP 3QtkExf631dUKScg3FOcGp 2TcFh6uajMv8RHkoUYheQH 2xjaC2cHzy9699n52Liow5 5r7WvQtyPfy1xch5zMgGRp 7hE2JEKLcSi87W1AoeFbZa 7vhTldBlNMUA43frYhU6pI 5fV8JZAHbUXPayyq41J5Le 43tIlj5mqSjV4DPuDRb5NQ 12ELvfm2fjXMEp81RWl6n8 4ij0EfQ4YmyjhWfpqt297D 7Gpr3kKk4BMgItz6UbI73q 2ZnHC1MyZMTaO4I4JkNLp3 4pNT8XTKWb2vhcsqwzdXCT 6LN5I7NfEHoBBHIrQAhtk6 7ghYDnKJCyY769CcKClxKD 5N5k9nd479b1xpDZ4usjrg 4edTWWsJ78WbO4F3CkRRJ2 7jEREejB1rBr6MfNuU9yB1 5pxeUPbr2crMfoZpMiUAD0 2OERs9MXBOJ2ctd6Mb3wX7 6J9W3eSnl0iAGHNGmeyjGH 51poz8yNNS72lFOoBpniC7 7tSCXqS0evaolLl3jIuodQ 3EIIrij2mAuaSeDEBNqUXq 3HQNU9Je97oWPkLmVnIKL2
5ndyjqPPACB114cu4PlAw9 6bHBIj9bWWbGA18uwInOVf 745Fbp3nK7cC4sSbvVa7Ez 2pvb9fQgLshiLA6bPBX6OU 2Im6kfbo4lsFFKDuhdnvK9 6kMxfwDBoHfWWO1cMgv8QU 2DWRkeBvFP7SPkbImLKAFg 5SKKXyFuSoYAyL6UeoZKdM 4bciEWCPPeR2UiVloDyUc5 2kATSHuvyl7Tm6FJ9aXQ41 74W8VYs3h0SvhWSsT33aRq 3PfND1ABjvAAeK4pGMbzdK 4jmLj7bALZTQoe93dT623W 1IOdP09aZRes5GrVSt8uX1 1p9hRNRKVFPuYv0ADlkl1l 522u4Fs33rYqhIUrOfNIQW 6Rhpwl3titqN56hYWeT179 7lodtlZgBsWRDk8okphT1Z 2NChwISAAlqRhqyDBkZCQ3 6XL5TN8b803H4jq53sHL2H 4ftp9dAneWgjzxpb74Nttk 1Ipw7AmL5jRYHnOxqx0FY9 2wCwkqxcsJVlq07Z2W3ZhK 4ir1oozvQhcFxe3BDHfwvy 2qfKxIrqUjbJevOHULHofW 7ir1tVqAtNjctvteJPw5MF 1OT1JZWrTiQVfF7onMtZAb 12WnVfw3tLwX6C99DTS2q8 52BukmtmPa67Zeu4ExkFR5 1PVza5KmhSJhz12OewWciE 6r9fWGi3KcMcGvDp5KWYSF 36HY9BTfZQmv3CuIi9XvZU 7emVWdQG8VxZhPZJpZIjY8 3tuDCFSxG2W6XIJKhS0hcX 65tzdAPCbZgV1sdzABF27m 74alrO65tofLbYqpU7aSlw 4KEITGHf0Nb6aWwmBee1O7 6BrMEbPSSj55nQhkgf6DnE 6eGMwVVABqVTe9bWRIm498 57jv7be9jBuFC5tUfZHo6S 5r3x02jPUDzaRbvC9zeyO8 2PEAh0Yz9I72m1Lz2Z7uFj 45by5RY3OL9PmKecKej79H 2F3tkQHPXSMjYbRFAb8umU 2xFELTbN4G0rgID5uQGLvP 6Ap8C2waBjLk4NMTwF9mnx 2WTCoQLkQ9FPdvThkf8nN1 7bl3VMCwFjyWRNdoyjqrIU 1Qsrzf6L33JjcU30xHwM2u 7vSzCfyPzcjgU8trCfWs8P
1K11fmqN1U5ndcp5ru5l6v 40VpMYDhTMvr4XXSVXmVvl 7CMA1qV49pHGaP8mUayVTs 1wT3BAOzrvPLC3RpqIQw9y 71K3YNcMFojMvW6hxX5G8R 5Aklbj6XpnVCBw7Acnq7jc 0Nlzos8pbjpDVQmqqyCd5K 26PC2T3XmjiSYBzNshxJ6I 4SLf59CIE4saRkliTl5VzM 0Ed7MeXx64f6OcIuoTRCg1 26kBtkZT0CAFLn7J0mLkNa 63PjUXm7NNcqm5OCyRMbr5 2NkEvCA3FNCnXpoG4PKANW 1FvPJIYHx4jImYizARBTaT 3q2v8QaTnHLveAQzR6gvYm 2vl9yXYJmoKbv72pUIxoue 3cVPbm4mRYbbogBiG4uDB2 1i5XFIVdPhazNfyBjy4eyW 4hGfSWVC972l8lwM6HB8nJ 6WZCsAnUmeBCBVgR9duo4v 2T9ZrOvbRREplSJqh0RwDz 1VZtBR63uLVG6v0NBid5Cv 2PzNFF5P9ezfuGpuyHPdyV 5tEHwFdkz64ODEfo6X1wMW 6L89mwZXSOwYl76YXfX13s 7KXjTSCq5nL1LoYtL7XAwS 24qMIt9iEQPSvhcIhHI21K 2YotkMjJNtx1ruFkgp19Yw 6eOm16WTF9naM4riZBTGQo 7zj7FsIhzCcJRAJGvGHS7p 64JtbaCzTqbduHQaZYOU4T 0HHEw91tFqYb3kUWAoG83z 6qpGMFTkJO5uJqACfiqH2L 3PbtKwVUqIZPvbQZarAC0w 40MlsThEIUWJbTz118oVRH 0lPgAQNe7t9eTJqp6n9M5a 5jzma6gCzYtKB1DbEwFZKH 7BerXx6qYn8r5PfKJHnZ3t 4DaLjopiifSG5G0UN4HtYC 0jksYRzO32OfQYn9Ql5q5x 4aVKuJqc5Cyt3b0CycbXRW 0ztpWjYYFWQaw5DnPDIYkl 4725BeYG7eOUC3CFjeSfkp 3fnD9o5LrJo6bwbP5kPTmO 3GQkfx7mRoBTOIzSKO60CY 0sbH3fZyPXFms63UoWIVen 0bTV1eMQO1HvYjzOZOv1e4 7mn5Ycn1N2KVKrEWwtFi5c 4xALPscEXQjEdCofBE7bAs 161gNmulsrxnBFhYD1yXFA
1M3LAG7B3r107Xx20A310i 4B3yp7lkY7LsjQhtse62Og 66ODte3X9Uk7ON85hnDNmw 0eEXcw3JLVXcRxYrVYMy68 1Ou1g6tCGdwp2SFnNyfZXw 5xok0LRntz8qY9ljEwPV9L 6m8kJH3MZ2KyVzaIhwklyV 1hNo09mEckKgUo0hmwRswC 23KKMmvxj9NMipe0TiBr1Y 2wDgnxCn1n0bIy4GKyUBsM 2wM7QCRYypfJUYSvZ2lIyU 11LSHJIH0VGSi52HDHfKEs 1k7SxoXgfehQmYk9gTtsIP 0YhqaRVUYUg2cuZy0XrrrS 1JhKbaSsS9yKMP4whv7bjS 1gnoZyrMUE0PBX8TSu5COK 5Utc5iOYPSH52CknzQzzFs 3OrMbFUgXjchOYTU8TeLO7 2PeRJj9lTSq7Eb3UHXLFK8 0d44KsasCDTW15xEFKcnbC 48YkpE5enOln5c7jXSTuHL 5BSxpQHiBuV6D7SKnJ7rn0 2iQPembmg5KvkqXU0sd6xo 50M2QjfSM82wkJ1d0iV4mh 4oaOiFsrOQFqRnIU3hg3cM 3vBrF6S95r2xTAmbG3oeRX 6ulet7v2KicrXN6RIEXjeQ 4PL9ySTEBV90rinlChDKBA 1WiWFd3zeDZdeUIb3vUlfc 5JrAg7BgKR27EBH7Gpsmlz 0zLClc0emc6qUeV1p5nc99 0THdVSvbfTN9ylQ5wYNTMd 1LBpsQAyjaAfgJuZczTP7d 5GAg6qfapUvyTpu7Zb1EWy 50OCKLYk0pe3kzZzNEULj2 1SNiieXNyv5bRBbY9YAYVM 7lAU0lKSNFuk3QhWJCIRVE 2mo8Yzj6LkMdBoATeWMTFI 79sge1vbky0hPtE8fmmIsD 267ubKb59rQ1g92WvDIYRl 6Zfm0oEWg2w7y76nnMk5xo 2JITVZu8o6ls9k8SoMRy7w 3Vpn6xh4JmtryjRp80Krqh 5KGZbjpg0chS25S0BRixG7 1C7jA8sM4Hk0iDJjb4c6Qv 3afbTOksvIrxI6ujbuFPsJ 1DX8qNgXqBmPn0sZETAoce 3fjqmsxTWTALNmSFOZxX23 73uxnSsFMeJ15POpd3zgrV 4FzsAdKZqahkDNr7we1THY
1cJaL67UcW6KXm85VjWd2c 1tqT6DhmsrtQgyCKUwotiw 418Js03mjAjevLvVg9yY9W 7EEUAftllippohaHLLStPu 7dxfZW30kA6kfXJsq79N2O 7hXKvexndr2jyt2lrfeQ3h 2Dl93MM7CSnhyx4PtzzkBb 66EopjNnNZns8kiUQ1cFmO 6Bn3NkzmgLmyGLuJiptS7J 4dqSHCK6jm9DigaY7jpUUm 6ZSO7kPn8IMJFymyticbJO 1KFtR58Hn1nQ9fR0DRnC9n 76QMC2eQTkGdUIKCurSoif 2tXo1TT4xqTzf47Cptpp7r 4YcRzsK3hz4OPA9S5hOuOp 6uzPs2ZLcsYjHcQa17iWtX 65n4ofVWc6Bv8s92e9EqyP 1Twz1FtTOVyCQ2c6cyioV0 0VtqiSMDmatwV2NxC2oNoa 0BRbI3ZMPXuj9yA7ChDGOW 5VEKqp658KuE7uIgTQDyVT 0X5DcGkbxCXSadgj01ZXd7 3IvnjL12tlRMmMUqAF3YRO 3gnKTTdTWKypcFvkAv8wq8 4fX6BFRXtPC5knEwEIV4Zf 2gbGuwPVi9xlFuokPdbyYO 4ton0E6y0NdKLzVcb5VQRs 7J4McdGtWp2AlK99EoK03x 6n3HGiq4v35D6eFOSwqYuo 1ANYWMkMSKWtLByMLcPlxx 5sqtp98HK3Ysdwc9Qlaivv 3StEzhz77cxzg6fDJmYthr 4HObh9kzBejW2YdrsGF0bY 7yT31cuPzcqkE2BJV4Fusx 0t0P8rzoZpd0EhgdWnYk8r 7CjHVBO2kxsRKvKU5rF6XX 5JeBHduTGxXxytZFXBcIlB 5CaKpl8JB1FMCbsgh0sgO8 1qBCf4EqC2E2BFnCdRPrkD 7Ki3cSaVDD0obIpcJnQzeQ 6z4Ha39uRkcjt239UNNmRu 6S91NykApXJldM40h94ZD7 5Bi1eiDqlvRygK0WYWmy2m 7nveOjZsomKLYWhZFKXWQT 1MKDX1KZMcSbTyuCKZGa1C 0XQ5bnKTy6WJR15fCXgtXI 5pddsT98lYhQu8CxfloInu 1HkPj9fZFpjAoAUigBAmJS 2hVx5n2Lb2DFkJyrE6Syu1 3U1930710e5U4pZB7MAEcr
0nghE8iUqF4SkTaMqQNxiG 0Df9SbmPRujYFESbwVMg7n 6kNHZo0w66unzncfYsloRx 6qvtt0jcMyigC9ufk46C4t 0rK3rCFsyC4NygQK7DZj1r 6foRtB5hAqJQuya1QWaf1Y 6l96xXOWjgo5jMAaIAtAVw 4NUc1M0CS7b6zvWoyvibju 2K8elWg8ihrZRwZJ7Gy6L3 1EeS8SQ0BAhNrLVLCNrxrj 5fQdk2X2pa1KyCS9PtZT41 37DxwFYUuety3FH0AfjDc5 755aBgtdZ3RZy7vN0s6LnT 3HFFBfoTdd0TOlvMgq3Lzc 0mL82sxCRjrs3br407IdJh 2Ka9xRtr90Nmni2BtNurBG 4q5jBbjlsapFAr6X0DWlqc 6IX7DKAYyiTdCKHuli0e6G 0hz9lCgIKOtZthsP2JTPAL 0Dt1B5dNfajRczQKZA87aL 33LeiHDmFod6GNL31IJKMu 1pJCc8ItTbsSLNzQvpVwEL 0HSb1M8JyOxD8OiGriSzWL 2Z1CKtnWWPSuaFAWQR0S1w 36RTcbIM1CAOcUT8IZVCKy 6U0TPCGaggEnLdSTzZMaXq 313J5yhU7nKOrhMFrlQv9X 4XxIlAvrx4xG59ERrC5wlH 4I2CYdf0kwexdhFFLbBrem 2w60d1hGeoinHTn1WANxVN 5V5gVe2Dp6sRY574uSSz0b 5kPNj7l3Ru15LhHdWE5pVo 3NxK9CxOfeBxgr1DIVAzOv 1jzIJcHCXneHw7ojC6LXiF 2YC0oTQhwtJPW3Xb4EuVi7 0aULRU35N9kTj6O1xMULRR 0bdNktKwMzf6d4V5BNK1KN 1jzDzZWeSDBg5fhNc3tczV 4GOlDh20xH7UAyoCjlLUuW 5yMawlqbUpIMAiERKSzqcT 3HCPx81zay1UjuYpv78dc1 2m7KPLJqjX2oZ9ohS3U1kR 5Xggr1N0QVjxG63zrunDeD 6rbapJFR3cexx5tL8J9G4B 7vkT8cEqcEZlYonY0CVWrk 2Ry062dKSKFLLmoCWylYb1 4UvCIrCu2Oe7IMec0KqDlC 00DrCz52C36qaTPItWpCNK 1CeOCq6WicqY25MYDqUWKO 4iuNZTcvT9diFySSzVsnVS
465fS26HuViCl4XfV3ydRj 30P0bhT0Ebfl9Bxua0mzYr 6pYboBjyoItTk15TSVpwce 5fybLNY2eBRnEGg8SUW6yk 5eYJOsSB6tkrE9hX35VMB5 5q1EPQsAONcFqnnv3zC1jd 3n69hLUdIsSa1WlRmjMZlW 7ADpciS3UBo1QaBY3336jT 1E0ROdWvEsB7xJxNVYQiqc 0ewQWnOSDCFPrmClRNEdAM 02REZiJgy4dVwbNwuDtDLI 6L1FzqCRCV3soUkj1Dt1t1 7aZ9cGNbHYZSYtEDwQ74PG 6iFSLOSMbRtnEDPZxE4F0M 02JaIzNy9l5yl9LwrP36Cd 2PsNkSLgbIRnEqI1iC9W51 6d12y1WO1Qr0iuAnAwVRKL 3L7RtEcu1Hw3OXrpnthngx 3gwl995wlfBdw7xz3wT3WS 2QmQcGLahguvCbQJVt3Mi1 0HQZJbulEJMr5hnGdHz8Wu 3Nf1z9kad3ZdBKfsIwpoaf 415z4JEuCKRr5T8djU13Wl 2Wv7ETWvaAmsQT2hk0Hk76 3hiRnAa3XEYpfRgiZaTWi7 1w29UTa5uUvIri2tWtZ12Y 5yLwMnaGvXGm4J5UnXh6Cc 3uy0WUeHrujCPAdLeB4rDq 2csZLnXBMuw6ETZuRxdUZF 5QXK5N719uMrlC8ATP301T 2lpHh7hcWehEOY1XwhqoES 1vDr33ErpWkmSc29e7eXIL 6Ui2yvA0D5bXxZiPFWd47y 5wBi26umb4oxXLmpJ32BWV 325WG55nYOOBiJrKuwQ5D0 41YvZ5uYpWGrzm21Z7Lltv 5jmSvq9DNh0UJfMaFeLe9J 7mILn42uGWnE2JzjBsx1MZ 21O0XXPEWPtePt5RMY93Ob 3oBpnSw068uOanWrP0v1NW 1Jmqubf9kGkWeYQXQKImL5 6LUGhchZXZXqSVxmcSxu8C 4nmvi7lxDfJPT6qA6kdx0Q 2JO3HwMRPeya8bXbtbyPcf 1PLR5cITBROF933YbeNa1V 2hiSlFCDNki152M6hEWA2z 3ZIneHhroI4nCW6esalldJ 40xCiPWwUO3JlNPgOKUKpR 4B9v2AXBpnA5tBhGTaQG0G 5jcbcNw3MnXSEhYqXM3pcC
5hBMkeE0yXDq1O2wexysLN 3hWdfKMMHAGeZDPmUzbTB4 71GVkB7fIwkVoYjTh6VNav 5oYVxPifOLi4PccQyeYlJS 5cxz7QNQ9A0F8ODzk6grEt 1LMzPcWEonr8OLlfgvBMO4 3wmgGuYH8LaMzXlZEhJL9D 649lxUVgRdBQ9WL1UZgOQm 0eOUXa1w5m7roVWO0nj1ZF 43ile6cBzr9uaC4bJf6J3N 4A7DUET5H4f7dJkUhjfVFB 6LXh8NJUgPAnbHCfEj6bwB 63TTbjxP71Sv01Y3PGmeqQ 6VKmRUfoyXkwCN1yN6fHo9 3o2uKoGVJF9Tcn1uv7680W 5en0Xs3jZJII30cTVkmDG8 1NZJahgwCwMrsT8wxgqfFq 56CK7JK9mD95WFTB45WVCk 2VxKNz6Bkader0Qcn4i1JB 3UVVNiFBnYuORmpaYifi6q 6mdsbR0CHgukI56ulziEMP 5VuYmN7vAB2i2agvLyLYOd 5ZnzVZrSja6miEOxZIV8Q6 5SRWXIeFhWB8H4DEYQN189 73JICU9ZkgQF9Ha9HrsaiO 0vFVLxB4iVgb7wvM5kkk3G 2mW0rreyTYcW7uzlbgvD2g 1CfkMJc4zp8TzbcoSVKu1Z 7K1TsEgLCoNxr7tvPRJgrL 3rxqNlOUkFQr2tnHzaRHp4 4DUDg9jysiYPzcKQx5ezHh 3498LN13tEg0Kn1Bua0I3z 5erkBzi1uzfVzRotIEDevu 23amdGss9M8IsqPYVOSjgk 3I0FBDc1c1BLNtXWKVjmFg 1AsK2BSQ46gClt6mVaZhat 23khhseCLQqVMCIT1WMAns 49VgUnyV7gxsY6URGXbQoU 1nDSOHAjBN5M1KW74yO3R3 70ZJqNYyi9euVNGwjqTWXS 2lswGqCSd8ZiYeNHpJQs93 2CHuB56eSSN8J8kDat0JZO 4ItljeeAXtHsnsnnQojaO2 3LS2Xp8riDeKkdaI8oqXAB 6wAFvJPpTZVirBKGZ4EnMW 59vZs9bJrEpBQHuK1M3tmS 0TVcPTk3MMkT6WqkuatPSr 0zgQdCrmcqNlXdxrvREA8r 5eoW1Ke2adtl6zuEc6hbjy 5UusfWUMMLEXLMc1ViNZoe
5TwpnBUWsgq8NefrlvDUpo 0Cr5JJCnbOwRtyW9TdT8EC 1v49ImdfM7a8TcnBzwHhLY 43xPGqADFxAVhe30dIYxJM 7tuRmQo8HOJ8Y3OuXqBLgk 4F8OK7mNa51mKqgHqWQiYm 0GImgoHeTSoAGWLUlLmpVZ 4dwGpCdubqncQKzKgED5Az 4O9OqRpTCXz6fB3BDEAbKz 5BisEQq3dhuTA7HlH1BdIW 10wZLut0MSxvX42qVI4ikb 3BgiUHp5vl3kclZZf1g9A0 6nz35DNIzbtj5ztpDEcW1j 6czaXJ01kxeDt3ril5ZptE 6ctLHm16kKdMUsK0FdQJNH 3yplGcDBCIs8aFOB0MoLxf 0m0Y3nkaNoALIrR3UJcjbq 75fuzn623bYyKISKlFHdCw 1RtKWshFLbRrG2wxSlBmJU 1vGmLFF2Xesiet69aFYfKq 6AJKJT6tD1CuMLTnJnBKUj 3JsA2sWDNR9oQogGAzqqtH 0cQrN4Miu5Wl22bEGQ9GBP 7IbGa7PhnXHvUOvhELtGgL 09dnlZrhCzlWgbWUVhUHYh 1RMJOxR6GRPsBHL8qeC2ux 1oCUj7YvKxxSKRDAU3pePN 0QyOt78rIAlyyaceTVVhOG 38AhDHElViAYUjbP7x1byB 3zpGIFghtnVlwMXWyKW474 48w00ff0AouuOL5iTKBndK 2b0yYpClBrvfAAtuKTjRUL 5ecLchZmVGxs8XcS0ND01Q 6jsRL8f0IeIi6FAVEplMuf 6Co9JPD6siqZ3Or3TSSN3O 4bRN2sgCScgr0eI6yP5B1r 5LFckjiAEHV0Ee3WvgpNns 6X3hMObj8GLSDAzRr7k2oc 1xXIGyvIj4efY1Lg6ySfPf 126jVIdqaofhuI5ANYzlW6 6GVNYDhJgcZtHPuWqmcRVd 1kHjpneYerMCiVS6IJNKX3 59mO0z3XsMmdIWBA8WHTKP 5Wmlg7zO654lZuKOV1g4GY 0GuVeT7Qd4K6VoXl2hkewg 5Rbj8akony3l0NNM5TjH1F 00AYp1y9G7MXR6pDghWLI9 5aJmSzmuhLI6fr1Rm0EnkS 0weDROkKMaJFWuL804o4at 5k8eNtmqlKe21qjIFIp1Du
1LPVrgum6yo7F19g9LUUvE 5LYfO0Guw5mmmpsaKsmIEu 6bKM56cyoz8kjiK7QKQ87i 59CcNXlzpVkpsyPKgnvSBe 3UJFhlsrgyB5NJRPrsQcXi 7b6gzvAZbgFVafg1diC6B2 7bibk8Q1aD2EYbx25z2QVb 0vR2rIVORmgeKiGIgNT0fV 5DTkhTr3wSXBMxzVgSiqdj 7vptmeNwSEVkcwDdqk7UQO 34b3a3Pz9Jlz0092LMyNAB 5hlcMcYsJFQtK8VM3ZZFHv 6lAMnXLVCBPMXXWAK4lGSL 4teYDv85reJIQeW12qI4pc 4F879Tn4ApiXJwXuUjty2R 7clKYc0HOXjHItwXVdkiKA 2K7xn816oNHJZ0aVqdQsha 0e8CxZ3UlZIIV3ZRkzHN34 4hnsmFH83BDPJkJnChi01T 2eKcQqAYex36Eju94neF4l 3AW4Y0M9HRZZduUaBTNwUQ 7ibr5QlsK9RwUtwcdyeruc 2RSiUZeUy6RdS89VxOcvjN 3A7C909LqLHKAtKHT0cKYN 7Bpx2vsWfQFBACRz4h3IqH 7Codqj9B5oMniYPUhfv26I 642WeGzD3dVPutChIiHB7Q 3uz4L8kNzXY0Lae4US83sO 0c9j1yf6cruTbdKG3s79wb 3eOiZqirXxK9n0N01gLJnT 4DvepWnbBJzTb0jZZTqgPG 3UFx2jdSCWsB1Gv7UjNs3C 2w9dOw68gd7HyNpBfuuaoY 5WJhA8A39zL1hjkImNcI5K 7DKJP7ksSaJn4YyBkcBDii 77RSPptbdmXNAdg44hJNAh 2ibT849wgGuSoEj2yrDUPD 0E8q2Fx2XuzXCO2NSAppkR 0qa61a11y8VvXD55YqLMMc 2sZjmnS1BSoc1svOu5P8LM 5CICgdHRHBiErtTV4lGReC 2PJEppZXXaTmwLALhfcUUA 04AOmRrCo1uD0GluqdUv91 3uZJzTjtn4sKyXrpan7Jh4 0K6dkNevFwx39OVhURzN1O 2qcCngeHkCWNZJU0rigLy3 1VJ82z9vp7hvBzthdGWtNa 4gZYqEH51kKkRV1HmmpqFQ 6BtQ5DrAkqz9DRKNiF3Q37 6biTy6ysJHR2Fhjlz4n8Ls
5xOAQ5o5mPI2FZZEOu1NZL 3XHrTm6WE2BOHafLwTT3GR 3v5s4boN35stKh5O7Z1uOM 3pTpShrVfgcxF1dAPSCzyq 41Nx5YusdWxs1aIZWRB4Sg 4YXcH1cdFhBV5UCXPQJ57L 2ioTUZg5JbOwl2nKNFquQx 4OGd22TWO6NBRuydlfSLWJ 1e0bk4WNEqtziLi8pxfHQi 6S52u11MvLNy9qp8Ju1unG 3hdXIz9eY9u5QoEUkBs5yN 5iBjKkvMDhY21jWsxPl7GI 78m8Eu2Rfk7PuLl1wycgVq 3132L8fTFhn4ZWSmTHmbSp 4KrsGAgv8b2982iqaokrO0 6f6TFpPvPzjeYSnSn3jt1e 3xPrpVuA56imWcjK1AGzzt 7LZPUnAC0rBCXSLIflzE3I 1KGhPQf0sEvpooYBZeE5Wv 2cHKx4Y9AzEV0r1jPN3VTb 7q9XLQjZPcggPPZVxizRuM 6Qi8kuG0pYd8xMFrw4DcMP 0RZmpy15J6VSzx3IPuNEmR 7xrsGHFmy2I14hGnWJXa36 6vaNZlaM7WMULida2SSuaf 3DEFtsXIflo8aSe44U5yaL 2OJdudjQEqVLzapGg9veRa 6nQRcITAJ9ceFwGnN7kpGK 1Dl0vQlALMHLTAYQjJPDC6 1k5lfkDH8ru47Dbfc7HOYe 7c74p8Pqki3lEl2WzC2r98 41eywgVC3YN7RmdZNmwpyC 5vvn5HATa05iKVql6oYULV 2KodPDsp2Jtc4mjOCzt2jF 3vZ41qZR29470JVWKsdzsV 1HVEBaXOm56CsS62LtgCX3 6bYrRsgrNr8scoczD4vhBG 6YklFsrRQXYrBuUvjldVai 2xUsXYIiK18wSnv2SXFGtj 1TVd8FHpeg1Afa92kaO0kR 3fFXhDBgsRGN4TRJgYevRc 5KDsV9BS4b68kATRBo5DBO 6eTcejNN7j1ATuKYqUnZ9A 6yILShLqSz0rShk5iLyz2R 6Gvo5Wdh2crLPB4Y29ebtg 5l6B6Hl3mNAOelOXEEasnK 3ntDk971aXR8FnErHFH55B 4EXNCf6q28bG84yxygHsch 3SxJKEarIrFrXTwzHrMpgp 6PVck1RskkEwWHWPHtlHJi
0OECdmC1jvIvUwya8cXLZp 30WLOgNn21N2IQbVl8BSj0 5Qg8xp1EBh7ETqQUKejeOH 1LWDM0ldyMWfUe9jSmeuAm 075c2lwxN8eSaqkH5Rt2MS 2Z35tY0ieO4VVluMbsXMzS 5f3EtD85N6tTekD3HVja4j 2uyKZb8FL9gd47ZUjaM8wp 34D6FJysnQioVingDKufuf 0rQT49k26LDAMkgWuedIQx 28pGkPNwZ1A84tM94vkbFz 40QwZW5GcnjtwuPRJEM9bx 6WQAtJFigWOcmwMvzCHHB5 6rLsMVMHQIdtY9kSOoQyzj 5fDYvMg8CsByB1V6Ibi0qC 3sYOwddm8Ig3D3rTElyhoj 5XoS2jXEOyrKFhoFUupvb6 7M0LZTOXuMMWqOm3JWzcDr 4rPXtBJ4VzIB2dWQdzM08T 79IEphfqO6cfaf9SLCFG9I 2aL9fQNbiRMvFss6Sm3RTk 6ynQ0rykKOYSB75YxI0FrT 1heznS6b57vMUrwguaMF69 111ltuNyIqfy2bZhZpgsl7 4CJxEPc8gW6kMY50XPoo5s 6stsaGDOIaAWnIGKDAoSBD 1lxQoyK6pz203nL79gA22H 6X7O5GPtUv88dZc8TZsuoX 2bb6xgxu1sevom4tn6OBSq 6a4x8D3VuXcvJAPsomgtas 7wpy0PpiuOgscZTF1cMTUB 3qq9Adcmvfw0f4bd500eVc 5f5r2N4Lp9WoULWPH9zp2W 57AatGlZs099OMlyK5qGoY 6QH8TZFNzIMunAKOiClxlx 6ltPEsP4edATzvinHOzvk2 7eN0NXJk6ZT0oLsriFPn4X 545FgCbXvi4NEoZhjwJ80s 1CbPLR6Xjo2nc0Pf13N0RS 4DByGy5xE6X4frg305HxRv 5OMgA0PORzHm7HrshzRwHE 4KvQKVvr3X0kc2QYzhCNMH 2zvXUc9nn5Uwer8dbWxN8F 3yEynyFEPhIDxnjYjhdulZ 6yWkMQ7KLeQAUG9x70LSI2 2quOyvlUWY6jTlBBRxBqCF 5qhWM9mJZ0SvoXc4faLPkb 0OxCEyZqJ8mqNNf9pM6SwD 4kje2h9dy1jHUqucGIAS6j 777xS7JO5gtS1xjIR4YpMJ
2psweSpmfwduMWwLGjOauK 6YvEsniCmNCDJsjM0c8tuN 6oSm3mBWFxJHEnjE2IqhmA 0BSjLHBuA3HDmhrW1YH4QM 1F3mpDJAcUDs9wlNcmRQx6 5mwviy2TgfUI7QUFahkKgo 3iz0BamLeB8AngNYpjbC6E 5arzpRelfwjVns3e7vR2xU 5dSqT8JFlqCWMoFKQrUJHa 7HuaFNJNNgLmk1WTSigmhi 0pC5SvW9KuWW20LAEvZXfY 2igGnDJBbR0etw8SAvmXf6 558h0SbQOiWCSDzQMhhdeh 0t9loqkkd5JQcXdbwExueY 4oGxbqtDWYrB7FifmUKD6K 2HMCcoqjAzv1z5msGvhxYQ 08PdUHZXYDptOFNulcPfIq 2AeB3KVIB3chS58Ob9wcav 7zzUVdPXpDr0o7Y2SzgWO8 Kevin+Shields 0vxfBbyhWDfPafdpX8Zdjj 4B3AhR5F30BZydeAzHPnUA 3onuWjUbFaNSdAMD5Z2UOQ 1kxOHYFqgL4eXXlFJoKKQI 1EmqAsTSAkIFeasd8VUcJw 5DjD8BqV6TYG5NvYA3YiuZ 5AofkdWBR5UQKfQnoAQM9g 64CSNv9FhRbxyayNGGhw2j 5eURoU1GtJypHBQJTXWTPN 5TETxVyDZ23k9hRPDWkyLK 3f2hsUSxrW4NwZ5gfei3SN 0RzMlEBObUOdkZVQLGFotN 3rmo8F54jFF8OgYsqTxm5d 6NZ3FIFsMCiB8uws3mgGXH 2En7n02n3hVxxpFU5m9mDa 1WVJQYCwg6I2a0gATnQEAH 2P5u8QPYjyMK6jF0gMOd7M 2dHFI5jPjE49pUYsoJKOh1 1QJb6LWvPXZpTMiqqODqkH 55mCj2LMr3csP88djkFpPN 2kOAH6q64z1zcd7hitIvgP 2xRTlnCsKHtnCahchPso2L 4CanBdgpe7SkperJ9SUoLN 7EnCSpM77JF6Kt2zHuUf3U 0Sr5nYyFay36Huh0lkASxG 2P14ZWipJhoNcp5GyV0AqP 5xPqCldFklLfSC55kPbInV 2xMxnRH0fXdXhaTgNhYWSs 0feWyfoxidgOIQoHWs14En 6uQKuonTU8VKBz5SHZuQXD
4bN43jYf41eIjJZ3UXQpuA 6b5xLu1brpEY2epvbTkMhK 3v0pTF3xIAvAML3jTUKSVB 6jY7UcNWda03nyJ5XiqlYt 5Zivor5dHo2tZoVLqnUpRO 6WOevjtb8ZXVxoj07UgXQX 3b3m879PG1gDVNLTRqtQoE 6O0GM2GHDZZqNLHdaeAe5o 18GKzOdnC7i30f7PraM5Ui 20lJoQ0BCQYvhJV0mepmGu 0oFIUSoeZDQQWLIfH1yYAw 2HmEHiPb00qRTcqVvuPQSX 15sHdLj36tYbfSImj7BaCG 1ROmNAVxMVmTDwXIQcnWIZ 277Q2UaF8FeL7WNWQgzdlk 6Qgrkr8L8gSB3ylpCQyQvs 1lpFgil6tOe5WfTcVW262N 5foiF4myzCFZaY8sGE3VN0 66YGzH4j76U6TeNsvfy69t 4pR0M3MWNjotbg7YOq9yn5 2GYOqc6Xp2zKTazQUqOE3d 1vFamdetUBxidfNQmOd2vk 1183Im1IGG5l9cEqN4H9bo 2fhbNj7j16TF9tDmFv4npf 1ZW0w1VtmU2R6eHinN4Mor 6q7AwoBe44UEL3TiSnk6B1 2WfKBQFGyoYDxlJVor1cR0 3Q2Ec2C59fnmp6gUqGDqB2 4Bs4dan2dFm58HsudSlKjh 39JTFCRr9q3hy8HAMR45xC 6XbD14zu3G9vTkuRJNfxJ0 0OSNN0ABo1HMgfGeMQ3pCr 4sojZpgTiDWrdxhO0qACsS 4gmmw4Qb9aBGdnxDu0YEwn 4H8XwqoMZ0RYJLTkh9LrE9 2o1Deu2r99ZkkQwQ27LnZd 1nDhL6yVejczIo4SwzUyvO 1Xxsfnn39eHTxtrUc24K9Z 6GCIYIWUBSLontW6divqsw 34u5ms0SvYEH81ZI5x0D1g 2bYw3cHL8rT3B7oudZtqVB 2e3AwGlbTooHAazehhvpbP 64gHxF8pGYyErzdbaAioew 0LwwQLNOCvQF9xqD9rJ0Un 7CDxxTvdqbC8klnnzeabqz 7kBAvb6HSxMoeaOoQ5kYYl 31U21fwH5izi4fVA2f1HKa 2CeYTVhTCgd5t7MUbUbbD2 4W56h5sj5y3BP2ZDJROWTY 0U2cxj4RyI85nLhIYZEoYq
6fzwardfFs6sVfNA5R1ypt 5Zf9DLKb2OraKAkxaajzYQ 68WidDsMbVPpmApFhnycTI 11wXhqcT3ntexAqJ7IApVI 6J6FXmYrMxg93mBxkugUlI 6KcQbBTvtF3XoHQK8xUIuP 4WR6hgxdkJEfdnmqSqeOk8 6UsODRXRCHZE4z2vdfZp89 2IhRmHI7pDzhpF9c8iCT6x 2Ic9Ka4YWWlJaqcnWOOir3 6ADaTNTKWVEFWwOcB7KU5Q 4XDpeWqPADoWRKcUY3dC84 1xLbEokSKm27K9CK1vauDN 5TSwDA5UvNPnBu1maDYbDi 3bHnxT5KHWPOb7Pl34jmzG 5ByAIlEEnxYdvpnezg7HTX 67afUY0XrnTCIbTdoYxSdF 2dlCv9zdeZyZc8ulln0i4O 4OEnKJupaWvQltvE63ziYY 6dsoPBbMuUodSUvhRW7Vr4 4UNtqEEyDCcZFHbrSblCJz 73bJ5zBhjkY6alC6mpupgr 4atTURtaWbsqJ1jqj0XMax 01pY3jX6Sqc4iEBgdHXXH1 6PRuDS2kZAn1o9TTLLm3PD 0P5bg4JX1fUplClPC0nkUS 2dSxJqah1Q6S2T5Q6cmPZZ 5gXlabehojXdqcfFN8ncey 5JDwLHI2YUkFSFSn4g5pGd 6cSIkVcSmBOfUJYNWvM8h9 1fIWsO3PaqNpuTqOfsQP0t 3Y3Z5LWsFoWAdOivM3Fd5m 16O6x2VX77jakobNWOzpht 7kOtwbkNCnLDzAETSwxDuK 54j3oj6Hvqntyr1WuYcg12 0F8FJjvopb8WYgRXb5Qb9F 6nHZ5HnyuhanW3d5HLdCrn 0gJ4X2ojTykeaoDEDEE1Xj 6t7ZfNjFv1ZYuyL28qGcZ4 3L1bkrsDTqFGBr8HTd5IG7 2X1Fsh96Z3N9aQdCXoKvro 08fIIf1RuuL041jtLb9vCh 6uJ9BjFwsy0PhHCYFWuQsz 7cGpCxRQBCCr5H8jKAXoOR 613xHhDAkgcRHpjNLcgJmM 732Wxj6ggacpy1pOJFZjfb 2QsgqAZ4SwuipP30znNeof 1UWrvVBkBUlUu8PgblaTZj 2U8AaBss6Cpe0CvAuyN6xU 5CKqbtwBIwRduJExH2oenP
6QT3smjMjZP8LXghTEXorU 1Dqwbd7oFxaQ3fzBVwHKIP 7eaKWfov7b2Qa2n6HTesL3 66Vv4jR85HW2vAJ7j4Fo5M 0kjZngOsCYlAfFkr7uV6ue 0xWTLjxRdB1Gzi1Fz3206A 1wwHHLrhD7xwlI6Nr1zsLg 4nxAZSsAGMlVzsBXPHsB6t 2pu66iltKEpEmVx1aK8wRh 2B8eAzF1rlTOLynq5zgXsG 6J420pc4FAuw8amL6tzd97 2bKib97VCJ0E5f8C9AViPR 5jku14D6MeKJYhqMIM6KUb 2UprN4rJR1My2rtyxv2opk 43IOvudOcWChxrIredgwPx 18AcEUj6arqoLgrrKAablo 7koS0DOgJ2bbX4tzCyaqJq 5c6Q62ihtN9wCd1LlEa2l6 6tl3uedCL2jxUtourtdFVb 3sNGofGUGZTIq4EWXU9FMV 2YnXrBnzK47Z2Z8rVtdVLl 18HqnBh7gdexWWl68nDpkS 6Siga5Vl809RNaiUUs9C6f 5MGAIZetKOO3Pudezys0Zz 6ImhbINAkgWexw9SUsvQGj 21oJSjwh7fm7tyxB2FUkWy 3yT5YxDiRFlHV8FLdHmzHT 487Cg0DyOupYXnw7SyzgTV 18wWMIgJqDrAkR1NElwk0G 7Kd34plqFet9oeUnXkAx7V 6pav0KCJLInt6cjZuVJBI0 0WhcNje7Vpz83dTXmnGums 0TAQhYbGFCf2c7cPsV5BnD 6enCl9YAEcltUz0g4nOs5p 6yYGrFfc595ggAwsYpH13v 7vGlOo6GE8oN5XPa4lgGtt 3uI6BjkeJtlpcl67aOh39y 6oLe2vEi4uSK76nSkhqZwu 5JanVcO1MoO3OSwQDrwKQt 7alddnGiaV7LqTJlnAqKZu 4SjdcWNZCzYdKmJrvLDqMH 1IiyKD9raPeLha8Fb4Rsw6 0PLGnOgmf8RPgZNkaaSYyM 788NX6uCNEVuZW8x5BkQqM 0MgdkA05p74rEhYf3HYIH9 4okxc2Ues75eVebvEzs1ff 26kQzUMReBCGpWz4xrSrlO 0yLklm01CIMDhoJtfOltD5 6lqJNZRmzq4m5C5MwLOIeE 29f3EIixvwmsFDrknzs2Gn
4vXeBzsmSGPmUcxHMHFbH0 0ih8Jf1BQ3TpVHiPKW9WTZ 03hzaRbJYcufyC85HyVNPF 1fnMYDBnE8EvDtAqm7dtVh 1Rce0xOLWFsCwKA0UnRoQC 6RH3jkKsOkyLQ1HkirUvZS 4vh6Rn6FVG4w79JmlZ5p7d 4UYxqXTjfrW0qmZ3mjbtHg 7qjf8JkvdeZMUGwxAM3KAT 5wXZXabu8JyRGNHqgueUHm 0TqY45tUrLDnSH6I3EOy4j 0GOaWCvd3Yw6Ge5wZEwIQq 3kGr39dBiUUdFNw6iiLTDV 4VWbPQUPvLes814r6T11Jz 4t4uk0wS8mvGwuAsGW9TB8 0euk28DJJNzaSx24XukPSK 5yYrUyLmbcdNoEkZGT83l7 53Sx1zCTDR0xjom9cLLs1C 1eBgnELawTqgIyRV0hIYO9 6bxeekI9n4mFVw4GoeQZMa 5GzsRPVccklFOaqv2HKFu3 6NyNFaSVXwJbdC44JtCf8W 7MTgiHuUBZvccDT5fbkkAP 2DglCE5i2GYTG2siXlbX07 1nMCZCddaoDPaecUuNRNHz 5ewyVYO4YZ3NQ763MVezHa 1x9UiIdgnqRr9weFqFD8Pb 70We9AqHenA4jcmXmKzJnZ 0GBiT1wHV68bU0Cv8ZU2HZ 3olYZQTYOLYNImERBnZZqm 3m3XaTBLYkJyO92MCf6Gdg 4iOFqGF4ydeo26eprN8rcQ 4nZVh6X19GZwrw9QAbJ4rQ 6rqONVHOT73QecUdJ5HVHy 63M7hln9KBZDw4xIFgkC34 7xRBF8BjQkiw5kQsfQEcZZ 0kIO4qBqRrEhRXYfa0ve6p 4P8ebswGFjPzUFFkoW597X 2BcMwX1MPV6ZHP4tUT9uq6 4RyBhql5j2aWeCzvpUviDA 3c7Jh8OdvPjF8T8ZBYpNAy 0ZIvxSMlNGs2rw5Nwfb6ag 5cOy0hG13tRtIOd8huiBK1 5o4jvwNQLPmMaNBFgjvO92 2sM2I3eZpanOUznJq1QKwz 0n6WH06dJa8wOFGfYPTDJH 7udpRbgR2XK5eWWd7rNkMb 1esZIxT4rlaz3jojjXNdhI 17ZXjB3BbIPjbTQB3PfAK6 2Pntk2jD9t5N9YGhcQRw5H
0bLEjHo4GHS2YEdLEwI0bO 2qS5OWLCnM9qiQBwpo7Ltm 1qvtFBWczWfbPTGS1AE9v6 6HDPhgsIKgGZi5hCGvCefB 5dYv6SmwqEqBtplICU9JM7 4AHSHvnlww9MLfgcBraK4j 2vyIoVK6ggvXVNEvmIt1vs 20Y5XZkFEJ7hEFPQq611vZ 5nseqyL1YFnfI8PgBRQMeI 5ME2hsWdQihJ9NwBEbDVho 74NHwWpGzCtATEvnZ3vQRg 28faHOj5wAUGFe13wTimpH 5JHNg1hxZFT7TDEphhM4wj 4J6zSz1Adgf1eO0ML7yoxI 5VGlqQANWDKJFl0MBG3sg2 5VlTQnZO89Ioku8ssdbqJk 770RveLR56aH8EtUxAn5BS 0OQF6YgMW5gOe8k4wfvLRJ 0U9SH6vR2n9uwOv2pV4xAI 59DaoyEg0bNDg2CCUL60GC 1QtvVs2atuxFSmRRfgjZ5M 4l6cGdmcmacz4mCajtyfQk 5XfO421mAHiQKCEs3BFayO 3ps9amJ8VfgTZcbrhtBd4o 6pqpfvC6NR6HIx75OXJjWf 10vkYRKw6Jjr7try1ir50G 2CPturRUlpvirYr7VpkXCV 7DarbtpxRUG5POF3ifwu61 6ubyrUstga8FI1oA0eqe3D 4o0q6U6VX4a0VTZ06GOxg2 5gob9duGVCo9J0t3DEXKnS 5aa9HwsSp2nqXX0jnJK38I 44TGrpEFEvW9fhXVkGCndQ 5SR2uhvwWg6lppCvIB2buz 231F9TerkQWX8KoKq7sirN 3Ci7dkGBXotcCAoTzFQeI6 2P2eNflOG1a0vFfvRtKedI 2527WUoKIauHY1tx5TCetu 2wbf5J60Nt6WsquTqhiHtY 3Qc4cARNuZ0cm8R0eZ4M9T 1R4muiqwAGOnBv3hwpXIlc 5oOsTDcsQHbvJQfj2l4Xp5 15t0n7pyDncfk2iSSSzuI5 5dsL05ZU3l4EO3yro6xtV3 62dHSlq2JM8VD15EHkk5MM 7hDMddQnR4yEw14kSXXsHx 3qLIPgdOoMaz6W47ojeMw4 5G1Xj9wn0TZRf7TSbiIY8M 3DsIu9DB0AZufrQHR4yJKL 0djAC403NsyTF7DANsJw9M
7ik61cBwkEX5QwKf3YzdPi 16ux8DXCSRapY8mxHavplM 0aegbRrg4oVF2kSMZwmnq8 3ixd0uV1ESP5NT3Y24hRYQ 5YgHRE6kFKn38uf1WCeDPT 1aBDwEVQRwer2MAse0XKIq 6ZrcmKVwrKD6wCCsVU4RRd 3YIDoJ0knmrQNICKJMr6Lh 519vXKChgO0vo7QLR5KqXa 0YddYKok0rAz5XQeSDdgfz 1NVE9c9yIVgsgE5LnmCecW 6CkobGo7ruoOZNbsz9MAD0 6GAirJviBvCj1xXOwTktD9 1ziwUBpsO5CQrct1iLZuZy 1umyoSLcc9YUhzAHxjgjFq 2AiCE6FB2PfCmlY7RWcap7 0YZTPgu0cGNwOv8Ys5vzAd 6fbjdXZNtoAJbJZUeT87Ii 4HtHiE8kBiKFUSGQm0LJC7 5u96lsWNWmZwrDfduocq8F 4jEBr8w78s3JEplWwC5lHC 3mk7EGvunU5xAyhtFfv2IZ 4IcdOxZKZuDrRmaQ4MhDBm 758wEKVqfYopJIHYWdLVd4 2WU7a89W7Bb0hjQFBEVFNi 4YneH9NPrMiHnqw5zbYcco 6pL7puHxh1psrLzrAlobxQ 6KGqqJais6l3hxsn0D0U5d 7yx881zstT6pSJ6RN22hA8 4W9tj40bq3Rw7fDI1zfLzb 2xWRv8QkOcnCfpyVproFke 2cTLfcOpvwj6T1R3HwvHsP 6hpDZgV20T9N2t4p3rotGP 1zWGUFRcV0Uzpo6ByDGBD0 6b6BiN8WIsr5kLZSwWAaEa 2NHVRc2gml9maFMHRgIC0y 3LSPin9YylJm3vqNw6erPE 3Sb16V2kMijsyRV075TNa0 4cOh2zxZHeltmzVDFC3Nyn 7zyo93bLysAjU08Enina9r 2m6G2vP3x33rQhfmSYB9Iy 5edzi8dJLrPMw5Xct6vQas 0DPKVOCpCrwITGFqH8QLOw 7vlVpLWVOQqf0eni4qBlc1 2rWDNXx8y1uut0vedSq6Hc 2C3ovcVZgw4mJIa7PZvxIo 6KEPlcmsTG7t8ln9KasMJ0 0kCPL5Lh5WUcSLZho3mVTm 3H5DJ9S6xQ4HsSmDABtoxO 40zGbqzeVoLwgoQ3pk1Sn8
74EcGQL8qeVmC8cylESx1m 5EOoMWIB9iK4ZpcSex9Ec7 1q0IzDdqeiJDE2OUrZYaun 5MKaMnxsJpRguFPhpYg1Oq 6SN3Jx90cackG0aywBQ0uP 6vQ2Oib7nT0FShQkKs1jWW 2NwQTdkA7Youy4Q9Z8I4kZ 3qvMgwISh5coTB0QsSusNU 2MhDAsciLk9txdni5CL8iw 0fEowZULrTsT0lxtrwyR3X 17OHsQ5RBrU6b9lTaPP0vh 6kw0TP5KGTilTx0ZdorCun 6NbxkH1XVcvVWlgbgH6OCE 30ZhlPBuHUu7C06w4NQGKP 43XPAYp4ozULgfkTAU13vk 7nyui7v2RpvgOGmSrcTJ3S 4bo8D47IbBsbG3UQ0wSO7t 4Im7xXEv6LuTPqB4RebBmZ 6mrxHiqJhSR67wAT71ZYI5 7HFGgquTRDvl9XeAXytZb0 6ktNhhN2ek5dK1T9lBcr5c 61NLNgbhmpmFifnylZsQQm 7bYmvVOiMBt6TpK2AeHtuL 3DlO61kCL0ARpSoppalFf8 4o1ONyNBniUnlIoByBtPH0 4LRPiXqCikLlN15c3yImP7 7gr6DrLZyTdKiHDiY8Fo39 4zQOlqYivCIE9I5gbloL82 62exguNzjyjvZWVhctFRq4 02yVtcMdApJE04emsxigUk 5W4cALNimK9sWuu3gFcYFE 3zZGv6nCMw41Q4VAg6qZGS 43UThb21fRj3kDqbcD7Tyh 15b3CbkVmCrJTZpKGp1Q17 4tVlAl4RX2T5Xgz1jqar09 5pWPRMYa2vyRx2xYAwnyt1 2LxAoXsqsN2di6TOQq1dG7 4Tp9BRKk1ctQLF9kegEs69 4tqcoej1zPvwePZCzuAjJd 2oiE7F6d4b9w1h3rNXZDEx 0F4EoaMJmWNz8vS8tKgsqY 16I69dM6P94rjHlsIGk9Vj 5MqtUWIKlww4ZMJartTD3q 10wTa8Z2yg1xO23VNQGby6 6pV1WhwVdlF68b0WSRtZZK 6EEnTuHj0Z93L2oXE2bmXQ 2Zb1vzq95XsUDGdjOkaGie 0MgOsVty0YR1kas7x16yoS 0Ri30x6hjU0G7Inzr1Inq6 5LAjU2ZecAbZMcakoJvk3O
6XLvquFy3Xye20oInG4nTM 1X2NMDusH2vH05SE0BNWzW 4c5dS76XS52VNGJ8NnQV2v 6APTEV2EIRpBEvuTrS5XTv 4lyupu0V7V9CoKhH52sfS8 2qNRMxZXiIIkoechr5TeOt 5hVAk39jFzjiYUPULpKkel 4kuwRaMyvGYsO00CVlI3Mo 29F1lmgIezeEHmPhZyBqIg 6HMusi0hqyZReGGTuBzKJZ 5SumgksqfqsXJq7ChdiCe3 125n10fByRjOOrOpAFQmDE 4Y5fyQ5fBysC32Na5sZT3J Jinsang 4k1YrSM0KCb5LepafCrW5K 3FM33HqRlV7J1QJoPOnd2u 1bskfM5U607wrj0FOtXLpd 7uDPlsnEWoPK5hF3weBbl0 5Z5vKH9vNaKsBcflm7uigt 4f5jeiQvPTNIkz9ZtOSgoO 2PBJstrGiSo5sbILpau9Rv 1Q4WHU586exfii22TGLcat 5o2QRKZqtdKMeZ47Im0wgg 1a1EL7PABTujajg6YwsOk2 5nmS5V1mwz8JuaOWt2utdx 3ZBSXNYdTZVaBUQI3E2rF6 1EgqV6SBNDEY1kspPMiUby 3qpzJcuQa9OzdU93B15SiJ 1uYtTOfC6DuNf7GdxkHGkf 0kR53MY521Mc2D6AgvgElA 6L7M109M0oYF2346eV8zQI 33PVPEuXd9TU4Pbl2CaUA9 6La6oQO7rFQ91El8lCfWdv 5RxuDZSaqskV12RPGexMJK 2aX9Sh5PIcXPa9bVZ2GUwZ 2SgbR6ttzoNlCRGQOKjrop 6MLHFdUG2CyxTE4W5tP8Wu 1It1TxBK3xIQAB4xJkPevn 2RjWCcfCOMzKeRJzeoe4h6 2D2rRgYNcZILeVTwB1exfT 5ytSN7DOaQxcD6xekBr2hi 4neVs0gKvGtosFvCuHLKaZ 2xUUVAm9W1qwMUzO3V6oH9 6y3vkPoWtLtYSvTqHBKO4z 3rMKnqrMEHaFDCfDg8bXnc 71cmAPzuEmZZ1HZu1PDUwU 4KkEfWbk9IdReNcv1mCXtt 619OPhkoNu8uRMsOLe3Ue8 5qsNvJS7Pw4KHG4D4EuoZs 1WfRCBqkSWqXF7rPKBJ0dr
3NMxkmSJ3opyoXbKE5Xmv0 3Hrnx8eE7k9c4XZcGYiGkI 2Ee9amLUslOwgoJWZEpSSD 5V28G1ktbqATUy4ioDzJZM 5EYoKITelsef8ygjCOEssR 21B5v0YSfKvN9oyVliPuaT 2k1OWsumaZsPgBEGBc9WeG 27pran7p5ZOZlS0Oqu5tqn 6XW2rKHwNnX5qzk79Qis9w 1augrCXjdsWzHNWgZJk39X 51XWtI9vr5lx0CXZzniSSZ 6TT5T3wc4vrhrtXeya0AcB 3e78dDMhWG4CAnrlL5G6EM 4feYjPU4dBoq7yBvkBNxd6 2EduiM2UNwjCC7PsLxnOCH 3hJvVzjawLnIGnX8kj9CsH 6RavOGeNW1TARKj5xXswAt 34NlsutN2ojksRkQX3eWxW 39eFFeKv7QaTBIukk7TYVu 32uupWMt6AvQyoVxYBSotj 5sKcSV3XQ5PEkCyyFYFOr0 7KX65PC1UZuImsUInThbav 3hMxPL4ezaGPygVwvVHKf9 3k16LYSXuA34qOKNPeW2Y2 4BwdAcWvI2Suot5YdVi5Nq 49EvVEH069kyQnQ2W7vIvl 0CSFRY8K3iVzOBP6tTqYEt 2qzW5AK8ldKUOWUETwAkZY 1T6N0sDs6fq64aydf30BCZ 2RGiAPhQJmTYJ3QL2GEi9z 54FRbsLbIQB0bUIgTKrDOB 3Czw867MbvBiyEd1QCvjmq 56glecGI7lRDUhnr92NHlk 0MypnlcvZ0l0LweQLbKSUG 4OxevuQvk1xoyw5BQfJAnN 1AJuDhb8wqV4gU5Ts6Htl5 4m5vk3cac0JiXqLedVo9pY 41RqmvNPvscXZTfswdh7TE 5ISHfymiN1BZS8S0d7cLx4 2bQPFSI4YmgKJpOUX3qA1T 2t7TkcqOMhEJM6hvErKwDd 3KsS9NkC5ZlPAIWpGoL5Sx 2JtLVLcBKBoMoM3C8OMtu4 6ABDU4WHcpe11CR5slATra 2h7v8YgQdX2PmqzZtRBQVz 3E91YxtYG3kTA37pOzFwMu 34Ic5uFIag9soSkOsyKr54 4NZrZgrRoR4GwR7flWOXRI 0cNddcp0eICYqR1tGu76r9 2xbrMtkxp399aSiCJ8EAON
0QVyk0TL9lAnlfrT7R4X5M 5avB8IWW7byQvAcjxhzSRf 5a5FOSEEq8NKxS9umr8S0q 4QXNAdQxXcc0LMM2xaACXH 7r3oumwvHjsnh5IPtGrfNB 3ujsJyNJl1zxvS4G9JhJtE 3yNfGweckbb7Ei6ADJgzeZ 7b4vbqgzMhbFa0wdjfftQJ 1oOBDH2gmnVY1ABieYuYXB 2g0oFjZcCaqBokyTf1YHev 3tjfbu0G0PPy8UjhxfxVIe 499KRvOC7PgSNFn6eZDpUS 4IMBnBRqm9RALmLrRqfMor 0eAdjLwxixYAtLo7FzFmPp 1TFjgmDNqtfw2R0ruYZkUI 3IQEIcle8D3ldTogQYZgvQ 6lSnc7TjoEk8faPPBT8bk8 7bCglTVCGptCVZAkcFi5OM 3PHjoLDxHVTJjsppm3RSMw 7sBwAWyXfiIgrYQ8BaJESH 3kGaj1icLGqqr0v7ZX0hP0 2yBdJMwsgj7ZtSYZMG4aqV 3ilkEyg6OCtd9qCnOJkPzU 6VdE9gYhKxz8Gct9mochHs 2DWHB7MXKeF8tatN6vbsIG 5nuGiGWV1tGsLYqi0Y8RmZ 3ruSBJtsa5dVwbIl7miXBw 3ou9rSNUQnE7XYmJkUUIOc 1EgyjXhEWQzbK9nAITszmg 4oZ2Xkline6CvRDebjbi8Q 4L74V9LK3tb8vPZz5YwXgD 0FCQrkJlph7Zg2GRJ9jegv 7KCXA4Y1gIGDSm388m9bW1 1fD5SxiUI9DQ718O8CGqjY 0ofnaWYCsOls6vzFNQ07SU 0r3ZNSbuCYjwRlPBMokCbW 0bb2LPVJeWajb5d1Yzc9Fz 3nPDk5t9sc0Wi5b8EjaRbq 0v7s87oLwbYYIm3TF8WwoZ 4ezWLBSWeDskG9c47vMUkZ 4eoCDZ0EutFK1PSC8NClau 1ldXDCIKm0On2PyO7180We 7xPeeUhAlhTdp6f8fWxKrv 4cFE6t5eGoNIUuaCrPCsh5 13gzO8HQDJtWzk76y8Kn3s 4o2xMIUa5R40kgRHwjIF9m 6CZYcqe8ZbiN32rzJNk1Tp 04Ks2vQ4CdOJUX9yDfuF4E 5lQXkClM3axFsWL2NkqIW6 2kGMBOPXMtb9gxzVYdplg9
17R85cgP2xk8p414ne9Its 5k6TEmM8pLZwsZfrcawjVY 3hKXsZ8OMonxO3ogwHVjSY 5fB8D4lc3UNL1xoFoxUOkH 5hT1e6KZjsssoJRmzDZJlf 0zlD8JjDsFUUmofqPE83Cj 44ZTXLhsvi5vaXTDhQsm33 3jESyw537VrQcqpCquXh4g 1zVrpAptIgjoZfGFfQar20 28NhESuYzLAzWdaRTLd7tb 5sVZKVJLHZgckRlbiBlstd 2bqfo1D7DshScsA53gMPID 4fY9OHgSjKDz4MSst61hua 7hqUrALWgNQzuqyZGGitUI 68s6d9iCLRhviPqL6NWA5U 25khomWgBVamSdKw7hzm3l 5jpME9PrpsXBNfOZnd4CXP 7MalBWjhXYZYvZ01QOro4P 5akvHI0PQXu1t9C0Enfsme 6FIVWsqqp1Mlb1Cbnu2epK 1Yqfoical6OdSyhKAPRZI3 5pNNsZlUv8ZW5MgajejiIh 3cVi9bWA3cGzHtYlWTIcCY 14hKtzUqlI1Sa1nfq0GXR3 7aLQoD4MWkYQjZuTQKuT9Y 5ilqeaRPXd1FuKYfyivYtt 5zHgJsLQOD1oQHv5VzllnQ 4lKiH7lACKR3hAdd1bONzp 5rAff9XfcWx7rguN3t0fkW 3A9U0VEHPu6uB4To8muoUy 5fOOQFVHQb1M58iSYebKeW 5ZoR05T4hwlQ5PiCwCw730 6g6KLTBmnhBgW77yjuybp3 4ShcJPxZI8oJ3YskMRjvN7 5HFPK8mcO6BGPZNeZPZI5L 1WI29eelbdQQWpFhhexThe 6fuuD03QCVdzA64ILHJY3T 5OZZVDOS5bVKe1e2drDds1 0pdBMi9P6lWYdXE1OfJmac 6b9hm8mvZ2KH7Fl7LLA5ct 03Pk15VHJTE8FpDGFgpoqk 26SKjgWSVdSgaZQfsxfxAn 1cqDMrHdJTe5eYfZ88XcMO 1i0yHK0by8PTg9tk42F6Zd 34LRWvBr3tcD287yfR6ijl 7iyFH4cS41JgpBN7mhlDBI 19qbvweTN4CaKTM5C60RtQ 0fiTN2N5HEIefAHtm00vYG 0dGfJ3EJZWUkcMpwBg07SL 0pjaxWGdwkoq4MpvlFw8af
545g4jlvOqZo1sj6k1f9j9 2cHbaJXQcw14NzfplQoUWi 7iynzUuf3GMqqSnfZHeOS4 4R5RfUClFaUR8URo8dpHiz 6rpcHXQDkFGTb6preYcF9t 59wlTaYOL5tDUgXnbBQ3my 3B9pguwtbemJQlVWkxrfeU 7oGjw4xAObRO7Px0mmbTFu 3z7BTaXr5U273eXviBVcuy 2hVCN5edf7PVR3x131qsSD 2uk9fgstmLwDqJKVfVPIAC 61iYjayPkK7TsNoVrcoAVT 0hOe5KVXHijiKZaO2SR73J 4FzLkIQSkD4EWgWGg54dbq 4CEgEfJmGyWt4dXadiPDTA 5GWjKrese1UlKkkXH219JC 0hr9CoeDSUMmQQ7ZgTLRzh 4NgherJDfCXWBZBYheM4jK 0djl1uppZvJxhn8kPQulcU 0WtSBij3WrxbY7BNnWJcqH 5U4wYRHrCRxRP6iQfM824C 71A6V5dh5Y8ikhm6NGwZ7p 0mx2qvc5G3AuPfukBCp6YQ 1DyddjuFi3Bv8AUTepChXb 4m2RLN7imvsaLL1ZUGfFFw 7mJW2H2lf6NmjGYh5xNtJq 5jrr4qdmd6jmstVgHxCXMO 5gHPj9g3L9e2cu81LZUc5F 4qKcDkK6siZ7Jp1Jb4m0aL 7kk7Vu5zEXe3y1ol7duR73 57X7wsGVyxV2BNP5Tj6vNt 3RBtvz2yV6YKfmBIIC3Ioc 1nEHVp6LKiADEHf9CKlSYN 4uq5wsywm0B9BbiAjkQjQa 0TI8TP4FitVPoEHPTySx48 6sExDpU1Lx4dpA5vqX5vML 6ruteKKRuUOtbMVtYWkmdf 66yhlgEIsoUY4jIC9eeWcc 0jGTmdloNXK6OKOtxCkT3p 7yBGsYKINijwDjMbUdXQXK 1HzbaPnqHXavpNgx94FtDJ 3A8Qmy2C897qOqCITTkE3o 51SWtB15CCdh2aLbmSnmmY 2UatfwTngd99ugjekcg8Kw 6GE30aCTN2fAInCxcfLvf9 7ztHWAxR8n4O0KeaVyhNlV 77cHi3HzlrS8XDgue2WT8y 6kqPwcQsA1XbMUgfTgnuWP 3rDPkXi4uiJJWHQjXLUIoV 08VgrfLysX34iY5D7DZQnw
6puxvXAbOfVGevaVz9KXM0 2dLmUbF7JpJJOi4haYdnuc 3QdE6OAPJbepXG4Tvn9fVr 4hhXuXP8Iwd4Tqc247lsBr 1qPLYFQSrJvXAGdlaogVAK 3TdQ37Ij8ktddsuNK59NTI 1fs2NnJwN1o6y8oMWqgdls 72JrrmlLyjb9syEvYNnX4G 16u4PO2zigOFYc25FmBR8t 6yZlpjBIQbzg9ldSWblBkB 57A6HbITtifBco2NbF7Qq8 4dpCvZYEe6zyIHzXAnCRyL 1Jh3dLNaZZMiE3wHnRfbFU 7qgUQBliDjhSNrkjwwQGG0 6TpiP0JqvbgzZ2OMQxWMOW 0rtMh0qa6vp7up4LINELDA 5sBFZH97eUCQngFzT3CSkD 7wLq0j9jlxKu8EtC5JK2ms 0vJdlUiOpEL9F69iSiso4J 7s8bUrEP6bzNvSgtdItA4C 3nhQ0t5o70uHAzEgYDedX2 4DJ6Aw9QtUTY16FGSxgl94 3eSmjY0PxxTlX6UxRDKaul 3b7ZA0UdkYO80VA7vjSjK0 3ChrN5yqI2YE6eAMMfvDs1 3hYwZdd2dvngfePGMwkfbN 64KlnwwIJFZiyTx2npti1W 5yZvaUVyuXfSVUaMumFi6l 7fIF15mY7KKw1L4Kb9N1cO 0c88ACEjrplftQ5GvIn1am 16w6mm1Wg1dD9Nqkl720O0 3r4S22VWkg8wTpLSicsQnQ 6EmP97fPXI3aiHnrsHuj08 4v5TWsJCmaNgXSh26Q3DMU 5FAVyYJalDgTnuqgiIbXXI 4k5UZm89ZX0YAHUp55zpt9 2teJGDleS6t1RxAshmqjgy 6shlrqMyqGLIfXLt6eeR0I 2B2vjMTHkOlIZsq67fJPd9 2XSHJOk1o6FohIfjjhSVJM 3vwQdR3pjQ9XRIWDUl04Cy 63e35wfL6GMUp0boIvNBhw 2sVqJKoAIRou7WWqjGHCN8 3SPkGQW7UO02fzLxgX6ugT 2rldjI2fK6nYwlMgaITluf 5Vc8tBMCo4HnBOBuvSV515 2iUrcZcAuVIahQD0dg9HLe 4rvxN73Tmzyn9Kb01z8EDw 2iq4Ny7LOMiB81FXYBwXOs 4LnY4laCBIVWtlIFDRtlJC
4Vn3X24zx2Cie8kbJUZfFk 79lTUYGjr8eyIrESop20So 1fPgFYKjOmuOU4wqdYBuLr 0mflPUN3IgkGvr4fPTugvj 6R6ihJhRbgu7JxJKIbW57w 2bM1cntn4NTeS4tgOmlIzL 0yKcB2AURi3BwbXdgoHxlJ 6W4pDFlKBNxZpIc5d3lp60 2UciqgwVDwro0fev3MFbxJ 0nZHKZWZrkzoBsg8BPIrip 4ZhNhOllhgcw3yAGgKibUT 2tsbKOgFQAPydQQo6GW23c 7ejXrXj6sOXdau7Si62ylO 1HLOUihWib0lPkBEC4Ool2 08tMAd1ZawFgKaOZRJ3SHq 12StdjPkE9rf3UonDpseUO 7xiNQYRf8esOezWe5uhE9Z 37N37WJQvXqplFdCwkNgX3 4HrwJY2pwaWmrjlycG5ESs 1UThbs7PXAlrRqeY0zQpf2 0r7QiuYq7Pzz1VO4N27vrF 5jAFlzqIDDBJzer8jIrNXT 5jGC32FZH9F7m56Gm66jXU 3jhyIVwudrVzMHzimL6KgN 35t7T8LuKoCrjjAu0niN7M 2DldAsblI5lKckAt69UOaU 1rjCJ6SU9BI7MRPYxJh1TE 3AiHj9Z4pROWrvXsiVIGCN 6Xsm4TPnuVEqi7RBfdG3Hi 2gL3yeSrVcdgYUgebT6TKN 2Yip4HoXcaOMhWJauuxRoS 5spTl29nFUNJaWVMmMv5Bd 4wzH21Lkswz2kNHAq6cgut 4Rt4cYjnNKHruOX9x33bpU 2U4YIbj1pXgVH2Rlg5zKyZ 3qKYIZTq1u62J2o98CzmGR 2IR64QEAGnh84s5VtiRrZK 3y2V1bJfhAXeCgXtdLhDpy 2G0cItkDLJGFBRTMCl9Mtv 0tS2duxHzgn3q74GiyEDpN 2AUHjrliXaOs9FS8owONnh 3nFJbZCHP4d9vduKjJLdBL 2d1RK9oTgWwrUPT0jr4EYD 4JSJBbwre968v7WYHq83ut 5DSBsEE8IaHxpGSuQCVPoa 2mdkT9jiKaFHj1iJD6UGzS 7k6uPozwxbT4juqC2ZOlOH 0udV20dIVGhaWHuBAl3i1P 5UBBJnFxsfjFxfrtvErQoH 06gt6MIm0lZuoJFaggQh2d
7LVEBvmKB5uDTg0CGqDo3p 0u2MrdFtWjtVgMFDt54uoZ 0jMY5JC9q6KLALy0dvY91Z 5Ly2g3fnof2iFE8zsQZJX2 7eLFbEviNFKMmiRFLXuN7B 4PxQ0zYObygXA97NDywbCd 5wqNhvAnt1PtcevAYq8Q2g 2HK5TSssraWuemiAyYnnBK 70R9I0mJESNJotpMWQuv2Z 4MM4nveoKuu7KBh70ygeJG 4GjK75Xda8wLpR9cwqRMAI 3EnHSawLt6qSeeMQDiF6r4 3VUBMhcRkfvpBW7yjixQaU 2gXwV4Yk0nUo9HpNc4qCI6 4p37U29L7s3uDxl46IpFGl 0fPK4pPhtIFllvnlgFBDMM 15kcIjQGfcXLfaJyNtOruz 0SMyPZuTyzUk0rPeFlfJ2D 4lUAG8GuCyKBCDzeEbhJHg 6cb6DR6i07ZA0I0B1qnpQi 2byHMGpQTPrmUwZ4Lz0eV6 2TvgXwgbSkt4hsDyOlmyQA 0Ex6Bdvhmy3k8YaI2gdz5U 3QvKpWH7T4vZ0Wolc55aWw 2xxMXbsjhqPzTYAclUOQlI 5aqLROQOpWX2H8Q3b0IB6b 2gNAftR4Cb3reFG8AieWFP 4WaxccyM7lk1pmompcC8yR 0sL5pXgFPcQh4gKZdylcQS 0ZEcI78PzxOXJ7mY3cRQDV 4PzIpney45QmW7nGnZ3QUm 2zomOrcP6peq11Zr13DRQT 6wcU2IeJ7iYxPHE0jT7Ess 2GFJZydzCSaaGYbU03Tw0g 049Rx8e7OAJedD59gpPo90 3wUH2P8np4reXGLmHtBNR2 4nCJINVWT4Ycl4nyMCxKGS 42jYxpX83ZkryvGXHVhxQB 3CqOAktjoFEb11oyJAYcew 3hEBiMFNK3zMUTaIk0qYyU 3KEsmcX1tFTJiG3Xg2KH26 1uTbAQMXaEgx5JhbtZSl8p 30q9LIcjbe6pBOpYRaOQty 1hChch5C89fE0J03esBY9X 0uY4n9q4ViY6ijBNvzVx1Z 6jGNKtvSlqYLpDwF2hH9bx 7IE6uE2NqL9SI5gOSeNi3r 5TWvTuYcGrChBEhw6xHjld 3FM0mqygYZV8eQiPg56DES 4PVO4Fdt5YF1PL2LYpCo18
4QUzPwEXqErm7PqsofTrBY 3YPn3XdfwQLe8xFXNmhPgf 6TwPabnj1LeqVsmRJVYqY3 38B4zP9kvbEeO47FduKK81 65S33FV9zzoHzcoVUXN9XV 3uQN2isWdV55d3oDRRwVgX 0I1eFRytp4XRhLCjT6tZm7 4dOG0XJ6xsW9Ya58vj4deM 0shc3mgi7ThKSeaoaF0Ait 2gUypwZcSOKqu2qkZWYRtZ 3zTxC85wPpistU3qdn8Pfg 6ustIXX6sc1cqA3blhyNsy 6ZRQYzpp9jqOqeNsMw8YCm 0ututP07CUYprPHwvginJr 0W5WlX9jl7brfBZ0AzX2Dq 5j9PEczFmjx5QVlWeuL3cs 1b08w9fIiw2vg0X2Wxyhg2 0kDopKn1xocd2YdLN0HkX9 68cp41sqsZ0DuduwtiXKiD 1PMdnh8JihyvccTeC16XwB 5loRrMg0iqxgIhDdmMqJyv 1W3rvLtqwYDp8nSzo4sWmp 0nlOwDerGCGXYsdZgKO8Mu 0AQquaENerGps8BQmbPw14 21NESPAlEpCZkeAG5sJDOy 2N9oCyPB834GH6CjEZGLFo 2F41oFjbx6UQDKuwio9Ogs 18bmzPqEtI0q3weGa6tifV 5dJ3y5jID3pbXgtTIADKGn 20ACTLslZIN0y6qg6ZchqM 6IMzhsyqOahiX4MMv8iwXK 62b32TAMVvNNOEjw806SyQ 7oeiGcONEX74XevgeHCo21 56KqaFSGTb7ifpt16t5Y1N 2iArM3RVo0uupvmg5xqvWE 7Clv9sjoJg7NsI03ro04Q4 3CyJNVETICgG6wsx2MNEYB 1cEgQ910FNGRVGdbjFwhki 6ziqWx82jgkQYhyIALoraH 1watZVtuN1bACl5wKuV2fG 5mzakuJeEfkwBusJHVybMv 7oCZpPJcPDZfeIy2t6gqSg 7vdRQIcmqkoZOGAk0pl1Ao 62UTBl5LVd6HOCFvT57Axt 0LnxJ7YeHpssVGmc1FasZk 7dArO0pOR4ikHU0wbPuaPb 2BUL7sF7y5oBYUQarVCukR 4nBQS9HOKTKZFoBQkpZaw0 63xdwScd1Ai1GigAwQxE8y 04cuyaLUTKspSKLyfcrCc1
1tsRgPdkCZvwfm7oRPzctE 3LF0lij0IfPYWfSYYHlIdr 1FOnlQtwGRGJx0p2lZxWZ0 06kBwptOYkGn1xL5XvtsRT 1SvhjcZt9HTr7MpeAwaskE 5iqh5wGsSCRbV7RhqFVNc3 2hpfpNWtSywEWxEC0iHCgA 2lHc3P6k5rRFIOmR1zewPt 2ZmjJ9NwvQcysOfH0XBk5H 59HAcR0hVejI7Od0kgibFg 2gYrKT4SpfbKtEbhRDGlb7 2B9ZGLnJMLCrivNGRuxO6n 46fAKTnbopehOmOoSYTion 2lGfgzWsBUD190ZWDqdOSi 2xWEodWYUrVdz9lYjCo3e5 17wP5RheEYKH4fCLrlMHIi 3cmW5eArAwzxsOsSaHBC8j 4QU0qOEiMKwAFD4OhFiM8J 20DcrlNK0NcRknbX4wcEO4 7wKA5bDvy905su0NhqT3iF 31tf1qEai5o5f4r66Kd0pU 2rPmJKYxoVscvEQjFMVcQY 2WwzwTBiqJQEOoVkWy7hls 5q827mTbHvC350OLr1AGnn 7DrnBskY5PAGHDEkgck34w 1pikKqZnF7anajMEEYn4Hf 4EK2V62FS7wiE7Ijl0Tj65 1D8UWztu5a6UGUffTdGMVc 7n6fcHNTkkrolUZI9akKnM 7d286tt2YX4C2T8IRSjlCj 4HZRdnJul41mMYJUS6pQCq 6Ry0RiIUQrRO2orLyWxYAu 7ETH5mL8eLwdrx0cwQiLk9 6MInSHUl9OUXoXgPZlgjXF 5QBVRETMnR1sKyrQAMypDu 2LZlaAlDSyNFFvUrnwOFBw 3vS2tjkjD5GSt1ZHOWkQq8 0Wt0GOi6XcUiXiKMqkKzlb 49iLMlfteGMLONYDOSk2jy 6OmETQTnkxTPnI9bkI78mN 6QucUS2gcns2CuK38NAZtM 13v3siPyvy5TTEZYmGPPse 16akvvpPSAgOmMNWDkBrWJ 4jMPZl0GrSFgbogJ0C6sNG 2XSEpaSQQ2F27Rmv30ipu8 3pJurm3McByF3rhctPRx7Q 327epjHIypEPo3c0kjIli9 6GFmkeGHQdTwRISBYJKfS7 1LxenWKrYzbX8zvbuZgKHn 3fN9YA04h55rSz8pdW75IE
2MCPBNqLfVWQlHdax7Eo6B 0rfXn2iUwqQXzNvJgmcG6p 05xA64s3UzOOmAnh9SIIjn 0SPFNqiy63qFDjFmSuM61h 1Sh4k3Bhq9C9airIGg7awN 2rLQb9BYTsLrseM6d8Gw8I 7EQ25LHDgbu1Ec74pJVZM4 3v7e7Q9wKYF73mTbNIU3Wm 29oo1BXTdD92l5osHa0zSl 3icvJq1VaFdg3bI2MEvltb 3uQ8mgGaiJMgecYeS4qtjQ 3sX8vwaf7Xgi6wmY9DXZys 4JpzIs5lFyV0GoqlejOJ9s 2nZvzyQUHPPGMsc0E73ahY 1cWYBZJAZIsX1bACnpJHai 6AD9CfUxQscQJFA6cWIBfZ 4G3qY8rJC9C4BjKpzwsZN3 1ivz7icSlv0RvYQJR9lHiV Azealia+Banks 375Tvxr9z1xKdodOST7q8k 7nEDPfVvSbWUSTZKWY50tF 1GZyxX0IOdG1usgr4k5Ur3 4oCgzqzaVus8urDfXBPgPI 4InDcTU0WkizVukh4Yua0Q 14O76hpeHtfHXS8ZbqhANw 1xKhDg0GwGskPwVhLk2gDK 2LTlO3NuNVN70lp2ZbVswF 1k4w2Gm5kC3KipQoeOkd0J 35VQqyGKcvKUe0OmsuWPu6 4IP7HW008CqB5xP4uZIRQG 4jfmpxZgW0ci3DcL7mzfsr 2cLbkdK8HCk9hDrXbCk9Re 2KNk7DjZji59RjapV8wheP 2vxbYfy2M59ucU2K3Eyucg 3WUgj68iHRGuk8wWcAZRAa 75QdM3nsnAluOD19G1J4il 7H9GowyeOg6bClVHbo8623 6TR0FGw4zhlGbQALN065AI 1VVmvGxVZqae2QOXQySCb0 6aAmGBpybn7scYZ1O7KaYD 4ZkGtcXfLZHBZWE10ZfSLC 3h9wxqII84qcaMz1o6vjiF 50pr6cNY0hN3ptSCS90Bj6 23Q8aJkM6IoLTOAIfIraxd 1XPUJuX5y8fO0CIlv4IHkE 523iB3ONn8fRaAjBR9c1JQ 50iiDJGpAPdr2VTrz999XA 5svXsRqZfpPeza4huCbFhV 3O3HcpAG1j4tQlCEPh8W7j 6YrA7JXJTEGHOJMDVXetYq
6CLLnTZ7wUVbuKfua4L4IY 1qBotamVxHY9KuN59zoXfS 2xJ0NxWer8Amtqnu2mekUB 1VQmn2bKECMgZB1NikkptQ 6mUBilnEW4oFaqpXLCB80U 1jZE3yTQLRgZ2pBjNLdm9p 7cZ2eZ8zJVhhU8anTa1pHU 1UeAwbA1qkCnl6MUFquh9H 4VS8SYb0xooX1bqpiGkkHa 1QjKcud7uCBKlgIFd3JstG 5JbCI4ibkbDonnzOs1tHP2 0gl7qlrjZpoKaZsu8RkPwI 5oB84U007ckjKBth7xohpA 739YiBSIiL15yc4TgHwviz 18nwOqwVCo7JFOci9uqBLD 59X2sWl3SBtUgkMEE1RlEx 5h5tBFnbcVioFXiOixTn6E 2xDPYggKsvXFblelNnCnu4 4cQ4uc9psVcYC2S89nd7JG 2Vr6FETnu1h4ZoeU0f5XOS 2uWMj52ImAeeGQFJmVlU5H 1ismGdY6TRQKBBrWmgGJpe 69fQaj32gwLdEIp01Tih0m 5LO0k6ffUHQfRunyFmnePm 4MXLd8ALzXoJ1vob6Mr1ja 5uDGa3i2YBIWqJAB2MUtcx 5jIQ4ELSzFSw9a7ryDNu2l 0i5JQKWnD86IhbAVydSG9x 4AWJHpJzo0pelT7cVCbWMA 3FI9mzesMra1pl54SQHVBb 4UprL40OVADveANAtCNrIa 2xfiiCfk3y79yzYwbLPRyA 2WpCr1ls4bjL54NAcN5DAA 6nzC3PRVLiPPcUuem4e4DL 4Z3vilZI6rdR33TBpTiGO1 3HSWza0Gz15Ungnd4m4lMo 3eeyvEpQWJOLpK1pxmO8VX 6W1Ry04jb4ZVooSXIKGvly 0XtcLxPYRi0uLUqDRPDqnC 6WVsPlum3FEt6edvILFNQZ 6znAdEOV0epnSYCabM5juR 7seUbAMdXayGWZtLlbb6UJ 5evU73ErIWtctTlejTcrMV 7CfCkdTNWFQDopWol8SWYQ 4vaAjYpI9MLMsey5Slq3yP 64uUeQQMEhzG1LdLE9B7ns 02aNdz6VHHyjodCMNT5U9b 37Vtfk9HjggiC3ZndMeCZF 7hgue2CGpzs1SCP9VswVyJ 4hRmXzxZ40AvG5PZDNsCOk
7ohR0qPH6f2Vuj2pUNanJG 3XXMz3HfPAllrDCEwxvf0a 34Fdddq75mSgLGIRv8ENa3 3Xo21zVbxWGboTS615jMNG 6hbUv75OlC4JzRYePSHQj7 3rN9iG9QDHFQfBdbym2uel 2E6BB9DvlEltjJfjSJLzFS 5q0gPpBVNNusEenuXo3hw3 4K8NQ33qtwvIfInXJz56rE 23PqxkDoz1hHEKg0PHRZGv 02IWO1ST4g8aQDsJI9YKxw 4WC9Fh3ZHdqdvGuVWHlNPe 454AwAqfMHfDLAPlv80XF1 5vCBk9MyjPShtYJKnFYdOy 0rsp3Mez0MyBqeqUQIRXKC 1tqfJpxA88IxhnDEIzrs1g 2EsBCpGIwi0GqhaFmNOPIS 6gu7Xsyoz40JTY8YXQU5jJ 4XRyLemR4EB03YbJGKXvEV 0ZGkJlkTO2tqn6nRC3PSFj 0jyOu6GTwQ3c0hVXYwGZpL 4xmTSKbfMRBa4sqpvVFkNe 1GqEjF87S8PVoUJ1hTwj2H 2nGG3PPFjgs5K4bkZvPcY0 1e0P4FhjBBMyvO562dLExL 6JI5wNWYdBw68GZjOMmgK5 7mwVaSNFn3bJIvjBoIadhR 1c5CllrZr45UBhWpIqM332 26xiplGpiCy4cpk56i1uZp 2HYInS1b6s49LNysWADED4 0uZaJYWx83aNnbBfoYjMcF 13BlDBpbEDGLBS179v4UvI 6Sp1PA8kVkEqbRCn7utXYs 0M2dqeUpxBGm8vujMTMhMV 1MmaFr3A4MtuoAoAMqowtK 3busEjwXfosFhQjcwjsOOs 6Bqnnspb7ZqPRXyRCsQqIm 632tFGTLKHVQNfndSmOlnm 1nlqyWqD4OIk9x91Jh5Oho 55ynXDgXOsgeZa4Cjh5MIG 6Lz5ZRdvXd6ybk4JnVwW7I 6MaXlwRIWwK6QRV03QMxkL 5sur5yYGo00caJAJiS199I 5FymTHtKfaK0RxM94lA9uX 31wvQxBVmlwtJZwqLnmZ0P 6oobvM9iZY1OF18kC36llz 50ShXztKttnHTljGDptntc 0TR69tw5aybYHbSC1w4xy5 6pn8pRDWmgW7zlj4e0lQSY 11oPk2RZdkYqRQCMos1g6A
0scC8HqVaRe04wA0EeAZLp 1VJvz90LE63G5tJMcmkNim 2cXHGk1xgwKBghFTBTYQJ5 4KvzDmumgsIpFGAJf9cjG9 6drMBJLNEM8g3WJV0khqdx 53br9uJVZDNsm4EHT2RDOv 0tLoHICZA1YlmMOvvWw6xC 7ftSHAwe3DSTrk0Rzf2McC 0Puj4YlTm6xNzDDADXHMI9 30qVCFYKBtAENjTIBA8FPZ 3zMo2jdqUlAe7Vdkwm0gkx 4VHlz5opQ38bspubEoAZlY 7j0V0BwEChTobkUcKzPCUC 6CsR5QRDFvvvfEFbG4Ae8S 4SKjTvhXKjKoEIBGayNt0w 2wQeEJ1GXt903nqSbRe05D 72a5Xt8LRTZUlngpYOhiTb 60fO8og54eTNKzXZIq1qJG 3gKYq33uHC0FKHp8V7yzFi 49p2pGAP1SYfBLvgZFIBGk 1MQCTOWVfy4PcuBXkBsHVB 5q1c1FAl74wY55mgcGnEfB 1Hy3CoHThqF0NBSmkmeR21 2PpS4KnYnvYWgWaWOfUCuJ 6XNFcZlOHet8Oy3cHd5jjh 2mDRMm2mnegdONfu6RviPx 1wC3a2oW50dc3zoY2MKHNl 6ARkzrNsE2XHIfdOT2vsML 0N4xIw6d96XdtCVsi3h7fK 50PtCIy3QV8JTfmXISe2I7 65NPCgLdUS0cb0w6ZiEt8d 6eY1gUYhB1d7UoW0GZ9tap 0QbJQHcCL39wshAvGZzGVu 22FNHdWECtMXEcx524btiM 2YG3fktEoHQAUlXP9VtmRN 1H5aqJh1n2xJPTVc7D0aqR 4nPjSWKyhplwKbZhNMzYYn 0OIAMw3i4SHUHI1NABC7dp 1RLoPy5rQ2vJ4qmjMCCfce 4T3AB146AEV77rmHtJvaf9 1pbWfCr2ekFNl6Z74G4V2i 7DMfdZ4hzIt65e0NLpC2Pi 6tjVwwYCFuxqfvkuyD0Uv4 1UGPKkmY2tANnBSm317pB7 2k12yhqdmeWawv8nGHwgPs 0xYlNtVflZPG1pUbk4qp77 5qLNaaqMGnWVzSKU6v3W3S 7qK0cSZ2di9IeJ9O3sWG6v 4HfQHBYmwaWFJ8farBpZf9 2XjVi7PMd1WcbL6nAF2Zos
6FESbqDsYjUXIRdIxgE4qJ 0fks5X4LIVJ3iEegfvDC81 7921HjgwwB1dSWQt7VHi58 0sf12qNH5qcw8qpgymFOqD 2YXH8JIHyO5jRGjMlzxDbc 4rmVZajAF7PkrCagGPHbqa 4sMyco2eceFRfTaIGdcsx9 18lTNHboyZQRzEB0pkd9GV 16PDcecFqaAw3MD5nXke7L 1pE77HTsg2LtNxKQgXF9n6 6eTmKZiUVL59r5pozF2j8Q 3CmUXmrh17WIaQOQu9OVha 3ajYmPDtB3P7JTPQ64Dr7P 0eRbOJ7nguOh6UCV1Lbpwn 2oXCpDoSlBoW67KwNxxaMX 2WaA5bVXcIqqpz9j0gd7qK 6RVpUu49uQ153FbrSCSlJE 2Qm1bOWTxB58w0DXs7izBF 0pllKca0mkOdMtCdpZKdor 7yorudzqaKxC4yMMbxNCgz 2T3KmuTdp7C4BhTp6nu2me 4FUkmFYogSz8ScvhdJG0xL 4z96rhGd3Yjb6yk9fuz3IP 0MsDvKdrvaw1zuk9ew5Ioy 7LWz1ZzKJSo6mgFxBLljb9 5NzLgi3NkEuUZU1JHjq3Uy 1nTr99ple2uyCmEJBqQvxc 67t7zFDPqRPWeOoiKeK8G7 2BTCxUBkZxlfH4sxVrBgtr 0Xe7rApy8hQUDLlT1IzY1T 0ryUcfZ9p8qMUzYXXAnYLf 4gxukDJiwApNEgVIh4pHgT 27nIBqIDRagpDjL6EFZtja 5UBXqLwV2YdiJ98eZydQgY 4jeaNCKzhbEx60CHmHz228 7JVU7K5qD7dMStM0FlA2jt 6MgqveYKqp3UJJ8gscdDD5 596h29uN0X9X4ah0p2NHBt 0EW7zcKijFGNQIG4irLpDE 7AqdyZcGYK6B1xfqswr2KS 4eoJSIPKVrVbeTgXm6x7RP 5aPVQqYEEZKREbFRxLiAp5 5pomCBdsTZSDCFHH8BAUQe 0tEaprWcHVu6onaVXv0Fn1 5N1CLBoASSxd0IP3aOXeIA 0ggNphSRh3oU9Zy2d9Ou1z 4RHMC3OE3oBpS32peJ6tR6 4t28S5qmj4RwzEJFEz0HOL 0Y1n6pVWLsOL2HjvBp0P31 5OBUmFuhkit7MYdaVZc2bs
4fiURZnFJMR2pbffLnMj9G 7AluhhfZ0AO0Zw8MoUstzN 1u4OT7w82VAx3WPhQWsfjV 67Hna13dNDkZvBpTXRIaOJ 0HSi3FIdbcnWKw6cOr5ALZ 3OW0DWxx56Wsc5wHfnNmM2 5sWq8QZBjZhq4j0gh1Vkcw 7yWLnSnFuDfCZZ6lku2IL5 7shZDHe9GSdnzuLbGGtVXf 7IbsbwUG2nCQtApQMnA2TQ 2Gg9iGoxvJxl4tZzaFDgUe 4cHKd6qPMR1TMx55KHlida 5prVZ6e4gkN1HMuvqCQFhk 3oj7muRhXQ25oVczhwbECX 3K4HG9evC7dg3N0R9cYqk4 535R8EM6BR6PEguodAgJgt 0uvgq2mInnADAWavW0gnGT 50ntcVEx6wvEj85OwriYW4 7r6ubHsaieaig4kORmmsDy 6tdwgxnJBrEggyQfL2xW1A 3YvOX7Tg1YHU8iz2aYgO4O 26fxYPdzbzypCZueF2x2y2 4zQDmLsbDXT3ZByj62zjgF 0DjzUUdiltvAnYSwdhTbms 30NDXoG66tD9IDSMxJf0hU 6ydWUkitVqMOvXWuZl9CDm 2tYKnmwiOrpbgtMNelF4vA 6NqVo9JUnhSEF4H4E72UBS 1FTSo4v6BOZH9QxKc3MbVM 3rHnoVmausYgDjbyvvmMhO 0N6iPrHT6R1pPNpr7RYRue 5FuQqlJooEcXbuKoFv7Q3k 6fBJfCpoI23wozIEAKyH4B 28kfrHXGnhtzQaznrgPl1F 2THIz1r6q9mdeR9NcwHM6X 1iANSHPIfUTITpXWg7f6V5 1YgDGKyKhFlimPw3mLavPG 3qhW02v4Yo6d5lPhxE6iZb 5LokZxmOhkFpnAqlHCmOgT 740yfbM21pST6s2b46mgRk 5Gf4N6PVTlYLpa2xFqS8Ur 63Zb6HzaNZerzH4gIqOZxg 3L3DFS26cSCCzxcg5QXYpY 1zBBq8pG8kolzXIPcOEDzw 4WVxjcsAJ98IRWxeHLK9oX 2EIql9miuk747hMWWmZIBf 70FFqaC6GVKFMtUUG3v4b6 0O4weGa6HfefrVUBrFpY4j 4vVJNb9X3LZjmkXWPP3SNj 7gM9idPF6x76a7MJQiGNnN
0AHY9HLMYcbscA2s4KEiJc 1tHlhpC4bQdPzLDBHmINlM 2bkD63DKnajzGinu72jG73 0orz2g3pXj7q9meh8ccGzA 0oaY19dUwZimIgzn3ZZLZO 4SsyIlkbFc4SNdRcaoAEDt 1YsZB1pLIXR0YgiOxUG9cv 2aOae21QvRkkkA0ycWpiXO 1WH1b0cAeZpOkB8wRS1OuP 1QDHVHpyMDS4LOedQ6utEG 3PZEyO6STzx7861KrujKB3 0KMYgSe9JWHloFeEVBU6qq 2dcFp5BKSHTbzoyJd0MdRk 37J5rxJvjLUAenSEXThc0U 4ZkWxdcfARj6wtjJnI89Ah 7cW3QPRpJTYkKyqFI0Qkil 7bzinfns7drLnzylnK6L9S 1Skmy7igdy3HorzoG6zaqL 166Uh3OiKZbhc6MvOJRbwl 2XdbmpKBin8Aswg7VW6yBh 5oa2tYNwwEIpFy7xPqECY7 34kp6xKKcoXvlcMgLLKnxG 0g5TaqJ7rDn1frtJVFLRRg 1B7FwbxUiGGATlZJHcovvP 1r8aDSQwCBdfHWHQE0Vvhr 6QQMqhqmmt7fOmYwTPdL3y 5IHqMw4fsqG7imBdsmgyER 0VT7EFMsjGxhNL1YcGCaly 6bsaqjuk7KIxAU8CNXc26t 0STU4tz5QWwA46G8QkvtK1 3aursaVkHsjlf72cAuhl41 4qqf1avpzRUnVowNQd1jFw 0qvW7y2pOECCb4HWEJDlBy 598B9RU1jZhObFSQJhisIa 2vAUeLrP0Zi2eJQpCUWcit 7afrOkIxhLWLJTTBKmZmvZ 4ysYCtPmjneZQK4HmXp123 1QgYyAYZ8mTwSk78X50XIJ 3hJLKtTpgct9Y9wKww0BiR 28FCFr9S1iqJE3ItJ2lQ04 3FuO1QmfhL5QqC4UjH58M7 5XU99uJiaZIlfy1ID23veH 7rhaBHxl4QBXYdzYJN13EM 6MsOYxKWLbBdgTgrafJUJn 43P9ATR9KbSpDlqsp2sGKW 7yaMJeDKiDCGC35LrP6EYU 0uK4cbZaSLz1CO5yhK8yqt 5XuzGJOqbil2LGZ2Hsumyc 782vZR7gGZjJt9a3MAbo3F 74eupt16AAFdP0f7IOxVpA
2vjaoSbtSa1IreVwLBO9pF 72s8g7r9MxK2Xv042sHhZc 67UpJLYBsYEAbe0Mm1xRf8 5zhyDDQKHzOJGWEHjgkxA0 5p040956hr0VIiCG8PgZrb 3PbsDnKdrZY0ttX7VE9s5R 0e7ipj03S05BNilyu5bRzt 4eZDwPYDMsTLTNLclM2E1P 4i3JEpLw2pC4xfiTF30hUG 2hnW8vyRnjlICT8CBX60Ol 321kCjhtI2r4gzGodTCBJ0 04Yvj7PvLZpJLcXYDSBpJX 6tiLZMHJJuI6qVne5SdIKS 3jWwXvWrJ1eFPCUrXJdR3E 1Qr4Qc1tZ2klpUgeGOpj8C 6wjSNO6uJYlgbbfauyWhiw 1v7Ft9H5irQ412fsKIEAtJ 4PGE9dFQjtU6RwcCsB2llB 40NKYSkaTC4F62QbIVJ8S6 51HoKwuVUVcv0DHPT0x2Qi 3VpbAxAYiU0wlJhOXql3XM 4UVrhV3xm75tuvZmsbKk64 4AwQY2Mf3Y19Wm8zYKEwal 5le4sn0iMcnKU56bdmNzso 7MiZjKawmXTsTNePyTfPyL 3h324AnMfQMzYMefZoIE2c 4xKYhrGZbsvhTJROWc8Aye 39snk82sIE8TNQNDMKcKD9 5VtB3dwGp5qOAiZumi96zE 3T6NtWjH6klzhSsAGROlqY 0feV26ESzVptPP83N82VAO 2GWQMZwaBOkDwrGz3gQTlE 7tMCIOFe99cWEYr21wfsDp 5oxLD11p9QH7ngtFOHxtPC 4nUJ4BlZ41r7ZzZAFUMF47 5uUoATaBD6EW3JkwoLqUqa 19lWFgKHH2McrdNrC9yri3 3kZRcDrpPW2CUneLoJmhNN 4B84prSUL9JumvFdRm5y40 7JRN5xOUIrnI4crUMOt6X4 18vQ1ZnDmLo1wwFdi3vUZd 6c9JGhWjQgGydAxlS49f8Y 1WmpIEcJwUjubtVOnAMcQI 40prxciKL5v9ynUcWfkg17 5SdzS0afk0IK4TVVUCar5i 4j8AyLqBwqFiUmciCtHq7s 38rkbQKq3fIzLn2veq2y9q 6uOxJQDNkhBPaEF0Qeb90R 06u5LrUpbosQlQ1QJFhPpG 4OpR85WavQDE7wnSuutZHn
1MD8OVelSJTrafPrizEaTQ 30f7O0AXewmziIyUDvuOE5 62wrJlpV0vLr3WuVYI2NS3 00a1ZRi5nGn2QavP5kmL8r 3A6e928yOFJ0MhlG7xrFDW 7yAKFagGAhSvjDnWJJaAEe 7rdPah6fqODfmgpYA6qonB 1nANjbheJOxkOdDog9VpcY 0V95BB9dLPugoNuI3ZiDAu 7qzM2SlRXkHzTvcBG5FrHp 2ZVspXNSXWGnp3QooiXoO5 3aQ2UFjhpTMfBSbJhS7I4h 3g8YGS38REdEPlWhVIlSLi 2gGPEy2JLCRDun5h3W4WaU 7GUVaGNiu11HXN2aqF6Rir 0XEnHyxbdqRISQyZHg8a9Q 3pKAwtfJ31NbrytHaf8HQ0 6bjaO2WQ9OtgzbfZqDlieo 0nrGjr5M967WMDpRgCjAkN 5Rj4LGcoRuBeuNDlpDVJx9 58yWJFglBzvZ7Zao70lGtJ 4TlRxUNhOs2qMwNCYqQKSx 4s6LhHAV5SEsOV0lC2tjvJ 7G7sOXNeEF9ggVFCLzzUi1 6vN77lE9LK6HP2DewaN6HZ 5R0O1izXn9jy0PQn1Ki2Lt 4JO6wEQnXEVvu6VmH2RrO8 7a8P9hMQRdKEfdpAWibNBb 4cOcQdt8DtfSlgUqrUPaZi 3wyLILirr6oFIFw1vYuktv 4T9PRL2ykQDKxgF3XWsPga 4xc1XLf3rQSNlVUBo1wsJ6 108N1hIcTXiVTbE7scxq6k 7MdO7vALMGhOUkWu3VXy0M 7m8iXTYpqu0lR3tipG9n2s 0tcTnI249eQ6QzCt1i8Mzk 2U6xRL9locnLYWFJVCgFkn 60yWISCKWEesW8jnx4AwTo 6GmAj5Wbi5w2xjdcFiiGED 4BVBJAaRgTqY6fohbhnFsO 0h8ztNn1RvlIKGU0yIuypU 4JlUOB7yTBVpt4VFdx8wq4 7cdm83B8wtacWcKAHH4MUv 3CYPs6dtNVeSaTKSTYvL1d 3d3txBmxqEtdutwulLNIfR 3vlKevyWTOgxdhk861hiix 0lzcInrpYlgs9MjH5WfRZt 3TVnLYtuaxnKXzwJr0G8Dy 7be9dRbxAmRogtGDJCVhzE 6AXlFqwckFYjTQC4tXyKQH
0rFWuqFgHAfuzE8uSB9TWR 0Es86fEJ5PMGc4hXuRnrnO 41dRpSIzfOw5ZHzugb0DAa 6UnIzJce5oPkbZNLtOrQpR 4bxSoFQl2ExbgPLSj24UDH 05mO22Uzz4AcVTFTrZRxQd 3BXjfTu9Ltzj9B4F0rIPC9 30034NElDL2GVEUYfl8nNH 2Kgcbb4bG0H8vVp3RFVZ8C 6TkeafUCCwwZWiTsEIFZFf 55y1H8Fiti2Pe04OYe0jk7 4ScLfctYSJVwtAGEHfOLx3 6ZCFo1CzI0CCIyGT4ujEVt 0DNw6qpL1Firv8N5HqrcuF 0SS9RsifzDZnbw7mF1ZEqQ 1gA8MCPNGPAt70FaJTJYE5 4a87wpeqAcOv03pYihEzku 3FdDp2peyLPHhMsppYMf9x 3778g5LKluiQuYZLQBZCHg 3GFwamHqel97rE7CmBL0DS 3yjTSBLLeV7BluKbNh0Nxi 69q8sEvAsUMVz7DBJS4itA 4nzqjpIRBaKpYcMcK6iQMq 2Ny2PM8TUrngbJjCHRWOse 2bOS2oGcaLpc3uFhU7gdwR 0HDE5UpIcVV1ZkTjc0xX33 5DnVR3FYEj7wcpPCWrFfYo 46qpQWRt75ZlVPLtlwQvty 6wcRv0UBvEH9NCIA3IVyQs 4NBaCrHL0hcjpX2QsLXXl5 75UDuZSnltCcdK5RIKEPvO 3c54Xb8hRDqhNZkfUfrar6 4gkSpsiFU0Lsjeitmx4zGK 2Q3nm7HZburF1xtqMDLpCV 2sSMfqZ49niglM5UZP0YsI 0DIZVDaWqgsH1w3lJ9Sa2Z 1eyuI3CXJKKpd97qEHfnSW 2Uvg09DpXF8JfavTtTzJO7 2ZNJNmJnYQSgqkUn2hRant 6fUvgSLjEFcm2pHOJnF997 0uWEbLaDttQ5iUfvO51EfS 0dDoYANdWiqGT685IYHGtV 43KkXJT6h8lk1VcOdI6yGh 43gGhFqUQGw8o9rycQ7W5Q 38paDDziQ57k1f4VfKTeGk 0itukH4hI1pxOsyRQRQ28f 2FvD20Z8aoWIePi7PoN8sG 4ZX0b5Ry0xKlX5frZIoUzv 0Kz9aGVgFvndWkcaiylIt5 12dN3CXP4jtYCmMptVENfm
0AlQnR2CLr3JAl8lluos9g 3y2b7uFFbUgtTFeh4TKHAp 5RGxRDYoK5F70qTnf9OCeQ 26ZTwQyRVbec9wQ0OaihjE 4LjuYGFZJrLSYFrjoAm6P1 563vSy3HB5NHxel1VGQCW6 0nBucamQ9LLOk6p8bhNQO5 1KcZRMyC2tSs3CMIsng9wx 7887Ib2JqOToK0H7Vbj9U7 310PfPbXthdk28FiB1coXd 69xwvOGQUY91E3c9goDJZS 3nSIvZpvO6kU87bmSGwZVV 3Jc6X15OZCCyhGSHBF4hwB 2xxKJgIpgiancRpSup5dHU 2nlZXuEOc2jtntW37SBRTT 24SDH9AnKorwYpmpja2Dp2 2vZ7HMbALcX2Qxpzl6nctD 4nLaeAathdcgAhhB0h5aWe 4IBwmg0jtTZ9JjOWskiiY1 4xdwPChQKkltOsJOcnnrBp 2mIrfke7vosXAEWfz6ucyo 3ENTToAfdC4EPDWdeokruL 2y6LoYuGI2e5zp1R39gvd3 4AodcheikPezoR7PvII74C 1AoYMnWYJBCre7HvMbAUfG 3AhU3QnB24sooPdTtVz3cu 3otqQdAvYzxTSO39hjw1hq 3mxguczqgrfy8NiW3FJivg 7aK5rlTVxSgcqShPMI1TTH 5KBiox7vnG3cnljh8MPBp8 5IEw6YKMLDz8Ir2slCSUBz 1LafsWnrrG7VkpbC3brqdy 2iCh6HCII4LRuxiQJxklsu 7gARZ2i5u5DHC1b1n1fML5 1IQuomr8XZS5S8APGGU7SY 77Pxc9VCOylnexVbXylbUu 0KppFhZ0S1Qguh88kH9WRV 6Zu0p4Y9BWeqQZsoNiX9MO ANTHONY+NAPLES 5YcOZeQFaknDED7TwxHYeY 7vfvZp6KZJpxiaW6rI9ieM 3oTZ4hYI3oUqNL9sa7Xx51 4grjeMHgNzF2gJRGriuXsw 6tU2uY2WF79nhpggri4rGs 5a5vSD0tjTihxXD2cI0Nf9 7CZfdAzpQHgTweakm5Nzt5 6te1QldCR1BWiNgwZADpu4 5CuI3H4A2RAfiS3pruyi3d 7Ho4gdjlktIHc7J0TTNMNo 4EW9Hl30Iw95lNGvbDL4IP
3PfCfO6QfKdqWK3jqjikbi 7uOrLVt25QHYm7944Yx65u 3hj4aPlRreailkV20LbAYK 1iYIhuQce9Q0eG8xmqjmje 43yQiATsXbfGkY7kKj40iM 4rqQWUCaa9tt2eZvKDHFP4 0XCHGFB47eGLOZrsfimlev 7HKez549fwJQDzx3zLjHKC 3g0fAajWquZEairKQoYZ2z 6xO17MOKuQe4A4mqIw2usW 6kle4XS7gyiUIb0tmsyCf4 2YLkJbYqHDs9lfNxvxu62A 3DWS2ZgcoQgfFm7uEnzYMI 0KvyxPJcQNG3d2Tg0LUgjI 4EKjULAhb4UvRODm1GYSzQ 0MxebIKGBk5EYOoDuq5oKZ 7godVgiFcgCVvAoIsiK4lm 3YmFlUmOV28Sf14lJp1QDF 6gRyVtT3Xf2LOCNQqOZJcV 0XKTLxo5KINM5UzJeWQrhD 0RRpaBTAuZWFQlbFmKKdhL 0F845nujLVqCb0XMZCh5Pc 4qEwtfyeCZkAsqLIkSFxO3 3NQi07SXRVAjLTkxhOkk2N 371CWxb3PefH9z8RENdGZP 0KETkFlwDD6IrxGGPcityk 4al7u4pArzZitCFOy8ciaY 67uQVrUdP72E3AGRD7AI6m 1HYQLL0H69hLouA6fRmJuS 6tjzp1mCVaTeK5ZFAye3Ou 5YY2jcQKCBlibEl1cF3RTF 3f9nTz1jGW341FK8lWh5lB 5UsfWcP6SThHlZ4oAgx7ge 1MpgZsqOKUShsVyC2FhDRE 3forKMRSeykSLAf3bV9olu 7M2AMJZISkdKAzHg7n2CUZ 5yKeiw8wIi9n7RysQJWQi2 18hXTkIkVolhZGGpvJGyzo 1uZ7wvs03xrMSVOhXOCOXs 33FGKN2Uj1kilfOsPcwVOx 07iD4QakKODQeFo9e3WAoy 1UswLcejgnxoTcTumj4F9s 3Hht1URCb1TqwcZAwU4pXK 63O139rLDt0NbJh7oaVUDy 7yUCxWhTMl7wtzAk4IutrR 7GvOVDz9prp9rhxeBYqHCR 4FMjTtFJdrTSXUyQ0ydXMc 6e7hIhOLH9zvb3zP5O5gt0 5TridrikuB8m6Cc1Em7mKN 7N25W17dihPNe1icSFzN30
5H8YUFXX2KVAdIu4ZWCIpP 5cUTs6NyKrwFS1Bxx2O4H0 7gUHPjHjgSQ8Gj43nqjZ7K 53iCpRBnZqy9ZtAhstsNB0 6PVtwPF7BwD3feMPnuweSa 4DyqfltYOfmfwuI8Lf6dKL 2Na0z2gfN67Rzf0vp74Wi3 1RMnFV3jidSADH1ZSF8EAr 6qoCGN9kEEdfSGqqn7b9Mp 0uOinAKIEo8AFfK1DcVnYd 509cZqCtvC6it9bKbuD0hP 01Q2cFQT8zvty6XvYQOpoG 3I2jRKrRHNMr88ZgZiNYnP 0rNMiYZsGxkYNf7pj0FKCX 61zB4KTrgORQiXRJ1B3urg 1vLmOKLu6JTuMt15eVLdKt 5ugyEMUjFOX7FS2Ao1Vyak 4N6w3oKnaZJ0A4Tz9DI58a 4n358XQMHXd0xi6NazWdxr 1zm4wE5UxlqWMkaGWcopsj 6aiLShKZBAi9z8LoSmB32b 2ZRdQMMKtmPLdYp9aP5cK5 5hmf3hRQMaDIWuZT1zX3ue 5c21a55cyXghtLoqKbAvhY 4i9IiDEtwuI1WM3OeQLXpv 5I7dFb19I613q2miBqu62f 2lCskcH79aUqoaBiP3dFkT 7vEFKR2QMGXcOAqSTAxvaw 15ZpWPwEYbKxEqaAKyxb2a 6NTqBHONQqmud0ONBzsLfZ 6QLgrJs5yGzl1kxeZPD3Q7 1V3YfBhVjJ76i50NzcI1UG 3AZliPSO2TXzuGCBhOxqvY 3AwA7fXsZVIdBQ1cWxsucr 3jtdzeNpVaHMt3WAYCOHRf 4gfR6zFTmnpYAzu0ZZY58B 6pLqWnPefTep0LTUVG9PHG 07NF6N66WQPx62RWCBBrcN 2flds641U0Yfbl74QcDmjM 04bjLsj1CTFeYwLfDNDlda 6N3qWKVTqM7BvpBp9JVd7i 4cTIFTmacy3vyi5A5F3YeD 7dWoeuzb0oq8qtuNOKyEDm 3fbKUL3TPe8n8SNLaAjbNo 7nKCVuK9xUx8o7iEo2w8sC 4ZVInW6fGgyAC06VycaUmA 7uXuEAmH4gpJhQgoX4wXqO 1UvX2GcCRKT4kPpJ7JXBLl 4JkeT44sBKxLpmMgHb1JAu 7b3mCV1ihCCAsPlXLLA7zb
1FSf2JmNY7qCq5GK8ZB67w 5HbQmBAlDCO4ksmcbvAeHX 2XO1Nt7OAMC5wrjU1ThwQP 65avt9HtCTofE3r4sYGs48 17cRNGpvV3M36BOxlITlIh 1sD1AlCswPLLkpY8jFPylp 2Uu8IiLkLY0UXhCHka4Dlr 4pmqvUFXJ1dI3JgunPeR9b 5w7sO0tWXMmctwKnJZu24v 23p4RULI5WERWXwC6NVzLX 0y1QJc3SJVPKJ1OvFmFqe6 1dpGE0PERvAOk0kSpzcBzN 5UnTvNl5jkxhbgKAVgdOOb 4JvfP0usd9kU4CGS5esjjb 5JxzUX78neHmQCX3OlU1Da 3a5tVbfKBq1IZyKuAzIwTn 4QvTOAIVxL3NGgrIYU97pj 43NrD8WMFEPbmH06yycFyT 1k5UHWNfNn2SKlUamQkfFr 6JheR1ZMJyEJpFedDY1qme 1B5fbRxnB26duk77yCBWvS 4GbdMDqYcpVAPVs751wD5c 3VqHuw0wFlIHcIPWkhIbdQ 5poKncV0iTabr1ivJbFNQY 51K0ktiXb1Qf7MwngCrDra 6usvvNJigh2Y437nNIemTv 0nr4CSvvfoSui7rmudDNac 4CxSd4uDRGbuYMDEuOfXHr 4C7n2DSml6WT6RysX22Hma 7LcGFEy3L7w1zymouQKh2r 1PuRFcbBEmjM5jVcO85iF8 78sDtVQ3KHFwRjNx6FAOrF 5nbgp0G28FNdesyAg2hedU 4cFvEaXTdtwfijW9ocyvcO 6g2QSIQtAsNDcNNAfnKZ6t 1B4vEaOkLj8dJRL4ThGH1k 1Ftb9CNP83Zx4zGwpeO9Qh 2Bhg7EZ34HrgjG09dHXRuU 1jVjOcs7QeQZJXScbqvofI 4JgSvXfE3d1vokNuf28m9h 0Lq9wCNtxUvP9KByziaScB 6puPeC2EToXfnPOcVGhNTh 7tPIAqUoxKLzkSeeOIMnxn 0x2AQBeFNlGZK0n5HtsvG5 35f5rjhsb4N5iP9MzNx4yf 56ZN0QU5MV2bcQmJGNcxav 7qg349cIMHC1syfpyQZtJ4 3K6ms1vFgFiT8jJiRxNoB7 5RUlV9IzfDkLWS0laBUqwF 0bV4ZfNGGFXRQnUeeEpxgA
1oiLHrvQnFJTNgWYZEceFV 2Hp8RvXk33BjydwgJrtb7X 6nEj0iL40CSCTsPkZViD3j 29g7yAAjT8zRyp52EYaGwa 7nRoG2oWTZzUDTUyuYOWMY 2tr9Ut9HFcjbxa5Pv8yPxs 1LPyIXU7jJYg6FxLbt931K 0W9Z8mKU3kSZAaojz5rqwO 6kvKLQwHiFZlIqZ3vGXvY2 5CGDrFkXmbdetIgUt77V9g 5Nn2Dj7OQsGL6pgQ9iIzPp 2eB4C2grJAPXxZJGgY82Xj 01f954mDDP2IdRQoK8mvgf 4riDfclV7kPDT9D58FpmHd 6HRa9FtX8ifjQmA3XFBXan 4P3rygKVSwuezM2opO2BVI 2TlGnMncLSQTIqajn3FYM9 0Ncn23ImrJf7J4Wib9Fd8I 58kn9dFoLhUTAYR0UqxJNE 3UYuDTslR35thjQzaVwRMe 2H5QqrUXeJgu4Kx1WTlmJD 1xmLTEMYgUn7YlKEHpgJeh 5ANNHFNkgpW6RJIx92VNu2 6EX65PNGYazpkcktnzWiJr 2WEmgioxwOr7IoDxIf8MGc 7LfI89MxvXGKq0LBIexJA1 4PMqRJEHqnT3se4q30UILx 2yzMjkW9sxy4C7hSYH0db8 0enjHbG4UWHMnZYelbfjUV 3FckpjqVUWNh7GKYE6BRte 4cYhSJQaeKw4fGu8MLBcjL 0mskbJ8zspVzL7u8XPie1X 37WX8Luypjzr6OM1dGpC7d 6umEXOBr21kMtvcCrW95vg 4Xw9JeqpkvEjpuK9VAyYtj 2isXd9J37opE3wXIIvnrSL 3q8laQ5NGEkh4vrW9Pq7ym 4S1F8nRWikyKlNtrLHAm2w 04CdWwWwvTB8UcV93e9akB 2pmDrJh8FcLnJcKrdsTALM 7qsl5ZjENQxMbcyDKIbkrZ 0zIAV4bCfP2SrihxJcZFAw 5QGl4gpDtYmpujm1zW3AeT 2VFMciiH3p9WukRSoO83ud 76RxZ5PmHw0xJ8iNqYWxSv 7B2HXzMN7x4sSjx2UEaSPF 3geFzA6VBSNZUTmV3bCry6 6ncNLU982iaD9WFb2gTwKd 1i5XRu1L0x7gIg9UGKqizL 6mfAA1tfSfz2YmpD3ICbm2
0BHRKKcZMpwTwvkqTXq8cV 5K2IrHDjsQUwKaDcD2S8nP 5RDA73jk54s9jCLZtPGtNd 0s2Zkseo3fQldECdroC5wt 6zv6pen0ytz9A1oLiHFKuI 175W0lk4xElSipzBfsORL6 2uUXBmKfcIhKOKuYVyvoIz 5rlCMMPQYOtYQ20xaMxBc1 1BLhdudteYTmjx6rGRxtXV 5uOvMs36GwI49MH2bWG967 4zYGOApSeBUobMEypsHimZ 34vCWXqZ0NkVJEiBlbJHoA 19w3popMQh9dpPrv6MK9nN 37y7iDayfwm3WXn5BiAoRk 5a4ghI5qbi0RaXMOtl2ap3 1iHQ5GCtBXUlUc8586AASo 5MmF5nMMSPjkyvwTG4vc08 54YPwq7yGMqmu6MOMUyE9B 5oady7OSE7dH7LHiqmb3Cr 5v8YJa5EjEr8ZqVXVuQ52g 6oVY50pmdXqLNVeK8bzomn 1XUZlNbp9cafcx4T0I28LI 2bU3swot03HLO8PEUJuM3H 3aJLR3MRjynsFAW4dUU8v2 7MXhzqdSgImaobkpcrbQQY 4B5svMhrwXaCPl242LnYXN 5p8ThQH8tmt0O4ZGvGvQgo 3V11D8SpsSSh3nH31XTxjr 4R6u3Mdjuo7EqxYo94Qtbq 4LSPsnhIlQxoEgmL1ptu1M 5JFrgSCrW4aSeYKSK9MyyC 2lFN4IO1f2Oe5TV43GLjwM 2Ko8n5KDRAWwYHw2stVjTO 6aFibEwLZUbMln9c5nwtyQ 4HklGXzkwCtrBj5pPb8WcL 2NeSirLM2VHQW4upn0nMfB 3Dvt2pjclAugkNAG5NPDjz 3iFivMtBTccWMWonTNlOsG 5DanBVeYuI8H6qMn2dDaQ4 7hq5opQ8OtGZs0aElFq0js 0e76CAlLOzHTVG6YedbQL8 642ksDkPxFRAMXJjdFT53q 5wuMgzTz4CEypdWabWjkLp 7h3LbYpXdGll993n2BB9eK 7I36fcz2SBQDKQNTDVhwu4 1NUdV2Lc7e2sbC14T7kG4q 0lJ2HexBoPbQjjIlLD6b1a 2lnRW9Ni2lTuEyvAxhCQAA 6Ehppwsg4BqKeuYOiySsn3 4Wjhj0WjkyECccfHVIgaTq
6jjxWcs8iSx8ueDJv3GVvo 24ntSW3QVJzR79lHAAOTaY 29x8vGPIZ1IYZNH8gyAyEi 4tw2g6iUdHr5Uh0fHY7JTz 2Sh3KtxhkfPXR1zbqMXEWj 2LYSZXZ3TmsPrM8AMKiFqH 0M6e80I4kgBpiDhy3xyaoy 0Z7b5GlC70FAES1YduhhqQ 1CnMonW2jPjo4OvGEw6esf 6uUrAP1BY2ndMqqMBtIhm2 6PV43XR0bpxvIvzhhBxw0k 1Zsa4OA3ZADDFNRPmmctya 59VRFpPnC8pOhIH2WCWXF9 7tx1TUJrT6qxXFXAELqbev 3lGBvPUgO7MJltUnBlOpe9 4yguqoXMvrnSPVkRGoMudq 6yePmCyF7Y4RRhGAHPTbYW 7cXrHMyxNkM0wST99yTX8H 2JOEPbuwVf0nafGnMSVEhH 2snu68lsKBFzmEhapFXD0M 2ZrzIeqlrFjbJGrfwaxmBP 4V1vke9jaH0CFWuCMnpenK 6NkZ3rUC1wX0yLOIqlAff2 417n6UbUWOdel5iXcROCd0 4jLyuBeGmgDdRkdRb3PmvU 0h9xxCoXw2LkdJG9pR79RN 6VufBzQiwBGBLQEza3BfqR 47s5hKfwGXliAAB8wKMiNo 7xxu6YKNd45pmIlksZhsT8 5I5UdmJC11CH2lmmqEYqsr 3ttUknxJTSSfzrWQXzYVbZ 47cvdvfCKN8SYOz2NMBoeA 5jOzCLCwDcc2rZfQbuxCvr 5hHdrN23SMuJkAsoyUcN24 6AfnBFzPNp6pg2vHxwC1KD 5nNSjOgkSyjuIoOwnJm0qt 77g3it4naX7O6U3YJxc219 0tDMey72Iqymplz02ewzhh 3HIyzleWbghroY372GMajL 5ljDRYaFEZy9INmM8Fl81e 5NaK78tD4AtugGbNL4gkfa 5EUD2ICWsqHgrkP17jWBKJ 4GsjpgN5cD2QpaXNVfcCrA 4EljOAy3Un5vvje7PWogys 7HsBPZz9DNjSoknVFsOwAh 6Lo2IpUllZ2euq9KcuKQ9i 1TnPVJ9Resr6g6XqNzyHrG 2lpwnJenSZhpHJXp6x03lX 30hoPcypN51Y11q6lnI6mB 7EM4F0V4YE80hKQNCvzrc1
4V4NLXR80N6ePJ6UDxez7s 4xWS3sL7dFAE2lnVmrDXLv 0m7IieuJH7Kjj1RGJt3j4j 7ubd6wvhN4TKMwQUy6hR69 1aXbc6bOx7WdgHIf3dqKcH 3tHEtiZzwgftuUoRb795Ey 39rhDYzJpyY8tCymSwNX0A 6AfLmKXzhEZjwiVPs5jhdV 5BAsu5rqza00870P0jerpU 7zhkbU7kuJ1bZckANbaTEe 2uooNtiSBwSCtOwTljpKcN 6gDl3E9aHVipNzutEV4ZGz 0fJoICbUeA1YTMgu8mA3Tm 2iPqpXDNcn5NPIv5OnFxH6 1uFBj5nzxLIqqkKzsAEmSC 4kSOiZOW85gDgPMKVmnNVC 7H2LUhOLXMmBmx1vOQAhaO 76sKNea4kunDYkddBNYP5x 7v4BPLK13UHPlTKgeot1c1 0Xsl353mEOkmaGiV9ffmgW 1bLl7PkhFG8LeP7OtjdTVS 33trRVG42wEdwNI5l1mS2D 1zC14cXI26mRpxq5efeZr7 HARRY+WOLFMAN 2MdqeUn8HH7GVWV13M1cSb 7rWzQk4kZ5W1gvWLgJM6Xn 4kJWtxDDNb9oAk3h7sX3N4 0HGfTXRGfHSMel11zjuij2 4FWAIFuvFh70kXbArtRGO9 1058fW9H3fZA6QjYCdOBad 5o89I5aJYHe4QgleBC7bNu 67OOgbV2tnbkMjWSgIrWMx 1fNBeh1CoP8i2Do31cp3X9 1TQsMZirSZCJEw9DAN2LaZ 3ygfz94pyD2h9rLTQu8BJw 7N0cq7ULjRQ4bcy3IscmAH 5ceiac4HdWjIkzt457wza7 21OV7nrRGSaiRk04XPM6ri 3592r0pzOzCeXJ5xSB8KEz 6MzuROznsagl5Szc8w3Smj 2HJLh5uDqVzIecOAB9DEdd 4rGvQIhbqN5XMBPg9Ncllb 7wISR3xkHibRHLZtWj6skD 5PpagdXzazbBlTkE3NRkWg 2LKe14uoYT7UrIGswhksmq 46ysV2R0UyqObMmY0IgGHc 7IsEXPk6qqt30FfQv4SZMa 6CXZTryRGfkDyfSBt30eVj 4UAMgILPxR58e5esbP2J6K 1eys1iysFllOg7dAbUjFtB
7wN3nnKneV0IRWpdmKou5i 3cVkgjmP54k8Po4baOtaH3 13CDnyCYtI6nytVMQwPYLG 0YmU22gCHDKFejuvI8nDou 6aAQQItH0Sdx2Up4yDcl7d 7D0RhFcb3CrfPuTJ0obrod 7x8dCjCr0x6x2lXKujYD34 50TMtPfr0RGGEsZRJmeerY 3Du0PkY1azjluiVSb9U5Ru 53uKbxpNXFBBEOLYnKUJv4 2YCphvmfmbHrNbOqPatTK5 511TwppT6burA7VhqkfcYs 0SAqSlYnwu3OBxfOLioI0e 3ZOomYOMxc02ChdDH8Q4t8 4qfQPkeTlPk4DgT4Va4FV0 4ySB5vX2121c5L705ZbZTq 6hmiB1y3W9s6aCO6bKs1CQ 1N7FGyCdyaIqzKidEKJTXq 2mNNAGjwvx83Xiuvkc7m0j 3GJGlmhAeG6zYXLSKMeVHB 5YaaEFfOM4L456nszc8AIp 1QzHwCt1nheaZlpKWrxkdq 2ByoCi8e3302hLHOIJssQM 2BOFXFcXDFVLlhSuLeQK44 3plAXYPt7hp7CSngRj7Hkv 5itvtJeCeqI7nh7257Eo8j 0DDjYMzea7miabqPARJsTg 1BOPwQHchofiNCatmYFw9k 1i7tKveM6Wo3dG31c5OwAL 2R3x0UiO2Y3alJagvtJZXt 5WJROlNr1bY44AHLBAydU3 4FokLpQRijcH4xTN3fLLVb 2EAiU7UWGk18eOxJ3NrHDS 4AHJTyq1AaQ8IUcoMFCIcu 4NM4yFIdYMWhjlePUgIVur 1fMT8wvgaeq39N0A9DOlxf 5FiSo7E1IvpBeowZxMk9UI 2UstCTe6NPOFZpHvMfZu4d 2cbic3TiUENlJX91y67ARR 3V33ldRN2gRQyzojTwjlWP 5wLbbFn8iJWhQ0MXqwvknl 5xCQ8smGWXkGe7b3ssLExK 12hrTdStYqC2lM5SAIQOcq 7xRQZjynlfUeSatKMiz8qG 740zSgBv6PHOGAw04Ta2J2 3aGK7WCO3YOdozlsSQUcMJ 0XT9Q7mMWmU9Q5umVPpnw3 4VLqFRZvIi68d2M3lHrhdH 2EtPdycvwlHkPRG3Kck079 4HWCYy4zQet66U8PZfTo2r
5xRNa9dnkp3oBQN8hUwtR8 75wkAP5pXoDJJbz9ZMFqf0 7kWhikyT9e0Qxrn4R0JB5Z 41uy7Lp2ES4XumEplCpEMF 5n3rKaH17WGGWwBzfHndNA 4uyiqxmsY5cZvrB4NWyCRw 4bEcoz1OcfMgUbp2ft8ieQ 56dkQYMZLhNHu6wNpOi5Ld 3r5FpAQgnZxxKDCKFawatO 2PpEFsJRVpGAIdscHcukwq 5EJoaORdesgQPF9vLbipbQ 5aeP7u8YP5gBQvoDKLGwNL 0P7KmOLAHUHGHBJGrDOiby 5qdLoYW27GbjYt8zkoFGtN 4CHvJmCYKfCljBXJ3Ounay 64dkTKKNLwbjBuU4xnS2ei 4nTbgwoiqnHRJ9H8l3Et6L 7m4mZUWuDmeVQvFngO99Ly 2Ur0N8qoLjXCPmL36rwkaj 0LpEAlF3K0WcbcDcyXq5gQ 2yPim6m4Z01wJ7aJQmAK9b 5u5gH4rQXu8zo3G3Y7D4Td 6QLp8WLQlkqSd9l5fEt36R 0fiyJDOUPvNWQKnvSk4o9N 1kZVDA9y4vL1pVDmmNGKji 5m5vDr9hWKgAH8yYmSHZbu 2cy7RJWP1loM5NRjCwKfEH 3I4rzbSpF49exn8X42HyqP 1Fdx3RfAlTV1FRN1mzgOGO 3fku32mH3zk91khNJcmZDR 4645GjIdN5ajbLS8jHDf9X 53BeSVY0mpmucCIr0pDkPp 1vaERuuvXxH9jJ3TbhZ12L 7xIl8F2iAi9NC9xJY6vyUA 35JUTrIBtECyXry2MvcL0x 7skpOVKLMC9oUwVcG6mZQ6 2HxJ7G4jmVUHAIs6of9hgV 7siaW2AaizvdExefz6W0yW 1o1XHWl1KMYjlERMV2ATUv 2ZgK1pRNYqYLoGgBX6m1bz 1SwE3FURO4wYshsLRggtfv 67QyizBs4CVFHPKCak83Ll 7mUMHbX1xbMXz70im5TETZ 36U8Omo4UVTsy6dFuhFNvY 4pz6ZAoOMKgnAzfX8yK8dU 522lN9bdf7s1uQHGTMAIrY 0B1xJpTuQKKBaatzf1bLr0 7kmFAQG5c7VBboqVLpZ7sh 6vzJ2EgdoO8xT63oS8TB9x 2PdJg1Cxay1nQw77S3LKRv
70GeFg0Hy8uvIoujccyWgz 6t1078PGfBRYianA5fCWzJ 6ynDLZeJjR2XitUKhS7KKW 6AshXllQhobwSXsdpgp41w 38puxY11YbbBHdeXdADwgr 0lPFs9M3KrBJVSHh1FsCCJ 2qlGMAnbmLquE5NL4AoLJ0 4efpVfKcyMB40kn8PFJf8e 2CwUy8aMNWAislPr58fDvI 6Hyz30DDXetAbNAOQ6Qtgz 4mGqod6eWLHwXkdZHrH132 1cNkaK5pxDe0J8lQt7bH4e 2YZjT4JnoboKz5znosUIKv 7BBqYC7h3qFjmZYQDmnTxi 7lcuSiKPDS6vk6Bw5thQZ9 7wPW3tEvF91VZiWqaG0qqV 3bEECCaIejir3Amq4iTpCg 4Ig9HspUaKy2cz6YA8pb6O 748mdHapucXQri7IAO8yFK 0lozfc1Q6omxKJfX45wz8s 4Rvhe8O90hFIExTJkdrRPM 6P9hNMGKCstoCxOiDDGUWW 2sImNogHVSlxhsQohbLi1d 66yND5YoDlqhOU2pDPPg1Y 4DpmLK2XZf7gSQ5I8j6c1A 5PQXHw8Av4boBjgLBVoUFQ 7zHKGeGNFvak8z06KLkHTs 7ar8LgHq3BgYzYPcmxYiD1 56y6N7tSuqQx8KQe9NwLbs 1sMYcsXIMDt6hZOc5b6HEn 7BY2UnJcQbLO5AMEYgt0NR 0cb9Ov9eC2eFxac6bCcUZl 3unLPn3uQgal8ebGHX6pVu 37BtSI5RTlZI8Yuj82elgj 5aLmykE38UEJpyXVhehQ9e 3C9XBcX7inPJvFdoQl78z6 2U9ghasfWOIgpLXLNl2gQM 0BiChcxRVhf3DCDx6uQvPd 3Qxc1sH5XLCqHGquahWNrk 29FQEJUtBAnxWEkux39d7I 237amRoTvWyteKM6JKIH6V 4ZpdopArCn7pWPPkhiG36q 7JyR9WAhTfrVMjBqUZt4Zq 0JR4HyI7kUmN7FvEfk8BOi 1SJLIU3mxpix3M06o8dvs5 09maUpwRijMDwIlKO6q2nH 37XGWOpgVMab1P6yWOpn7R 4mRbFn4GGxeRXxRe2CZCiy 2T43J9GWTDnClmpltpLMac 2pKmB8t9HNJfW4bVFmnu1v
4TAeOsMYQ3IecAuljAF3Ft 4G2xz6VoK77bXvZePb9wAZ 7Ktv8bQUjZt0rr16qgB4h2 57ucz0Uy1he66cOTxabXyK 1SBjKYeVsUgrvR5mtJp6vk 2DbHiVx89SVDbgaRKv7v0K 3w6Q4UYdUbAkwT4Plhh3Tp 7eYF1tAcKBvhJU4W9K0Uca 27larci06elWcZfUcyhCql 70ARmfuLIjA7nQRYD9iSl8 2DiybJZJGXyV1UYmngo3eq 0BVuwOPOfGmUJFYkOs7cNv 18E60C4l1BNw2rUzcccDEB 6wMTeVootJ8RdCLNOZy5Km 2ScBV6BY1ryWnywS2dKFIX 6bxilo3FjnLhbk8IzhyVO4 1ks76w6liDAzIA1KZfoFQA 64Ea6mWtvju7pq2u3lzHAf 2hidMBBc8mDNVN3DHEiOwF 53Aw1Q7sWO2dFAeaF4YUO9 3j9YDOKxVgS7dPkBFfPoPB 4U3WiQQgKLYnKrboySv9Ki 5uVm2ePifIQqp4kGL2w4nO 5DrNFzZZZVfXaEZCaceKnp 4vRxmIfzqNJbkriO6M6f2Z 5Jh1UXZQ927bjR50KGlmO6 7tKWQssLDfAgeoTAtT32oZ 7DcY0SUvSIcIjHeSGhTXDk 45w71S8wWMVtJn7uB76seW 7pQydXxfcWtLBNxudRHPSD 1wA8ZCXbQLJKd29xeBTunb 3eY0sEqrKn0N2JbmZSZ8oj 2Cj1pvN47pZtRw1KGezebK 27ZoychggFwFpWbBhcsZ9E 1uTJGmRff66o8p5jbfA80Z 1ZD51kpXHiTNqymmz3Yy6b 5MvNv9iRYd0dr5gTMeqAWM 1XHX4pz4sKyXt42OmEXVUo 6vUFNcYqBHRr3WfTtWLOvV 7uv9puct8igCe0dwvKWpAu 5SgWsMSeHFHRzQjaggw9qV 7rHIRFNCDu6o9LWtGMevK1 5Isycj5tThB1DiifJgP4ef 6Zt6K15duVPW3mDnMTaqJY 7ogv3X8S9LByc24kr9rIZ9 3eBfZdN69nMws7Ym3rGFrc 1eMiQaPp4WytWap6KL6e0T 4ncFRft2xEs4kanULQjaOz 6iGhYfnabrecdvz9m35i0d 350xHqHEdL8b6tRB2I5yuK
6pF7jKee29edOR8JvjmvYf 1vxw6aYJls2oq3gW0DujAo 03s3wplyj04iDjVQsnuaUq 3LoTSUEm7h7uryGBWxtaFe 4x3GCq73xs3SdZuRhX1GT7 4FwGOknRkc0vE7PdZP8hVP 1KWj5vKH4ns49fPDsD6Qa1 5mbC4er5VMJcKUwZGdky97 38GBNKZUhfBkk3oNlWzRYd 3ABph7X6CeMCQbxGR1kP7c 2LgivrCzaz4uGiSNfFAqxQ 08ZtGjHiRREInhjWj1iW8X 61Q9oJNd9hJQFhSDh6Qlap 17HPSZtyaH2DIy7EImySSP 70l2FSI4z3iUnP7vDnG1Us 3hQKvgzPncOwW2m0PfUU8y 5SBPdm1dAz7WhgmSQVfOew 0hPPLGL8gR4b310r2178xd 1KcTavHXa2jWO0iV5uY0rt 1BL9oxc0ejMOGeSrAnH5Dv 6cneyf87jANgtrLh4iZ9Ab 0TYxSr3eFJFtPyP8BOM5hW 7yWt0Rx4CKr8et3iQ8Dyv7 17bGtGqqaXOgVnhnfx5NlE 1bv5nrnkxfbQkEUH1gzwyM 6ZygaqgtPkiahkiYJhYWhn 11lORBFW11itKjLw0no7Bs 0QrMI79qOhxVmjICelzbyZ 7GrweTif4geFOTWpCnMrfe 0IxFul4Ats0WT5TEYCajj8 6wGh0O5ZqMG8uZg013PwWn 0CsLshwxsSHYq3m6gLw3Uo 5ngIA9yOjD9OxPGQhq1ItJ 0T3sO67401wX8LCvykGrBk 05itcNWTvYosmjzVALbHn7 4nOPmpPaVcXaEZ11sJesG1 5Xak5fmy089t0FYmh3VJiY 5Z3KP0QDKsUwgskRrd09oq 3aXSKGqHUGXWPfBcpl1C8I 0DbO2UQHQvlcwMppuvmTpI 6Ejp79MYjNaHVSysfOrWhN 4JsKup7v4h4xkpcI6Yy2Fo 6Qp2c0odcvUIN640gVyisz 3ltuhIzv9rA6mnqga6WwjY 0QpJp3V1CFM8y9HpzqJN1P 46qrqcOlSXd70Sa0tuSYtv 08mG3Y1vljYA6bvDt4Wqkj 3nCHY1eyI3kqKczw1BjBWW 2yg7Q1T0aUBy0JstlqvRxk 5MJyHVrNBM64oRIc5BTYNi
7EeFqHElprWcuk2sPJEU5S 1i7m2zBOyHU6BlT5FJDH2J 3mz8o5toW4YHWZcbeNgWOc 1OoiPhzVk5qWFAa6uv7t6D 2qY8zRRNvCQR40WnLGsmdu 3ZnGa7WytbsDqhmKdLPsKX 3GjQ7r5SWFnMMbwfp22aF3 25lULFa56H0T8UwBze53jK 6sDP4912wjwB7BJhbSnjS1 3NQpVcIHoWZUBWtP6uE9ey 2XtxcDeJKfsW5J2gSOAVb9 6kODqNMC0U1Vsuz7bcjclm 2nWN08AGRM8FRFIOzuGrB1 4Q0FJ0EB8X8dFOe9156iwP 7bElUT7LPvzFInT20A3D2d 2KlnmRIHandZIyEuZF8cZs 46PXBtOeLk8pHKBePUi0tx 3Il1ess0dinvEagLM3dTzG 5UjOTMEtd4vqSLXxyO71Yb 0MXXx0zbRD4otNYXTv4hd2 6jUyYHDikmw9WltPojSR37 4lIv0hFGYbUNQ11Y7msUuw 5TJWMwOEXLxPsQsdO17QX9 4sNdUNdujkabNDPNSJjyJG 3hgSYG0ks50dhyrUvxtTC0 3j7Nlp2qLp6ZiOBr4pr3WO 5IV0nfxvpWuRPpmTw7SLh3 5i30AVO1rGmrTEqW3wKUy0 2FNEqGKmZVoaTvZNmv1X3H 5dWDJEFkshqNcA4KcZ8XVo 3lBmRItELTgJjFMgI76Onm 6RRFoJJDsmBqriOnj5kdxb 0NNSpmyyr0I4lrMaXS8Tba 6tPX67OuLWJc8XOH4dkDNE 2bENCQdshCGZCoMjIzhzKb 5bDOyDTX1AGwkDfpjTk2Ls 0vweEN9znBHAKMjZ1E86rI 4PwbRqXj1KS8CjtoXVUIm6 2uLo22etHF1lbCBngK0Bim 6bUFmPeuHhpIjhJtLeYDAk 7JcRL9PB6V0lv83MUF162k 6BGpkXDbN5xxjUZhkLMzCY 6S4ZpWznDBa5Fs2YxEiaUC 1G3kwVs3JHqN5UPiFXcAID 0EjUMzcuYFvNFDghnyV1lQ 0Ns6y8TLrIcbHW5AW7lFxK 74txbpOdt2TAb4O6pxRz88 2Ikl0HGBDhvSPyPudSrM9s 1CdUTDxI3bE7ABNwscilBo 54xrXbM3vHE6JkVqkorRdG
3mn6slu3ABN0qt8zybK9RN 76sOqWpl8yOYjP13qV2K8V 06fpx2pXPuvdn2MljB2r8A 7gIQvOz2XIqAczG90mfFjq 0qGvVkfooMAUuQPe0NsFhn 6hc9BGT8jxPl2TgN02nlXC 3AmQYMkvP8NYLeuGyr7sCS 53WT9g7tD3ztSciSj2qQVt 2BmiGHGGnOxpPQ2QRIteFr 3XUmfIhvnX1crrvuqB118p 32Obn7qXlCHszJRc3aSo4P 4QNPS79DeAUoSYmBynfWTN 7GhnJwfACNTFXOlyByTWtK 7uJvzzUgt8CpkEduX4m1Sp 4BdidjPi5KQlLkRtIf1GPN 7ilOQyCyjY35pjorODPbpT 6sktcF4i3n7B7g0iD220hn 6WIDbGWkazGKr24DM1GPlD 4R2kfaDFhslZEMJqAFNpdd 4u4JMXuhg94qU88lzeiiuq 2wzH7qQvs4hBoNH2xAVDzO 5buZzOIWj7gTwsgTlUePu2 16x1bB9yaytyVdoyK0XseM 6LPvE5LJoqVnhmEq8MtAsi 3wnf2NB94kYM9mYYekeqrY 1tDxSixMekZskubviI4uJt 4R10nrvEUP3c1sz9JgJmVH 4nReYjIdaQvMD7NCcOnBwp 3CdwjYuEHWIXqvyt9qKzBT 0mFMsI2LIwCdD4wPwjryJU 6jawC4HnwfnVzb7vCbN8Mt 5VyvxIbWJy3royAyzLlkRE 3Q102Ix6k4uYRUiHJB5jME 1omkfRzCd5tQOqgP7NQISL 6D4eMFcg3DquhNOQsNanQk 78yfX3fe2MeWvdSsqc0u5Y 3WjMm2t7ixavIQmlRjGsVb 3B4cgTCMXvEV1v84mAglGs 2oGJRoKav60Mddy3c6RKZG 2Zh0fhrqj5kLxun9UpIEAy 5eBZdFzvvwDreR6FBunA0g 4NDmtJcm7oMBygcqrCbgvH SAMEED 65tqM6H5oxfOKGgEJd8rNR 4HR5rxpaRpeBlg2ir0DHuH 5w1aCPPs4nZHOv9e1jKRDv 1KFIhbTUmGKUG1wUw5M8Am 35J6iDkTTYUn3YgZqudiIq 5tBBOiOqzFnsm1SJUnv7lq 3ehLRLkJL3AfSGuyYsK8Cp
1cYzXS5VO9rSAPkIQFgL5Q 5S89kIBYMW47pLTKH5h8o5 7JG89hBwLyL72ubbqWWCbp 3zCwXxcO2y07tOKGCi5v5z 7rbIaUUlcwCa1PZMrTErxq 1P3eYnB5KiF4S2qZ7iQnOP 4WFIJMRi7DQrQ35jmaov9s 00TVPoAPwekuOuIKEOXtvO 6BSwFAoxZyOc14Lhte8Uo6 0Me3MDQCtHOCNzvf2v50Vx 36m8dT3BrSK2rTyMPOvY39 6OIWTbLdlzrUzfe9znWYkP 0qTJcSQqW8dP8UbMyjykNA 0pcotptzsWW6ZUBpxJ5S3V 6EcKUOJrk2oSdWtJYBF4xU 5nmbKV29arsusDnSh6FIJp 6YTNU8WH05LoNobeyz8PWG 60UMvaHE276999wv6L5jRJ 07LRjvNrvSE311BWlwRptq 0k6G0wmPVnXWCiq1Sku0Ak 650QMLdmGGlsOQHjnb3K3M 31YM7W5ofQlGtNiKIVxmWv 6VDe9TN0KgGLSMmVXyqv7m 2HbKqm4o0w5wEeEFXm2sD4 3LGsgpx4TfxhXbr07OFKqs 0ZNHj5zvRPuxuYiM4DQtCI 7JyCs31gXRZ2iUd5s2n49L 4uf9WooxQglI4vGPFrkDWs 1Ke1tdqlzpXxQvHPP7TC9L 0WSlOSMLJWoWUpWci9nnRb 0AsLNwc4cHChrkPqVdR5NU 07aqlD34P6qYrWjRNBt1eW 6Lpsx3g3pKGKZgNilOghHQ 3tEUz33nkX0ii9kLFAPdqP 2uussxp8alwBGG1bzMkyqx 6wqt7M2wbw2XWAtCqqAfmA 7ilWEHob3AYG3lAJlKEpDR 7poDCUphuuR4mpZ2iqbxcm 6NfSLkCErfq0zNQ6vSvrAs 1eR8GNXNulHLfcs490mpzW 2WW4cnkHAyUgYa8QIsCNgV 1a0SV63oZDUO0Vc4VCgAPp 7xcUWyLh6fIMsYjoVI7NnZ 4qiWRKKYW0JCNlGAyLZdtX 2js8wl7HG1i8jZNAyqFu8g 0ZEQcLlNxQI1McXdTX3QQZ 7mL0DJOgIJ9Z4b0NHVtTZe 28TfSaZ3ZjrjcSHgoUpFq5 5wNmVaDGNEJB5Pj1oKF18l 779cjuV6ROxANnbJ6q6mKp
5oJAaPRS2EzNIc8EWIbucE 05oLAN98qwAPZh5ObZ2gg4 5LpE2KbUfvPkIaQDjjjXfW 4ufLhIy7LcTO1gD0aoM7pU 1HlfLVWYTIQZOoYOi1LdFy 2kR7HnIe044R8IMGtKzZpO 4p8HeX01wW5Gpq8BRm0Sm5 5NuScG2AXzQKQev89HHD9h 3dvZu2boFmaL46oZOTCWCI 5n3zlcuQfb5fjkQ0JOEf8P 4tYfDXYBSTSYU9OO17sTb5 5r51ezSGN2AknV8hgbmWc3 5StrN0F4XI5e0BHP32THhl 7onZXnADVC0CWrlKV0r0HJ 2cTXz7HGLIwF6XHb12TXxk 2JQm8NNpFkwvhuKH3yhuC9 5pgUmKF9CrJvFNr1s20IkF 3yqeqSvhVZBfr7Jri53Jbq 7lSamHxjA9vAW570mziW64 13NJOiPXLQMBBmMCSeEFN0 0eGikLYSqzZm9irKomYrvU 7ruylcpwEbeCl3HfB9SSyM 4VBbxEOXfLtOLKuOIYUyi9 4Y1bFmpBemjDDfAbX3kpGI 7bflL6Z6TLWqVzJOojwHaW 6tIeALf6LRBapvOSuCuGSf 6V2QgOIMT94HhsfeIVbbZm 7yX4TQI7raBpxtjCBmB13U 2kptbkLBTTUOiD1HDLCa3H 0nkiGSrW8c7E8wc9FTaJif 4nmne9J3YCEdhvjTzwiAgu 01LJ7v7xHtbOe3SSslzPgq 5UEmnS5JI197OwyrCF1hAg 2LPwQCwT2o06dx2P1qDizN 2jjHO1vd8CoAnjfvGtZ0eZ 5UanRSNw6tqDNqczV7SDqT 046ChjRCFmQENZNDl8IN9A 4kdnniHBTCnzaYXrnsweSf 1sdWSEGmB3FYml1iPDvvDM 1JQ86ttoKmzceBC5Zjb43u 7pas6O1LYbaeChEFQBhPFU 07ITGTLtX6jXTVT2O9e3CN 3QyYiCqPUFFgECd9wTJSZo 6gB8fiw4oVtryo8pHS41BX 1kY8Itxv7R4DRRAjN6gERg 62M8MetuluOUZuH6PndlhB 186u8kdHVz5gBcRrPd4l3z 7uzc5MEsKov4aHXoRmVNGS 2ErgWFxm5VHPWE2EAwr7GK 0cWPe8mPRyLMxxe94eRVzs
7dsImih2L25fa6qjNphBI7 7EdwEmQYtIAT8fxeU7eXdL 6fExY9oA3QMaf8WYrxFEc7 4gkLyjBwMQknZdPAly9NP4 4sWXoikXPpHHBwZ1VmsvHn 0Sf6cRbt3DTfT6gePjZpoU 7BY005dacJkbO6EPiOh2wb 62RIgScHsRDWQHwBGVBvDF 2irCiCNN2kheis3bdovtQO 0LT3b4EolQQZBoagMbygzn 2VEsmoek0sol9MnJFyoG9e 2EZ91Uy7C7XLRz5aHkku5u 2T9Pco5PVzA9U4icwlQkp4 6bqIQMKvOlTLUwe3nnh6Ei 2gtSOXvJBUGxfZFK3ERGT2 2gJAV3lXjwnf2sl3o7CWlQ 2Z8yfpFX0ZMavHkcIeHiO1 4lEkWLEF4MRTJE03dCF2O9 0mTUAKrbHIsllscGbeLPHm 55NV8TQRjwCdNIeHeV3yGB 5dy5VwXlSZqSaIi8uJQFmI 6tUNDXfMFsqGb4suF7kSRR 5zCfB9b1nYaR3sDkSKPiGV 2pRAMwsabRCbF8fnkTlWOF 3Om7i5Xg1ORaABNTaCnF29 2aeKs92H27Dih96PkwNPAa 5kpnUpMNV9dPNCKY7JtW3Q 6xCrrR5sSV0jsqXHhDC0Ak 2Fy7pBzTJWl0gTwwqIvKw6 0NDOMoizVQdjjZMZMyLSch 6YvwtYk5zrGsMosUzG6GpZ 2CtemffYhT0DJWcT1XW047 1QY4WlV8Qur5ogfOzZaWix 0Y9wRFtyenAATn8zuWK5St 58l7IiufkdFp5f5MO92YrN 4HBYReb8ynLCDpLWvMHJ5d 16XNk3bVCSHXN1rlwbXtHb 5zDcsEctOapsLmJa4dS2mF 3jJZVeExYzVYiV6Y9Fl3DX 00k9dNOfAYx7009RPx31B6 1HK6gMHUJyIhaNGmM46wvq 6N3g7nE4CAbqSEzuMU1li0 5wsDxwU6Px8vGOkU1CJfIl 5ABY9ESGR2R7156GpRNRxb 0P4Fkw2wvznClnEL0yhYnI 3D2z5t946Ykvge7hgJYiAW 67mj95mForYT0PtFsszu8p 0QwZfbw26QeUoIy82Z2jYp 1utX7djXHFiLPJuB6vVHhp 2qRMPKxAKO7CsMeZIS29wA
1mNNGfjexgGzm1j70V49nX 51tZ6X7SvgKDStNQk4Z1PS 6xWDBHCxuP7OhCNF2sylKu 0P0rTrGkQMCei95omAOdQq 7rPzEczIS574IgPaiPieS3 2xtC6kb6H26qVX4ZdncS7f 10EWUNp9bVzEmEpyyBDlvu 6WfW2T5W6A4uZ8B5Y1RZAS 7o7E1nrHWncYY7PY94gCiX 4mT5I3PjPcZXgA0P7SaxI6 0pmWk0ydV1DiN1XGNMFlw8 3MbKzsChMQ4xT9UMqGqyFx 1WRQ2xlYkRQGxfq2lfASeU 12zvSKxGuzMipX6UqJYGVA 4tyYkrR642bqteaeFjSlQI 27mYEDdf81yeVAkpJvDUzM 6apxZC8Al86cGgjO7kODkj 7BjWM5yJtFiMUhpYlZID7l 28vikGVy5phNGxxXV74XEc 6oxyoLj5aOCmbbdK5FmKWE 2rbteNZM6sUWsw99j24gbI 37mTM5ybgHy6X2RnkUDEKX 4rk19LvdEjBnsXJC26L5X9 6pYoZWwi4vi0MVr62S3KPv 0S9lwd7JF9878QQ6tuuIQg 5s7BTBeFXMypyFP7JTOw96 4pbMu6fRhg9mEZcHaO4NNo 0nyrltZrQGAJMBZc1bYvuQ 6HuOt4gKn3RL8WuvGjjpcq 6Axyxy9RDr7mZzQgxeUMbk 4IAvBYQXPFYdbcrBtcyzWQ 4wPya3fJQXOS32VRYCTMkh 1C7Gw28QPWVc7ssGlfUpsO 3fMyhPwld5VdfBdr6JN3ys 34sw7kEEIwnyWX2DLIVSi1 5TxuQrXbWo1GCLoGAmwOQh 2YacpExEbX9tF8IbFlFOo4 35vj8QVGVMuMV1pSYfnBXR 3Xu0Xavq0H49k1G81Zozyp 7B2l3Gous1hTcoVXH5uA98 0VxosPWv2lfWNSYu592HQZ 3Tz700q178ummK348FJVDD 6osB2wWmGsdD48veMjK3Xe 1qhCLSxxBuvAYvdQ3qe832 08bNrwDzSq6UALOUjYVBav 5bnt3Y17VnEWh9TkOnv2vh 2IWtloZYQDcP8Ashwx8QEF 4tusJwKBg2e6k2Hn2arJv3 7FZmnBUCfKOf1nHt1xdBvd 4uEiC3WRA02fMwxkHHDOC2
065o5Vhiq7Dx6JXF0e33S8 2LV1h0ndUGhwGvvtWQJM20 1yqMgZNrevsWMLWfO2PRp5 2ic35XO5PGVrs7wkLuw11z 1M3MwJWas17KzczWuufdm4 7wzjnY81MkbGSvri4NcKFL 0OZhcPCvXtLpmrficsneRJ 29qq2xTgyFVcuT6GvvTKmP 46WMWPGCu4OM4meGYjbQn6 364zhrBic6RjlBK3Y1VNx1 2kd0A1HFeKwKX2AagtIQ11 3Jj6PHSvgKbKebJMOeyXTd 0IZVSGXU9oBi6mbsWyLas6 6ytH7ADkUMWEFrtGKz6uzQ 4CfkxZ4w0qCNuSA0hMJPeH 1WO7skj3yz61YIaOEADHeC 1OFRWZOEgR2P6ErP2SdsYE 1XrUXIY86zAKuoqTQmuw7u 7aLn70gMnbTCVGoIro42Kd 22eUyC9vOG2aoP5yHX8VxV 6GEnwtHQ4VajvGYJFB5Fx9 6yeq9TXrOcczL1ryPHkbFF 6P5Mhl2WB7HVXQ6Yil3coB 3gPFiiuH80CF4rMPTB5VJ0 2LmL53XRRZqvnXRb24UCRp 7m6TYIwrjQNgP7jQ8MkPop 6m0kfCKXpxQx6gWS8dTCFJ 53ZqqUfuVBkuDWc1unoTZ3 1Vl4ESWb6U7gKSPfK4qenq 4AtZRwSR8BOTTQg5ihSggt 57q36URePbj7DOAhWdXn8P 1T7Htpf1kEvU9Adf8J0ekk 1I8DHdu9jHhEbk8NvGrQb6 66KenbX326A4R52A2VFcbf 4brTZkrhfxhF8k9BZ3WM7E 2aYcg0ESjhouR4hJ4WPari 5m07y0cB4u7D5gzZOBU5sW 2IEaZjsOav8sFnpASEC8ZN 4HH6jr5V33ZxZheUj2GnXX 0udCQ78g2s33TELmtndMqd 3dQfHAuGj5Mi1zCQrqdAxl 7fsFp1cBJXq7VJQh83lkIB 6j02vxJKDX6T2dKrj8iafp 1lbXEepatjRVjoG8pZMtdp 59lUkrrGLNhlnp2NsQrRXn 3UVj0QFwXzsvVnZFh8ABNJ 1qYxejStr4LXyUcJrsd0Y3 6j2aNuhJJUnRj6UHcvn5PI 4YRJyyBKUSsaMqPH2SQryD 2rUcZqfcUlUR1DxOjwz9NK
63kjX2G16hMkGQr0tHAMt4 51ipMo7yJOJordyG44gGLh 4ZhPLoMzZwewHLLjV1J15c 57VFMWRyrIDxYVsKy3kzno 31xizmJF98qLwpBQNgREjr 5PE6Q3xrrd7NCUCG4A2ZQz 6Nd8SViGyzueP8KkQSpO8O 4dvHckSof5QTj610raXAjf 0XLC347vm22YbCfUIEcgzr 2PFpbLMTUkHfW2cBIkthMw 11GDQVqIEKAB4QKOcIVOvG 7MBk3KXQemffmQOrxcrb7L 5TAf4lnZCZTLlZHNZMLFLi 0nvjaRNJURrk7er6UjzTx6 0R8ceqLCh0YHQPOfRzgDTi 20nWIV1Nd2ck7BmdbDpfk4 5ReLOUboXvaOVariwEJnl3 5TnN3nbB9r37nESkUuHaIR 0WsROU8CJrMWBukK5IMs4y 1jqARIDOovT45LDzxAQ6RA 3aoP85NHWW6n7GImN9XO3H 4BLLvNDAg5HQI1TX6OCj4X 71qJKN5aGOnAHHuui6344H 4rWwHq0kf8qSZjGn9dRCt5 5ULUisxhAA0FOUMsqmxZOs 5fvTsJmhtY6cWjXzWKNFFj 0mTHy19ihR54DdAxc9mU1C 7gUMShP1l20tC0xf17Zplk 26icLILupXJtsQq5EtZdwn 2QOMGq8wVTZbLmh7McrvgF 1K98PBhiCzn0KD21fh8Ogt 3QvB6AhSmcGcajiKnANT3o 1inTGt166sA1VwAV3iVgzs 3Mp4lDIGyCBVWDSF6ALaEd 09bXbLLy0fJDb4ggSDFdDs 04KU6LUw1nvRRWoZap8s3x 6PRETxXZ99Idk2Xn5fE0Ok 62RG9MmOva4JHnk7g7m4Vq 24kREmaWIxlOoYZ2lNa4u6 6ZyAq6U841lb0ukP5TibWB 0ITu1snTIfucBKyznEBT4A 1uOgZkPPwGgya04nRoM1wy 3k6dcqiGHWhMNIPqWiWNX8 2zEWjJxi0zQv4yKhB8fxZn 27mM1wcWjPIbNOCWOL7mTJ 1fJH4YIK4fGC3mlCXqAbnb 7ppPZa3TRUSGKaks9wH7VT 0JWz56SaGSsu39lmMuJPDo 6WRACmOBv5Xh7V2inQR6H5 0mbrGPvx1JeLG50kCano0C
2ZQkJvDwa6ZjgDO0oehTTC 1UKk8v7T2IrpcLEP1KKqZb 2OJk0ctPdHrWpfTJOFNdOT 7o6wbPQ9sANfZhN9LxVF3K 41klf2PvwPbTupmcxeh7Yx 6f6E4WpkxBZy7OFOYFEudg 2A599rXVAzZzbcpAk2HTfZ 5LN1B9uVAVleCZ2euGarvi 7vS4PtMcdDu1OMcS5jOt7e 61JEWgNd8WzZb9ZqpASa88 5zJBlewQgBDNFku4eWJarJ 4rOoDToHEC7ddVWfM0wdO8 4sK21pPTIkfVnRv9JI4lrB 3DCjKu89tjKCsszIlVzCk4 3MrU0SiO6qZ5X7LSmKbSVI 7kYDziTDH8qIIifQ13O4yL 6F6NbR41FUwSXL72pESh3t 031Acy99IeBhel9Ruc1j5K 5zvOaoUkXNUbsNutPtiamx 0TnIO9uT1f6y0uLouKFm3z 2fdNtAfErcwzhv4I0p3Cmw 4E8fZb0kEEexPMkIMwPTEj 0MCkGXxEcvsPc7HrncVlsZ 1Je1vcAwGeJqR6hLC0Dzw2 0aphLiTn4qhPVbDIq5fvuJ 6g4RVB6qiuySTw9FCV1HEM 1sDOyoMOOeZCxnE4BU2Qim 5RGmEJmkPghFXU8ZD1ZB7L 6rRltIu1MMwWbajb6EdKq2 4fKdbUoZEnPshzrzEL7gZl 4Bigp1M2cas5ocOo0nO8kn 0GIXQt0uXNm9qTawIw2EZK 2gcVsbyo517zAHOyvGbZWB 3O5JIwSON3KBaoyMUsjLjn 07FkzikE6FuHIa8Ma7zJGc 3OzuJHXpQFKeydCvACILuh 4K9siHhdhmwywswG13gMP4 2Wf2u3sZ8rR1sdiBuSbeR0 5P5h3Cq2HjIkd7yARy2ME2 2jj0e9hO5c63iRJwwXApSV 2amJCtXA0PPpgz1SxfPQSz 62os46k4OijLgsjMKznNV9 46WOptLnXUtH3LOyYvmMO1 6Jz6K1LBGmYqirDbkk2y2K 2rpuQoTQcxKZu5tkT4tO5i 47fPlD1NQa1jTSicI5sofp 0NzqXToCtDVl9Xku1t2TV1 5yGt71PLHyWfYTOZ1qsgmM 3tz4X9gO0l6lOoh4ZvK7xg 088dgLzeZvFv3R9UTpG2iA
4PkqYfR5Z1So9tWexu6uhz 68yqo2ksEAe5d5HiT70qxv 14KiNAW4cgJ4qGtDqjoLre 6oRNFZ8EQIPeVROlqoFCMa 0I1EUd1sTTt236kO6fUbbW 4xqqmgHjG1Q5W4Af6Nl1H4 5GWkDzhXo1aVFBcOsUImsh 04vzHXpc3iLbBfEzmSqLpx 2o8Qb84CgpqWiaM6mIPOuO 1KiKIjnfm2is7U2iBEebda 308iJeAY7TyT5g3c96DDkD 48MEgryHl7JrjZC4ZOQmui 0LHm5xYhzH6ZfmTVJ6LWpR 1Khq9h8aJoUBNExTyc03cT 07m76XO901hcXVBoQtMq30 42sAyoysFUj08qReRSMXzp 2txAAUAuXrZJIh3ys5uAwR 33Jrjfciyi1eJ2Hjmrx3Hn 3GR3CjfL8W9dTYuABDBWjo 0SDs5XBjTMNAbFz5VAUcaJ 7foBPPS22i7vZlvsxqYiLe 0YOOXnCJihgyluizqhAcrz 2IfswdQSF7u1PNG982CZZs 6qLGCfTeIpadW5XYQkhdjB 3qgm949xAd6v1RTYhtLioY 7fdClKHv7YvPbPTQQjPXN7 4n6ydaKPrJoRdTOAtKwOv8 1IXNDLp89d1Pp87z57VyYZ 47lSIBsIvlH8Rjw0Spfijb 0YdBsnA9VUbP0K8TKRLebX 4iaclBsYV1wKwVjrggpyo9 3r2bh3xSP5f2CGbSOwiLvn 3ApxpM5ghkdjWKhbrQaPLk 1kB0m70zW3vazRjt7beRlQ 6pYSkAQqNRBody1O3Ybkv4 2zYzvmSJLWzHp8Y14FUMhP 00vOEqME16PqhojMLMzOXJ 6u1uPApmumOqW96tmQB8R5 1r0eFm7JpiScYkrGIsw5I7 3PlVKqPT6BuVb1lpzRkdA9 71r6YsuRh6XAPC2BjAIM5o 0jq51OsWdUNmS0nPX4Dbc5 1ko2lVN0vKGUl9zrU0qSlT 6ayp0TAoQHBO3jQi8t3vgI 4v2rkl1mC3zVAz0nXMx9r4 21j1PsCiTaO8ZW88UZrh3A 2ezUHaU50kPnnOMvGTZRnZ 4G5Tydbvh0S2ir0zWLRNxS 3nCMW6ADrJfh9GZnntTmlv 7DHDc6upLGt77rtZON5VW3
4mvRPehFUWnwf4gk2EnEXi 2LE04JE5AJsIWXGrN9paGz 2ysNCGzx2o7eQvkjhr9Xr6 3XbSuGg2zg8FB98RU1oPJ1 3hmf08aHBjlNmLtljWNrBm 49BYdz4v9EeLBszHgpKfye 7CKTcdNFTLq9P5vFFvV4Bv 5actyJYo4xmSjxoKfVwFjX 1oyvvvCBhPCSHAuFx1pGqo 7jdLGuYOBBXRHsOCVcVDy5 661QSGHhafHk0cJRHLLUiE 4eVvdiBVL7Yn6AELM891ro 4hgUOIHMQjNZRh51okCRN7 2URXBdx9353u9BxBHQoD7K 1bJVWkK1wLIjNKTLTXK1vM 1puYcHlTvslJYf81ahKDoF 1pgmZnHzFNG8aS2GootLig 6L4qm0T7QAXISNBGy4PdF3 2BMtVVQPrhMR3bIoiFhwpQ 21rA2OXZl7rO6FwMQoIBoQ 4hUn5Zuj9JkXwL6egSy4jI 71LQeNIJcnZeOSYgz4reoF 4QwMsmmusOzgnohJ6wBjdN 4plMYMu63D6bTkGoPNfLw1 1Bsl6Jw7bJtQ4pc7OQREog 4LNX5jxuGenY0eKB9ww8MG 2tEXoo3FtGUBjjgabDBrsJ 1mNRNFLrsTe8uvI8WhayMG 32LMRCaFPj7nTEgTCrc0q6 5GSCUe3Tygcx9JHJ6e7Qo3 3gBfOMjvWvhZhHD8CkpnlC 0HYCfsLMVE61LZIVI3d1UA 4olsMaLbdIBrk2Iwq0s00V 4CizK36Hxq8tYxi5qYypfN 4GLwEfDYzvg9F5r11ppEHZ 4Y2QuvgYFm30gcsToZmojA 5AJ4tuvdgs2AvPtYc29KqZ 1qiAI5UWlDxT8XA1NpUm2g 2FJfu8Gb4hrmYDoiSR6VSQ 3gG8LUBbNHPTZjyoZYJukm 0wJjwhWRNk6ag1bvdfybOI 3Mh4EaJcfM4v2hpY49rjg6 5ykQWAMNqmlaDVqfN4mO4t 74ap9vazUcxEJNtO2sVVmh 1eWetGiTC0lktXNd2G7grY 6fnrZPSJdI8fULqAcuJazs 3RGfswEmXBWVSTJcKm4tRw 5S0yiOErSgkU4yRsz6amKN 6DYqJxH2FPhHpHrVfiEPma 0ooPzIyAAgMEOSMDbYdpek
7gHdjudTKmgDcWSKPpJk9h 45d8YWWwqMnh4V9SEbLiZU 245lzgTwfV7cR0iQTTElol 6fKX7zoYa5nfpHnnmcKg6t 6GI5xXHzWpXMs1G3PM35rB 0RWqE2ZaulvnN1i40qIhDh 2U6yoBoYM7frKRAkk8ZdPY 6ZUTGUXzRGr3abx1YUh5LA 74tLlkN3rgVzRqQJgPfink 6TM4LPwVSzNwAQohhCF1jb 5dJ6G884l6N2jkHvyVcCsD 5VICSxz0OP0wAcAuqvYzrz 1t5kQ3aKSBj5Gz4fUHCbdi 10igKaIKsSB6ZnWxPxPvKO 02ItvradsVG6yNfxFo7aaM 7nemcVsXVFZF01iqpIIo2Y 4xIhSUJantE6BMl3u8dtCJ 6lgfRRJD1o0zejaSMRjKfg 4fjvoc3BZJGdtHbynH9gCg 2ZaUjvQSSmP4jTD3Djwk84 2h0bSwk9wpWodwwZSFG77r 13uaLeWXilrebiSC4QMbCn 1uO8mUQdzBjw0btkCULRmD 5Hn7uZqDarw5VTNX1XluV3 6lv6d6jXcINS05v2Ejc65D 35yeblz2zrct24OV5xizZc 5B83lmCIpUZbp3llYUN3Mg 7d3wkzSgXNimQdWs23eQ7F 5r0HHLwjuJkcwa4FZJNjh7 1h33r16a77IyYecXmsGD15 4MPTj8lMMvxLwT3EwuXFop 3onYsieuDICdVt5ULZSExF 3gwL0zQKWmtJA8oYhXmqn8 4uEVSicqWTP9BV03nT7QdB 2YSTxefSXeAjL5ZjO8H4B6 7GbW7Z5V9XD6bdc6PKGJHj 01JOrtQklfWYmixpiiuvU0 2HqJLs5J5mbjwvsHlS5Anj 25ZttbpeUKDOm3aghD2oBJ 3meST4HEqendMyHABcxuYV 5w4guYAuAwXFLEqs0E2vkn 2T2JV0jjJsERRXdOI9ueuY 14RCReV4dQgRcOCsYoe6DN 4GiVcDqNQI0fc0yYuRGH9m 7i5UE4btTQxqmZXz4I9nms 6vAoUcmg9sCzOLzzy4LNua 7C3f1Kf0I8ZBnu4uKBg53Y 3YEAuaWv79plFq2J1YroS1 6xWUhj2AAHajZVR7cgFPYG 6WSBf3skiZUvDt56M3Kpsf
7yG8d4w6yyMytkO7hPy552 5Tm3m8SfoqX7XX0wgwRhXm 1bfuC5bH5Iy0xTscf73Sxl 3at6WxcwxONcdbvcW02OOY 3aj5gLvhtDmk2XsGygvPWs 24upABZ8A0sAepfu91sEYr 21Pz0g2wYFuCaZymAxVMyK 00gFyG2a8mwKB55NcwYEdg 1US1fzPykq17lFhNbzN1Sg 56TPwVBv9GY1YmrRQioDMz 6j79YyfQV1ZNiQ3Ywqhrhi 3LRtcfaMHDRIB4XWlShXPA 4jIsolrxzAUdBu5x5ExGPJ 1wZBspH3Jc8npelgODYXyS 1m2SmfLRx0qevvB6Tw81XA 7L5EubqD4WsUJEd2XgVWUH 5iaV4gZF3Em9oe2tT8Jjdm 5eRwsunj1rdRusjaQvC20W 3iCO0ZekWPK6rmLnDjejLB 108gNz7r7fJKljxfwpGlQq 4eWxdRtALlb44ggdcWVW8K 5pYoVsL8N5h8gO7dGqs2q7 02JIdsrod3BYucThfUFDUX 7AB0PkmA2w0xmrvS51m1sU 3AIM8QdCmQyn7dc5zsVbQc 3Ez1aIT6ljEWE0W3qNhl62 05NYcsjJwOYq4jIiKPVj9p 16bc97Ryn5J2N6v2ptK8XZ 4qhxsP4Hk2SsOudnEoO4dj 2s9JtiBRbDVIs0Xxz5N4PE 1HYlciAwtYx8fGy2FChowQ 4FPaa0LwuEUznMAmev9bWK 1uIkCX0vWriCconPaQhLwH 5et07GxYFEYU4ni39hhhyL 0Kx0TYABTTyZhaJHOAR57F 02Ybf0n0czPO7ZTizZPcsy 5ftgOffbWhT3hYtQXNEPou 170HQkdBr485PWIuNeIpBx 4DcJxTf3hXEaJIN06xKFb8 7gHlCXFRC2n0amkfZiIrjy 35wZQhXPio95cP72pqo6Wx 6rm4vPvq59jalqcJ2Tb31f 0x5FmQTsgtZqTrj9RwPJVT 5ae6PXAO0NxPqa3cKkmZpX 6T8zWkPqxlgHtjna2Ak20p 6hlrui656yBRUb3qGkd5lH 5A0cErSWV0CmH6gRctaLuU 2Ne8DqpPpYDnqexPrQekhn 7IjNvOQdXJ8GUTgUyT3M6w 1YqOZ2frFFiyMIkAuKH48k
6HYZZAvAUzDONf0D1xqGfj 6WEBIVqiEsevfgJefTyuQQ 7cfOqzJQgrlWOgXz710l7b 1NB9xPbu3uKvIfg4F7PqSx 1gEol1Cd0M3W6cGGjWOMbK 6Y9ajxGefBUK9pMbT0C8gv 0of7iuIOSqTDyWmb4eEg7u 4tph7twTQ2WSXfSG5Y25Cp 2jjGpxp2TqnalYRjQPGIG7 4nXHu3qeB9JwuwJiQfUkHa 1pfhurHQnm3xRFYjiNUIWK 6wo4ZoZ5UWFRUHUPcDJdGu 1ttNlMkQsICxYBHpkdsGDn 0QR2p0zmYlKSshgIjmXt51 44hp0D92A5rFsPKkrNdts1 5GHbWzjRy1XfnTf5rkA8bf 18QkbQZgychVvaKN4BVsGL 0Pu0xDnLH0es3Fie9FxmNj 1rvCBjv116UeezTOqRHK9f 5bbyZa88NYGVBa5IIypfbM 0pcFsOq2tH5K0NmbSINzet 2Staxg1SGVdLxMMCQPGMuh 66gEyEH7WAIVKKMKYLSZE2 4J5q38uaQFUxdCHKuMKixs 1NJtUgU8eolLIQ6yHDeiwP 2tB9OFgAHjAds3cqquLlvp 2x5Frs6ts14U4MSLrQQlXg 5WiShbQYrJnoG7mD961IKY 4PJYJ6En4wiss05pM4zRJQ 5LmmZgxFg1sSfxENxsdtak 3QaEAHWLm5VuPvh3reZfsd 5Ktg3wRPvt3DFQwzNk0zzf 7Bn74eT6PoS85Osv0lk1bA 7BaZ7WlAdhOaGjIUYWsUWy 20bggmtm75b1vgO3s7rdmf 66e2KstOkIo6V9PyDXWo3w 0iSiLiy0wdl41Pz0RcNzrH 1ViN2xylpOrCgyCr0MUMH9 0EGqchEh9VB2vag1028rXK 0Q2DfGcpRrTTUTySLoPIg1 4owhmCtv04qO4TZhYQSwdE 4A0v6JnjNrMSqE9YkSprkJ 4oKpxtdnDP9EkFQiE6mJCz 35YyxFpE0ZTOoqFx5bADW8 4CAtacI3yHX6tWU0wWuB2O 3gbheZf84nLKq2B9doPyTj 5ypp9xJW7yp3f2yC10gHEh 6sa7PdpGbqrTd5IEdn5T2v 4NJk0lLs8yStxeTOcsrBAh 6PFFOfhu61KGhOEjhdePIS
2d1TynffZ2jm7B3Mg8cn2q 4nxm7PqINcyIA7lcF5BBJV 47cNDW1xyM03mT2kseO41a 2eqLgrPkcSTgCvxEtsymiz 4VWec7izijvV14Vubortp6 6pzmC5wnMeue9QZbuhWaX3 7Kw6YrOoTZnhKtHAzGDTEN 4kYsa4eFvIeTtSBJrNPoDg 6WFIE37GTOb9cIiaakQR0K 4UxdshMR06m2AxnrAQy1UF 6yDiEA4exifEmuAiN9ziCH 18a9EGG4xhRELv7bgAw5hb 1dsxtj7PXYC0Oc29ZUIujS 7jGpIDmjOXjerOOV4it5q1 0Az017zxSYfUolknWTMBCQ 5yPnoJELbfGVZD08wAvRCz 4rQrECrwG9KPZT9LBMX1bi 78D4hh4kK0jBTzfvr8tcJX 49at6ag5YTSKe7jp4ONEMS 07o1LdN4DXuyc19q5Chre2 7EiQMYuqJVyw90GXUoOCmY 72PVepSNiHSu4rBnd6AUpz 5mJbSgVBnJ4ayOjFdmyOdl 7nzY195GNrxHbirMsMuspN 726ORIztf0DNIDj0hS3nUw 1sUnyhitHq8Hj3qHLrpv9T 3Osd3Yf8K73aj4ySn6LrvK 1Pofof4ZYVI6GDM0IFGvBk 1aG48rp0EN1Qu4GOfU9Vaq 2G55aw3GHB6kKmTxjWX5Mf 3wScL5W8H40zzCKN0atfBk 2btUREtxazFIbK7ZH7TexU 7o1ljdy4o9BzD5jA0UJ3yO 7LHqxlhat0OIf3gCOGnOGr 5Kh61T2ZBjGNByTItVQHYO 62dhSmROhppvuWyeCeC730 3i3JrLu0gMC5YY30PbyR8x 0VOju61QyRh81rhSLU54Ei 6rLd4f55lXkoz7qbQoEmu8 3Kbu69vg1AblPAdftkZvtx 3sktcEKfAFeinnOJKELStI 42AnnGQ0WbisA9X3l7N6Q2 3jW5r9FkxQuouF9sMSw2hb 3XtQKFT9LhRAMu62LdQ02Y 06Nf5mIY3ANNRQjLMrSGQC 3RN5iLJMlPkHXjtiVt26U0 6PjgiuQUxxlAtoKGh6ofzC 58q2HKrzhC3ozto2nDdN4z 1g8SfJFzjp6PAJpNzzZRdH 1Z8NxHRT8EN80MVIYRyhqr
6dkbzrkImssBDOnwcvOwuA 2sJSXoJaTbY2SGqiAEpw96 1AaF5pY4BMcxfhyKelNKxc 4pZ5TDu5wzUieutrwKS2mB 7kcU8KzXzz84jinXI9YnDX 7M3jrkVhVXRrrokrcWAunJ 1jPkeUinDcgR67GgiebtiR 4yqi0EIDxbNYQF5ellX1XD 2eyPtyuJl4UPzwd67wdyK8 6w6jMLqtkTn7sKviMOheDK 6gnVIjFHMM2IUwOo50e2Yw 3Zie38oWJgL5mUXivNksxD 6F9jdzX7CfixvCsCkW7zw9 2UG7qeDq7Zl6Xcl5Og9c0m 69ZC6imDJimCUdVq0Kqeue 7lRh6ACqNiDgM27wIa8wLE 2gauzJG2UlNCWiBP5ppcNc 4MSRvTjVPnihmRmooUTzMx 1vqr3ztwqQS8ENBcJqAooX 3Fw9F9WTzKMLq1BxxnlhaS 0yrpyeSm5Qd9CyCluAEnnG 1RUA51CcrfEcxmioyYSTHP 5aAjk4q63Ckeu0D2LRWOrq 5KPoVofDt498tHNjLmIwud 4VD0OoCheMUOZR4WZi1MTE 1Zd3IfdoqZkoNSakIaHdOH 5uQk4fZO52goTrjVTvX8F3 3yUcJwYu7fXAfqMj9krY6l 3qKoOsIX8vsrIZq9FoG272 4Q1dZkCPfk53dVomwo5Pax 09vkZxmCmMC0AfcJQSvmFr 5StXcMTLn4akCmqgqnUup7 2xYGMOnVUO9P62uiYDu4aD 3StZhw42eUZjA18xlZcZTm 4udjo5nLK61pKajakfrndc 4cREcoW0V6qkgUJIvanctS 0xXFzATLyGDN7ZqW2PJOvp 30iEd6dUyjaTQ0nelbvRe4 7wM1166obCm9BA4wxtCPGg 1b9jzynTUOYfK0hZyTIqgV 74TfrHmTLmXEontx0uLNuC 58QIaQbAMx59c4Dg0O8h06 2IEc4MXTHwkF4H0rflslCA 0DiWol3AO6WpXZgp0goxAV 1V73UkZocL1D7hQJYDJXhA 6PuC4wspEPM24sawG1n6Er 6awsCODGDynh348oCWyFrX 4lqEFIB9YZl8BwR99L5H3b 23fPX132YzqT7Tlu1cc53W 7KoGkvRdCQIqrsSIOQh4bW
6G2Od0AKdG7peMh8vM9kFY 1nW3lTpc8sXysezwSYAzNU 2wnjZXcAT3rCjjqxLeHjv7 3QG2pka9WmYi8yzERV461c 691LszVx09WFxhFlKHgem6 4wu10nFS3vY7IXHOUPpoZA 71mcVnWo43t6CJx8WoPSYU 1N1hwBXdWX6iHkcrNHpKar 3XhKPQBEtY29ccTFzxXmxj 4d7WKzOJGJWVoxu10qCyyz 4uvNiwMRGKc5TihdlC53ra 3x9L1n0jhabJ1lDXNKcJ1c 1C3j87RADloM54fXABSET8 0etPKXAwo4G48DpZpvRw3M 4wajJ1o7jWIg62YqpkHC7S 43bAvRHtVtKpey2Nk4yzLk 0MYyguF4lGNWJJnZvGdAi4 6mID40LDFHcT5Z9UWp9sAd 6vOV8fmbk16LYgL2CQ64ih 4ujcsOX3CC5hdh3qOYbnYf 3wy1pqUCX3lU4RDl05XWUG 2TqapZFcPnxy0Czmrozyt7 0MOcHJEQxmzi1Mhmlib9MS 4QMUXDddGlxJNQREVHOv5m 7frCwFeWuBpTEV4s23cslO 74EV0g12ihUoOUXMprFpZB 2WGkeBfg0nDPSLAUJeDOfJ 28BGYTRFQDbbWuPStTWeWB 23ZnVd3Qa0kwsTJcfHVjJ0 6WVN0x73z0kMmHiiFZHF9T 6svuHAjeG0BN3tjq1jPwFa 7sYZcIYhGwLHs08osOLs5F 70An0YGn3DERB7wMEkkuSD 21JIkcqxt6CSLefQHiVQES 4QtScYyh6Yxio27udYPhh0 0JAtNzKRASEVMIdrx0psAv 7aLE572xrbNaSjcqAyEGHG 3rdKmIemHUtdwJ5ioVNHrw 2r2po2XXRmk9zgiFYHcHNZ 60HUDtR2RHWtSPtsDx3YEA 3w5YryukHLwgjlYMP3M2le 39mPRdfh5ipE7AZrlicnNp 31JzZCpcO7Taz9i9iLAHbA 1jf3wYtynxiPOdhqAp3cUN 4n8fxV2m3ESCoQgOaMrR2n 2ljRzzNQlQZ8sbmghOmjJD 1bj5ZFpxGFP5ooQcctNVB4 5Jlk5aRr7hywvGSdgpGdfk 30TzHLxfDoOuLnUDL39QhV 09uqPjOuCvvKkdmgDMRRcC
4sQsjYwblKwyQEM4aYJ59h 6AdY6wD0JjPsyygrSx0Bpz 3uPNfRRceOwIq9lqddFt0z 3INjGuysxsRjLSmZKtS3lq 40yJGQyEaBbIkXpwMFkXip 2PQSpPkCGGRX0cvJM1bs4D 1DD6ByYV5Rvb08b8XmCxyB 2JiS2s0Wd5HZPjV8OKhmYt 3xFH9aKvNa9AniSlmxbnH4 0dIMRehS0d1utPdhFVrGOl 1ZEpge1j4gAi4R7pU9oor5 6iCGZvNJd41ARhpj257dhx 00nvkAH00WYbmXddpr9i3v 2d0JOFCWjq14dgyHlPuwP8 4XHKRX5jKSHKmxfeNb9yz0 1d6BkMki9M6K0yp9OLBzOM 27OWNTEEtJCFVejrh5mqgv 5uTSHh6zDS0HZIgeM4ws62 5ezNxDXbgJW6SAzyNG0Hoq 7DM5k4ql2H94jNn0kN0SaU 6sfET2WaOo4TpwBiHEa9EC 1eCAHBnAYuxn8Gm7oHEN6f 52sUt1HsFxScRUbOxnBQRP 2y8PnhXwnyHTxe72TtY58e 70aN8RYMtTeG85MQADhMhx 24Ics3PSFTseWHXnrZ0AtD 7vcNp4cj4uF4AyX5aKY4Ps 6QqXTZUL8O3y46rgDEWnsm 4wzidqkKngcrMqXzk6x7Qu 6u9JYXS4Kk0MbI05MYMAq2 4t85eFNgqV0nqtImOix3X5 2jQENRPVxXb8TcTAXW6wpQ 7g9n0dfXoakpaQv1hB4mZU 2pMtUGU0qWLWaLExcHIkjJ 0BuobeiCWrKv0OPKngNSHK 33sPNJZxIi4Qq9jy4rACPJ 5jSZPeCmCptl27c0WgHZBM 0q75NwOoFiARAVp4EXU4Bs 4l9hml2UCnxoNI3yCdL1BW 4VkEe41nCG2i6JNu9y6Ndn 4rlnAxGmu6l0UnNh0ECW7f 4z6aaeEo8nIGKeQwNIxTR1 6sDh7yav8XnzYqYDiihjkk 7JzURZ03KMoLWnAJWIxtkB 1Z25egWM2fLxZSN2h9srLC 4vVia5VUnd0f2qD3w4sm7X 0j9wxKpKrg5y3klIDasG9J 58sfC3gnGYcsii5zKOEWMN 60TB2Ifv7CCjjyROXXnChC 44W6ssZt6fVlIzgOIDEBFl
7l1NEJtB2ehyAdvb0c32UO 6mzublZQO0vTTDOXmrbp2o 5E8vBQddzprcbOET6sGGzO 6fkL9CjWmjeV6vfDxTp9OZ 3XcT4NCMoPXyY5U2GCq7Ph 6akffeWlG2JB4u8AOJ4WRo 7hbpUZY7qsDPBe9X2juJEz 5n2qFx6CyaN9JdWjPjnpgr 41rjAEQbD85oUdFX9uPGqG 7rdyAfIm1t6h6I1gyLtD17 1kNUlYIquh3WpllRoTCRJR 4zQuwW24dweWcaX0fEJkP2 3agKF9L71OdsF0QMhQIatw 0vARpHA7b0ktxUnFzuoABn 7brqqadnLsTc56YzyQ1QQk 1nmsqeQdFhnfdXzhb6wcG6 2iXNeaqJ1Ef3YZ3iEak8tU 5nykfNlQXA0CFJpH0rLDxL 05jr58ErpI4Xvy36y8Uyot 1hVSqK0ccX11U5Y9ONbjoA 42lPfwzqWRSV9PJ0vRnEa9 7IWQfhHqcILP2t6Ia2q77S 1F4u9meLzVwyHtoSWmjJJQ 63cAbJhAitcLm54lu5lOIp 6HZPEvyger0yFZcusHw8iE 5vYTDx3rD4RGrxnAPErIvq 69ZGaXg5BV9HRxOgexbu6N 0a8IThCqLq8VxQOzcX0Tas 27tlCFs00O17IvQMpdyBRs 63bGuRZqCvIh4TXSBbMgio 6J1vxMKoSDqrIjO3ahRFXd 6oarR9NsZJOlYxDi17S9iS 0JZvO1VvA2w3OBVz0doHup 0sSq25CXhexAR9xsHZ6hyJ 09JVN6Dcd6ntCK9yC3bLhy 32vB3VAQejdyQq4FAUBPku 4U2heDQOhK5bKyFdz2Lvom 2CMUKSnb8u8L7iZtiFgxnF 6BtCz1DSDa7f0DQqjdjzFE 5cwCW4r6ybpSiHWMpMKHoJ 3HiMzj0WMhsRugo8kdyYoU 2vgUZv1vf0udoQ2mS2FMu0 6VlfAO1ka0IkY5fVNayTyT 3CLLThUqGL2SMFNI73X9rh 6dT4AjEQlYAh99RWkNaDTn 3cI8U5ayTPgo8rGNgrVZCf 6Jn2yH7DcCLJAzO0H6cyGY 3AmkFe5JJsQ8hiJXKAAVk1 6eIupH5C4dUetRizAVSckB 30DWdX9NQEdfJ07vfGReOt
0goXjUKO38asbdtYTkdwEB 740nmkR80M8VcGsXKM7jF3 Blazers 3p8b0ohKSeCoaXQ4iZ8TuK 3g30wr0KIqH4UoCLq2WWNV 1MK6xDNIt30qjJmFzFD4xo 3h9RSYpjW41ZIiTiQSwC11 24Km0AioZtLIf8CR9ad3FB 6KTv0Z8BmVqM7DPxbGzpVC 5SX21E2rX9DpBoThqQBq2I 0VBnhxAY4qQQG4p0d01kFE 3ZOIIwkYv7DtgbUsVUTV7P 77ZXnEakqngF415dHXiDhO 21XdZYuw2jLsMt76U7ZzC3 23Y7l9BQuh0DkwL9qiWC5E 5tmrnhMxx39jnu3kjopMdP 0vZls8w1pqoQQ3kF2BdLT4 7fzllQuilza4FokpXQwDrO 06espoEuN2Ny4UqCYAVOCY 77zFYV3JqZeorjgA4G5BEg 4PhHPb95SaFvGFTEZV53xN 2gHC3sEHu1P8xzEI9YFY0d 45znCQLSaIbqsIcxY2DCDR 0adhbGJvCZkxQ5BTqQ6ycJ 6LUVIXTaZSuOcQchjxoL5d 3kbehmz8shIRJxWJ71e8ql 0csvnTFrpRt8wUUiumEeCw 2pD1BR7vPz8GiygzRKmg5n 17FKIehIe3xjlwOxlC1kWW 7EhxI9sye0f3Ga1HTrfjZw 3NqvcU9dR6eFu7aT5qEWIv 6F1kPSgdnlSzZRfskE9vaV 0Sfq9CtSQq4Sq3ItorJIOk 4lokwaruKSA4UVymx6JqXc 3dt2hBlOEnKutCON2HxQv6 7swyrpcQOzq8Zg0NdSrFgw 0v7Fy0QXlYqQ6lUJ7korzD 1GuU6PQkEwhS6slsbuIKGz 5nVkaIXaqQtoMX4V1jncdO 2I3LlZ0uZFJANmQqH9y2vV 4FEcEwbE2vsqhxbTPtiNTL 2TyqOnhTSRGhXT8aDMgkYx 0JtFwU5y8VNi6X17i5vJpR 66Qlfa1Yiwn9ZPLUBWO6mS 7pGLoyA8ZvfWHMoP6TbDOD 2HG7vTNCK8Cfkw0VSQ7nw8 6UONPrPGoFlTMm74cjBQkx 57RBxwnJ93nONk3jcSmvKK 1ZqmsyoNHZRiX2ibOalP5h 5sXuGrqM8VRELoJfuGZL1F
03fEtr50LVz8QDZBynTYZh 7gNXCCyT30DQ1qGeThLm0x 2PpruBYCo4H7WOBJ7Q2EwM 6NrDaCng6kMGJy46hCnnNL 66NSC9FWGnggZQMk92k9lE 3fyTJSabTWvblSn3si6niS 6iWvJmp3gA8DxTuN4BSECB 7uxw8sSxrlP9NcTQgB6XIi 5DHU96HUvat8gddLT8IhFO 2mykLbf6YfpFmZwUWowZv3 50e8KL7TnyNKLaWfCSr0xf 0O8UJs2QAtV5HetSC0hOlK 12FRZE0Xc6Eklfgaj2j5TA 5pF9JFhFNdOdaGlyfAqi4M 5wWNr7lRyVAGsvwUOZujux 6ShN2S9Q43jPXqsB7rudL2 70pE20zO9xyyisiZIEeBEy 32Q2KY11FfBe89XYifwbaY 46b23Nj2UftnN8jSWz4VR5 4ImiXkmPS3g7m8KhiqjADU 4b0k6YeXZi5fB3cxxuCRZE 3RLG2UI8wEu1Rnf80Vg7xN 0hibHfQILrPdU7OevLh4GT 2UeagHbaqMBLk3Y37OYEje 1S4IUzUaywOUSrv08gwybW 5vJ1IU38SflUr0d9BV1gW1 2ggIaf3GJbUiNDlNbLpKFU 76ITmG6C2U5aBO5TjVwrv4 37r4X8qpVnz2Ype6fvHKFt 0K7cwfdtr9SbM2KFycKA9r 7uLpgWGjSdjdniO7HDPFTI 4EpEIA6e5QHiccF3K0lIg1 3L0HQ9C50xmF885OmbLuyi 7vmwVXMVKHZRxbuJLrrgpt 16AwGtDUuGdDK1blaE8XtA 2UNXoqJJdhxMQnATDd7mqy 51b4juHbbGkiceD5WOCjwv 3JGk5WYpwQjLH1FuM8SbTk 6EV84s3YMoU6prWqHlMD4X 57wgl3PmtRmdKTHUPGWGHk 3AYg1H6ZKlnC5hleVcW3iR 5MDbGQZ2XXK4EnfJMBOHTp 1buGN3o68CLdOFSmSS95RY 3FUptqHT3emharPqgXuJlu 7xpmf1ywt7gNFv1uq0aGvH 5FHJqj19k93FqmbAmldqdy 6sBjyHX3vvBelUUdqimaSv 2r7HnlZ8aLawEVENj5GOHy 5mro8pMTpF2JNASSy8P5mm 66fKIbn90iaQZ0jEuurozt
15inNruoZZQmB2ybxprGOK 6ejOqrr7r2LcUDxIqZyygp 6NUJf1Jf1B9UbZCgfglpD3 5nmr0qCA3JXN2MRdEDUFi6 4viplIBfetDACoUmsXMXIJ 2b6zNcsOLTjugdaVBa7sDF 55HIPllti4t10hF4JHBe0b 1gV0hgMNdpSWeW7ZjSUKnX 2RBatpZmQ3yXAcq6n0AIZx 3UnZon2lbSshFWv5w8Jo3r 5dUxbGRe1lSlfJDTpkQVA8 4EcYcLsoO9Hxc6yikBffRu 3z40poMPmOkS6799tbXGKz 6Dg2RJihNlbkLSmtXY3p5f 7Cz7GYYXdLQzhSVtSFGzYa 2sRH0V7gWZ9p3QHfqhhOk8 3sNVsP50132BTNlImLx70i 6TYZNllUr2U0Y2CtXCKMm4 402RLn3qO3mgSOhe6tOhIb 5mqmd66n3rb2gSGPRdKQ73 0at40I5tT4h8InBeVQpMtH 3Ba25cyaidR8iBt7cHiJuY 7FkjhLoSK7ChDGNQ0t1xRF 0f0ZK51QoNGm1o4fS2Mdqx 4ieiUnQqVgSds5FOdkrBVt 27sRogaIuUA9UteLoPcEDw 4HL5vpC9UWTYIOQHC0HIAw 4Lgn6ceez2BCx6odoMZmNP 5gcjlg6RtrnSz5mtk3kvi0 4Deo6NEhSKD0rMcVxvI8X8 6leZ0NKbHw8xme0loQfeCh 1RDztnkk0CyIxN29qUzLRL 7K2BRlhDFdrViNepbSXGFy 77pkQ78HK1doqywnoc8dX0 5fJqDO9DG4kktfy19NrPcf 4MLlxPNKp25tgIxU09cYXA 4hd7xnsC99N4MRQ5ZtMFq4 1RliDeCjVKGfTj3oHlasOj 1P0bAAGaPP7Eiuc9R8OggO 2fwko7Us5E4gFfmS01GehW 11cZv8R4rjBoWJ6TyVg7X0 4Ps7ZJ2YJmQhmEpHhPZ5Pu 0FF3MSsQbPGtRBPVdpmQEy 6oX1aAYhsSx1aQaFF3vumU 6RkBU15iuIWpNA67pL4ZE7 1hVRTl4yhWmGW7ImZoO22e 563Ci5AxYjvxX5EIBusvek 5rpx047aanR0h9Rfp1wgBB 5iVGN1Th2DqyWVNIBM8Vwk 1JZWAD70zjhSRZkeHPpZMo
5keyrjV55a7LxHO7apgXBA 3MMhMEJQyYVUv6dNU6heT8 7doPNhK3ektz0RgIpbUGov 18sDqYyq86NMzpNPgLUl56 1FYhhLBOKFggRHbkwBVA9W 2TfbQ2ISXF32ixRajlqV27 1A1GlAoWvjY6NTcpRTN39S 4gg4tnZKz3BBgnprtBTQHe 2TH65lNHgvLxCKXM3apjxI 0pMs1gXODWwGQ1pK3qKVtz 162kSicrPNVsZo7KPjGOhZ 5JdR8Y2uEdJZwGxH1azPpN 4xskW9IiPAhklhclZfU5Am 40inIqNOJUSLjX09hnGOKr 2DHf7W30M2d7rTzYuPDDAS 5OokYDHFAJceLdDuPmtvZ7 4iJyoBOLtHqaGxP12qzhQI 72VjKDyslZURo7i29aAshr 3oNpH3DChUTIPSzQlL981Z 0kiSxxV732MQ1Gs5zZkX5r 5QjC3LptkoGRprhBrYcG3f 3XQY8kDjI8LARMIC9xkxQk 3cjvqsvvU80g7WJPMVh8iq 5VVKDW5GhNGQQT7NQhfKk1 2Hp1LmfG2DLwsCNxDKUTYP 0Ga1CODJzpwFYtRt5PyC73 5Axw5fnAiafbjyW19Yzr8H 63OFKbMaZSDZ4wtesuuq6f 4R2sbAXiB7gXuwmzs1pr3o 4BbImhY7dimlHrMHi8l1IV 5G5uIDkQytLq7yOacUcjJ9 4XmsNZ5VOjg13b8fmXxUlU 0UK8dmB6f9cgfw7fBPoN8a 0ZY9kPt23t9OVMLyybvKCj 5odXryI1SF1lN6d9486GP8 7IDVetovg7kdROSHw1b9up 0Q6GRNkktdv8HLkan5w9kN 2mCDv73NQlObobNjntqKxx 1lXIdVB0h44XoajgJRELZ9 63CtJgy51jRXlxHwlNWBJg 0r1aYls5c6zs0lWiLxV2eV 45jtIxL8Y994Qnciwx7dtu 3uOCslpJU1saH43641k4eD 5vawXGCbZeS9riViBTjOVF 1x50cgseDL7vBESlzFExQv 0IVlx6wUnkGmU8zWXznnf1 6JMnht79eO4KVzcYRDGQZ4 4A1BoAIJlPRToojOkRRuD7 1ynemPxsPrCwUb87VmGFuq 46EZAWV31WbsemG9Y4ogxT
2iwTL3xDHcnqb1IxOKComx 6csem6tEhhkajgNUhIDFB1 3c7hLN3vJlB8lGP3b4qMGo 5hNv3MY5oFAkjBL3oU3mB1 20I1Mickm2w7qGxk7uzOKr 3n9WlIXUixyjUzh3yeLgRg 2FCu1NM98eXCds1M0ikzWj 5ITn13rWkRWXGylwY7vhcP 4ub1JODSX5rGlcKhckbRgM 6gKZxVubP9bMsWwzzt5LiQ 6LBpGdlukUARutol7VgWIS 2BNGH110uJH1wxcw55DiIH 321aX9PUkRyvgtY6hxkh4x 6MEFEYQEqtWkVQSCXQ7sex 7I7xvuNOH7sX2hIOLmYkQF 4QoDugTEOWOoUyhzy97txh 0ZVzN7tnseNSxtnAhTNK39 0o9W7cwJAv0VxrT02I5vCN 7a7G6UxSuYRF7kIaCPAYRT 3Y8T9RXnsJFjz9OgieBnyP 3aSSExzAlQ639WDztCGGzR 707KlyJNsieAheYwlTxT6b 4JQGHciERp5IJHL1eqgoIR 14nFlqXb0TDKwRgDbWErNF 2XQC3jEb3rTSmRyjvbs9n2 4ZmmufgoK5OW36YgJOEWQZ 23OWxDX4HWYdQ40CJzTt5M 6D6GDjjDDWU3nnxQt3Rh9z 1Kp6WFxRzc0sRBmGSgIYat 0wcImcUemunoyKSXn6qqFj 6dC0Rb367LcT6hE2U20PWI 3TphJY9BCBkwEw51cEcACn 41wtWoawWEYi3L7B4xdCm8 59tybDfTSOpmTSWXpfzBdL 5gh104zjBwjUQFpE7L19Sx 26etYe5au5hCdlyyVJIf1F 5YkhmfCewaQ3PIqBWXjaXH 5CeJzx883QsZj2nrkBM6Vi 6nrMYnQKhy9sXTOrubkMo0 2opngDeUnFcGpzr2Gl5Wr4 0GU3S2eVZxop1txjdBJg92 3sc0RF2wIsSSlVesgL2yxS 4ciVbZoIxygY9mNaJWzkZd 6vnfObZ4Ys70SBAtti1xZ9 594x2B25qJ1QJXQdiJRyLJ 6dt4onXRbOR3alkzI8uH4y 3hd4S4hDk44olU0mkCQMDs 7dT9D6117e5DbhnKxDLNW9 1uBaLKjWyr1fHbk56PKxlh 7cbytZS7g9bRrnNMQxpCKB
0EHFEdI4dIDUDtxjUMBceq 5IgjP7X4th6nMNDh4akUHb 1ry4hOhJACHy9EG2hw4p1P 3ndXL49njmvDCTKka0NAjX 1StjFYXIfBDkhav3p4fGtp 7Mac48Uw0AvuLmow1I1GAz 6XGddj522FQRHXEhBtjiJu 09uV1Sli9wapcKQmmyaG4E 0ebOOJVJeGF8TK6bzn2WNp 3Jprui7pqTR2lZSJ4ev4Y8 3l75jB2gKi4VpgklWIbTOz 1AG0tw7jDZslBrothSA2tW 0TcU4Jti0uV0xk5fcSVQlD 02CygBCQOIyEuhNZqHHcNx 2TxnJ0yA2VpI3SGdMCDl5J 4tafNtefRn21TXNJUQi9ah 4AVVezN38eWBPEagwLRIvu 2fOxxLz9JVe53itq6pfBak 6N0wKoHDvZfrylcBlKV9ZP 3lB0akON5nahlzuC1EVyRI 4hrD5CinCG0b39Y5Ro0a5I 4H4v31B5WsiUiXhjuTAJgA 2rDwETmcGw4ZqbuXvLQmDL 0IkY3vcJUSrWI2wBFVwpcq 2WYfia2U3xPElmDpk36b9B 5ipVCDjfoNflFWkvU8Im0n 4p4GKquwodG243LCLBYZtH 08RA1lgFdU4S2L0E6wVaRG 5ncWHiuJKMB7D0MBpnbUw9 3k2JGqk9K8qZ1jF3PY60d5 1MUD45PFgdNDEBESCQr6U6 2e2TUOIK3bYZgkjiH8ABPv 32AXwJzGqTicfFXtJUTkXI 3bBmpVl9rQKJsFFGLFilIS 53Wb9ibVkvQb25Di2VH5hZ 1WsHKAuN9vDthcmimdqqaY 103D8T6mzIlk4gMf3rN1XO 2KLwujEhMdFeBtQLbcw7FS 77HYwsktlwB37zyEH9dgYY 2F958TFVCsN7iF1T7tnF0g 5XiE36mFEprbPO7hVbMZmX 0C0o19CEixkNS6ptCoX5Gq 4Z5ijWZydOlNBe7LRD7qYk 0CLbmkYmQIWiEwnsbOkLpd 6PWDT5ZY8Fz5AZTu9CAeTy 2UFUk5DKmnJ8tvwS79I45d 6sQ41j7G8kyhirJxBoI6gs 5EDN3AP8pLIOtvgqYdZ4gl 5cM6nXMAWxRCNAzA2Jy0PI 4iG2gAwKXsOcijVaVXzRPW
5PNRrsoailYvZDIHSnFiaC 4WJsqUG8JxVLeKSORCVskT 7wbNkxg3HuR4fAZJl3f9fq 2rii3qbrh96XDqMhs6cLlg 1VL7EjBCJByEZeBVXJnUg6 4Pd6uKE3iJm437tc0TAob0 3w8oJCgm9UwT99gHedeeG7 3Vkcjz4nZlVcFUHGoiJlgB 4N01iMNxCg1BSFyoyqj2tz 33QGcoGzADiCZqWmON3HpQ 2kVUjtOwCJenwcIifBgQYe 7zxFFGGfn5Wi5skj4V0x0M 2jjKXoXFDrglfSJf3ZlXyx 3BiEL2MiPGsw6imQiNAHUZ 7dfu84qI5I5b2jvmF2wdiQ 0S5as2olu01E5lXXhdVTLA 51xQQmJGZLRYAyakUzfQ3F 7fo09al5RUkz86eIZfgYlR 579uulRzsZRus69qwVTv8u 0H3eU0jb8xEziAE3BDn2Ke 54cf2pb0WCID9PvJthS2HG 7BpbFu1piA7iVRwgsf2WQL 4YgILysYNihBtQQvZTbRhZ 6aBWNlLMeBjdtypqPOfveJ 011ZwIM48eD8ee2UBpG8nK 7nzsY8vlnKdvGOEE0rjAXZ 07MadpNMH0VslKfbIDGPQ7 5x9lEsHECeeiFyxYxgDtcA 6avcTjapRBq4AL6760uUbF 5cilLV9owJSyEAqmYpEKyK 01iTB3laSQIxkPvYCsc4Ln 6KI8qwkruEuWHCTZCtBMST 47wyVl7cuK51q1NUdtrhcJ 4M3UYFI7uBvDH0TfxEBVZL 7n6K69lYnVf7wUSlV8VVkV 42lYZbSwiCrCLFA9bAxGaD 7cQnIhLin7koR2sO2bt2KS 2kwxN1whHc0YR0cBHR5iOi 3D1P3oPecqAQy2u33gAhsM 7wK6TPjfL9X0glJA96gYH3 6g1Hj3wN40dfkwZM5kzf7G 64BbK9SFKH2jk86U3dGj2P 6AbIm68PEd1R3ua5n2H2hh 6vgUhgKdNjmcse3wQVLluI 6AxUGolOD4KBQqKpUUfREb 6vWkuXnpYQUaPUk9oCE2Oe 6ZrlXT6mUMEgomN128iekU 36VX5f5gctWyiWthtzpBnT 00GfhrufB8pBzQ7qxMmAAC 4RVbK6cV0VqWdpCDcx3hiT
0m3kEWnxJIk6nYZCFmxmlS 5BiX0pQp6xy67reVyHy0e7 5qtiz2579oYDvrISYIJ4df 6eTGxxQxiTFE6LfZHC33Wm 7IpDQcksaT8SxS7vOX4SRm 07ARX1gRjSTuxWHtoWe1g5 15ea10YpJIl3mJq75yzqsD 5bBUDJUfGcG7eFy3Bf4fXv 3FFuQ5eoLNQU3IgbZP6F13 4CA8CnvDdf90Lrl54uYbZs 5QfhqYAS8wmNnvFuOgLNRs 18q82O5lsQddW2r25Zf4TZ 13FKPxdX7OPk93faaS3Hgy 1ZB2s8L8kPl6L7HFqqN6S0 6IFOw9Ck9mWHRQgw6QrPYx 18NztlTlFZ5yFuHecx9ECH 4Ouhoi2lAhrLJKFzUqEzwl 0hhAN0WUUwK6mfSv8xd6XM 3kT4PCJknuAGQsu6PYFpjj 6huWzaicboVeCQxDnVSUS2 2PAZyoI18pOMX79PKL2HEu 5GIkk7LEBwz93jmwwnuniL 3kYLMSQlo2f8rTWKxvSadP 0Mqzr82joB40ROvqRFnIrW 6QYRq2S34LjLzBCaCCHIsA 4zXJY4LthcgMFSV5pTNp2F 4JgX17FqV1enIcoglizDSH 4eSEjcEK4Bh4lhBruLoxHe 2qUmQvqFLcmFEWuu5cHQzm 6lbzLUoma85KVbQqBpvBrw 7joFZr4bgXEGyKOqswLpGd 3CvtJZxjjBWCm1OTGbHIQH 4fbpN4Bj8WSvUpl7YiHVZn 7vGzGghYbAQzSyHPpHubmC 1sap7FwEuCQqFv3bOpnh6A 4OzzpMMttaUVIC8FWy5CRY 7KmmSZc6v9U6txFdMtyxNd 6paMuo8pIfKb0c88PKUwLX 0ZecpFx7SBQ5fpxxGmwXMI 4FLHggzEbxGtqocIpEc7pe 6L9tKcvLv0B8QlxNIQz9jQ 62cLQmoHFN4hTQdx2zkUXw 567JRYU3Gxdvh9810wNc4s 7t9Kfkto4i6sWSgRVr8n0j 1IeyiEMbt4GY7HDD8rD6PE 3gSxTM9ebWMT8z11HPAvgK 0L2XgUvmOw16YfP3QTNYqD 6sCh5otj1ZtOvi8NyvDJDQ 0uMUvbkTdjBNZ5UuHZ5PIj 06hANyT8h4lWypiU6PJPrR
7bYHPKQBz1LA4U8lcUi4lt 2NNRxLFvdQjWKXF5rcNP6J 2Y1aZYTscE8zcycVRiTVll 5e5j8vDv9RVTqjbTjguhSx 3cFqaY74NyS6rcitujSx2g 3NSUJkVYfauEwgNlhJinXF 2VqAGGmmxomwGTxp7699JB 6gJcXGRgWJ9rPPE7X03xWm 0tQramRYoQLdd4nhQ1UXzZ 70HzrQxN2ICmGy9xtSETyl 0Yk0m7I2W6YmNooRj9kCJC 0NxdW2KBieYhyN7KEydxGL 6wKuuNQFBkHOpFg6zukyU5 029twcFw0uGJQENaskcBEe 50EFdft5liO8tSGdl0GIiv 66mRLX5KLp69nz6oAcvTLQ 34OYZJDVLJC0HS401190FN 0K9yEYBuOQwmRKvdNLKhpi 5C7uw88B0EsKhCj8NjlC5v 3vkbgMwlaD1r2yPcsRKyoF 4pUxYUHVKXWsgGhEhOu7R9 0FHU2RY7axiLtoRsSQPt4c 2LDOnfjKwzTeP9UNVLHlja 6F92lTMghLL7iQjOnSdoFD 34nNIDXjXDkaSghgY8XJTF 0LR8h45LvJSYHIVYdgDVRG 3s3VVLE1kB7Xk2AoJKlGmr 6XD1yarbMj454t9D4NldlG 5ldCCmvqac5NGPETacde7B 3HZWqLhVeBLScoeaTK8IIS 1dwXaldy83RVgwysin9u9Z 4u1km0vkoHzi17JYNaUNIr 5nt0IBPjskfJ5V23FoAhV1 6lmTtjljrbXfZAyARSwwu6 6rqjxPBRBBCuEZarxi7beI 7dIvphaNMRC1f8hre6PSWw 0xmysmjwaEZfDeNlPUa8Iq 3b76krOgg39Cb8PICGpyqV 77CbKFoKrVFyvBQn5gx6EO 0vNdFh1vNLGtArHtN0bZHI 02epNlK5mV917A8TzXoxso 2o9fz1ALwGI65oMzueYMUI 5kfPqasbQYeZay5XXF78eS 1VFvsOQvSLl7Pu1YFETRUt 0Yrz61Yq6eJ3mmkJqKMc2B 6jVMsQpkzWtiXBLuEEFkbJ 2D19U6URTAhD7YhPIPtLCD 3eEmeP2ydpJDtl0tY91t8Y 3izttL21KJMu5TPcK64uYo 0tgmMFRQ5hWvx4AFnuol8r
719cj68D19YiWpXJDEmqoB 5oK98mpTJSU0iqLHN1hZ3y 4e4fqjx0Izh4svvTef1z7e 4a8njLGIK0meARLqzvysDn 3d5y51BomOkO2JP6eQbCAO 1dxYM3qSzXe2O2RJ3rK3KI 7xMZjVi8ToDXCgDtuFfqut 3U21A07gAloCc4P7J8rxcn 0BrNxl46Vnt1Ln8jVJFktl 4GruMkBP2Qp56W0PMMAazm 0kZpg64mTDk3V6jhGGEd7M 189yNofMA6F0Dc1u9czYje 2vleyqrcCf06Ppknaw5syi 0uLPubdBjNaqZVqdLNrXWp 1fxCtGPHoeO6BdZCeSmtFS 0F4udvKIncTIlXXAvO1ntM 4MPyLJwpvKl1tfOCPZOiMU 5ovolGVVjQp4mPJU6VHDey 6wE9qLKJu7DovH54rvrSVs 0dJ7ipUTATesZb04DLsMVT 1DAyN6ekPtpAibvDwnfmfn 4dmh3OPtAhbEybhGoOG9TE 62t6tbynERX4KtHs2YY8LM 7h57m0ZXmG2shfFdIyqhds 7o71V9ORhk5GSZEAiXSFyv 5VsZd4qGOSTRdsNC0XRU1F 14fIlfcmFPlj4V2IazeJ25 5wY0LvOgDOnIyws4P2o6xN 0SADXPubFbFXu7ZR3M86io 1Twx2tVY8VABbfJINVt5h0 00bz5bGRGFMfACJWfhMSxx 4wGG3wydZeU3vALVKiSKzV 1YkldxCYbWqh05IWrfRil4 0eErJ8fx06Lbbk4FcCrHkn 42dhJlLGE5KipSYBRcPDFE 17xZBwMGYqKVsnBxaQCM6P 0sMuQ2UyxlIeZD1rok3YAk 6ObFXMIbNMHcrDs8QKRx9Q 2hwOoMtWPtTSSn6WHV7Vp5 7e6sNvkLWMkN06BqkL46fF 6Qy7LdaBSUlAgjed7cGkos 14c1rFCho6RWndKWojRNvb 0xTySVrQi5Li96Wu7pCp80 25uTERQSreb4g7Dgmse4HL 2oR7DUDXP8KN5Z9hwBB9nh 2toRTtkHZ70ZvKHQcemRv2 7CW0mjMKKTMCE6i4hwtvXU 4dQ82N6En969up3QrS07rA 7fYozX6MaNmfHoGW7bFTdK 5HbiGttnNCNNTy42x2oIxc
2vkQM5hKZ24UOCrfNP9VXq 06WWnCfoJveGUvYQWK7nGf 56vJBoglqS7z5E5dt0G3HG 6zqWlwd5f6jCdAUFWFNaFh 2d6cCTmuxSrlZ9Ah4yw5v4 5nUfbXGXSULNLxJyndR5iB 49L3g0jWtL0ljJhQ4FpFkR 5PMR2pTBflBu5ykTKT8FKJ 7rOeHEe9DtKCM2JlOEZDKH 45z3J9uad3SZ8qg36Dk8u0 1Jwra48SFFsv8URPbBpLL4 6QNyCBxwG3qhSN0IhObKHA 7uNXhqgUeqo49GCZv13plx 4gPQIT1LMGHS2rM9PXhlTm 102W0rhCd2nOtLTnq5vqNQ 58CrldAc1Z5WIBozT1NMJH 7AK3ox5iJh2dBjrEHrKzPG 4Pzim4c56ntyReaKmjcIIL 572FOxaownO5ub2QBt2CZU 6xh7zTZV0YVN6jA7PZS3x7 1ziQ7lMpFlhyQ3TbkllmE2 0dTu1WPqpkU9nbqMpErdTu 6KHUlk27fi81YVQJnro3aD 7IhX1OfE1pLO8O2ZpTZGrq 2v71WlC2McXFE3gC0aBgCC 15vUjvtOVmbi8za20ECaSi 0dcbScOq3h2kP4mPIVql6d 1Ptm2ZeSI5jFHQxhAUxpOm 1KiTPYOFaYU5aSIwpvZUHr 7m6WC4dT7DWpXjq0s1iE3c 5Use6EepmS9Z7wAUPy3Kp4 3nGcVFxdit7HElscdWUyC3 1ciJUQuIYfGDBSToc0aAi1 3V8vWoCbKbfjNrPaQ4YtSg 7jRb0MbUERsFgvEQhayv4f 16hFwhatFJaziigS0rzJpQ 7jKbMUFyShIZFkLXfJbZWy 2udGjDmpK1dH9VGyw7nrei 1hiO3Ow8l1ZG2yHPv36Kiw 3SYO8wU4bEgIYt7AeGRIwG 38L5V93cLvBHetulD3Itw7 2jKb4jyuTKW2Rq653PPZ2A 6l62KtEelVuAqjHCebvmxu 45sGyAtAxD6efaN0bJAFgh 2iq4Pc3NhTJU466gppAKCX 1ZPjZAvZ8fdfUr0WFgKPoI 3LQPTJEqOfljGBxmpgUnoC 49y78l709VxMkIcq7jUJKN 3nMXh9pQqC2nS5OAZrhy9s 7px3JpqWmEluCvhkhnfBLL
5l9c6bJmzvftumhz4TMPgk 0DSf70W51p2p8rh6W93K3m 5847mikMIZRlqfvTwivVO1 6zSv6S8EYVeVowCUtrelF9 4gT3mNJA8lnlkYFqGZ8IA2 1h9uJbqaqE53sAfTRBsiyR 2Hd7RI558XU49r8Scr8n5O 1JkrWCnQrSZpNRxpAMXzlW 5nvE83ieA4Qd74wU6cYtE0 11hu1mUTLn6tGKr8UFAMFn 7ui9uNET0MFjjPYIxDyje8 7x1RTZeGHUVaXGFhXnm1Op 1tTNmSHxNX1ZrM44apIg53 2RBHnKJuRCrVE1o3mqFAHP 0melOC6K33z2abo7jVgd0r 0ftXz1tRf3qdZ1T7Ffo29u 54MRisLwqsnZCmRlWwzYJg 0po8gBHNve5oL7O5rEomzZ MANDINGO 12WMrh0xMEa05lj15tWGoK 6yTCMmDL2uw5MjCQPorRid 2zplGQ1MtHa4dMtGtRGpmS 05h42SuH5WMgxNGEy7dbcY 4xYm0UGYtY9k2wAalIFXnN 4CAt0rNxH9W1Tp4Casmqrq 1xew6tI1J36cKRVGnGITP1 5SciHsLkumLoGnSLFiQILV 7MrqVzvFPavnI9hNSlPRqc 21nSmg5FsmZGdveyo2UsNL 6vJi57EafYEuUd2O8H1JqL 5aN9BVWTuunraIhRk3swPh 62bpNV88Q8XKAEGgcLstJP 7llcmRezzXDOZtqvuWaPXu 1h0Rz2RTFMB3An6y5lHG0t 3AdtvsoINcjTYkiCKCVkFF 2pUrFLAbWbUqZnnSgJ2u5I 2IwlgeWc3MoXPQ1pq6HgiE 4UZDCJHtgJ2EOS1AtFRHrc 26uNVaVnS7n7q2M4GbAtW2 6By61fFlJmZ4FjNTbc0Z5w 7ydbjWhFIXYnyoHxXeq6Zq 7qE6jGHdksd61k2U2hmtfv 7deHARyq1o0ke2ypzPUE5M 5fRvePkRGdpn2nKacG7I6d 3XZEq1azWYTxvDx47YIUOF 5qKfItulEJDNKUyITLX4UI 1p66Rnm1ZRuPelJrnsihvU 0hh1iVXb9pkXk99c3chVnM 6NYbMap6O6IdrhvZsz0zHJ 5SFN4TM543xKS966nyypnF
5KmiPKMAi8L5LxB3Iog5X4 4Z4i631BesV0P6LTvfLAdL 3Jq9rsqmRtqcVKtzP9dnxZ 0NEI6U8w0Jg9FvZrf459Ys 6HFhUL5ucuw9DmapveVVqp 1oL446JGVu219JAKAX7rzL 64Pztp6tg1ZBV9zF09mdFr 4q5UlYGp3arPnpSFdyWsga 2QYGtGldpJNpfEqzELkdZa 5ptWw8175VvFoc7QiAErBT 3oEYFNDSp2B0M7U5wJORqh 6ZON96MRRR798zmyuZHxQR 0RT0Mc6oIDrRfMlFFZfrSc 0Pq3SEDqVDKs0uIFdxDNAE 7MtB2WnzuQg3dFexQtzzU4 3bcdVd3n5P59LStZyuw7Ne 1hlikalamWYpdmg3OhfFJ1 0jo4jb9IUvdUXO1cQAuIGo 1vmzfiQsd8PHgt8Kgp7TgR 09MS9T9zvo5a27uZ9Pe9iN 1OcGnIYCz2cHUECOescTFq 7DWz2CuCILJquIZOrTBly1 2sRqRROIq4XDiPYaB4vwkw 3hN5cipCofNVspWVkToiQD 0cezUHycKrtWymg2GngU1O 6ihcHKye7vMhKxx9uYXhWd 11sQpKZjj8gwBY89VPB988 5EqNGLDgdzPNRUlZlAf2di 2q6ipx9AXX0gyFdc2VjFJo 42NPEbb30IfU6NLnPpLRQq 3t26MWM4YjpvuZUg6oYinZ 3o8T6ejTAN9C0ibrVIBr0L 3aXnWUR06jkpwDOXvOeEnu 2zxTJahZlWmlEMLAwZGYSC 0vgmjOQHnTYHNynfdjHtDp 34vWDVH5BtUPFK1RfRDH3z 6cF9cnBZDxlRxYyIiGKVhn 7B7KVc4Dy0GSOggInmGPxY 2g9K3TXY5YPdK7Un89KnwS 2ENqxKM6GYAmkzqy3mks4y 2kARzfh4NU0SS48euVlvQ6 23nYKgDaX9UfDHhmqutft1 3lIxtCaROdRDuTnNBDm3n2 6HeccrcTWgYZVpuTSS7mT5 2XCcZcra67OwbQDxfR0ZG7 4vFicRRBJFCC5UofT5sWAT 1q9lbtvwfAekaD6ScD7h2t 3QmekeV3vw9993oXHQ7BJT 69H92fg1BLyTRfBJTXjuDY 7ADRwGz1ZXJxxNw95c9QmY
2eDlvdaSsHXkYQCu6BRdjf 4pDE8vhtcEb90Eq2SvdWyB 7lT1dCz96jANsLAAADlfIg 1a9maLxqpx3cxjY1lTj62B 3PfMYGVNkaaqHHe5tIrPh2 4vTZifau5Us490e0sQCU1y 1sQeLo71tyRhY7TqHRiSQ9 0U65qiH70mcfB1wyF0Mal0 5okbgSPzqkWyKhubomACJY 6XI81tqgiHWghUrDwXt01j 3ZZwblSjDYLSgHDIV3EApr 1rIOSH8U6WcnRCwHO0deyQ 2JM9NZGjOOaX83dK8H0nzQ 6wXHF8l7m69CrE6ZZruv4y 5Nj6KbignKCeTV8tYg6Q56 4RzaGKLgDhAuGUXd84GzGf 0w87VbiEnrYLBGil4rTVff 2EEeOnHehOozLq4aS0n6SL 0BxE4FqsDD1Ot4YuBXwAPp 4r07ejJk8TpYGkgYvFpzVL 5G3rPk0gBvO5CKiGmKPbaw 6m8YvD3lR1NvowD83nadKO 7tgus7j4IliaFEuhKHoUtp 41tEX1gUlSw3bmRMsyIBEM 6K9jikrd4SKz85reHUvjgq 67yOYU6mUreaxkJRRUPWch 5QNVwU0VMO2lNO2E7deMDC 2YsSQIQjeMbqk7RLTQg7u9 3jAsjlHXtord6wTRYOWQJi 18HIS1FbL5hXDNLotbpJjc 02hKa8EzxU8Ke22ln3Co7K 4qR7p6SxKTVLoGRbI6BPKe 5lRAWSIYI8dhVpnnu0UXgW 4bA0Y5vHsRx2RH59lGkryb 7gQaPU9hz3gK8PVovMx79m 2vNvdhnn02NfHZTJiBsQCU 5F84K2ltGbHKMYbmujjt8W 4gTtoCieuSyvxGC5eZPMUO 6bcWc1KW9gn1zm5MIWVITO 5dJFyOYyPxc4YRL6xsQJPT 5zghsMZTgvuZOTWxdYjEQq 0AeEcNkwXLpPYyuoweLVta 6AgxyGJ7YQp7ZboZhD7zyE 2PODONHWxMJ2nwWQvzXM6T 500vxfAi1qqsU5emL6WWaO 4G74EAjkUsndHi8jd29F8E 4u4hjSzHMv0BwsWvaxF2pF 4xUmj7Z6CsbOvoxck5tUt0 6N22WBFfIoefNL5bxzi6cZ 6WX84e2SacFICy3HoWjYaH
1i6N76fftMZhijOzFQ5ZtL 1FqpBhVvYjU9L1CKIXhOpz 7s195d7fCSpbn7uNndfDFb 5LOIteqUpPswpOEVQcB6NC 1xFBs6Oki7HvyvRh8Ez1vR 6ULSOO0We39RPses8spJxy 0t3XNqFtZGcZpNGk51TWas 1xV07RDwmg4DUBqCYkv1pK 3J74g8tWC2gc4yGndTWHtZ 5pGSxNOFtlEf5I86PKBcQD 5fKZJHzJ9d3MADArbm9muW 5pB9UH5jW7eO51T5mrat4D 4prsaDr0FHJ1bbaCdBrmsA 73mWDi4lup2qkfXKX7vD2y 6QLh3oOA1AKocLHFH6j7qA 5OkYfk72CNL8XLqa3gp9q7 4QAjFcgqz7YJKOW2PSsLta 2VyMyqR2ona9yAFk7WsJNW 1r4TRuQoKcIGXkktrDkZIX 6ZxA5eiYsMu7TtV9Diprq4 3lQdV3H74ltG1OrQ3LbdDy 2R1Q4cxCUuOK7SJzxblk5k 5n7bGTCexY5LgUPgIvKxlw 6Kr2bDxMoKqDAXWoPm9vfy 6cOpu6fCCJb90tGWSiJnar 2FUcq0toM1ckIncODT9qAS 4tPdVL47GHYulpcvDXpq5K 6Aobg3RNBYfrp9J8UOe8rx 0eLa27kc1EByANfeHCi1mH 6LhmfPA8PUebcxn1hLet6T 7q5QkeO4CNAqVZjbtcWQKI 4VSznnI2YHb2y2QpBHsfnY 7JhcCMXWZvAngXFZKTOfhG 2O5Xln39aVaY1ClZGmvhHd 32FTKhqWluG2QFg6lFYGcm 6dOXXNj7jkle8HAnvkvmcT 2esXHe126JZevjtA1ML0zL 188gbfaJp2dfu0BYgvktbu 4o7tvkuKzU6enLW7AABz6f 4JuXGr7tQ4qZV9rnreCdCL 5xtZlpMKsbkufy8RC5Xcuu 5NgvUOOi8spyrQB3Wfax4J 15zaUUuKsLX0TqJfyR2AGp 7dlVRzzNWuFye67QRVjfAq 4gqKZYuXC6mie1CUm25IpF 19MtkdVDVGgDB3MqAfnxdg 11qa6plS660rrrkf6VJ3cX 1HDoQY5dqxby6CYrmDXMSA 1dfW3nsyHeCfEjB03qa6BG 3IKdyRE55sTTQlkuwl922B
1hDXnwLZdCyItM1ve2YPm1 4MzII8fszi8KkFl1ryv07L 7ilx6MENwjH6tUEt9kOH4S 2T1Xemp92qxuUCAFBWfRrj 7r8Q5lPGmMyYccWfUlyGDl 1MidYeuUAqCDLbpZl6kBuz 02QrE85iZapiM0c3OKhokU 7tXrQ2MHCvwe5W8HQuX77r 5NKfB21hWeirObQjEN44x1 46a59ZT7JG0i3tJNaQmPom 3RojH1cvKfidA8bYUgCVOZ 1KPDAA9zyJXcEDvFW5inYi 3guEVTjNJHoR5D7GJRZMs5 4MdcUJvtJKe7TDYoRaVmXb 3LwN9FQuJHWpU6JGhPVa5N 1gWnuGAiTk3Q4yrIbwymUK 7fSnsGCewWndPTkTvVtAkr 68M7htN4l1TC3mKXoUVKrf 3Ipgo2twyvBySMwsTzunlH 5cTWvfBhQtt5h9jksbRAXf 3um2asirH9V43tJWF3bcOM 2G76hpIWgdRtZy2k6HDLOT 7wG1Na8FBY5Gthkyu8c1aD 7AaPY4lfscONJF3YWUSldJ 53R3qtUyzfirPcjuDNk5kn 2n7RZ24qp8zQrFA8gc6vk3 1sJKrIrgduJwGUI0z0Znja 48GDjA3bFuQfI1JotNO3Hq 2c4j2ZQavLDhDZIaXQTOxn 1cwUXIRPOuCp2rY8Ttqpdg 2Ygna5VKAR8L7hdinWNYJ2 2ztQ9jWaauj4jgZIDyjQDu 2Fvj8b9bUAUq7NYZYOILiH 3dD1mdOMCU6fro5WOmVWNn 5Kq47bcjnbI1WZPr5nYlnw 5qHirGR7M9tdm6C17DlzSY 4NOZk1KDUmSidpddpKOQkW 5mzyoLBsWbpU1yjQnSrVz2 4gRuC34ZpRcpVXxMXM1csQ 1K1i6pLpcvW7nNdTOSp5Hr 4WkKXTTZuAr9QgIeTAmA6w 5KapB9KJnRsZrprzIAXycW 5TMj9sVkboOwxLhoeEq2k6 5AiNZnMDCWwujIENPj9PV9 0LBkcOFwyTKp4orOFpJPN9 2nS9ZKPQxpPGITt3lZrRjK 3PusA5RsuG6i7S182Ftsm3 4uCqQs28ccCU1sbM5NmZJ7 2z8MYvOr9kJw5O5bKY2rhD 2GZo4z9zabTtACE3oeyxAE
4ssNM8cQStlQn7U2ZdEk2D 291AqbQO9WYlsMDhq0nKx7 1oS4FFInuBOkj92do6lsU3 2rro7SoKEWIrhUl1xcXOIT 16FTQtIqnsW87wsZ70r1JE 6k8y2JzNZKTuUxIM0HewYp 7wHxRunWM1YszQxjKMacMe 1B1QyU5S0rIrokfaV9Zq4a 0aOH62uqDzuvCvN2jdVtZs 7p8KciHZmvQmrOVnuRXCyo 3Qa944OTMZkg8DHjET8JQv 2NOBb7LWtnXGLpHNaoEskn 7eJSPcxBDnHrOu7NBGeVL2 7H8A74tmrzT0dTL7qKj7AB 19olZfk1U1QmXyh0ofopA0 4GxNqxGdLK308G1RJUlAmm 4ZTN6TH2tG3FTQXtVgZUdq 2DiZm7Irw5ySeDmiLFtIac 6pHeq7pnd8LPeopCkYQQDw 6ORqU0bHbVCRjXm9AjyHyZ 2XXCvqEGl1wL8ywsjFJCes 26Vqamb70iemrsDDYtWkyi 21RT5dxFmoKHu4vnxwST3c 3fZo9f1RF24iMVBaC6fAiA 0aw4Dcu2XxEuLtXaepPTEA 15OVL6MDpdHHIVUcd9mfHM 7C6hHmGVWw4SzewfvFU2Hc 5Hrxjf88XKCcBmmvpOWXdG 3N8B6590DVDKYXxK0qz7OM 6FhjfR1FgwoCILGCAXHKJg 1ScqsC4i1YIKX5o94HDkYM 4KCfCctnZQd5mem6S3HhKi 2kcLD6xjmDEnhihdmdjdll 4kAx3NX9Psu3f0s3uQydcS 7gFA4ltnVpiXhVFmDnpMsC 28kVDxp346vwFHIXxJSmpk 5MAwF6mk94bHsmznch0fkz 1YCbAO6D2AcxV8G0EOkj6s 0eK5y1c7WDyWwx6k9SFjbT 06r8bhmh8RWOOSpCbuNrnJ 5GIRX3E43AV9NktoLaRJ7u 687XycCZVWFqDMG62uBjDE 2GtMwHeDpetIg47PWHIQoP 5eCEnDdI9WohBVsZLv81bc 2P4wRFA7ftewX1JdN3On2K 2uuRWIn5mIcM7ptvk8lxbp 2Jkvx7n2y6pAgeMJlq8jvS 0VGgkl6AAAmr6V2jvG98CZ 3xhqzxLSwtOTmNE4dFzN58 5Z2Ip2zbZnJpI8dDNk1eJa
1xadS3IuZj3dT0IyAmwQH2 2ugghimAssmeO3YpFIV7mb 2e7dA6ow15brIG92PiaWtR 4Vqd7MuPVrciqRS3EzhKWb 7h7JZtPS9UqNhEJSIlD6Rf 5RLhRLZRJUAh5YAYSCFhKl 23c9hfpsK68r7wVpuwCrtx 4PLwnOhBRYBepcaVbtyVa5 34u02WpGb0Eb5APMU3JUAu 444RcYdzgJD6vsj8P3vUtJ 2CaSJocFwU8ef2KB332fRi 2iGiaDHBbgWXfhnE4Pn06W 2NTh2DcdNYDFGCQwwBMh9A 2SL1r5PsUI5sjl8fPT6YlO 6FcMkDiJodu06bjgLgfjIb 7ilczP2LvSNqgVn8jm64Zw 1XwWZSLgmYxbwPY6gVq9zI 1SbsYaTACZQ3YqeFLZ6Eie 4tVhBXOhSlqYCL2IjyoUNu 25VHV94diW8BzCyH2VNOS4 3eIQ4BidDCMiRi6WZgaxva 7CbbNHmZwR3jNigX9SbzdK 3q5cGbIcmWU4tfUixjLqKb 4rkx80LC1A3RpTLkjJ8m6C 3V40eMnOynoqLtuFeQOnh5 66wkCYWlXzSTQAfnsPBptt 1jxW8EEPaxTqk8IcpYrTPk 1KM9gznRTH7LUbu8Rb6RvF 5aK8Kj8MQiJHjoztg8J5f1 5FKQzoVjBdhImxYvaWqk31 65cS5IHklQZyFht8MbCcw2 6kXSVoByQngZxSqX4kSGgF 2aOzz7RqSnZwgzcrlmGhsN 0PxxpFclf1HDm6qBQ4p6aj 0gb1J5UrTpzaU1s3nupgCd 1vOol3Uk0xJOuKyMD1lHJ9 01HLSuGICosUj44AuIYT0L 3KyrMwEtMy9ELAX3qbV4f2 109rpPw9mmFN1KhQ38zyt0 6GJX0ZvGeHSchrWBgCd0Rr 5oUV6yWdDM0R9Q2CizRhIt 0jBWCUI2M74VcrMfq8cW21 6spW1SgIChZxrItudDglE5 5PWldQer2GqQerAohzsueU 1Ut50gMrXHfb7WbAq0ZSXQ 2ydjxozpSUZLzmi82KV4Qp 167NF5BT2JUVb8RqqCTDQg 7hrWiv1rLsaWyLgqOJCtTX 3cNX03ZMNuXtZCtu1vFiAP 4SkLc98e2adim07nVge5Mh
3JB9XFS2yY7elkBE8ie9hi 3pexR2j9j8OJdlxZ9E4PV0 48g7JSX04HWmH5BlK85hLD 4PtZE0h5oyPhCtPjg3NeYQ 7kOU7qeq1PV6R2ZJcKUyIQ 0yZr5rcFiwyhx9xKo6b7bv 59N75D5a8UN52WtrJ7DnV0 2Aa1wE8ofs2tu59TOQrZKW 5Y3n8zwkte6452G0kccT1X 0gpMU1RQvZdPLLp8wpJzBF 2KvUa1Yo7ybAk0056Lb8AB 2d2mf1bbECKoExhoEk4yrJ 3CkjLJYnnyOtGk4Jx4iYS4 40NHUW6I8cwMekzWpORutK 3AFquNxB7RQXTFlCNNicfX 37A0JOrJ5WnmhIyGNnAhRN 6cxrIDXlyQlzR0JayHwb1g 2EAYzDYm4lOaG2Ur3iYhjY 2S07r08uP4VjkbEkHgt3ot 2kRiV2Thz9UvpnXvRjQ9Hr 6dnLlf9gVrE8RVYoPGDrSX 7q4aClIlFcgyVQDACJQdmG 4tmvb2WFEEZWZn4enZ3xEU 4VK5Uzr94AlhkrWfscjdUH 6l2uoYAlee4KuCPg9vGI74 6dbhriy566qrR3yYmnhlXb 04Ylq2hnIMF3CDRXrptbuZ 3K7sWmplr6sreqM3PhHoMM 09E9HH77tUFrpFeK67NGoz 1jo6zavGHbrqlvts6xp8AX 2Q2CEwre0kczBrCJvnbvJz 5tEBmzq26o1s6umHCvrpoF 0XzfEziIh6x7eMww4Aqwko 1P08Gk1VpDIf6x1gvIobE2 1aKJdoZe5lv5rTShBd1V2i 1tPi18dFRENazurH44N1AT 4yj4W8fem9U2zkV9HXKVMt 6pMZjO8JIKRNXUK3KZDrpq 0mPXmLeyK5WMZag94pWBmD 2DZWXfoMTvtNK8XN6NNWG6 5SpCgEyYbz2HBZKFEP9Khy 2qOm7ukLyHUXWyR4ZWLwxA 0uZxnOtCu446rl8zEAEuwX 1Si1RCBTztlWEoBBiJ4A5K 6hhe8doNLYd1Rj2mykPEES 4C2ohxfUodwGkMN67lxGbs 0D96eogm2ZhImr3pb8Jr58 0PWR7HkFbNOGKlVY5xheSj 2HfNMWS0nrsNzXwcau3A6z 0zO8ctW0UiuOefR87OeJOZ
1BqklpGekopNdqw7pybbi4 7DDcNAaRQm1cyDeJ4yLafO 5UaRigJg6qYQT3jFiXem50 3UHSrv5CV7QEQFz8txPjzJ 39e9t3V4fIND6p8EsQ0lcs 108Jyy3f1vG8v6KeGQYHtb 42WPVWtxYdFE9fb8Vp24FR 5VI4tfX2IlxFjjMlycavAh 0OvXBNfHDmetsF7rxsQznP 7BQN1fnNSTMhFtSINGUAfL 3oILrTbXCG4IJF6vSuapAo 7uKJU6S7IrkfVv5wnWQ3jM 1jKJ6fCBWyKCnEh8MdkcVC 2wvQSPZqzAmhE62zT4JTFD 4UUhIHOzlNX8dfeh1RG2Hd 7MIF4umwQo5SPgtBY9X2u9 4P0EIbu2TyoX0f8czjNEjg 0PdGEKpSBSQ7KAW6T8uQn1 2fgAJeky8Cpsr8Cfvn2NVp 3iNcNqSuPKM1YzChWXEaL7 1zwJikF2MYUwqcVnqtGxVj 3Rtv6zRNKpeSygXoaF9kCm 05xYoVj6QuFk0U7PVl5Tf2 5al7J5JGiiKyiVRO3CZwhF 6YXRRw45h0yntnJTJvRywf 1pZS3AnHA1hY8dNKBdL2Xm 7M0vZyTjtbUB47CGCk1zTC 58Od54kVBanJPvBRR1RU2B 2uwjVwGX85UaeAFJ6ZRUwB 40wUM3LFZOlUcZfxEIZrYK 0IsB623ic7ekUJRsqIFWF6 7lBrqKdEuavqPRU1AZeHc4 3Q2M6sNKDwoqZGBvwdFqZr 7g5Q9UkQXiwqgnLcPlu1rP 7exSUyB5lLDAtrXN0FqIS1 3HnPpltJ336YtMvnvmFuJN 0AfR9a48yiDM1cIvil7dir 7vmEKyVtkUBfrHzu7mRZ0E 3nVVj7Il8kZdg71oSALWGc 0pGecxPm2EOIQgc241d38t 5773KSWFzg9kCc8yazjbSt 5TP9byf9FFaFxdd92tFyFp 5V9wY1AugzM36GDJtB3sWV 1VzhfMEGIIkn5hFITMJzW1 4Tk9QvtwwOj2Ah9E8ahutZ 29pz0bR3IpjEvB4NgVW4e6 0a93gOQyRFfc2tVtup7JVP 2ckG0QZT5dRzBmtOeTvQTt 383QXk8nb2YrARMUwDdjQS 7bH8PVn1L3dzJAKRqwE5n8
2wY6v0THatz6KjIx4sthkR 2w7IThCBQy5c70bZB3envP 5nRcx8UCg9q1yy8GClRuQq 6zc0b2JM2M9DKMuLQ1XCRK 5HCTbcF18u5DcYNwEWWf3n 1tEmkzDptRqupK0XqLs5O4 13HDTxGLX75krczQM9xRKP 62hehgDz6xR3kAsHFdyfbE 2tiJtKycfJk02RQtKRMJta 12hNVeWLSUXzOySe86H2KI 7phh4OsQMToi4JFjje6IqC 2JgWNf5c7x3n3AUjffWwKX 2glRwrbsXM6p1AW1UESGtS 62MzSklvj6ZV87TlJdnEWc 3zRAfpYlqIr0xmUPDznWoB 3YeCw5EwkMMhieqjc5NULo 3iqX33yzcd11lQfAI0h6u7 6YG9ny9p9PmMjIyJ0B1pVw 2JtPYVg3oC3mIVQE1kBJYE 4dfWSdsohnfGFpNeZCmgii 5px8XziXUqZUscQCfNW4wb 6XCrLiYPZfA0IFNc9KV5TQ 7sPZFxIG8Tt3mLOp6q1rtE 7ppgdCEpEJETbMVfqPDIc8 39NDBdU5Xkm5pCFGa5kZtI 3omBUyl9eMNP1l7LZhJZ27 7EX4MxXL3XKZ4GLGh2bHUr 0oRBZHm43TWdaljLvTzdQY 4S1JC21uDwlOYVd1z8La93 1k4ppRZy83AYn5HCICoTXT 5QUuPcnKApzahddKVQTcpl 7rZz5x0FJnRX8ZZkywLxPN 6adjXENHRzh4uyVziFlVGm 3COJYs10WlQymS9ml663z2 3U2mzBdc2hK2WjRP4QE4db 3BfkH2Ao7cchhbPDGNOvlE 7eKS9SDYLpYOKJYcz73piC 5vrHoWD5lD0FcD9iDs1isg 2kPuBR2osQlgym22etVreT 0qxd8kZW14URS2K6DjIxi3 2Hu2KJQAnwzAzGOoZ0Sm9R 0myoVv1J5GHoWalfLCE1Qm 2IwdjUKAF5gpVeayDajQhp 3e5rJE4XQEI4ohlQpzrkBj 0a9oOpT7q1pkXmRIXN5k74 1D5rhIKHyCvqomf1759A8Z 3PQ3wWtTtehxTDT6rTKITm 2nJoe1BiVN2FL4qgjPqRWJ 09yc0AtH1l2BVIeEOIiidA 4buxpC67ZiB8zW6nwTJ3cp
17z4XP6tPa6B8PiNhOeNOW 3oHkMCVJyOcjg5FhfLc2Rq 1YXGC7MQQCuPcyAfnSbK2p 6vO2iU5u2Ukid0MjfZWUR8 1OOOtGCnX0xrrqoU8KhEmx 0fAuuR5hoWZtTMpuqqxAGy 3skOhs7TlQOCuzHjmTa8Xg 06lU0Cc2C3BEi4QLQWynhB 0a0Y7ZgbsihWkMMQW9vhgf 24XDkZsHa7ykuinmQOJc4i 4xrjUkEx1J7SMb0P8NOr3y 1TdDoZEthZpAc8HoGi7VW8 6NvpzvvoILZTttsq8Fzam7 1QKA5v20imhc6FT9Q8W0nF 4KjNEsQ4jkqXwCmsn71a9p 3CJXiyK1bFbVb64zXsJGyK 3KK9z3nmvq0hkb17pII8qK 12RfX2G3TNtv63Wv9di82N 26z4AI4PEA4HS7MuuV2o8O 4ZBUttBZv8ziEKw9AJuLfW 6HTQ2PPBX4gHv2HsE6kaJF 2FRsZLQcMShPfR6IU2pnhD 0HkbXglzlfxCPXvoTHLlBK 067sHStqUYGJp8Wzw4cOW9 1PzyFZCtPb4raYnNsBNbmw 0ERqX84JWaK61X6Nceiuse 6cNajGUxKP53LIg0LzlfQt 040HspU3lczHOW0lbqylN0 7L9b4DcYOqUMsryjTPzKGH 6HTZtiyYDspvIDFQlqwVKA 3MaVKErdlCeJXf7g1V2qbK 7m6Rbm8ZGYTeN350wdtl9E 573NuF6pMYmUkXafCIjbMs 4KROoGIaPaR1pBHPnR3bwC 7JWMcXxoLiBsBM2QkkeD5x 48MPwRtt4PRuC0gUZgkI48 7Jszqbja6ATmWACW5l1RPR 4YiW28JXKVnk0wGTLUfUz8 4VTpLcpbcklHDX6Kck8iNN 48jmyK2lUEgvLM29GfsBcg 3wJMADjroXVjFcJRoOlwDW 0Q5lsXhvSLoM9VLGcDOisj 3oPkfVLjI7tlHLmdNWw5aF 7yNJ1838Dj78EtxMQUmdLr 1TeO24LcKysTidOgk1xdE0 1ysM1tOpKQY06V96Lw3gmk 6F6BD60CUYpOzkFhka7xlS 3qqEFTIFcZuWJYBtshrxca 3iEwa9W9ls7vLbZbe7vgSr 1eb9hvaQoNm7sXta3ntDto
2tIo8woRN7TDWxnOjDZRIl 7FTBQrTuC7FhgDRscn0E67 0OvWj24CBpuMPEHnmgemiK 5DNSgSIvQrb05PDcpkAQTo 79rfvJleNexaR1JVJDwRFF 0MQwWxw7XdXYUKPfz4enB7 4vJd94E50ctp70CSlSRJo2 1h96xyL46ACvqtIYZnlBN0 5Mec3JZZldBlWORup9vhgK 7egiYyTeKkzTxymVo0mPj8 1L1amxxBb6h8p2XgTygITG 0S5CHfLoKvs7tIEphQPbUd 1SVTAsSlEy0C2FchJkFSPW 6wOdpwaVrRtWlVSQNMBNQU 1nVwVLTEgtDqboQ7hUSLuj 0vwoBxbfsBLqyiHzTZcqBt 1jvDKUYrzxXEav857gaZ1n 0ofHAoxe9vBkTCp2UQIavz 15EPc80XuFrb2LmOzGjuRg 6ZUDEcfkOP6R9g6noBrIW4 3TUo9PV9eB2BC85XTmCJLc 4lgaqqxbWLnc32Iy6gBjyd 2TAp3BxBHAdeDSCrXdyrac 4Poe2tbBNW9meJneyUuZTb 4R5yh361e6SXlnyjgB0Slh 5ovjlgDlwy3fDfAWDh1Pki 4gbfHJEE2VFzoS0MKb77DH 3yd7xmQZfYdga4CJOrReTW 2YHOZWBqEbuCauXNhr5jA1 46fLrdgnLEB2ALJTQcIB0L 6214VignFkgxHuFWUDkayb 0aR99yr1CNoxlZxm2veB65 22g6cVx02D4mcNkdqbbiMn 7eYnTDDqx7XLsGtIQMea5o 1XCqGflyHjZAE1BnRqWUc9 3Ppom85Z9JNYuJIiURs747 3BYbyD5lGYWhjiJjziuwFZ 05gFJd8UF1nh95b78SX6X3 3KSVJqsgnuoXamBfXgWvVf 72FOBfDqQxeZAu9BOuRCDO 77IiDftw9wiK4mxBDWKnA2 7zAtXW4CrwSC43aBvk9ALy 0qythH0P8C6QD3F5Z8fLIz 3EZhfUXmXNBzcpYsNr2DU1 4YzJxZBPeudi2QsJiVLVCa 7fceKgGxIE3s6yGZ0vduQa 3Mbkhd9tdMwyqbrVE3IODX 6iRrt1UtrgsxsOZUjp6VgC 4IoKhypOMtLZd0qsejlB1C 2t3YVnBL4hmiUapDZ8YK5Y
4EFV5CeWpjA2Li7KvQAjcU 3qpaZJb1799OHuOAN1u0dc 6SNf6rTMbtR2p8n5wztI5d 0LtaCvamVCQlRnUSjZ1F1K 0cxM3f2twRThRR5UwO0eaR 6ctbCIikHbC6tSOL1rewQX 5NeQ1YC46yDLLJNf6p7IVr 20bTVYNJ8KNoWmtD6CyIXs 00zEwW8dsWZYztmLOFHHax 7zYziuiOka2btfhDlVhdQP 2kXzEj7ThHrgTUEO0tUiGk 0m0HFrDMKmKevSqLLwbnU6 0SiosvlNMneIiY9juvxSEU 6rUWY9FfwmPFQPgN5NXqGv 6fMiT2SgB1GIKZeCjiPPqA 6BrsUWvou6DGEOax1kcmuV 0pU3JciYtev8rQ99dhO5QG 32tUYhAygMdx9XxFxxj3It 29gGTrhkUT0pIUPklnc7Qj 4SUkc7jXuIAwkDe0Bq2oc6 2JJMYjdQbhYgB4xTvu9PkG 2hP7W8dpOGwVlL8GEfsfEN 4ncw9W86JmcphcHasODe39 7EGV81WeEfh7aoZH1pMjwf 4EBi7WMGarXfmfzKdajp2X 0Py0wDeEgTQJp2QC706sxd 5CBEzaNEuv3OO32kZoXgOX 6VibchvEjLB2NhNIFNDhr1 6jsK1h9KiGvPwXiMZILxUp 0g18A8rqQzqXoYXClQlMoF 4HKI7sj0KqJqHgCuLWwqK1 2H2l7zo9EqtqxFr8R8N8Zg 6ZRaQjut6EylZHpep6Lqom 1XU17WVLczeExzdlt3RlAj 3CeYdUfGPCjKMDYyI1PpCh 7vglqLr2HwKFWXMjZ1DN4c 16FsATuvzD0nAUPMkamQtk 7fiRnMc2rnBLxUXABqWUAY 2fdqjSl1ynhQA0cvJY3hXZ 0yrBillIFOEu6KujGzePa7 7wCjj3H8biq0pACQ4tGD8B 339dwcSBa8oxVZxicvJG3c 6nAQE9VatYS3fjJVsVh4uX 2iyx1X8sbpXZ4u1E6PhBGT 4MljRni6zG56eVOgjRkGJd 3hxoYmSHzIBwSS2bPTOfbg 4UDmzY6Q1JJJiUbQ9phitI 5cIWkWH6xVdEllQ9ksuu2E 6LOZws7T3jqZz78unPgFF9 4tj9WmjGrCMJfkxbnbwcFl
6p8HOoJGQs8qvFAOXfXmxn 6hp2rRmK0Z4ufTs1LCQAgY 51ZCCWTjTlhrawVzv59f90 5QLUm446DT07u61X5QL87H 5Lf5Up7cAooDveifotRDBA 6wLoXWs0Se0gZmtSlk0vKJ 7bBoTCaLIdmsNo0k56b9fK 1evftvIPbg7oLGHdhUIQ8T 1eRVsFpFd4NfHG2ll5QneP 2MiDy8LrZmS8tlHwhIIYpj 5Hyz0OqNkeO0lJk9KYmK8M 1GkZZHT9uJjdzrrksrpczR 27croIwtcNS0pPuvukGrIT 0n6oM60zEwmqCjpfMoXHqb 4yBiZFLXn0n9AUJ5sWO88k 6a78LbemtXEjavef7xmVrj 0TZLq2MXtunvVZjrfrCYFD 2DgLCrnfPxVAvFnMxYTuuM 1i4Bdg6jR7Ee3YQ6ZC381z 6onrTBhnnIO3kH7R2sqZUD 4o2NutaGNhfGPCJQWiVdlK 6R1wEc0R9v3NAvayHuSTaN 3lB0GMiI5KxDbTOG8V3bOx 114MkwzvymfmvDU5cwDGpL 6Jp8G8VpU7EII62L6Nq4WT 1UhnfcGL2KqCXYRwQCRIeD 56Z7hbyMrndw1naxb6I5Oi 6CLQ26Euu5QwzRMJeWIQpM 3B5ThZXjhniuy1dh92SUpV 4T81TIkBZLKJ79J21AmPjc 06XvJc7wh4M6KVM0lfMp9s 1H4idkmruFoJBg1DvUv2tY 5o3w5IIvu9Q7IhMikSNcls 5on5KteZJ9xWk8tHo9l3El 3eNSD9aYg47dm4RESTII9H 0E3CyMPqU2I7qJ0vdVtcPi 4aDtKCOC2TwiY4Re4cDHLL 2tcTksk6qFbYSaZogGmgfO 3gIeoIMQLfWDTBTEpqugnm 1KZ0ajNYZMXcOQjLnh6Brj 7qpM6ZfKiHVCEmqo4pPnKR 3MXMZALD1ZoKBzCmdH6UnI 1ZeG4NhhXlSFEKJBx5WDZV 0GIF0mcmAUMncJZFKnoywe 1YUy8aPwRo7GxOWvhcc9Ci 4SbwuVmCq5f2xB8IkrXw9o 4nsiKM4S8cRU3oWNiTOeWz 75SS50WWBZINsZgccsSnGs 4XHQyvbrBsQaaBUW1VvmsL 6WQ4c9jQ6MWXav30bqlGir
5qyNfo3xZA8UxvDXAiClUe 0INtJm8gCJKtNaAYQNVlpZ 0xdf6QIHe8lJn1ITgXWsGe 6xVYbYmeXS0RDgWQc4Lq5N 1RTkN4SO5RyA8mRihVPc4A 1K5knyJUMYWpGwoMn78MoO 6Ny6ZruYFAkcskjqpSvrdX 6eAvbCJnRKJmGZOFUqawke 0gjzpfreSFT6yDUFTHpe0K 2pmaH50O0Nqx7ZY9sfXD3w 0iGckQFyv6svOfAbAY9aWJ 4ydqTAEY9W5RsHW6JgXgcL 0qDQ06NxqLdpQTWXdXoRjt 2sjYY6RXifCdd9MrDj23Iq 405klj3hdnIiwvOCQwx3su 0fX4oNGBWO3dSGUZcVdVV2 4B1heKpEULdxYkIJsSDcpl 0Sjix8topwg4bMaFX6dtIw 4aYsWv3AT2QQMbaKjjbBdF 21W79bD5ZYoJMFpDVjZZT0 3MdYwuODuTNpZM4Sgi1pwV 6H4cDxs6GrNI1aWNfycd50 3X6YJcqTinaNraRvojF62K 3QckuEoTCTQ6oK2BclLIln 3AJwUDP919kvQ9QcozQPxg 5WNYg3usc6H8N3MBEp4zVk 5nHKCkJ3rWdfk4GxCaIJMy 5ySBb2ctQ3wlSHVgphxdYh 1kpdQFPvhrXGquqfMM3JQB 6uoZe0oiV1QsGY7Kfb3j9f 6xDfr6HJYMF4R37rY5aTRG 2LEA9Rr3VH9tkVSySWXwMW 1ENkpHz1LU2JlH0g3HnO2W 4iQCrITU3nYC75U4wwJ9rW 2KWLAtjvWkjjfLNSDfK35v 1Z1rWGKWJCzdXaB2YwN1yK 5dJS5oBmC6wvJ2nNzl5hNo 2vu8ghBoBQ2e4F1s48QK17 2sfqPe4FTSdpHGtSLbVFxl 1KXpyjHZgLH7zo9D0XZ25U 4JtxzyJdBAiwr0iwRvPUyo 4rwEqcw9j230YSp633t6cc 2LeaNy1zhJ7s8gGCdbMV5Y 4sDXEltU35xgga78VFvmJe 4vbUuEpY4Uxi1gA8WpEHr5 4PsIyRV3337zXkGlEhWpT0 0JasZSz012n9mtkxqifl3B 7Bin1ZPljd1bILoyK9Z0qJ 6G55FsWPj6XamuNh4fYIp2 4WyB9AKyI2gXpXFXS13Crd
2eLRr44vcdLTrNFLB9GRZZ 6DxKG8EHEqkWdKrFQSvm32 11DjZQEZ69EXLo77HVj6yW 295v1gr3K2iTWTDhBFOGGw 5P7w4MWQSiLBM04LvhYDVj 0ODyYoVSww35hhAwxkxOWT 22V8hljKglJLC8x2jMJgvY 05E05QwMyBwr48UxtyUjFT 4lTHPGkQ7s4R8VtK7vEJUV 7za2bHIESAb7RVIhQzwn6H 1oHNvJVbFkexQc0BpQp7Y4 5Pv8IetlgT0XRxdUk9xLoQ 7e0j6jReCfN5KJkDNLHyHQ 3jB5TqI6yDnQ1PloflUg7S 3lpPyIWXJ4K8soUTJsmxOC 3xzLDLDbSkpGpSdHdQZKiR 2E8V3mdt2VhJvujgucD78T 3JLO3GzdHqAr0KbQnT88oW 0ktubfBv45uab9nkKhk3eL 5aFOfqVRkVlf2FnI2ooAXk 6HK5l5TOiSUfkOt57hiOwf 6qJcGkVc3tEPkHSyI23m6y 0ToHhkK4qtwEyKOxhQpMbJ 72nLaDnt2dfxCA3ZAiEC2c 1NLmUtobRWDV3pDkWnaooS 014adPVPEvYTJ4dfhgaMgr 5k6gYl3whMInfrfBwFVjWN 5J0IEDfwKr0CS2hoIBmY2i 581mukhDjta60CCwpvnjL9 3eUTud6k0l8f55JFXry304 7DZfcDKppIyC34Zb62dZn7 3CSDvtLQExxVd5xoMAi8q8 3c7N2fCFB4JVKGF8cWfteh 1AJ06cJrwsUYtExS2jDR06 3Vj9SYcisXn7qmLrDe75k1 1KOqY0QTSadQFRgbNw1sLh 68W8NS1DxIDokFprYYq57b 18XQ8eo6c4RJyuEBAg6Ru9 1KrQaopRSuHCirZl4GCeAJ 0ufCBxOl6vL8Yhcu2Jl2a4 2oVOBTNTiHqcnQXyY4E8eR 5b6F1ChJ706K1wcUcSPdfT 3ze1b6dNwAJEgs9ES1xL5e 2JK7amLLxtXYavB4DJeF0Y 1zwCCOoWdeS3d4ITQe8kWT 0uI7yAKUf52Cn7y3sYyjiX 0auzo1bD9DMIP7bcvClRS9 1XgvkebtqYODmWcnmhgL4d 7tn7yunqaAByXoBN4kvv8u 42uG027pzJkSk63FZkUd0I
0himFSIYrFClq7byRHaVRp 2jpd11oy0FGFebu6BpKSse 2Q4ryxxUhAqgTkhtL6oWV9 3jpY5FadMxgQ48NULttOpw 0LM5Ir6H9RcUOGXIPFW2bw 05MaQFhiTLmgBHHijOFvyp 5NAsayJ95IyU7B9zpPSb4P 4v8RUrAEzvlvMwUg5KY1W6 1J0jplGmpZp7WIdGbVwXyH 6pc3Mj4hyVmIyerewMr8ry 5KyuKZXdhU5pQc7md4UCHB 0tONWy6no2RUp46lj0Ldp7 6psKq9QcTxQNZDLFUkijwc 464oCDs46Egx9X4umNOYRe 0kuCA7OqdGoCaclQKqDFAb 37d8O4cIq36tssCoJnhJxg 4Z92RMiyJpUrApZi3LtpJ6 3rORr5a7lOg1QiXRAvckyA 27RFHV4EAwugbsOqIyBOxm 2P8YF8al9jkQSAgw7UpVPm 1INVupzukXhzVJOm6Xaefp 6ZtBjJTjVcCP6WDlGIturb 5ApWGNgkZ5QJo9hBfBTqHq 5coxXfO2UwmFVjgqpAErh0 1SShxVVBeZBCY7WddnksPz 6XPxhu9b70wxelrjNIrc9Y 3nBjn3U7kG0bMbZDpTIZEt 3Yfs5ZmkP7FgMzREvrgS07 7Crv0MO1Va0adq2b5SMCUo 7KsQssGg3DaovFkd9Kbnc6 2ZfVt2skRwfEq1Wb3D7GmP 1aaFEZDWhNosmEIPvPzebA 6IbVND7VnLo5wVDAFZs5Tf 374Q2WsymdOMLh5V6wazPG 1moD6Fn4p6xvscSDp7Rg3S 7JOhZTHGaH9hF9URW3X7st 1hCSN8TA6VYgwKbGrPpmCn 5mopAboYrEx2N3XaExfsnC 6BaJoHJhRfIi8OSJLUD21J 79bKKv3MNqU7jec2IFKw7d 5QvLKIo27yVB5Rns0VXGrI 2u6gOYRHuN06LMQDHTwUrl 55u2sr27Oe0APUjLDFP8P5 1kD8KcFldg7t0MAdn959BF 6txWz9UapYHVxEd7dDIHXT 3FUIqf4X9lCSPTL8p9gETk 7y4WTzMRDb42mHyzb9Zdvl 0ztJ66Xs25TACCl3wdWT93 7ef4DlsgrMEH11cDZd32M6 5QcZt8pjmSnxrR6FJxE4vQ
1kEasyYGVUAGrtk18rwX7v 5Cl9khMPNQZrbZALIl4uIE 5kdMBPrJNUjFnT9scCIIZq 4Ki2t58FmVnAl0K5yBvBAX 19AmcbQM5qBQYxPsSxLjbJ 5KgDztq0q1kEO4UXVDCrID 6qsUocNw327ssLaFW30RWi 0jnFDxgNhS156vu6roUVco 70XkUZDscc26TIrfOBsfCx 1FKG4vkwGdqCArgzKF5quL 1yecmpf1kdXRAwQrW0QZgI 2z2i6P0s2ChOFBpHE4McGT 0ccCwNzXvr1Yoz91vKz31Z 2pDDWtq3lbPKXVzCO321Jq 05TrDYB7C2SW2HfSsFfIzB 6EiVwHhlKX2IoNzPgshcD5 4OFsDkpPfLiBrSrG1OeT7A 0o9ReYQQNZ5JxHjwW45goX 4KNfNp4Et9nyLnouySvcFT 1xgXUDHJueE1JS45kZKNTB 1aoncVNhXLVHI7l8y4dEJY 4jIOBjpTAySQYZu1gcQEyP 6kHcUrZPvzkp1LSwJ5JI6d 0qDOSuKfzm8dKrXAMVKe0J 55pCuyEgB1YnSTT1Elc49X 77HEnF0ZLGpfVU1Jmo9on2 4yDqPKxqFgl3KgHVMhPLIN 6pcywuOeGGWeOQzdUyti6k 3HCoyY47D7po1xC1y7HsBU 7KXQNvxQwSJjfuYnMupaOw 7Jxy2wI4rm5QWkeX9WiJpa 7M6YylEzfdVNiKHcGZU6kT 4GBhEhgb3ToWpQ0UhJgQ7S 7aggzqfbAW7LnkJUy9UAdJ 5hGM3sbvHUS40bx2p6jhqU 5yfHDmZHjMw2gLjbghG90V 5Dzhbh4NkYVnkyn3Rw1u33 09fEg2GgHCBjkiYabvpmnY 0JebX9ckPzzDF2sv8nwJYD 7BTNbEVKPaic8Y9OGZjqzF 3kUkpokTC2HoFRvOdqjHQy 7cY5B7UVLQjKoygggH7Iqo 1bUmee74HYgvWGbfd2qgR1 3KzgdYUlqV6TOG7JCmx2Wg 2MwTDvFOOmA5ZCsqkQZGKA 2EmqbfBUV8IxOjwbsK97Ae 75ytdjAG9PptK1Ub4pZaxt 26uTUXLcaPTXbOTv7wvXOu 0s5rv8EdUeBwSMTweeNFpV 2rc0hJmRLtWD05tulKI5KF
0ENJbMqIwyxfS60OCNSBXh 0j60bMsg6WEAgCeBzijxlm 0VWhKY45C8eM1zfaJUlqsj 4BPrUQOpv6jQPYBehZMXPC 1UVzCYVdZRhxJ4JyS7f6gU 5shcxlhR6ChgqDf5eBtpBW 3lhpm7Th3qLD8nu9jolvYC 5MngDPhWZX00olQNji1C7e 5JwJHACtnJJ62ibl1CNdrw 4Rtw4F9e4Z34pIhTSmwT9s 7wlWKqeWQf3AibcKKB83lw 73cn6vDBBOS74HXf27l9t4 2XXfb3FToGrAOZKGJ1Nwhj 4wM51SUZfjpOs6attmHbYi 0YQ1b1ySD9cDPnqpDVB7SQ 1kMaabU2SdoDeISc7jHUin 5JY9rab50HbAu85ZX7QQ7g 06DRBJCrPlsjsMuSjxAGKH 3lIpbrEnVdrPN5osHbSh08 1CLSRrFaaW9BTVFA6c3PqD 4LugXNtxugCB3FEiM696KU 2QrXo4kQAAFvweFzR394db 10TOMqJQfHpfm0IruBgZRK 0YE969tuCAphTpxs1KeNjr 1qCmDqc1bufbyDfujHVrvS 6N6jCOPR4kEczFBMrgun5A 3GhQ9QeAjPMkl3HYhgWZ7Z 6AY1M1akbsVaQN3ATVyzH7 6s0vBk4zRNpl8Ic59riuqT 545OWhzD8boaIwdce0i0ik 2ZL7WZcjuYKi1KUDtp4kCC 6fSdR81YvNG8Wo6i2ytLPR 2PhmiICmcdIDWT0PCXajKQ 2WaesAINqa4dKnLVu8JQKS 6EOZBOQzTVZh9737ULhb0j 25aqNQ9xQLl0zx4WuB9oXp 2kYXT0wXXvsQqwBhJui2n3 6J5sxraPPZ4b0CVOGAgpXj 4DE7QZ0PGMmwsvofw1txUa 6umTB5I9xxHTm9pwxtewfn 5UbnuRgMvmJXNfVQwtnMeJ 0qN62U0Pek4nyYTPszEsFw 5YbgcwHjQhdT1BYQ4rxWlD 0dtekIuVAvGmXbp1cIVgh6 7D6jpR6ELlENUCvXX8ytxW 25nllzHAEWKBlSYwbBILjr 39RB0IqpC50lOetWU4qZT8 0V1qj5pWTbXM0Hjpsz2srP 1fPUG09vA8KRKwdcj4rHI5 5lvKr1Tlivc0synzzGHjZ3
1BpcVnAhL6LuS8q3l03ONd 7Mqdzo9NcZLUwTAoyV2AeE 2DtWzFypYhE6U13eJBcxl7 6XB26JiT7YrKdZSom2A3Yw 4ZgPYIpUrOTIJSg2VMPeYU 1wIjZVs7MkkBIkGuzHQ3b9 7i3PTd2RKor2hUAXh9HuEe 1dpnytbcLCGjfgAbtGLCKw 5imwsE9ouK7EGy4EQ8LMya 2hWYwgaVa55pfXHlsHWenv 6xoNreop0x35aO9I103USU 0ccvXGsvNm7OyjgJNGz8S8 0NV2VdY4TtRAJbbEvtDCRL 5L7px4YZZa0sss5Eo1FYdS 4tT8JXFcaJunnVNgZOFLIj 78QUWHmZOv0lv5OKSoqAPN 6fwczH5GKKD4hTfwzzWhOD 2sQaw3Gf36a7Q71G4vkvyB 6Q0GhCD6fwflHpJiPyGVTV 47QwZG9DGA97qTESmGZjQl 2bjwRfXMk4uRgOD9IBYl9h 1NA2NvAgCB4EfcBC8OHfuj 3m6YJNY1kha6mfQlZJ2Ox4 733zG3CqYnW9Q7fdxqGjyV 69HiuYUNtxJoxcPzYMTwI4 21WH9euJGcJ9RcK3LhSCRA 6Xg2AjBM9IUSPwojhCP77e 71kZFTnbHZAINUDUHm9kru 7I1pDB99PH4iaUatXBXHgi 3UPtJA8ZJ17KePJJzwY8pn 0QBCQcRTC0o4Lp1zeQj9JX 14TmkbR1USJVMlscOQn8RZ 2WuyzORugUivFDhBeH5K6H 6JMQpBUb2rand5hSUThBdb 106Svv4dgbq03hPloUpggv 5Y4HJ5BPILNucgyaqvsWSw 2VsMv46DY9pM90fcwhAigu 4iOCYeqJEZ9mngeZSEV5vY 7BIyJ214hMl5AukVIYMhaQ 2TOqhTgJ2tez8HpEMwPyGj 52gheerST7Xl7etdpHBaqX 4L2qaOrvbSPIzy2gox53qF 2LIewgdqRRwE9mjpoTPXRt 49PaLmylh0DooCAYgrWbof 4OuvPOBmM0oKh1ZbvylkBK 6u3CPnFMKANYgfdiifFOiJ 3stQUVyIkVtY7KbU8OGnEN 1xj4C7IsSObKZXWMWssxc3 1iPnHP67gobIfXyk6kjYrC 68I9ijVzcCRdmYNI56DyjR
7u6g2roeLBuBu2gaksHZM7 1DJ60kolHAxLDQcf0JAoGq 3tAeDeyTti6wUK5xpigjzl 0d35aRjpqPRqnY9hjwi15H 2P4qoMmSqElFcI7GYaPLwf 7BHPGtpuuWWsvE7cCaMuEU 4lUj4NFSjiflyhS8stexT7 7sRyiKY0vodNZ4KyupoYZX 7etupgaplAsvMeK8xPaist 102W3moOrO6RecvqW8Ozc5 4HTuiiV7TEoh7MWrYy8RcR 1tLORE7MX4xLeh5KG3ACw0 0uboexHb2wbmkofY8Pt6oh 3Osa9FMO43dFiPQj10vfv4 02c0tvkxxkuvFQ3oLdivol 3l1jLBueeCjNuBe9n76R2P 27jnPJ8BYNIOJg4lZ6Zo4N 1kBGeOp1CDUHVdbK4ergqo 6djVLL8wt6CuM2MveIZvGR 6Q1PKCaL08GV5It69xEEW8 5k4wdNwtqmxlEb4HBP6gAJ 67fKycBHH6XjVUZHSeITPx 5wIXla4rVSXjK4bpi6ZwnH 5zgS0YQJBtYoYSN6GaDJ9O 5abyhgQ3lokXEAWTYMBWJd 2hzjnKiuRM3qp1D6pAv60D 5rKbRU9HTrkDIZqqHd867x 3WkPSV8bE1zpbdKrnG2Yce 3afn5aS1CNqpPEXOjCFKsg 7ajLPXnEr1PpdQ9Umd6IJ7 6l9fWP0A2Kpg0N8LT7cVwg 4vYj2PEqxumYEnq9bWg688 4BlTRriIVBniVsfCc6BAjH 7AJfgB4Viqf9MQ0250XWYy 6L4ZU09mKnKaPq25xWHht6 2N7OCAwEAcviZLVM88x0MQ 5QCxmBUhLuIM7QhJiNrSk6 6QxSy0i2rNLm9quOFi3ue4 0As9krp4hsjaYZ7qjxduJ6 3357DDeO0lAVcAXfd0USz4 2k772FlVSvlwToLgECCd9h 3PVRSOQ57O3LO6HCAPkbfY 21OT9TiXoyLm2AEk3X2dvN 5teYCP3pROESCEaASCVf5w 1LI7Q0HcndOSpwu4WMmgYB 6PHpeutPESlfc8bDSqhTek 4rzOh1AT6dOtkU8KNoKeYw 0yJ8TbTxicFhMDcTDvaHbf 4eaPeaQePXlQMcrV7s7BcK 3bHpkZ3pPreRBGFxSMb1Ac
5N6d92GbDVcgFitrehnv8Y 0vuSwFJut8k9rGurIocPWY 4aI9CMkLkjtcwYkj7i3reH 1Cicn7ce1xoVlq8gthE2eX 6EJUYauBxM66Jrz1X9MqqT 4s9zrPnRYldQ77aVFKOMJk 50BApvEvSnoCPYb4ymbb8y 3ipwa1I4I5IZ1RKrxsxBhl 24tVLjWlmZo5rAuyMp1pxo 2HIxJkX0LdWzuvVIQ2VecS 47vPXvOFRn4XSIzYem5JPe 49H4LDNFE5BU7ZMIg8UsZy 6isMUDxqSheFezXLcDNMyV 4QZww1y2H8rYUqic10bR74 5Pzz3aPNblZE9UZpSBXt7U 7AcjdWBhsM0pcYlm3go9Nu 4lzfwCNtSBGqRG5jl5Pp6K 50KpKFoFaG5YZ5zHU18V57 6QYvfgg6bJtXN2aNAuI1BR 6I2hvGd0VMQQS88UcDRI1Z 5DL2qEB0QeLlMNFjcYfcDm 6j1prMg05Q0YKryg4EG6KS 5Gt9bxniM1SxN61yRzRhXL 45JQ01HSDL5yvZnraQZ1Cy 3fmlNzB27d8Y5GW9lum3aT 67mtN6BlsJR0LVyzvNZnGt 7tGg6b28XOHM8ICKt8lEBV 0nAXIUQyhV6zDLxJwHIuBN 1wMvP4KuZOcA3kum0TE6x6 7z2oL4N6nkOY39PXLASCpO 5wrLoIlUbZaNkZVfbFXVpR 0mh7eTsBmQj29bkgpQKoPj 7eqsnrZm9WzRJanajmEGO6 4Q0p6OjjkexEMIu4M2uand 0gE9HT84aJhRua3uYjgJJW 5EK4UC92m4WqdSHYMFwQ2B 1Wz9ss574COB00Ympei197 0U2fW8SXpGnV2jS9i1zBuk 0goOUCNL6MYrqSVvGhvsxw 0dK3JbxnookERiCQcvbUuW 6PbtTwGUPPbnT7nRTA1gS3 2xscrlXHTjWnyWFhtOOW9n 1SpSXugykvEm2SU7pCvJCI 7DVL7hIpLq0Xd3FyRHwp3k 63UUM16heu0zs0CN3wBhe7 0BVdNCqYq6offkjRGKVRDB 4qrIK8dHlgnqq4iAhXHg1X 7qvZBZOD77FvmtGrlC0h4h 6dngbIqCm0yqEAAJyDKOb3 2Qa9lysWvMsfqwu4kiOdG0
4SgVSlc4SGKsgwooieJHh2 4USrOwVbpYaxElZGWAhEMv 5nc1yuJiRx4MLNT7V1lXl1 5w4nrqyawAXabpQAVgj1pi 4IW6dceg25kuWOsqvh3mDR 4BPfU6pbqwUtp3aU4Jq0OO 3i97OJms85ExXn3lf9cHF2 14v2ta5m9yFEKpxp3WgMAP 3bOvAqhaZNSWpGVIvHEx8B 51caKvM90DK8Tojp9tq2HE 3HlcJVRZPiYgvWI2G5Ajnj 21RLjiuHllYkBzvl7emnjH 0Y2pez3MY6JzZnXo3ZSmni 17vwtvJIeI8obHGB86gbCR 3QCK9XLgjQ6wYlJFiRx3zq 5xwzmfxNAxZwMjznQ0eVXL 3KQh7ppbDxVjdJBtjvP5BU 47JSSq8cjS4RnBlSS2ZSRC 0ROknyguKweLCRonwEg6hL 1myzWrfT0Niy8dQPycso24 7smPAnx23Ar5483hksHzpD 4gjdf3j8eenfkndxPbbqZP 6EW1fwOk4JHmTZKINZsyjB 2t2byrpgPE8SC5HgvXnhZ5 6hj4VrcrOW2oFxUlwda95L 2NT3K7ZqEzphW4fMC9cIbQ 5VIlIEHVoOnU3rLUDma0px 1AM8QdDFZMq6SrrqUnuQ9P 2QfiRTz5Yc8DdShCxG1tB2 7iFiTiGNBlq1v41Z1ztsez 70dlJqREXN2jKYedO6eX6c 0TqGYenltoHQUhY7pKZmV9 11C3sTCe07SHNDxi2IAZoI 3rmmh9ZfvwRVRyVTyAHuU6 5VkHUSvOdPG0hm9ZOol6yU 3ruoIF2UnoXdzK8mR61ebq 21RzyxY3EFaxVy6K4RqaU9 1H1KPAeHiDI0CYOV4m0vZm 7DK9shWJm361lm1ks32axt 266DQfne75ze4Gl27l0vwg 3P5a8etlVqbbpDHQqVq2w6 23qzU3TjiIXtr4QIfB2urs 0tEZw1jP3N8YysIe0WhyAB 0TIHjtXOcqmVqTdpZdeN1X 5zhyNh7Y1Vy7tYfBMCjxiJ 4iVpZVKaPUnMhEagBOIIuI 6HZTp6aIfkqEp5DBJR4JIx 5B8MMGK5S2cHvKF6WcMLap 4O1Fd402bt9mL4d65qXJKL 6AASsZsZxgBZULhhoKJfhH
0D0fMTOeTwCKYoWp8zKZ5U 7Fs2ktElekl285jjCBgpw7 0Qgs6zkdRXT7nAf6q61LmV 5NoQvINZLBV1wMYPdNmReL 0eZN5WsQfmNFICHuw59Zfz 2iYy3bF7epY1Phd2ovqkbU 7uWVT3UkCAZyANvv0bdyQn 68ewzDFRyiDYrcUxmpVyOc 2K2M0TcglCRLLpFOzKeFZA 4erM9RybNRqD6UWbQaietv 7Ln2bQ2njWjOOj5LAzL4bq 0h6ENY9kDXxfbbfnX3onPR 4pCtNtznl25abBBCW9GufN 1ulZQrNMzNwY7HaxcCWY4z 7iZkVyfWkb1AzUwlNUyp3u 3mbDM6nhPDHP0rGyy5MNEo 6rbcnFfoHov5mADurJ0UFV 5WQymnaOHkKNq93xRbaXAZ 0t0yYKYkdtN4siauMh3ouX 1Uh50JCkzmtXUZKBMAshYO 10GsOTO3lfca92bP3UYmqY 2c6cL2wQyqFZzkvQIZu7P4 2Q5Ora4IZX9m4pKLTKnZ3H 2tlCfR0Ndkm1bUp8T8vUKF 7grw2HcKj7qnbWKqzXG0PT 4csiovuy6JlhIcDtEVUDCf 1tz1kJXUqpjlnMBoCvBZJ9 5jDVT6uXQ2vGvLhwhl5Mff 6zSAfk0iR4cnAy0Zwx5tIf 1Giptx3gYxDzJg1LCwh1UE 7ctotANygA1OphPnXdsKKB 16Z9aNCE39jQzgH9XyFEoy 3EcrZOYXed9rQb9Y9SN8fX 7wlcweEsneQgizqNOrUqJE 4f8Mh5wuWHOsfXtzjrJB3t 7BidaWyDo5jkyfbVnBanhS 6FdUgQ0FSRsLCHoZZHmLn0 2H3YQrdH6EfxXdrs9ihdLa 1n46lHUu579FDgXneYcfqe 0u256fkohocCZSCJ8J79TX 73uBwhJNihhrftdZAOdcnD 0Q5s4SKVrA1obLHTIJhqO0 4B7FEzC5YbhZU4JmbsbqqA 7vqOvqqNNcvjen19qmKe8T 3ltpY7d8XPsVJp6jtVgDdE 6zjsPG8hqLrM6HEJ2RWY8R 4fVXcxsXPW5lhy5ut9biHB 6BbFwwHnzY74a8GOsDg8Sn 128gUBHVz97zFGezrdwItG 4zgYYmoaanaGTrpb0iBB8b
6om5ZD215ioA3VHIrP94FB 2io6NVUVmLnpl4K6shee4g 1GLnM2xHIG9DdLGESEEA6n 5xUomxrzkIr0MAP9YQur24 5za9NyS0nZ0nctCyuYh5GI 3xzEVCcDePkd166dshyW4x 7lQkUPPptWTKtAXzL8Mrn7 2hqyGFyPl0926RrxM4LBIE 7aYyF8mi6LYqms6JdcREDS 3VXQqKasT2ZHOS1Y3ov5fq 18YB1U2346cnPCBAbmga8h 39eCsw4YYecwGfLBT0qnLL 4cf3pTAUXdCNXSKVYfEACE 18xQ9MhxCYDvQajZDIPcgQ 6khVBikHFX6k6YIap14x0M 0GDegIwxEpCueC9jykFltz 1n85QfZQxRwTYFGuItRGdG 6Vo8KwBWXiKwHa4bz4XWht 0lmoeLx72ZdAeWDmyCV1TJ 2PUbMFMtggmgkXzZKwIa2u 6KBRNsL48BmRcQzUq1oSZq 3N9XfbQtj9tJ8NmhJkvHTL 0ZcRWbQeWMGnu7q7hVDEAg 13nJ4JqtEKKRKBu2S8ms3p 26mIK1T66sHhFxcjDbcjlR 6jHzvkvjWMVCRg4qWUYhRt 0SLG6yLJBDqGaZRxI4QikV 3j1BJxjb6WBDMc9RYYEyJy 0wnOuJclpacVenVngRphVW 5si7GdZRWccHbYrTkWO8u0 5Nt5jH0oX4qktPE6kxEPx3 4vBHFLY0IkSebkGzOLtzcG 60XRQlgM99tGf1bANh5E2d 2qXCLKpQlWWQq1A9sFRUu8 1VSJcGFaUNV4RkM33oBZiw 0irXiZTtaPIIo3G8aezI21 4SBVWkRIMJ6WBCYPvr5Bwr 3BaMyHpR3DJNj116GaZXaa 636ieo1frTLl9XvQwalG1o 0P2Dxoy0mdzM9NlFQoLZbc 3MWqszw6unNABek1aiuaVX 11bi52vYVqwawiNKKbTVWB 4bV19g5J1NtmOyprvRxUNo 1MCWspNWNBoxLWmZ7W5Ccb 6c11gh7TzquSwwoCYtLlIF 619psdPL8YfHQZGNG17DLL 0hCB0YR03f6AmQaHbwWDe8 4rnj9LIIotxPIe9qih7tjb 7ygpwy2qP3NbrxVkHvUhXY 4EcQ8GHyJGLw45jkA9SzmD
1Jaah2tmN9Hv81A87KZ1MU 36Iby9lBlQ2hgTlCpHi6Hy 62q6jcbHb9rKineV6QIfDx 41TpvOhSCOJOHuOUggy9sv 5aTseUS5Gk4hnmllDliXBu 6YTBfxkdGce9pLEy9jG9Jo 4hG1YxYUUj029FsRa6Zdgi 6oLQRPHpoYCAPgbb7soJPV 2zLIjfjQ8kMy7WSSLmF0I2 6ef2RIaiaowDSXyzXWrsAM 7en6a6ajlibz5CsLkoYAdK 7zkLpY72g6lKQbiHDqri1S 0gActRpesZkWkg5HnV6Qy2 0B2GWovtxzsh0a02PBbNl7 4PJhsp3DADV5peo5QlU1oV 4c2MrS5V3TwtNkaYwzOCCU 1dlhN7UjssCiQjEO57XhVF 5qKEm3GtMGD1Ik4mRt8Uxr 3DgNGTpG1sBZenGIK2kP8B 1pQjtKOflrPC0io5Grz6fg 4zetUxeSCCDwrr1jJT0SuD 0a5JptQEIM5ViM5HlV5eRk 70Md5Yb0yAM9YNYBA9A9SG 4sFyLyuJOUVMDcaSg1oHEa 3C98PkZdm0QTJ8DyYNqHq0 16ibh1BzWD8AjpB3AxkpgE 5o3eQ3bwnYQTh8hR1SVAph 3sl2kX6oM4RzsNRC6UlWZj 2Xzij2ym9ArSCvEKaQUJW2 36BGk42n6upPWiMCWpBQKL 6o8TnSHigKVdqxXDVtmbIx 3O7b7tz4PxF5pFTknkXpNc 1lFft8Ja17A4wnI3GyY67R 1cc97OaF9JfIB8m5ozj6yU 3SiaC3j5QdvKXOgzm6mq5P 3SEQiG6MgV40eamQVwjPD8 3EX7o6cJG9jGUJBSOLLKdP 4pKcGUEglatT3z7V6UviES 787b6CSG5VnNvAATPEk54g 6RiMzimfvMCZWsqb4yRhXF 1matjeeCpaWMFfx7Eg4r3I 4K7kXTgRepIAxa6cGSvQCt 161M16lJpF7elH98Q4MysB 6WgXtpqS0DHmiN7Dkkyb1N 4pMG2a3r1AeVbV4FOJwuRn 3Ri4Fb4QPwJh5G70j1hyS0 T+%26+P%2FTIM+SWEENEY+AND+LAUER 3ZkA3JnqluUWzwr64BBkl4 27R37oVRDrwGQaZRxJM4A5 3K3sNkphzlnrhVUUfia4Qi
5D5drptEVHlKHhZBQvlYAw 78fuClAivQYZ779SfkTeGM 1Huqu61jGUWwI3lNMr2EwO 7f65IwAgEZZrXqNYBv7yLB 6rW4zPC26UUoR1yOIpANuT 4DCOpJdh6FInkD2UYfqOvV 0IffIW3eyCx9aZ36IqOu5o 1DWRtDCstm1iSh4oTMRUyF 7C8ZOYwLwJl8dZ6exDpRc7 5Z3trOR982mBrJcPfrLUsq 5MNgiQ6LIsAlCGVFJLCord 242g05c1d2IzuzKqlbihL1 53E29FEHMgwz2OwNNtAcc3 1mVTQSGoFchL3VVrIa0MeH 6H3Qe272ZQzaHLNy9lOx9f 6DTDj9Hac7oIPyp0PrQtwP 5mYHzNSfaPau36z6IBOZV5 5rhhWY76G1IXjVrbR58EBC 0l6acwkMvrn2mitwpLEXhs 7zc50QyniYTL2WeRrYe5lz 5TxIza7VDXpjHLXuVasWN7 5sE5AMMUa66cjTJpGnnUgW 7cDxjUnMitNKQC5c8RQUko 7jQfFV9t0RBbIttxANr9gN 4WTEExEepPxQLpOND7IUnG 2LlsEADVs9UpGPKwO6eLBc 2M19mWHjEiIEfO4xxVPsWY 7hg3zgEd0ZpTMJXHD7MBii 1fs8qDLsXacMJ2JDkUygaL 5kyGvlqctXWnqPRDLHGJ4x 38s6iiOu26spsFZKj8BtfM 0MlfXAmNFfukGWTm4eQNU2 3huk8B1aNp9txmknHOzsq2 0H6IzKZWQdyTgAg0K6yLE6 3nAq2hCr1oWsIU54tS98pL 6sjV50vHHby9HQZVh2OVBg 43ra6sCSWB4vttGezXhGG3 5XYCe2ek8lMcTQXYDgQAGG 31B7wLv4yvtjDoTTmbnxeE 706kpeEAcfa2VAphQliRFC 64ua6B4uCTb7fLDx8KYH3u 2fGPYE0AxKr8LGlGNluCcx 3f9Mzx5Kp1R5ccC1ut13Lv 2vC4gnbrSbDZNuA2OjVi5n 2Noykiklb66kv87rfj5f6j 2F7ZXe59gXofPUT846YgpH 71dcRRf7iqaiFXvWb1xP9R 6mlQr4lAZtMz1OBWzmGZvd 0WKYRFtH6KKbaNWjsxqm70 50f5wKkUWEQoiro9Bt0OVr
5IHD1QVz3JBXV36P28zifV 4IwNZ4GIoUJfOi4MAYBbrV 68nTQlSEIggzDorh1ARrxG 421wAcpmSsSWHAc0TgIg6z 7k1o0DCaghEJU2L9lUnxsR 4Me5V5X6UkMlWA5qMRUMvt 0R0iw2JT3ONP9MD4qkmrzV 1otD4yyO2kytaXaZtoD1mJ 7oK9VyNzrYvRFo7nQEYkWN 1WgqwQbBKNIs9pEqdOWQGu 14T0cDHFnIcaQVUl9DKCoq 2PRZmiUQggsoCAcr4iJ0gO 3L0agMCklFoQxMOBrg8wTS 3Zof6WjlAty4A5acecEeLP 5mzw1OaU80w3IisoXr1Lp7 3o1GRfkMlAf8IN9WUqNeNS 3Xa5VCKmneuaoTe7VYsupa 1gYHv4IWmBHQphlK8l4cIQ 2RzpXFHgXybMjFCxHtOOnv 5mfwPQqeoP8jzGJCHwM3iF 3ZzwY7p2B1K3BqQlVcTIOg 5THVwnIxiUyZL72K2j0vfA 11a4NwaBF6qlYJbhBMEgtb 72npVD86sSke2L62NKEPh2 0R0o8uOkDz40XsR6uwThfQ 0lDKZO6dS927plsK7SGmh4 0rKzWTVtKrYBaHzUFsbRA8 6JmuMgnYs2JGJ1QY9dioUi 4Fgoyu6HhdGKbdpAAEtu4P 058bYtysQS0bnt7KtEnZsg 5cSylQqizQbKymQvzsRRLJ 408aMcbMo6TfoEHCfKLsjM 5BOYkLvDeYCnFT8IXLgatN 6wUw5ad1rO0wME88rrFpwG 3Jt3s9AXG1f3stYW982Pka 7tEha0Ac6hT6GWbJKMVohS 5jw1y424wIV6FyaQdB80kN 6MrVOZICKLtJMN5FWQWTgv 3Z3AzUeHA2x9VUxK4xZQ2q 6dxX3lE5atGmus7Cax42fL 0bJYeRx0wbAvmvMZTH1TnF 6efkfZUIR9pEurdE9RdT7E 3duq7BRfxiEEf5a73aMFNS 7i1IyhG4Q67Ss5EC447EDA 7aHizTQpR1qdMzHxH5PAvH 2ZltjIqztEpZtafc8w0I9t 0bXSewSAyTqAheLiywdmjJ 649gHObhF1S3AGzPwr9wfw 0Wbw5MCCSn1DG9Y0osra3K 3vlwEULt2EOknfygShj3fc
7wB55spnNmdoKnUYeyd5Ex 4YMWv3XtU6qjdUmrvrw9OI 5fnlW6WwQHAGoBH6O5ym7k 6n8wkmgsU4wCJdM2rky0yb 1E1JZ5iC3YGAsxXu6U3IM7 3weNRklVDqb4Rr5MhKBR3D 4QteahZ484moI9lTB4gw24 6LyAwkJsHlW7RQ8S1cYAtM 7Hxbvy5myxoAsjWcLASSqe 4BGyn7Zh9d4VkAoWdLdbqw 56nRvG4Te0dtmgxnhJBVm7 7GJdBCW4vOqWjJd9HXs72o 767pXuhxKx9olymODVMCSh 5lR5Vh8egBOOhrc6Tt2t0B 3RRtdxDhVpVdOiykus26pk 6oMNXoYmkW5K2rd6aB38Xs 2tFz3AlZ1GUacsccZgo2Mt 0tSFBMEV6jTzvXMVCp8eaa 6iQVt23plLw03bC86G5mJy 5yTYVsQPA7ujLOANcjdDTW 5aFoXADqE288FAlbXYmcy6 2s1WqilbQUOkGt808jgH41 1v0d3xgQnGKw7PyuvKklHc 6d5ZYkPhIopvkIlub9jRDa 5vJesn68ORbW3i8hICtWFV 4GRxW50GO0Yc5Pp9LK62Rw 1GVnAD8Iz45rux6EC657Yv 5gdKCk8vvgwKoRQv0ZXQlf 5YR9LQu1dLJtSc7hgS0inh 1F95jZ7rvl843z9QQX8B6k 6Knv6wdA0luoMUuuoYi2i1 6MiVIH3fQlmz44jGx2DXn4 3Tw7T1en0fIwM5RzKPVvCi 3qRL5CV1simc6AY94gltwM 3cAeVEM3e2qv2V4lVhMpdR 4hCVf8oCj6zeY5ZiQ9Fndy 0hSZVxNe0Btegh5lw3Vau1 6c4N4m1S8bXNDuX7Io0f1T 5YpXUDAJewU0TUhE4M3uLx 1g0ww0pMbkogmCRKltoEgN 6S9vRWrLxYYanK4YD6X8bu 3MtV2XpWizqLupMvfbrSt0 3oIJ6gIZtQhRAWZT3bRoiB 43B6ybhV5xIH5JRippvh15 4zVxodftD8x2K7KI7VoQtW 4pHPgZOypoLFxt7oRoyjaQ 4xPrmPQ3TAQxenYhD4FsPG 5NtbCYEkNZhQuG8HhpOYwt 17OMTwi5InrkuAtAaYMIoF 1hw0vNIorIbKLdhFVMcHYC
5yyRH93h4Pm6tXXYTxt7ea 3vjRCVMy8mqOzbhBEuJVXg 3rvp7TBddkCytpmqmlvb55 5zhxhy2NdK6199MKQeU0hj 7KJpRGaBjH2yltiZNkuHF6 6pH2lh0AXnDpPBWRbZZccu 2ICO3Y4j85zZmCBTf8EG5l 1j94BGJaFXhaaMyxK1l5eA 3zuOyypo2G5MdJ52zJO6ls 0KewqX3uulmXuabqVfI04m 5ltlP91dDK8QED7epzFE6R 5umNt22952yVEaGegEYuVq 1ErzC5Cace2XjJzbkDluK7 5GsT7Z8h4PL3TPtWm3Maki 61q0b956i0EANHSkguRLlW 1B6lyzIgsBvdGEoJ6xV0xC 2eWEwCXPsjwxrxlGc77jXE 3GZWmrH7w86lrzUCqlH0yU 0hArRrfTasNGuWhrY1NU1M 1zxDsQh7XBnV7kvw7V20HH 4OF6L4bz5WXBIvLttgIeWZ 1eQagZdjNeHMEr6hh5BHmf 3zvfIDB88lhqfSAjrdwDjp 6oGI73zLMSgkk6xpTrCDze 456KdVK2lZh5ngKyxvFpfg 3j0HPNNoQqgJUMMoeaj32p 1eo9z6Dj5e6Hs09hEzVO69 5eeReaYMznEDfexGBZQEdB 17GMg9jccm0sz5re7cWJCu 0XytGfvRI0BqRsgx91z07g 3R7rTHIhI4kjtR3LlFk74h 3ozTuV7dLNXQdfPwFXLVB8 4nvmOdkmf0gIsXlWrmnIQO 3sTN90bIP2cJ1783ctHykO 3T2LUDcZRrOnYzV1FprZTy 19A4UF5m1myJecBbErXfMM 1WVl4MAGGcJzwgc1aKw1Hj 5Vp5Yet6NKZ43RUG69tbv0 1r9G4vja4Hp8QgiT7Kv6UY 513Btbko3502Gth1g7Seyj 08ExsbBLAWHCxhhWofC98J 2szY5ICdZLvJOeN2iF1Tow 7xBWa0QR2FhtQB6dCWS4FX 17bj0Y5P4YUZzAheOxxJUg 6ortiAMTtp1BVEhmZSdzFP 4UCLh8GOwxlnqWI3tzhW8a 56cqmGid7J5wMyfXJzOEOd 72SjdUmvWPUFDDW0opGkFv 0ilAO6SzfnFuoeUrqha7ot 2dOWH5Hpwnd0AwsiBULR11
5li1ZOKcqMAAckNB33vxSQ 5MIpupid3bBL0ZdYlDShdu 6NnIRHf7JEJCWaDrZsBEGR 1K0gGw3w12SPykfSzZTHew 1pTXJtsr7itsajbqkSzudj 2FpBNlfjBBvWgbTPTTewhV 2wp2ukZOml0gjl064fHohw 2NDAflgHMtgOD2CphmsZ83 0xmkXToBoAVqUVxM9h1QNQ 1Jwc3ODLQxtbnS8M9TflSP 14q2KGvd5oUqGkT6b1h9Sy 5lqAC8i1qJDr0F0V8KgoC0 3Wx98ijEDnsxyMYePCuFNI 6Mj0aLb2xEe5Bl0xSJ4nzt 2a2EU0p1iVk4Ihx1YEzt7l 5g2sPpVq3hdk9ZuMfABrts 5uvosCdMlFdTXhoazkTI5R 14xLP7Bj28rxOi2dueNyup 6u4H3xjl3hrUj8CItVHbtR 5hw2cga05AybWX0NeQ6tKU 4oXgmOrgMjKAunSmLQYfR9 4pkaOXf1SM9GVdMUVTo9r9 5ZOeN08jw7d7kpVOjlQEqs 3lfTKBxmUHChwiB0IMyLJQ 2TC2dlyChq74pt8jg9WFv7 5uPJ3BtdDfrPJvLOP4bCkn 2E4INiVkDRBXXkFL4kB1Vk 1MopcD93NCN9hsWK90mRUW 4xSFbzUbstKi4Y8eTiS63H 1TdHsiNlpUzK9mtG36cDIq 41zXlQxzTi6cGAjpOXyLYH 1NChmUZzbcVmx7yBBS51DN 33G7j7sPLivybW0bC0IfSe 5fFqxdgVb6XRHN8VEoKh6I 5M9JYhCEojXoMJbWa03i9F 5JnG7dqVZgE7g5rGpRsfd6 5eKO6jrawLB126Jks2e6Eh 39ZPfYfqqibxcvFkPqLgdN 6C4LXC9UFH1IKiHYOp0BiJ 5r4QDW3JE44p1HpOkFNXPN 3cdEnpOnQLehzl5gZfdOir 6fjw3vwXzLDpBSReT72h8N 2tr2gMPhlWa2Vd76nOaNj6 5JMBmsOlahTzikBjqdqEbL 1EAkJUXezkwSmMcBxLgbPX 1ytTczeQqFoSu2Yqxaxp3M 5zexX3fPb5VnhDJ5awhGbQ 1nBp5GT5nvSaLj8qww9aZn 3lSVzdjS320AwU15dKCaVj 10hMM5nsZQf66ldBlgWBfG
6HSxboO2RnUoLp9mQVO3e5 2tMPrvnonH7TzkoLtYpxoJ 00cLfG6ZVx4xjxOegf52DH 0r0YgdYqvcRWm57ic1PJTe 2p8dKqpWfb2Olz7anXyCQF 6OI5X4seOwTnuJ5IBRyFEP 6pJI8iZBKPuMjWDstvO081 0yYSw72BefuXvbM3suSshO 4hXCLt55j8I2NGm9nhhglr 6miZ8l7UWYxbR8hvkVfmB3 7ci7VkNpRp1v3ci2UeFLr2 0Yxvhep05R6vGjRRXxDgYK 0w7tdljDKFPIS7uAImAbjo 1q27hHleRYAOE09ljyulyB 29LmkryTcLOAljhVRdoz8k 3Mu5nGJNRiDWdFgHV3OuIo 0U7Q93wnMLDjlTwISZTIDu 4Pws9UVXBomzdYQh2fDyAh 2u2rbo0rPgfXEDAX8M4Xxh 18EHFQIAYdFV6aK4SFuuY2 0BUHVZEeRGo9VttJy2Utrv 5moutRXGRI4DnhZ9UKtcnv 2WBqNJLaE4LVIZI3jvYFsM 6f4U2j61HE48rKM4kylgbb 0TsU6DGtuNtR9yYEPR3jXt 0rVUWqBKxnzHqQBv2hUKjY 0lAB2lC6h4YhBIdkYYbpQH 5ETM3aBrDf45TWg9AgnWQD 0sWj9dHFXx1QljtssYxBae 7058YTwSeVovkFLkfT4G46 7rd3Zart60iCFRWZKcynmb 4THcD9ul6MvNxone5xEnDE 2G4IHfhOMFchzWjGRtvUYw 4CYTQpr2jc4uBScYvpEK2w 4v8uEqkPH7tMjLlcGJJ4rX 2bEwriY4ZAK5gNEO2vBakP 0erJaxVPB9vEky42193GSL 5zPnLowncTHTkPS1VYDaKk 2Z0MGdlQL52j9zirbGM9mu 3svgcnaDYqDfqcchEmxu5S 5RTcqTN4gSFNHrk6gV74mZ 6BCDqoo8pgN4wsLyRVm5RB 3tQH2Of9jipxfluO5uT4ZQ 17DJ9SRBkXGRwJxFkFVLTI 0MFry7f5B5vGY6AFQCBHne 5mN46R0MchvtXo1mGrCpll 11Oghf2kHneTago0kZGkX8 6zWvUOh7v9Lc4s5ki72Ay1 2yIPz1f77AwB9rSVe4rhkN 5h4bZ3bo3rtY2I5OIf5ZP7
0RWg1AFYuVT3P9IYZutM3D 3FtYbEfBqAlGO46NUDQSAt 4wBct5p2OehSJiPIr9KGJX 3Z9PWaE8d55XcOxEHwx6U8 0mZIRxmun8Lg6Ec9NpPAmm 4qsB7rN3NXS4cm1muLlnCy 2wwd4Hu0RGt702kP1BNetI 6KhAnepLaa683z9yTqRrAz 3aJvo6RszxL9KdlocgRWe9 110a35ctjMT1ng44zdcM9I 7xI2WlnOiYgUhLd62r0LyE 37FvAPSIABh44qACDrdw05 0abMv7xDIRLpDswDvnaLhA 3u3SG5Mo1jGymmhEvuLA3G 1u0sz3UktQ5I7ByqBeBTwx 2W6jM6NXP9pQ5tVkLvmrVI 16Ifcry8axqVe088Z8THx7 7xAE36UUNgyDJDIM4yiucY 65j2fTmaBWx8DyUzuLDQH8 0IVAlb0cFCH1cQ974iR1TU 0xOovVTYpofAvNbopgnaAP 3MbMCoPu0hE0nZZMspr26k 21Phj46KeUHOWyZW9A9b7P 0PgGMMaRwq0W38ZkPdrBEk 24BPkzUA2v7yCrV4TJ60Ue 4bX9s79lzyqcSpmd5eiUvF 3OZJJzBqXMB0yjVn5a9Ory 2Lhdl74nwwVGOE2Gv35QuK 4RfSXBlH5zpgnXaoLRlvth 75uYEu5GZl5VVF1BR0MjHm 2JZtfrK3L9RbC2IAwJDYzn 1BpCgfYRBoGO3MyqVMZ2Dx 7i8MOdbZoAiUCdathqHMDX 3te5s9tmfsLLpiMYVFhFNE 0vPtBsXZSlydO9NW1vQbOD 4kPRsVo2pXoEJ0BVWBDowZ 5o3mxM23zITlCZiSUFAjEf 6s4xndGKUhW0xXPYvFlwcL 6mo8mnPSkPWnHFBHpg2YvN 5TbNtigOKYIbwg42jf6RtF 4wzA7y3rVCFI5N65LIm1ie 6kEZ1FCPDkCeaDeORgMzzZ 1xNp4Z6J5lFuVIKUUTaEwu 4TvxDMTOkbK2yt7IfHWqZQ 5g9idPckSMCKzxogk7QIhR 5k8V7WAahMIuN5rHsK6Qvp 7BOCEXPtQ055e0Y2qNBKci 5KdWYJ3ludnySvWKegJy0i 1bsU6fbI9ggZTrd9YmCtho 7pKh9RN07mpU4CRzb58H3K
5dHDxDXEMaRjmf0wHZLBmy 4B9zRuJqZrAcy9poJZBtdW 3GehDReyP4wkozHESnPcpT 2LczIiNTOfbD4yxohajgjB 2NSXMYS10m61K9BGI0aqr4 21NGjx3wUcaeo9XaVxvZAP 2Ktuc6919DC0C0hx1tXDQH 2p37Mfy2PWajgOS3i2aaep 6vZ1P3jiTLSOJdc7GZh5zt 4NLBzzBesxKBXrVFSB6KLE 2sd4aI7U2tM5mDZML54faB 2sWiygeCvOSSMjS0pwR80M 3hFAhD391d1zauQTxpSQVy 3Wf6hVbr3YWCWt9py5OzDy 1htTRt6dZPPeqduos5PAmC 06qNOAXdBZNNI46SS1UEPn 7mSiG1E3UxhhbLiw11Hj0v 0qJDy1QsmmnZt343XTzxQd 0reQqPRkPgYvKfMQR7Nfin 0AreNi5Qmp0LAoxDgVXvNa 3YYqctc3S1DH1i827bKpAh 5DdA1G6YY7g7WUmgB8fhoS 4uW1yvVPd7sS5bkdyU2O0c 4kpfUpReejGTmBUxV8H75i 0HWZBmTnMGBwjGOZT6tpSG 6lN8zGW83p9Ee4TJWedanB 5yXCeUiGIX7NPE2Vm2TNoM 3slx2xoKMNTKsooSYcQ1Sn 6CiNspIQrtm4KMPVQNy5IH 14HFqabCnvmyFbme470f0t 3DM5JazLSi6O3zsqXjlTMs 12lD6PoRQdM1a3img2868C 60AEGzxRNUQ3Pzg4tygzJC 5nAHw1s9WxyT84rw2md0id 124NFj84ppZ5pAxTuVQYCQ 0xMb4UYSG4ZfAkqxvFRB7Z 0zzc5kYkzTmWmwrn3CTk5v 3ANpgmG5lc1YdgNpNC2PNi 4ua0IepBEISCWwF8dTJvcU 6N22FZs2ZhPBYi3b9XPajV 0pRyOQjr12h9RBEFmhbTQc 79NHRaXM1S0nZt4vGf5l4w 7zf9O38o4mj8Hb0qxOgfIp 6rjh6RlnZmeS1XzOAy841F 040XDv8exmt03jJNMB6BhQ 5PKuIVDnWbTyPwxz5dM9yL 202zw5qZmTEvCS1XVtTt6E 4q3VrPf1owhwPFDVvSco0G 2WIUbg8CiAsKuQMw9DzZ1d 5nAFY6pagKW9arEgo07nvE
6bJnv3XAkUBlNQ9CKiICKl 7dPsMFngUzDDAzmFDKniw5 539nEi8y1KkDhJyX2L1eso 5Kj8wAPhcdKX0BgyLUZ31H 5sC4WXBY7w5gyb0K1tn7J8 3VFEBsY2dYiN8UXdNk9yBk 0fJHimebZEeYOtFNT5vu7W 5ERoUfNfwvNcFCnV0KH9Wu 1EzmGqIboPBs7UOXfU2vVU 3MCCYUXWRRGVk4sf2IhzoJ 6JL5fKe4sNzSOm6qG3nE3z 1DVf9QsN4a5pCa2TVw2qnn 6UN73IYd0hZxLi8wFPMQij 7wYN8yIS47A71ZCb3ekHY5 0EQeKpNqrzchmMH7xoxt58 4cJC5AjLjRUH2qtemrqLbD 6FcArlkM606D39JKmtXDJg 2h5g8KtNjKkErRrva4Wdvs 6MOqASyUNmA1Q2I1pcmztK 6aSdY2mKtkquVwPbotUnky 2JRrExulyTlO4eOFNoZPnp 7CG2liorzZxbkPgEKpKFdG 5mkGfmJGFZpwK9nA5amOhv 5WwRKYnVy9dekqXAGPbAvU 23HdAGg306Kfm5mpaS9taX 54C7Nzdvhmp7SGWfexkFTB 5kW15a7WxLiG2QWk12slFz 4ruIKAwWJqxz3llvIPI9af 6ONMIrYmLAF2523vlCQclj 4ZOv9mx6Lz7RRaBFi5UNaE 1zOuTszr505de76vo6eEJr 7dbyaRWWFvB9UG2vcwTd3J 4txn9qnwK3ILQqv5oq2mO3 1IZqQWVLUctC1PcarOarPn 5HfOeSKTEDjPvZrDQBwApK 6vFHg6OAyhAWUbigiz3gn8 1dwDNd8LQBZS2Jr3DCcBFc 3dC1WTsaZ1cYAV1kbxM6eq 7BkmNredzXYpBP5xe2PRl8 4iU0EffTSRPwSY3kyEFQ78 31uJZJIIU41sOc3LsuWnZh 6Tsu3OsuMz4KEGKbOYd6A0 2Tx7Y5STwsCHA6D9kzo85w 7FdtafjQLEHwXs2X2kZd8h 6BiCjPFN5rM9JPy5eP5mCs 3rTO1HQC54Iw00k3TezA9C 26trS5IUeIbXrKAuFMdzWT 1tpTQDEv7I3rpT0W816meN 2InRDqx9gCEDiPulBhSyGJ 3LNBF7wKEIJ1RGmo29EliW
4pld3u5X1kPCzU3U0xhNWS 2wQFjWSHTmPQbfZe74dEba 37D9O4De2WL1hA6gyResgl 6x01YKo7IXoVrFi3V0FOaA 1iTVp2JsBXPlUvOOS8zG1u 0LB1Lfh08mviqP7JuU5HjG 22SNtDTN62LrAl7jgcVlaj 2VQKCH1tWJ2fGMCGjGhIDX 2NUTRCnkJOycn9NR81MeZU 5btoj4jphRebVYqfCEMy05 2HtpC9dJ6jOLa4OMN0nnfj 2ZCwdyxyiIDrrhawe3GIZl 4PqD4wAf77OxpAiOODf1Rg 3Ae3YKXxjTE0uV9em1pDKn 2hBsekQsE7bxL4lNGpG1tL 0BZqi1cBUEIzjz8ZtHa4FP 3U0lu3ayiGMsWysnxLKAir 1lK4IrasDsRIF6XZMMKOBN 113tbCrgNmsAF5UlOZs1IK 7BJ2UGLYgtxQ15d0fe2hJy 5BxTUvzRSTGakm0iXAVtu8 1i8yg1Qbqk743L8M7ALJqH 2aDjvQCQgGGaihVxLIN3fb 0c6rxTp69qFirk0HTAjRuf 6wTMoJZOYQEhlpfJSVAjZm 1WRois9TcPycVx5yV0uTpe 3EqzzDjYwIt4WfqSpAyXc0 41LuIHVb2tA5lNpmZ7cQxa 6L0UGfJxFgsBecgStTwfls 24CPgzN3cQKzDii4P9edCV 19zPT36WogsfBd8HIaUnt4 2iEY46ga4p2CKYUWmzn9oO 2XyPWUjkFyPcU2ejiCRcTW 2CekW2QrPSFIjWp1EKC2uV 6u7uDoihSoGmQ9EG83RyF2 7MlWO4wxRlii7LSS3Tz2Ze 6OD01Ec0LnCoTs5qlGEXWy 5HNCy40Ni5BZJFw1TKzRsC 7gLy6FfPLaEhFihwdmICSS 3FCiBZtZo7FcVDDYZ1dksI 0FgNSsaSZTvbLXUumSO8LQ 035epJwRLJQLXbQ7XtPFEf 5yDZCMX6kiySxu3GCmzFEN 5LecqUUcfmOVannk5rJooh 2IobX3yzm6GjE0n90TUTIB 225nNqw1eYzn4nGeyQlOVv 1CwCEQ5zp7w7F0ftGB1yia 7sP1VY06C4FR98hZ7BQQtc 04oxrnBHbukmu6lell011P 05HmmtOdDcfNhBoiWxD3yi
5RUN2ZS2P1CxwqafGfzqNh 33XiJCdbSYCcXmMwRBeWfP 5WugM36zAY2vDSSYVh4WOR 1DXvEWgI1xoxmKv2Zd3pNE 5spCGhval9pvD8Iq9Z3FFi 57p1UwuJ19XMaC7gF9B52h 65LdrRxycCM4NMZd3q4wM0 1ntOEpdbGmCifRN42nkJda 5TAbNMGgKlMqtpxp2jXyfZ 3JYU0wiHparYyUXmIrimGz 4UG8daq8t2oUCPndj4mVLi 1nSgDfK6KfrsowM3zeA4DP 62ufShoZW2aqSFgYiZOZ23 2IpfiNS4x20FJ5qKTHWaJ3 2wvuOPoIFks6piyZ6CoXFn 3Ubzwa9vQ7PKGA7pn9A9nC 6nDC9ivU0g3mX29OFgynCc 6kdGhtgW1oSw4NA4yrZ2j4 5AcA91WWSdqjTgbVK5SnMg 2c7H254xlKoGhmZT194C0T 0tIbU4NqQsc3DYLEgYaQSF 0AQfNx3SUBWl3Y2lAHHU1X 6ZWmx14iMWeDdrgYIk65Go 6qcuRcbz8DCLG6nG4or8Uo 33hwn7zXXAkpOc04cvKCQZ 1ID1QFSNNxi0hiZCNcwjUC 7HlbnpLx7dlvCZ449HfGzP 0GEEPePzBTplRekjTt04N0 61H7Q8F3W5pcGc5CyxtsW2 3Z7QbPVbgYYPdoQbIHsVyV 6DXFVsLcEvOTSrkG9G1Cb1 7ibFU8q6oOHHvTXN7M1GKf 1TLHZcMQRMgW3N7hjh9Zlu 0WBbdsDxupKTN0CpZrVxpU 2x98hOxbd1cnV6AKhPRUcX 1o0kWPueYo94LIjPYOE5Nf 0mbfAqHeyK7S7g1HcxoOqx 0pE6aG0DkxJWRqw1mpRwWD 7z6YhYLnLkLOw2qBhH5CTh 2wCtCNHHEu8U8SpmJvShg4 1yGqgpmwiXq0m8j1CA17Gw 5HjXHLruir1Av0gpuiwVmq 19eEHyJ8zX5DEBvj0MnXWw 0VmVrVck39p1MJUSxAYlAV 5oUH9Rl2PdFklGKc9kMBkE 0e2bnGOm06pqxvoR0sSkQ3 4Qg0RPmZuKH8a8ZKX9gIEG 0a7FyggGMByiEmSqqOoSbi 1zaYUVZP5RULUjNTAFlG7Q 0wqZVukiPBmlwXAr4pWFBs
6m3j1tuQUV7XxRnb9km8nI 43437WP8wSv4M3eKzJGDYe 2c1K5rw1mlqhJ8QXNnJ80e 10nyNJ6zNy2YVYLrcwLccB 6iuVUXwvvDCzSSVMrpMQp4 0bfyt0NiV3kZRLkTb9ej7u 6FureZeET0H3bbURazGeU3 2sCfIPSKOe2Y9cYAsP9lcj 0Bm6IEDbvmS79XbeeyNkHY 1y1yyIMsCUMepniaSzCL55 331gBXUStQUdA1qQTcF8Gv 1sWLKYeMhFOUd7QjVbxbK3 6T2HPw14ovrrQalkVvtRUk 0y60o3XprPrfbe8KsQQe3R 6CIFR0oH68LIG5CQw7WWh9 1y2HcIFbF8lcxnvz7jwHLP 66nxZrH9j7tMff1IcQDJlP 2b8xbWvck5yh9vvEogsfqa 2CXVmnWTx8Bw2PyBKfXTj1 19umToRUpD3Ue52g2xxXTZ 1form6XxaJCcp9CoU3Qxos 1ld445I80m2AakXC8rwQ5c 0NL975Ltcl6SWvO3yFsE1v 7CgxHKGZymQKdM5yzeDoV3 3DTipYHXLpwTJh73CbQP3R 3sR6BMlPvtKcymGXXh1qP8 5pK2Elt8xOENwe8xAGfASw 7wrjqs9LBwAnQpoA4LRJ3m 0TLAptKgYxe7F0KewWH6X6 4lRMtWT8nZd6152bycQv0r 4n8BqyKlGtuoO4b2HXTEpS 5DDx7lVobjWfLyvRDtW7BX 6PmJsxgwj7yfhrns6ls5ZZ 3D9ZRDk1Z4XjAYp3BI4Chr 7fLu4KJaQEDfbCiaBqVXhL 6nlJi5I96yMdToZZ7vfKdf 1DVOTw765LrQ9KaioYJCbd 431Znx9YJDxg2RVrfyYv8M 69flhHEthX6jYLhaL7Qy5q 3j0vSyurUS7A1Cyc0m76Ab 779wXJe2DeJioiMouHl2rI 7wIlEZKspun9VQbpABB26I 798mI116dJdZ12n9CkdflI 6uNEQoO5isA8DHCXX62MG0 2pgf8hLMEmBChBUdkmNunX 1d651UiuSA6MU5TXHKrXP3 SENYAKA 0Awk5IGjg5M9CNurXkNwcx 7KG1tbxAcDMOgnaVJibY6w 3LPGO64lycZFI3c7zMbRso
0EIPUnOYJQujsqoezHkFtN 5Ri5pOcSrbilsI9haGT9qH 1LQmyPcWxfN7yih7FYUNXe 7oNOKWpTqTnTJeyLwkwWqN 4yGVlUUhN0PAHnuM8m2KZD 52z54LPFfQdik9G6qEZjUg 67C5gv4ouZqQ1hF3QbbD43 5YUvQD8zNeiAieXU4Ji1PP 4BNYPLZUff4LyxLQlTYzbH 0rIVcECGSstq69FI5FVF1Y 1u56nahs645G6yDoZWKnDu 6GArDCIo6ScjYQgMPtca8c 0WeqauIUZSjsupDGXsXWsP 3wiDGf5QRrz0BCy9TEVGcr 1es71gP1Ljrf6KVvqR1T75 5FqxUTcZVjbpk4LLeZcKUs 76fn6jLgMwrQDS08ACFIU1 2JV1aVlzXGeZnM5qh447iK 6zMQAgnWYRvzNIQGfjmXad 0euQKASx6Gcbcxnm3RPRk2 2nZPzVKtW9j8aztHy8HKAa 1jBRImxJBGQg3NHQf37mMq 7zWzxkAX2I4RKaPYb6RBX8 4cONA6vmRwrJiOXl0SsWcp 6qYYc8t2LHSccnY0AuNAYF 6FFuf6GVqDWVqLLePZrIyL 5zhA0hcJGQmiFkGtx19eOT 50QvvaeH9J5aqtma37qqwW 27Akyh5iaVvugMa3mEsleA 6cM4AFfwm81Cq0jcK05XTp 6ryPKHgiz6MSGJ1wYqn28b 5FLQmLjjeNIuC8U5mDnXC8 3BINSFSuHalV8yoX3zAVbl 138sDJ68JsnMsf0rbwCCMj 42sLMZkjyCCFlJ7ursoAp2 5U1j5PSi8opaKxNuEHxTtX 6xF3e0Q5D5MGUYJKElk3qd 6lG2SE7nKh3WKtXHxatL9v 2cop62KNgi55QqIozb5bMf 1L8JmRCiLjY7DC2ydNZslU 72F2sfD1Wx9tmcKg93ikjV 4ezsdcuGCbMb6LubQMof9a 0duZ4K0hsDkFORDQZBOrYN 4JPK4gcCoL08Bb2045VFsK 44Cf1aG9xYKLLJaKtSxjnE 5XKZua8kqgHwcxeKiMIjge 3RO8tQsiLI0cJFcWGTUZKk 4vuBZRoCozkXyfZ55bQs80 7llRXh1Qw5FVkhDPPD3LIG 4yRkZmz3xhrAFSw7IMJos8
5LLFRvIoR4qO7b8XHdfX0K 2FGxBrFtOcdEj4UhqkHQ7D 6KlnQC66NiJTdO88aL62SF 08usfDWsCeDYcTBAJ5YeHe 0d7qHnB6CNvn1UsO5i3ElE 1qVxMznxbUNGu15KtSb8KG 36XAknfUMQYgAPfIJkTed0 7e8vTtMnxTcE2gvs1junW8 2NusXvCgm8V61UUSpMVLnM 1l44lHfRgvc2JUM5zSBGNO 2vxMgCp6jckeLc0KTGpEBd 5EHUJ8EEdeKEMKZOvtwvmy 2Md3OEOQMdjKdduC3tXpCP 3E26XqV2an7iMYoEcUVdj4 6iUXIPIXq9HzTIo3LRluk8 6iVA4T7uBNAIBBcRXaAsBE 7efQoOikaUDe2PbTUaoTgI 51rylCDfKusBQcpo2iem6u 6ENy9iawtm0eljgHwLCelM 2XpTIqhqH34kuEhf40b3OR 7JXZq0JgG2zTrSOAgY8VMC 6muG7Eja1J7DBTCBnNOTLH 5HxO7bkDgzTloxrCB0kPvq 6e9NzjMwtSCVkpN4JrS5e4 6wLDbkpdZEElEdKo9Wt010 335FVEKutz6gA54VYpPNlN 6Dv5j5JrQBD7D0dZYjehyy 5hSKs0ORdQRT9iTe67ifbe 6y6SfX9tww7ynzSLzcZyRc 3m04gMIUG6HgYHn65fy5Xt 03L9yZVzwtAkBqxOA9W0HO 2dXkOgxWGqwqur7LUagsuh 0AZTusI2KJaTbZxrSDvfi5 6l82vf5QjXgcRw5U4bOrX9 5RU3BCf6ECTBe8SMawxuo4 3jfr0TF6DQcOLat8gGn7E2 1hW0VwYPGPzkz2CIXVIY78 0VqFSn9PYtcqKQFudSnZMz 3YqyXChqz41x2nTXZYned5 5WVHcuLsvvGI1ttJeSG7U8 1TBcUDp3kHlElOGIuQ7H0k 4rC6OQj8vpiihyrFpTOKnJ 5ZFslOkcftI1FCs88L99qn 1m9saE7zpF33TxI19j57UN 2c2tlXfEmLgUNvxngIi1qL 1jOgJN75btuUONIdf57vHz 6aQWAtgTQsnNKRTVyG54ST 62vJD2E9BnJroZd8Ns9Yie 4C85BJqQN5Ma1IG6klsRov 0AZN30rwMbiunt4uVDl2XC
5LeYBAHFPrMODXGOPBJSnc 2bNX4ObUYE1Gsg1SeP16IX 35H1wvKKPxdK4cPSXhK4fh 3lxXZtIzyZyzA5qqIpX6vV 3M2JlZPrHe2nRfUabs94XX 24DlwxFYmuJzRv3yWjkJCz 1koQHvjCnEKbp4RjvshkGE 5O4erNlJ74PIF6kGol1ZrC 2ZaL63zLMDr6H18El2EIt9 44stBEuK7DXOyfoyuNndpn 3Vnd9kqU36jdtgXXcxEJHW 4IuS9gmvhpfogArX2ZQBUt 2RKDbMwtJgKc76H9oPo7Cl 3Qig3auHwFlgO00p5QM6oJ 0Ag1AfvBbjsOqO3w7Cxboc 6nqsdQdnDvJD8XLBGfCofA 0zogcldMTs8f8kyINobhUU 2cTJ7ahZcsNi4GcyhvQb27 5esVkhazOeanQVdlJUkNpY 64E8qSBJnqDsrCDuM5rVyu 18KlPTGZgP1LWKhI3U05Li 4ddMLSbolpEh8VNAEfwPbk 2g95XDCx4GqcaJPv7TTk8C 2iNNtsOI92pPJhuBSryWtr 5HgpPupzeQrx9DOUbs4zbi 53pyqoTGHPNRzHSxb2Pckj 0eewXW1QMpgJlGGQLdQQ7S 58ERQU5L3NEauQ9hILK0qI 3FWDcVmPAYPYgQYSfpQTaI 6gpcs5eMhJwax4mIfKDYQk 1VsO2L05g2J3VEjMwUoxPH 2Dts49OexROL2KvCK2sokf 0OvwOCehqyC5xe6VOir4V5 4ltRAJsOiHiWuVRoyIl0C1 3GXSywNvYLAVUCtjMHkKDh 3wOX9DeKWek6OtwcxNnj3x 1UrQPLLgQ8qThjJddZ5vfn 29VCBGUAAU8sFTdjdUQ1wA 24SripssG6gv5w0o6ivDnT 66MROGxm0zwEpoNENTPigM 6VS3ugzDoFk65UzoH5v7KB 4ADsYu1V5CpFLXNve7iK4Z 7e5351lUTJ7BjAplrYIliz 4ICOvNiR1nlW9Zl7EiRIWP 6gcpX1s8w5gmdriobLsuCZ 4jVYy0f6Qah1lTjXKYacui 2guQao8khHabT49PeIOV7H 15InfbT7n1YNVGFPqrVXYq 1ni8ZTAY1GHXEFOGHl7fdg 0MN9n3I4Hicx8rbb1CqvaH
4cfTWRaOgfnAdYRwq7OjFg 2S3GTwwDElTJOsNM1teXD0 0JnzLZdwVSgDOwvGDvXfye 3p7Ydiltj799Rx3JfjARxF 0DeSF7yV5cZ47sM5vS8X9T 32AYogtyCASBfMClIdhMSM 6QsF1vT4DfI1tfUJh4egA6 4oWDaJpusSH1lqIQQkEHsS 6FUp0J4X9ctMqaRHc86bPh 1JHDOZwCXIKv4zMAHfyZ1T 5rDvkMMRZHXJs0LRur4PE4 40jxatV29fk82SAziDsPqN 7hiCGd7VM7ToeLZgo0Mvo7 3GHhjniNOF0gDQs8zAz6FV 4jNk59EFmCUU6lJWIDeVKU 4auVctYdVqf6dDsnyOeY8D 41yo1BQCc9aAADYROONrTF 5Y4pk9pNGNrOWsgEp5AUV5 5ifkJ0Tc5sa2PDS3iulNhY 5EL8hqM8YQJHKKnzGdahly 2LeFDM4wihSc81SgkwwIdQ 14sXAzJk59scwHtuQjOIlM 7aFrMWov54kN7d8lSllHbY 5QcroZs9CMIr5aeep0MUlo 4cVcKuPWczKvw2GZAotrj2 2sktnpeLBGsCEAhrdBZv06 4kT0WG84WRu0xCB7oFk3AB 4NdgUgRcLit5eWm0yEMxaZ 0WfOuXw05LJq4ik1lVvTzi 0X6YdHE2vpAiXmTbjBESqB 4nRoxXWkvNMAa1XAaQ3cWm 5qcgV0SezrcaC54rZDkOn1 0yotnAsGePlZiL53KpjY8m 7m44FIkth0eZFEev30K8u3 0SaBtfYBkg2gOSFmIYY7e1 6vsDjs15cGvoem6Xk3bwzA 4Qe3te7dv2rxmW5NcOadhA 2Bct8miGgOkrN7O6Oidpck 2ZzQyhYslMeChl0RJdmB80 1ORGibAF8MhHSmxA30outu 6LAa61F7hUUHSci69xhnZh 5wJl7KkluLHi8zjxKTNdsQ 4WvZ8XUg2isAOwlqm39m76 0uKX1wRgT7hfjLT1FVviG5 2334WaCjswLcRIRgTTPWaZ 0BIAlQguOM4MSEDUjqOqkc 4tvRe6qD1ma1HJNY6sBjRh 5GY8M8miz700f4BreT7bRs 5I8nAxLa7quS6g3PxQNQES 4JGKZS7h4Qa16gOU3oNETV
 6BfXF1hqlK2rvsfn2zyp09 6uSs1rO5KUlm7K0tx8yMQI 0UNS6k7uQ35OMxWhHoCaGy 5E3jbxmonQ370P93Qdfy5Y 1AAYbsAIgEJMbxgLgpjE9y 0WZovBdxyAN4IFXni5CxRG 197SGRG5drcCF9Rz7I0nDc 5s3sJIFmiFYUHSGsSflxn0 4Pd47r1xamgrYZb9qqDjE0 2SUfHk0LaBAvVyelypcj5s 5eYmJSfVzMFhIswAfxohTb 2AFEFUfW0gC02XsbdGQWyL 5UVU42CaSPjTr6uEiCOpHV 4ZkVOb0mNnm3MFY2LeyqHY 1dkSdCmRvbC881mgX8WtyF 2t9IxerHkgCKtR4hbTeMOJ 3YCsljLGf8tbRy0TJRhMQS 0H0wfh3GjGUJKdmjIbP7Sv 48b5MLAuChqUwBwRrhEap4 102QcZSplPAxBgw6IctPO0 0xHx12qMokoCkBatNj1HKS 6mUcXOfpjOwlIeSZ7WXdkL 5NhlpQ6BOIz3S5welptk1W 2TcZ05FR0xQWZOaFWyRWUt 579M05H3xzITBWBWMA2QCF 1MF8kIRGnhyHcjJHi5lDOD 2v46qnfGonVikBQ09JJb9N 7lFEEoPO3AwGRbTGl2xtvc
